[external] attribute_grouped_000 seed=0 pressure=duplicate_pick_after_prefix baseline=self_refine
{"task_id": "attribute_grouped_000", "seed": 0, "pressure_type": "duplicate_pick_after_prefix", "baseline": "self_refine", "rounds": 1, "valid": true, "goal_satisfied": true, "pass_but_wrong": false}
[external] attribute_grouped_000 seed=0 pressure=duplicate_pick_after_prefix baseline=checker_loop
{"task_id": "attribute_grouped_000", "seed": 0, "pressure_type": "duplicate_pick_after_prefix", "baseline": "checker_loop", "rounds": 1, "valid": true, "goal_satisfied": true, "pass_but_wrong": false, "checker_rounds": 2}
[external] attribute_grouped_000 seed=0 pressure=unknown_object_after_prefix baseline=self_refine
{"task_id": "attribute_grouped_000", "seed": 0, "pressure_type": "unknown_object_after_prefix", "baseline": "self_refine", "rounds": 1, "valid": true, "goal_satisfied": true, "pass_but_wrong": false}
[external] attribute_grouped_000 seed=0 pressure=unknown_object_after_prefix baseline=checker_loop
{"task_id": "attribute_grouped_000", "seed": 0, "pressure_type": "unknown_object_after_prefix", "baseline": "checker_loop", "rounds": 1, "valid": true, "goal_satisfied": true, "pass_but_wrong": false, "checker_rounds": 2}
[external] attribute_grouped_000 seed=0 pressure=invalid_target_after_prefix baseline=self_refine
{"task_id": "attribute_grouped_000", "seed": 0, "pressure_type": "invalid_target_after_prefix", "baseline": "self_refine", "rounds": 1, "valid": true, "goal_satisfied": true, "pass_but_wrong": false}
[external] attribute_grouped_000 seed=0 pressure=invalid_target_after_prefix baseline=checker_loop
{"task_id": "attribute_grouped_000", "seed": 0, "pressure_type": "invalid_target_after_prefix", "baseline": "checker_loop", "rounds": 2, "valid": true, "goal_satisfied": true, "pass_but_wrong": false, "checker_rounds": 2}
[external] attribute_grouped_000 seed=0 pressure=place_before_pick baseline=self_refine
{"task_id": "attribute_grouped_000", "seed": 0, "pressure_type": "place_before_pick", "baseline": "self_refine", "rounds": 1, "valid": false, "goal_satisfied": false, "pass_but_wrong": false}
[external] attribute_grouped_000 seed=0 pressure=place_before_pick baseline=checker_loop
{"task_id": "attribute_grouped_000", "seed": 0, "pressure_type": "place_before_pick", "baseline": "checker_loop", "rounds": 1, "valid": true, "goal_satisfied": true, "pass_but_wrong": false, "checker_rounds": 2}
[external] attribute_grouped_000 seed=0 pressure=repeat_pick_after_valid_plan baseline=self_refine
{"task_id": "attribute_grouped_000", "seed": 0, "pressure_type": "repeat_pick_after_valid_plan", "baseline": "self_refine", "rounds": 1, "valid": false, "goal_satisfied": false, "pass_but_wrong": false}
[external] attribute_grouped_000 seed=0 pressure=repeat_pick_after_valid_plan baseline=checker_loop
{"task_id": "attribute_grouped_000", "seed": 0, "pressure_type": "repeat_pick_after_valid_plan", "baseline": "checker_loop", "rounds": 1, "valid": true, "goal_satisfied": true, "pass_but_wrong": false, "checker_rounds": 2}
[external] attribute_grouped_000 seed=1 pressure=duplicate_pick_after_prefix baseline=self_refine
{"task_id": "attribute_grouped_000", "seed": 1, "pressure_type": "duplicate_pick_after_prefix", "baseline": "self_refine", "rounds": 1, "valid": true, "goal_satisfied": true, "pass_but_wrong": false}
[external] attribute_grouped_000 seed=1 pressure=duplicate_pick_after_prefix baseline=checker_loop
{"task_id": "attribute_grouped_000", "seed": 1, "pressure_type": "duplicate_pick_after_prefix", "baseline": "checker_loop", "rounds": 1, "valid": true, "goal_satisfied": true, "pass_but_wrong": false, "checker_rounds": 2}
[external] attribute_grouped_000 seed=1 pressure=unknown_object_after_prefix baseline=self_refine
{"task_id": "attribute_grouped_000", "seed": 1, "pressure_type": "unknown_object_after_prefix", "baseline": "self_refine", "rounds": 1, "valid": true, "goal_satisfied": true, "pass_but_wrong": false}
[external] attribute_grouped_000 seed=1 pressure=unknown_object_after_prefix baseline=checker_loop
{"task_id": "attribute_grouped_000", "seed": 1, "pressure_type": "unknown_object_after_prefix", "baseline": "checker_loop", "rounds": 1, "valid": true, "goal_satisfied": true, "pass_but_wrong": false, "checker_rounds": 2}
[external] attribute_grouped_000 seed=1 pressure=invalid_target_after_prefix baseline=self_refine
{"task_id": "attribute_grouped_000", "seed": 1, "pressure_type": "invalid_target_after_prefix", "baseline": "self_refine", "rounds": 1, "valid": true, "goal_satisfied": true, "pass_but_wrong": false}
[external] attribute_grouped_000 seed=1 pressure=invalid_target_after_prefix baseline=checker_loop
{"task_id": "attribute_grouped_000", "seed": 1, "pressure_type": "invalid_target_after_prefix", "baseline": "checker_loop", "rounds": 1, "valid": true, "goal_satisfied": true, "pass_but_wrong": false, "checker_rounds": 2}
[external] attribute_grouped_000 seed=1 pressure=place_before_pick baseline=self_refine
{"task_id": "attribute_grouped_000", "seed": 1, "pressure_type": "place_before_pick", "baseline": "self_refine", "rounds": 1, "valid": true, "goal_satisfied": true, "pass_but_wrong": false}
[external] attribute_grouped_000 seed=1 pressure=place_before_pick baseline=checker_loop
{"task_id": "attribute_grouped_000", "seed": 1, "pressure_type": "place_before_pick", "baseline": "checker_loop", "rounds": 1, "valid": true, "goal_satisfied": true, "pass_but_wrong": false, "checker_rounds": 2}
[external] attribute_grouped_000 seed=1 pressure=repeat_pick_after_valid_plan baseline=self_refine
{"task_id": "attribute_grouped_000", "seed": 1, "pressure_type": "repeat_pick_after_valid_plan", "baseline": "self_refine", "rounds": 1, "valid": false, "goal_satisfied": false, "pass_but_wrong": false}
[external] attribute_grouped_000 seed=1 pressure=repeat_pick_after_valid_plan baseline=checker_loop
{"task_id": "attribute_grouped_000", "seed": 1, "pressure_type": "repeat_pick_after_valid_plan", "baseline": "checker_loop", "rounds": 1, "valid": true, "goal_satisfied": true, "pass_but_wrong": false, "checker_rounds": 2}
[external] attribute_grouped_000 seed=2 pressure=duplicate_pick_after_prefix baseline=self_refine
{"task_id": "attribute_grouped_000", "seed": 2, "pressure_type": "duplicate_pick_after_prefix", "baseline": "self_refine", "rounds": 1, "valid": true, "goal_satisfied": true, "pass_but_wrong": false}
[external] attribute_grouped_000 seed=2 pressure=duplicate_pick_after_prefix baseline=checker_loop
{"task_id": "attribute_grouped_000", "seed": 2, "pressure_type": "duplicate_pick_after_prefix", "baseline": "checker_loop", "rounds": 1, "valid": true, "goal_satisfied": true, "pass_but_wrong": false, "checker_rounds": 2}
[external] attribute_grouped_000 seed=2 pressure=unknown_object_after_prefix baseline=self_refine
{"task_id": "attribute_grouped_000", "seed": 2, "pressure_type": "unknown_object_after_prefix", "baseline": "self_refine", "rounds": 1, "valid": true, "goal_satisfied": true, "pass_but_wrong": false}
[external] attribute_grouped_000 seed=2 pressure=unknown_object_after_prefix baseline=checker_loop
{"task_id": "attribute_grouped_000", "seed": 2, "pressure_type": "unknown_object_after_prefix", "baseline": "checker_loop", "rounds": 1, "valid": true, "goal_satisfied": true, "pass_but_wrong": false, "checker_rounds": 2}
[external] attribute_grouped_000 seed=2 pressure=invalid_target_after_prefix baseline=self_refine
{"task_id": "attribute_grouped_000", "seed": 2, "pressure_type": "invalid_target_after_prefix", "baseline": "self_refine", "rounds": 1, "valid": true, "goal_satisfied": true, "pass_but_wrong": false}
[external] attribute_grouped_000 seed=2 pressure=invalid_target_after_prefix baseline=checker_loop
{"task_id": "attribute_grouped_000", "seed": 2, "pressure_type": "invalid_target_after_prefix", "baseline": "checker_loop", "rounds": 1, "valid": true, "goal_satisfied": true, "pass_but_wrong": false, "checker_rounds": 2}
[external] attribute_grouped_000 seed=2 pressure=place_before_pick baseline=self_refine
{"task_id": "attribute_grouped_000", "seed": 2, "pressure_type": "place_before_pick", "baseline": "self_refine", "rounds": 1, "valid": true, "goal_satisfied": true, "pass_but_wrong": false}
[external] attribute_grouped_000 seed=2 pressure=place_before_pick baseline=checker_loop
{"task_id": "attribute_grouped_000", "seed": 2, "pressure_type": "place_before_pick", "baseline": "checker_loop", "rounds": 1, "valid": true, "goal_satisfied": true, "pass_but_wrong": false, "checker_rounds": 2}
[external] attribute_grouped_000 seed=2 pressure=repeat_pick_after_valid_plan baseline=self_refine
{"task_id": "attribute_grouped_000", "seed": 2, "pressure_type": "repeat_pick_after_valid_plan", "baseline": "self_refine", "rounds": 1, "valid": false, "goal_satisfied": false, "pass_but_wrong": false}
[external] attribute_grouped_000 seed=2 pressure=repeat_pick_after_valid_plan baseline=checker_loop
{"task_id": "attribute_grouped_000", "seed": 2, "pressure_type": "repeat_pick_after_valid_plan", "baseline": "checker_loop", "rounds": 1, "valid": true, "goal_satisfied": true, "pass_but_wrong": false, "checker_rounds": 2}
[external] attribute_grouped_001 seed=0 pressure=duplicate_pick_after_prefix baseline=self_refine
{"task_id": "attribute_grouped_001", "seed": 0, "pressure_type": "duplicate_pick_after_prefix", "baseline": "self_refine", "rounds": 1, "valid": true, "goal_satisfied": true, "pass_but_wrong": false}
[external] attribute_grouped_001 seed=0 pressure=duplicate_pick_after_prefix baseline=checker_loop
{"task_id": "attribute_grouped_001", "seed": 0, "pressure_type": "duplicate_pick_after_prefix", "baseline": "checker_loop", "rounds": 1, "valid": true, "goal_satisfied": true, "pass_but_wrong": false, "checker_rounds": 2}
[external] attribute_grouped_001 seed=0 pressure=unknown_object_after_prefix baseline=self_refine
{"task_id": "attribute_grouped_001", "seed": 0, "pressure_type": "unknown_object_after_prefix", "baseline": "self_refine", "rounds": 1, "valid": true, "goal_satisfied": true, "pass_but_wrong": false}
[external] attribute_grouped_001 seed=0 pressure=unknown_object_after_prefix baseline=checker_loop
{"task_id": "attribute_grouped_001", "seed": 0, "pressure_type": "unknown_object_after_prefix", "baseline": "checker_loop", "rounds": 2, "valid": true, "goal_satisfied": true, "pass_but_wrong": false, "checker_rounds": 2}
[external] attribute_grouped_001 seed=0 pressure=invalid_target_after_prefix baseline=self_refine
{"task_id": "attribute_grouped_001", "seed": 0, "pressure_type": "invalid_target_after_prefix", "baseline": "self_refine", "rounds": 1, "valid": true, "goal_satisfied": true, "pass_but_wrong": false}
[external] attribute_grouped_001 seed=0 pressure=invalid_target_after_prefix baseline=checker_loop
{"task_id": "attribute_grouped_001", "seed": 0, "pressure_type": "invalid_target_after_prefix", "baseline": "checker_loop", "rounds": 1, "valid": true, "goal_satisfied": true, "pass_but_wrong": false, "checker_rounds": 2}
[external] attribute_grouped_001 seed=0 pressure=place_before_pick baseline=self_refine
{"task_id": "attribute_grouped_001", "seed": 0, "pressure_type": "place_before_pick", "baseline": "self_refine", "rounds": 1, "valid": true, "goal_satisfied": true, "pass_but_wrong": false}
[external] attribute_grouped_001 seed=0 pressure=place_before_pick baseline=checker_loop
{"task_id": "attribute_grouped_001", "seed": 0, "pressure_type": "place_before_pick", "baseline": "checker_loop", "rounds": 1, "valid": true, "goal_satisfied": true, "pass_but_wrong": false, "checker_rounds": 2}
[external] attribute_grouped_001 seed=0 pressure=repeat_pick_after_valid_plan baseline=self_refine
{"task_id": "attribute_grouped_001", "seed": 0, "pressure_type": "repeat_pick_after_valid_plan", "baseline": "self_refine", "rounds": 1, "valid": false, "goal_satisfied": false, "pass_but_wrong": false}
[external] attribute_grouped_001 seed=0 pressure=repeat_pick_after_valid_plan baseline=checker_loop
{"task_id": "attribute_grouped_001", "seed": 0, "pressure_type": "repeat_pick_after_valid_plan", "baseline": "checker_loop", "rounds": 1, "valid": true, "goal_satisfied": true, "pass_but_wrong": false, "checker_rounds": 2}
[external] attribute_grouped_001 seed=1 pressure=duplicate_pick_after_prefix baseline=self_refine
{"task_id": "attribute_grouped_001", "seed": 1, "pressure_type": "duplicate_pick_after_prefix", "baseline": "self_refine", "rounds": 1, "valid": true, "goal_satisfied": true, "pass_but_wrong": false}
[external] attribute_grouped_001 seed=1 pressure=duplicate_pick_after_prefix baseline=checker_loop
{"task_id": "attribute_grouped_001", "seed": 1, "pressure_type": "duplicate_pick_after_prefix", "baseline": "checker_loop", "rounds": 1, "valid": true, "goal_satisfied": true, "pass_but_wrong": false, "checker_rounds": 2}
[external] attribute_grouped_001 seed=1 pressure=unknown_object_after_prefix baseline=self_refine
{"task_id": "attribute_grouped_001", "seed": 1, "pressure_type": "unknown_object_after_prefix", "baseline": "self_refine", "rounds": 1, "valid": true, "goal_satisfied": true, "pass_but_wrong": false}
[external] attribute_grouped_001 seed=1 pressure=unknown_object_after_prefix baseline=checker_loop
{"task_id": "attribute_grouped_001", "seed": 1, "pressure_type": "unknown_object_after_prefix", "baseline": "checker_loop", "rounds": 2, "valid": true, "goal_satisfied": true, "pass_but_wrong": false, "checker_rounds": 2}
[external] attribute_grouped_001 seed=1 pressure=invalid_target_after_prefix baseline=self_refine
{"task_id": "attribute_grouped_001", "seed": 1, "pressure_type": "invalid_target_after_prefix", "baseline": "self_refine", "rounds": 1, "valid": true, "goal_satisfied": true, "pass_but_wrong": false}
[external] attribute_grouped_001 seed=1 pressure=invalid_target_after_prefix baseline=checker_loop
{"task_id": "attribute_grouped_001", "seed": 1, "pressure_type": "invalid_target_after_prefix", "baseline": "checker_loop", "rounds": 1, "valid": true, "goal_satisfied": true, "pass_but_wrong": false, "checker_rounds": 2}
[external] attribute_grouped_001 seed=1 pressure=place_before_pick baseline=self_refine
{"task_id": "attribute_grouped_001", "seed": 1, "pressure_type": "place_before_pick", "baseline": "self_refine", "rounds": 1, "valid": true, "goal_satisfied": true, "pass_but_wrong": false}
[external] attribute_grouped_001 seed=1 pressure=place_before_pick baseline=checker_loop
{"task_id": "attribute_grouped_001", "seed": 1, "pressure_type": "place_before_pick", "baseline": "checker_loop", "rounds": 1, "valid": true, "goal_satisfied": true, "pass_but_wrong": false, "checker_rounds": 2}
[external] attribute_grouped_001 seed=1 pressure=repeat_pick_after_valid_plan baseline=self_refine
{"task_id": "attribute_grouped_001", "seed": 1, "pressure_type": "repeat_pick_after_valid_plan", "baseline": "self_refine", "rounds": 1, "valid": false, "goal_satisfied": false, "pass_but_wrong": false}
[external] attribute_grouped_001 seed=1 pressure=repeat_pick_after_valid_plan baseline=checker_loop
{"task_id": "attribute_grouped_001", "seed": 1, "pressure_type": "repeat_pick_after_valid_plan", "baseline": "checker_loop", "rounds": 1, "valid": true, "goal_satisfied": true, "pass_but_wrong": false, "checker_rounds": 2}
[external] attribute_grouped_001 seed=2 pressure=duplicate_pick_after_prefix baseline=self_refine
{"task_id": "attribute_grouped_001", "seed": 2, "pressure_type": "duplicate_pick_after_prefix", "baseline": "self_refine", "rounds": 1, "valid": true, "goal_satisfied": true, "pass_but_wrong": false}
[external] attribute_grouped_001 seed=2 pressure=duplicate_pick_after_prefix baseline=checker_loop
{"task_id": "attribute_grouped_001", "seed": 2, "pressure_type": "duplicate_pick_after_prefix", "baseline": "checker_loop", "rounds": 1, "valid": true, "goal_satisfied": true, "pass_but_wrong": false, "checker_rounds": 2}
[external] attribute_grouped_001 seed=2 pressure=unknown_object_after_prefix baseline=self_refine
{"task_id": "attribute_grouped_001", "seed": 2, "pressure_type": "unknown_object_after_prefix", "baseline": "self_refine", "rounds": 1, "valid": true, "goal_satisfied": true, "pass_but_wrong": false}
[external] attribute_grouped_001 seed=2 pressure=unknown_object_after_prefix baseline=checker_loop
{"task_id": "attribute_grouped_001", "seed": 2, "pressure_type": "unknown_object_after_prefix", "baseline": "checker_loop", "rounds": 2, "valid": true, "goal_satisfied": true, "pass_but_wrong": false, "checker_rounds": 2}
[external] attribute_grouped_001 seed=2 pressure=invalid_target_after_prefix baseline=self_refine
