[v7-development] start=2026-10-03T11:21:17Z commit=ceed6e53bb08bfef9954bf37bcc48076e141f927
[flexible-fixture] seed=202 method=MODEL_DIRECT_REPLAN start
[reference-sequence] seed=202 stage=transfer_0_blue_pick
[reference-sequence] seed=202 stage=transfer_0_blue_place
[reference-sequence] seed=202 stage=transfer_1_yellow_pick
[reference-sequence] seed=202 stage=transfer_1_yellow_place
{"seed": 202, "method": "MODEL_DIRECT_REPLAN", "success": false, "model_calls": 3, "error": "ValueError: flexible_remaining_repair_rejected"}
[flexible-fixture] seed=202 method=MODEL_CONSTRAINT_REPAIR start
[reference-sequence] seed=202 stage=transfer_0_blue_pick
[reference-sequence] seed=202 stage=transfer_0_blue_place
[reference-sequence] seed=202 stage=transfer_1_yellow_pick
[reference-sequence] seed=202 stage=transfer_1_yellow_place
{"seed": 202, "method": "MODEL_CONSTRAINT_REPAIR", "success": false, "model_calls": 2, "error": "ValueError: flexible_remaining_repair_rejected"}
[flexible-fixture] seed=211 method=MODEL_CONSTRAINT_REPAIR start
[reference-sequence] seed=211 stage=transfer_0_blue_pick
[reference-sequence] seed=211 stage=transfer_0_blue_place
[reference-sequence] seed=211 stage=transfer_1_yellow_pick
[reference-sequence] seed=211 stage=transfer_1_yellow_place
{"seed": 211, "method": "MODEL_CONSTRAINT_REPAIR", "success": false, "model_calls": 3, "error": "ValueError: flexible_remaining_repair_rejected"}
[flexible-fixture] seed=211 method=MODEL_DIRECT_REPLAN start
[reference-sequence] seed=211 stage=transfer_0_blue_pick
[reference-sequence] seed=211 stage=transfer_0_blue_place
[reference-sequence] seed=211 stage=transfer_1_yellow_pick
[reference-sequence] seed=211 stage=transfer_1_yellow_place
{"seed": 211, "method": "MODEL_DIRECT_REPLAN", "success": false, "model_calls": 2, "error": "ValueError: flexible_remaining_repair_rejected"}
[flexible-fixture] seed=212 method=MODEL_DIRECT_REPLAN start
[reference-sequence] seed=212 stage=transfer_0_blue_pick
[reference-sequence] seed=212 stage=transfer_0_blue_place
[reference-sequence] seed=212 stage=transfer_1_yellow_pick
[reference-sequence] seed=212 stage=transfer_1_yellow_place
{"seed": 212, "method": "MODEL_DIRECT_REPLAN", "success": false, "model_calls": 3, "error": "ValueError: flexible_remaining_repair_rejected"}
[flexible-fixture] seed=212 method=MODEL_CONSTRAINT_REPAIR start
[reference-sequence] seed=212 stage=transfer_0_blue_pick
[reference-sequence] seed=212 stage=transfer_0_blue_place
[reference-sequence] seed=212 stage=transfer_1_yellow_pick
[reference-sequence] seed=212 stage=transfer_1_yellow_place
{"seed": 212, "method": "MODEL_CONSTRAINT_REPAIR", "success": false, "model_calls": 2, "error": "ValueError: flexible_remaining_repair_rejected"}
[flexible-fixture] seed=217 method=MODEL_CONSTRAINT_REPAIR start
[reference-sequence] seed=217 stage=transfer_0_blue_pick
[reference-sequence] seed=217 stage=transfer_0_blue_place
[reference-sequence] seed=217 stage=transfer_1_yellow_pick
[reference-sequence] seed=217 stage=transfer_1_yellow_place
{"seed": 217, "method": "MODEL_CONSTRAINT_REPAIR", "success": false, "model_calls": 3, "error": "ValueError: flexible_remaining_repair_rejected"}
[flexible-fixture] seed=217 method=MODEL_DIRECT_REPLAN start
[reference-sequence] seed=217 stage=transfer_0_blue_pick
[reference-sequence] seed=217 stage=transfer_0_blue_place
[reference-sequence] seed=217 stage=transfer_1_yellow_pick
[reference-sequence] seed=217 stage=transfer_1_yellow_place
{"seed": 217, "method": "MODEL_DIRECT_REPLAN", "success": false, "model_calls": 2, "error": "ValueError: flexible_remaining_repair_rejected"}
{"completed_episodes": 8, "actual_model_calls": 20, "methods": {"MODEL_CONSTRAINT_REPAIR": {"episodes": 4, "successes": 0, "accepted_remaining_repairs": 0, "accepted_execution_repairs": 0}, "MODEL_DIRECT_REPLAN": {"episodes": 4, "successes": 0, "accepted_remaining_repairs": 0, "accepted_execution_repairs": 0}}}
[flexible-fixture] seed=231 method=MODEL_CONSTRAINT_REPAIR start
[reference-sequence] seed=231 stage=transfer_0_blue_pick
[reference-sequence] seed=231 stage=transfer_0_blue_place
[reference-sequence] seed=231 stage=transfer_1_yellow_pick
[reference-sequence] seed=231 stage=transfer_1_yellow_place
{"seed": 231, "method": "MODEL_CONSTRAINT_REPAIR", "success": false, "model_calls": 3, "error": "ValueError: flexible_remaining_repair_rejected"}
[flexible-fixture] seed=231 method=MODEL_DIRECT_REPLAN start
[reference-sequence] seed=231 stage=transfer_0_blue_pick
[reference-sequence] seed=231 stage=transfer_0_blue_place
[reference-sequence] seed=231 stage=transfer_1_yellow_pick
[reference-sequence] seed=231 stage=transfer_1_yellow_place
{"seed": 231, "method": "MODEL_DIRECT_REPLAN", "success": false, "model_calls": 2, "error": "ValueError: flexible_remaining_repair_rejected"}
[flexible-fixture] seed=232 method=MODEL_DIRECT_REPLAN start
[reference-sequence] seed=232 stage=transfer_0_blue_pick
[reference-sequence] seed=232 stage=transfer_0_blue_place
[reference-sequence] seed=232 stage=transfer_1_yellow_pick
[reference-sequence] seed=232 stage=transfer_1_yellow_place
{"seed": 232, "method": "MODEL_DIRECT_REPLAN", "success": false, "model_calls": 3, "error": "ValueError: flexible_remaining_repair_rejected"}
[flexible-fixture] seed=232 method=MODEL_CONSTRAINT_REPAIR start
[reference-sequence] seed=232 stage=transfer_0_blue_pick
[reference-sequence] seed=232 stage=transfer_0_blue_place
[reference-sequence] seed=232 stage=transfer_1_yellow_pick
[reference-sequence] seed=232 stage=transfer_1_yellow_place
{"seed": 232, "method": "MODEL_CONSTRAINT_REPAIR", "success": false, "model_calls": 2, "error": "ValueError: flexible_remaining_repair_rejected"}
[flexible-fixture] seed=233 method=MODEL_CONSTRAINT_REPAIR start
[reference-sequence] seed=233 stage=transfer_0_blue_pick
[reference-sequence] seed=233 stage=transfer_0_blue_place
[reference-sequence] seed=233 stage=transfer_1_yellow_pick
[reference-sequence] seed=233 stage=transfer_1_yellow_place
{"seed": 233, "method": "MODEL_CONSTRAINT_REPAIR", "success": false, "model_calls": 3, "error": "ValueError: flexible_remaining_repair_rejected"}
[flexible-fixture] seed=233 method=MODEL_DIRECT_REPLAN start
[reference-sequence] seed=233 stage=transfer_0_blue_pick
[reference-sequence] seed=233 stage=transfer_0_blue_place
[reference-sequence] seed=233 stage=transfer_1_yellow_pick
[reference-sequence] seed=233 stage=transfer_1_yellow_place
{"seed": 233, "method": "MODEL_DIRECT_REPLAN", "success": false, "model_calls": 2, "error": "ValueError: flexible_remaining_repair_rejected"}
[flexible-fixture] seed=234 method=MODEL_DIRECT_REPLAN start
[reference-sequence] seed=234 stage=transfer_0_blue_pick
[reference-sequence] seed=234 stage=transfer_0_blue_place
[reference-sequence] seed=234 stage=transfer_1_yellow_pick
[reference-sequence] seed=234 stage=transfer_1_yellow_place
{"seed": 234, "method": "MODEL_DIRECT_REPLAN", "success": false, "model_calls": 3, "error": "ValueError: flexible_remaining_repair_rejected"}
[flexible-fixture] seed=234 method=MODEL_CONSTRAINT_REPAIR start
[reference-sequence] seed=234 stage=transfer_0_blue_pick
[reference-sequence] seed=234 stage=transfer_0_blue_place
[reference-sequence] seed=234 stage=transfer_1_yellow_pick
[reference-sequence] seed=234 stage=transfer_1_yellow_place
{"seed": 234, "method": "MODEL_CONSTRAINT_REPAIR", "success": false, "model_calls": 2, "error": "ValueError: flexible_remaining_repair_rejected"}
{"completed_episodes": 8, "actual_model_calls": 20, "methods": {"MODEL_DIRECT_REPLAN": {"episodes": 4, "successes": 0, "accepted_remaining_repairs": 0, "accepted_execution_repairs": 0}, "MODEL_CONSTRAINT_REPAIR": {"episodes": 4, "successes": 0, "accepted_remaining_repairs": 0, "accepted_execution_repairs": 0}}}
[v7-development] completed_at_utc=2026-10-03T11:22:46Z
