[flexible-fixture] seed=139 method=MODEL_NO_EXECUTION_REPAIR start
[reference-sequence] seed=139 stage=transfer_0_blue_pick
[reference-sequence] seed=139 stage=transfer_0_blue_place
{"seed": 139, "method": "MODEL_NO_EXECUTION_REPAIR", "success": false, "model_calls": 1, "error": "ValueError: execution_deviation_no_recovery"}
[flexible-fixture] seed=139 method=MODEL_CONSTRAINT_REPAIR start
[reference-sequence] seed=139 stage=transfer_0_blue_pick
[reference-sequence] seed=139 stage=transfer_0_blue_place
[reference-sequence] seed=139 stage=transfer_1_blue_pick
[reference-sequence] seed=139 stage=transfer_1_blue_place
[reference-sequence] seed=139 stage=transfer_2_yellow_pick
[reference-sequence] seed=139 stage=transfer_2_yellow_place
{"seed": 139, "method": "MODEL_CONSTRAINT_REPAIR", "success": true, "model_calls": 1, "error": null}
[flexible-fixture] seed=139 method=MODEL_DIRECT_REPLAN start
[reference-sequence] seed=139 stage=transfer_0_blue_pick
[reference-sequence] seed=139 stage=transfer_0_blue_place
[reference-sequence] seed=139 stage=transfer_1_blue_pick
[reference-sequence] seed=139 stage=transfer_1_blue_place
[reference-sequence] seed=139 stage=transfer_2_yellow_pick
[reference-sequence] seed=139 stage=transfer_2_yellow_place
{"seed": 139, "method": "MODEL_DIRECT_REPLAN", "success": true, "model_calls": 1, "error": null}
[flexible-fixture] seed=140 method=MODEL_DIRECT_REPLAN start
[reference-sequence] seed=140 stage=transfer_0_blue_pick
[reference-sequence] seed=140 stage=transfer_0_blue_place
[reference-sequence] seed=140 stage=transfer_1_blue_pick
[reference-sequence] seed=140 stage=transfer_1_blue_place
[reference-sequence] seed=140 stage=transfer_2_yellow_pick
[reference-sequence] seed=140 stage=transfer_2_yellow_place
{"seed": 140, "method": "MODEL_DIRECT_REPLAN", "success": true, "model_calls": 2, "error": null}
[flexible-fixture] seed=140 method=MODEL_CONSTRAINT_REPAIR start
[reference-sequence] seed=140 stage=transfer_0_blue_pick
[reference-sequence] seed=140 stage=transfer_0_blue_place
[reference-sequence] seed=140 stage=transfer_1_blue_pick
[reference-sequence] seed=140 stage=transfer_1_blue_place
[reference-sequence] seed=140 stage=transfer_2_yellow_pick
[reference-sequence] seed=140 stage=transfer_2_yellow_place
{"seed": 140, "method": "MODEL_CONSTRAINT_REPAIR", "success": true, "model_calls": 1, "error": null}
[flexible-fixture] seed=140 method=MODEL_NO_EXECUTION_REPAIR start
[reference-sequence] seed=140 stage=transfer_0_blue_pick
[reference-sequence] seed=140 stage=transfer_0_blue_place
{"seed": 140, "method": "MODEL_NO_EXECUTION_REPAIR", "success": false, "model_calls": 0, "error": "ValueError: execution_deviation_no_recovery"}
[flexible-fixture] seed=141 method=MODEL_NO_EXECUTION_REPAIR start
[reference-sequence] seed=141 stage=transfer_0_blue_pick
[reference-sequence] seed=141 stage=transfer_0_blue_place
{"seed": 141, "method": "MODEL_NO_EXECUTION_REPAIR", "success": false, "model_calls": 1, "error": "ValueError: execution_deviation_no_recovery"}
[flexible-fixture] seed=141 method=MODEL_CONSTRAINT_REPAIR start
[reference-sequence] seed=141 stage=transfer_0_blue_pick
[reference-sequence] seed=141 stage=transfer_0_blue_place
[reference-sequence] seed=141 stage=transfer_1_blue_pick
[reference-sequence] seed=141 stage=transfer_1_blue_place
[reference-sequence] seed=141 stage=transfer_2_yellow_pick
[reference-sequence] seed=141 stage=transfer_2_yellow_place
{"seed": 141, "method": "MODEL_CONSTRAINT_REPAIR", "success": true, "model_calls": 1, "error": null}
[flexible-fixture] seed=141 method=MODEL_DIRECT_REPLAN start
[reference-sequence] seed=141 stage=transfer_0_blue_pick
[reference-sequence] seed=141 stage=transfer_0_blue_place
[reference-sequence] seed=141 stage=transfer_1_blue_pick
[reference-sequence] seed=141 stage=transfer_1_blue_place
[reference-sequence] seed=141 stage=transfer_2_yellow_pick
[reference-sequence] seed=141 stage=transfer_2_yellow_place
{"seed": 141, "method": "MODEL_DIRECT_REPLAN", "success": true, "model_calls": 1, "error": null}
[flexible-fixture] seed=142 method=MODEL_DIRECT_REPLAN start
[reference-sequence] seed=142 stage=transfer_0_blue_pick
[reference-sequence] seed=142 stage=transfer_0_blue_place
[reference-sequence] seed=142 stage=transfer_1_blue_pick
[reference-sequence] seed=142 stage=transfer_1_blue_place
[reference-sequence] seed=142 stage=transfer_2_yellow_pick
[reference-sequence] seed=142 stage=transfer_2_yellow_place
{"seed": 142, "method": "MODEL_DIRECT_REPLAN", "success": true, "model_calls": 2, "error": null}
[flexible-fixture] seed=142 method=MODEL_CONSTRAINT_REPAIR start
[reference-sequence] seed=142 stage=transfer_0_blue_pick
[reference-sequence] seed=142 stage=transfer_0_blue_place
[reference-sequence] seed=142 stage=transfer_1_blue_pick
[reference-sequence] seed=142 stage=transfer_1_blue_place
[reference-sequence] seed=142 stage=transfer_2_yellow_pick
[reference-sequence] seed=142 stage=transfer_2_yellow_place
{"seed": 142, "method": "MODEL_CONSTRAINT_REPAIR", "success": true, "model_calls": 1, "error": null}
[flexible-fixture] seed=142 method=MODEL_NO_EXECUTION_REPAIR start
[reference-sequence] seed=142 stage=transfer_0_blue_pick
[reference-sequence] seed=142 stage=transfer_0_blue_place
{"seed": 142, "method": "MODEL_NO_EXECUTION_REPAIR", "success": false, "model_calls": 0, "error": "ValueError: execution_deviation_no_recovery"}
[flexible-fixture] seed=143 method=MODEL_NO_EXECUTION_REPAIR start
[reference-sequence] seed=143 stage=transfer_0_blue_pick
[reference-sequence] seed=143 stage=transfer_0_blue_place
{"seed": 143, "method": "MODEL_NO_EXECUTION_REPAIR", "success": false, "model_calls": 1, "error": "ValueError: execution_deviation_no_recovery"}
[flexible-fixture] seed=143 method=MODEL_CONSTRAINT_REPAIR start
[reference-sequence] seed=143 stage=transfer_0_blue_pick
[reference-sequence] seed=143 stage=transfer_0_blue_place
[reference-sequence] seed=143 stage=transfer_1_blue_pick
[reference-sequence] seed=143 stage=transfer_1_blue_place
[reference-sequence] seed=143 stage=transfer_2_yellow_pick
[reference-sequence] seed=143 stage=transfer_2_yellow_place
{"seed": 143, "method": "MODEL_CONSTRAINT_REPAIR", "success": true, "model_calls": 1, "error": null}
[flexible-fixture] seed=143 method=MODEL_DIRECT_REPLAN start
[reference-sequence] seed=143 stage=transfer_0_blue_pick
[reference-sequence] seed=143 stage=transfer_0_blue_place
[reference-sequence] seed=143 stage=transfer_1_blue_pick
[reference-sequence] seed=143 stage=transfer_1_blue_place
[reference-sequence] seed=143 stage=transfer_2_yellow_pick
[reference-sequence] seed=143 stage=transfer_2_yellow_place
{"seed": 143, "method": "MODEL_DIRECT_REPLAN", "success": true, "model_calls": 1, "error": null}
[flexible-fixture] seed=144 method=MODEL_DIRECT_REPLAN start
[reference-sequence] seed=144 stage=transfer_0_blue_pick
[reference-sequence] seed=144 stage=transfer_0_blue_place
[reference-sequence] seed=144 stage=transfer_1_blue_pick
[reference-sequence] seed=144 stage=transfer_1_blue_place
[reference-sequence] seed=144 stage=transfer_2_yellow_pick
[reference-sequence] seed=144 stage=transfer_2_yellow_place
{"seed": 144, "method": "MODEL_DIRECT_REPLAN", "success": true, "model_calls": 2, "error": null}
[flexible-fixture] seed=144 method=MODEL_CONSTRAINT_REPAIR start
[reference-sequence] seed=144 stage=transfer_0_blue_pick
[reference-sequence] seed=144 stage=transfer_0_blue_place
[reference-sequence] seed=144 stage=transfer_1_blue_pick
[reference-sequence] seed=144 stage=transfer_1_blue_place
[reference-sequence] seed=144 stage=transfer_2_yellow_pick
[reference-sequence] seed=144 stage=transfer_2_yellow_place
{"seed": 144, "method": "MODEL_CONSTRAINT_REPAIR", "success": true, "model_calls": 1, "error": null}
[flexible-fixture] seed=144 method=MODEL_NO_EXECUTION_REPAIR start
[reference-sequence] seed=144 stage=transfer_0_blue_pick
[reference-sequence] seed=144 stage=transfer_0_blue_place
{"seed": 144, "method": "MODEL_NO_EXECUTION_REPAIR", "success": false, "model_calls": 0, "error": "ValueError: execution_deviation_no_recovery"}
[flexible-fixture] seed=145 method=MODEL_NO_EXECUTION_REPAIR start
[reference-sequence] seed=145 stage=transfer_0_blue_pick
[reference-sequence] seed=145 stage=transfer_0_blue_place
{"seed": 145, "method": "MODEL_NO_EXECUTION_REPAIR", "success": false, "model_calls": 1, "error": "ValueError: execution_deviation_no_recovery"}
[flexible-fixture] seed=145 method=MODEL_CONSTRAINT_REPAIR start
[reference-sequence] seed=145 stage=transfer_0_blue_pick
[reference-sequence] seed=145 stage=transfer_0_blue_place
[reference-sequence] seed=145 stage=transfer_1_blue_pick
[reference-sequence] seed=145 stage=transfer_1_blue_place
[reference-sequence] seed=145 stage=transfer_2_yellow_pick
[reference-sequence] seed=145 stage=transfer_2_yellow_place
{"seed": 145, "method": "MODEL_CONSTRAINT_REPAIR", "success": true, "model_calls": 1, "error": null}
[flexible-fixture] seed=145 method=MODEL_DIRECT_REPLAN start
[reference-sequence] seed=145 stage=transfer_0_blue_pick
[reference-sequence] seed=145 stage=transfer_0_blue_place
[reference-sequence] seed=145 stage=transfer_1_blue_pick
[reference-sequence] seed=145 stage=transfer_1_blue_place
[reference-sequence] seed=145 stage=transfer_2_yellow_pick
[reference-sequence] seed=145 stage=transfer_2_yellow_place
{"seed": 145, "method": "MODEL_DIRECT_REPLAN", "success": true, "model_calls": 1, "error": null}
[flexible-fixture] seed=146 method=MODEL_DIRECT_REPLAN start
[reference-sequence] seed=146 stage=transfer_0_blue_pick
[reference-sequence] seed=146 stage=transfer_0_blue_place
[reference-sequence] seed=146 stage=transfer_1_blue_pick
[reference-sequence] seed=146 stage=transfer_1_blue_place
[reference-sequence] seed=146 stage=transfer_2_yellow_pick
[reference-sequence] seed=146 stage=transfer_2_yellow_place
{"seed": 146, "method": "MODEL_DIRECT_REPLAN", "success": true, "model_calls": 2, "error": null}
[flexible-fixture] seed=146 method=MODEL_CONSTRAINT_REPAIR start
[reference-sequence] seed=146 stage=transfer_0_blue_pick
[reference-sequence] seed=146 stage=transfer_0_blue_place
[reference-sequence] seed=146 stage=transfer_1_blue_pick
[reference-sequence] seed=146 stage=transfer_1_blue_place
[reference-sequence] seed=146 stage=transfer_2_yellow_pick
[reference-sequence] seed=146 stage=transfer_2_yellow_place
{"seed": 146, "method": "MODEL_CONSTRAINT_REPAIR", "success": true, "model_calls": 1, "error": null}
[flexible-fixture] seed=146 method=MODEL_NO_EXECUTION_REPAIR start
[reference-sequence] seed=146 stage=transfer_0_blue_pick
[reference-sequence] seed=146 stage=transfer_0_blue_place
{"seed": 146, "method": "MODEL_NO_EXECUTION_REPAIR", "success": false, "model_calls": 0, "error": "ValueError: execution_deviation_no_recovery"}
[flexible-fixture] seed=147 method=MODEL_NO_EXECUTION_REPAIR start
[reference-sequence] seed=147 stage=transfer_0_blue_pick
[reference-sequence] seed=147 stage=transfer_0_blue_place
{"seed": 147, "method": "MODEL_NO_EXECUTION_REPAIR", "success": false, "model_calls": 1, "error": "ValueError: execution_deviation_no_recovery"}
[flexible-fixture] seed=147 method=MODEL_CONSTRAINT_REPAIR start
[reference-sequence] seed=147 stage=transfer_0_blue_pick
[reference-sequence] seed=147 stage=transfer_0_blue_place
[reference-sequence] seed=147 stage=transfer_1_blue_pick
[reference-sequence] seed=147 stage=transfer_1_blue_place
[reference-sequence] seed=147 stage=transfer_2_yellow_pick
[reference-sequence] seed=147 stage=transfer_2_yellow_place
{"seed": 147, "method": "MODEL_CONSTRAINT_REPAIR", "success": true, "model_calls": 1, "error": null}
[flexible-fixture] seed=147 method=MODEL_DIRECT_REPLAN start
[reference-sequence] seed=147 stage=transfer_0_blue_pick
[reference-sequence] seed=147 stage=transfer_0_blue_place
[reference-sequence] seed=147 stage=transfer_1_blue_pick
[reference-sequence] seed=147 stage=transfer_1_blue_place
[reference-sequence] seed=147 stage=transfer_2_yellow_pick
[reference-sequence] seed=147 stage=transfer_2_yellow_place
{"seed": 147, "method": "MODEL_DIRECT_REPLAN", "success": true, "model_calls": 1, "error": null}
[flexible-fixture] seed=148 method=MODEL_DIRECT_REPLAN start
[reference-sequence] seed=148 stage=transfer_0_blue_pick
[reference-sequence] seed=148 stage=transfer_0_blue_place
[reference-sequence] seed=148 stage=transfer_1_blue_pick
[reference-sequence] seed=148 stage=transfer_1_blue_place
[reference-sequence] seed=148 stage=transfer_2_yellow_pick
[reference-sequence] seed=148 stage=transfer_2_yellow_place
{"seed": 148, "method": "MODEL_DIRECT_REPLAN", "success": true, "model_calls": 2, "error": null}
[flexible-fixture] seed=148 method=MODEL_CONSTRAINT_REPAIR start
[reference-sequence] seed=148 stage=transfer_0_blue_pick
[reference-sequence] seed=148 stage=transfer_0_blue_place
[reference-sequence] seed=148 stage=transfer_1_blue_pick
[reference-sequence] seed=148 stage=transfer_1_blue_place
[reference-sequence] seed=148 stage=transfer_2_yellow_pick
[reference-sequence] seed=148 stage=transfer_2_yellow_place
{"seed": 148, "method": "MODEL_CONSTRAINT_REPAIR", "success": true, "model_calls": 1, "error": null}
[flexible-fixture] seed=148 method=MODEL_NO_EXECUTION_REPAIR start
[reference-sequence] seed=148 stage=transfer_0_blue_pick
[reference-sequence] seed=148 stage=transfer_0_blue_place
{"seed": 148, "method": "MODEL_NO_EXECUTION_REPAIR", "success": false, "model_calls": 0, "error": "ValueError: execution_deviation_no_recovery"}
[flexible-fixture] seed=149 method=MODEL_NO_EXECUTION_REPAIR start
[reference-sequence] seed=149 stage=transfer_0_blue_pick
[reference-sequence] seed=149 stage=transfer_0_blue_place
{"seed": 149, "method": "MODEL_NO_EXECUTION_REPAIR", "success": false, "model_calls": 1, "error": "ValueError: execution_deviation_no_recovery"}
[flexible-fixture] seed=149 method=MODEL_CONSTRAINT_REPAIR start
[reference-sequence] seed=149 stage=transfer_0_blue_pick
[reference-sequence] seed=149 stage=transfer_0_blue_place
[reference-sequence] seed=149 stage=transfer_1_blue_pick
[reference-sequence] seed=149 stage=transfer_1_blue_place
[reference-sequence] seed=149 stage=transfer_2_yellow_pick
[reference-sequence] seed=149 stage=transfer_2_yellow_place
{"seed": 149, "method": "MODEL_CONSTRAINT_REPAIR", "success": true, "model_calls": 1, "error": null}
[flexible-fixture] seed=149 method=MODEL_DIRECT_REPLAN start
[reference-sequence] seed=149 stage=transfer_0_blue_pick
[reference-sequence] seed=149 stage=transfer_0_blue_place
[reference-sequence] seed=149 stage=transfer_1_blue_pick
[reference-sequence] seed=149 stage=transfer_1_blue_place
[reference-sequence] seed=149 stage=transfer_2_yellow_pick
[reference-sequence] seed=149 stage=transfer_2_yellow_place
{"seed": 149, "method": "MODEL_DIRECT_REPLAN", "success": true, "model_calls": 1, "error": null}
[flexible-fixture] seed=150 method=MODEL_DIRECT_REPLAN start
[reference-sequence] seed=150 stage=transfer_0_blue_pick
[reference-sequence] seed=150 stage=transfer_0_blue_place
[reference-sequence] seed=150 stage=transfer_1_blue_pick
[reference-sequence] seed=150 stage=transfer_1_blue_place
[reference-sequence] seed=150 stage=transfer_2_yellow_pick
[reference-sequence] seed=150 stage=transfer_2_yellow_place
{"seed": 150, "method": "MODEL_DIRECT_REPLAN", "success": true, "model_calls": 2, "error": null}
[flexible-fixture] seed=150 method=MODEL_CONSTRAINT_REPAIR start
[reference-sequence] seed=150 stage=transfer_0_blue_pick
[reference-sequence] seed=150 stage=transfer_0_blue_place
[reference-sequence] seed=150 stage=transfer_1_blue_pick
[reference-sequence] seed=150 stage=transfer_1_blue_place
[reference-sequence] seed=150 stage=transfer_2_yellow_pick
[reference-sequence] seed=150 stage=transfer_2_yellow_place
{"seed": 150, "method": "MODEL_CONSTRAINT_REPAIR", "success": true, "model_calls": 1, "error": null}
[flexible-fixture] seed=150 method=MODEL_NO_EXECUTION_REPAIR start
[reference-sequence] seed=150 stage=transfer_0_blue_pick
[reference-sequence] seed=150 stage=transfer_0_blue_place
{"seed": 150, "method": "MODEL_NO_EXECUTION_REPAIR", "success": false, "model_calls": 0, "error": "ValueError: execution_deviation_no_recovery"}
[flexible-fixture] seed=151 method=MODEL_NO_EXECUTION_REPAIR start
[reference-sequence] seed=151 stage=transfer_0_blue_pick
[reference-sequence] seed=151 stage=transfer_0_blue_place
{"seed": 151, "method": "MODEL_NO_EXECUTION_REPAIR", "success": false, "model_calls": 1, "error": "ValueError: execution_deviation_no_recovery"}
[flexible-fixture] seed=151 method=MODEL_CONSTRAINT_REPAIR start
[reference-sequence] seed=151 stage=transfer_0_blue_pick
[reference-sequence] seed=151 stage=transfer_0_blue_place
[reference-sequence] seed=151 stage=transfer_1_blue_pick
[reference-sequence] seed=151 stage=transfer_1_blue_place
[reference-sequence] seed=151 stage=transfer_2_yellow_pick
[reference-sequence] seed=151 stage=transfer_2_yellow_place
{"seed": 151, "method": "MODEL_CONSTRAINT_REPAIR", "success": true, "model_calls": 1, "error": null}
[flexible-fixture] seed=151 method=MODEL_DIRECT_REPLAN start
[reference-sequence] seed=151 stage=transfer_0_blue_pick
[reference-sequence] seed=151 stage=transfer_0_blue_place
[reference-sequence] seed=151 stage=transfer_1_blue_pick
[reference-sequence] seed=151 stage=transfer_1_blue_place
[reference-sequence] seed=151 stage=transfer_2_yellow_pick
[reference-sequence] seed=151 stage=transfer_2_yellow_place
{"seed": 151, "method": "MODEL_DIRECT_REPLAN", "success": true, "model_calls": 1, "error": null}
[flexible-fixture] seed=152 method=MODEL_DIRECT_REPLAN start
[reference-sequence] seed=152 stage=transfer_0_blue_pick
[reference-sequence] seed=152 stage=transfer_0_blue_place
[reference-sequence] seed=152 stage=transfer_1_blue_pick
[reference-sequence] seed=152 stage=transfer_1_blue_place
[reference-sequence] seed=152 stage=transfer_2_yellow_pick
[reference-sequence] seed=152 stage=transfer_2_yellow_place
{"seed": 152, "method": "MODEL_DIRECT_REPLAN", "success": true, "model_calls": 2, "error": null}
[flexible-fixture] seed=152 method=MODEL_CONSTRAINT_REPAIR start
[reference-sequence] seed=152 stage=transfer_0_blue_pick
[reference-sequence] seed=152 stage=transfer_0_blue_place
[reference-sequence] seed=152 stage=transfer_1_blue_pick
[reference-sequence] seed=152 stage=transfer_1_blue_place
[reference-sequence] seed=152 stage=transfer_2_yellow_pick
[reference-sequence] seed=152 stage=transfer_2_yellow_place
{"seed": 152, "method": "MODEL_CONSTRAINT_REPAIR", "success": true, "model_calls": 1, "error": null}
[flexible-fixture] seed=152 method=MODEL_NO_EXECUTION_REPAIR start
[reference-sequence] seed=152 stage=transfer_0_blue_pick
[reference-sequence] seed=152 stage=transfer_0_blue_place
{"seed": 152, "method": "MODEL_NO_EXECUTION_REPAIR", "success": false, "model_calls": 0, "error": "ValueError: execution_deviation_no_recovery"}
[flexible-fixture] seed=153 method=MODEL_NO_EXECUTION_REPAIR start
[reference-sequence] seed=153 stage=transfer_0_blue_pick
[reference-sequence] seed=153 stage=transfer_0_blue_place
{"seed": 153, "method": "MODEL_NO_EXECUTION_REPAIR", "success": false, "model_calls": 1, "error": "ValueError: execution_deviation_no_recovery"}
[flexible-fixture] seed=153 method=MODEL_CONSTRAINT_REPAIR start
[reference-sequence] seed=153 stage=transfer_0_blue_pick
[reference-sequence] seed=153 stage=transfer_0_blue_place
[reference-sequence] seed=153 stage=transfer_1_blue_pick
[reference-sequence] seed=153 stage=transfer_1_blue_place
[reference-sequence] seed=153 stage=transfer_2_yellow_pick
[reference-sequence] seed=153 stage=transfer_2_yellow_place
{"seed": 153, "method": "MODEL_CONSTRAINT_REPAIR", "success": true, "model_calls": 1, "error": null}
[flexible-fixture] seed=153 method=MODEL_DIRECT_REPLAN start
[reference-sequence] seed=153 stage=transfer_0_blue_pick
[reference-sequence] seed=153 stage=transfer_0_blue_place
[reference-sequence] seed=153 stage=transfer_1_blue_pick
[reference-sequence] seed=153 stage=transfer_1_blue_place
[reference-sequence] seed=153 stage=transfer_2_yellow_pick
[reference-sequence] seed=153 stage=transfer_2_yellow_place
{"seed": 153, "method": "MODEL_DIRECT_REPLAN", "success": true, "model_calls": 1, "error": null}
[flexible-fixture] seed=154 method=MODEL_DIRECT_REPLAN start
[reference-sequence] seed=154 stage=transfer_0_blue_pick
[reference-sequence] seed=154 stage=transfer_0_blue_place
[reference-sequence] seed=154 stage=transfer_1_blue_pick
[reference-sequence] seed=154 stage=transfer_1_blue_place
[reference-sequence] seed=154 stage=transfer_2_yellow_pick
[reference-sequence] seed=154 stage=transfer_2_yellow_place
{"seed": 154, "method": "MODEL_DIRECT_REPLAN", "success": true, "model_calls": 2, "error": null}
[flexible-fixture] seed=154 method=MODEL_CONSTRAINT_REPAIR start
[reference-sequence] seed=154 stage=transfer_0_blue_pick
[reference-sequence] seed=154 stage=transfer_0_blue_place
[reference-sequence] seed=154 stage=transfer_1_blue_pick
[reference-sequence] seed=154 stage=transfer_1_blue_place
[reference-sequence] seed=154 stage=transfer_2_yellow_pick
[reference-sequence] seed=154 stage=transfer_2_yellow_place
{"seed": 154, "method": "MODEL_CONSTRAINT_REPAIR", "success": true, "model_calls": 1, "error": null}
[flexible-fixture] seed=154 method=MODEL_NO_EXECUTION_REPAIR start
[reference-sequence] seed=154 stage=transfer_0_blue_pick
[reference-sequence] seed=154 stage=transfer_0_blue_place
{"seed": 154, "method": "MODEL_NO_EXECUTION_REPAIR", "success": false, "model_calls": 0, "error": "ValueError: execution_deviation_no_recovery"}
[flexible-fixture] seed=155 method=MODEL_NO_EXECUTION_REPAIR start
[reference-sequence] seed=155 stage=transfer_0_blue_pick
[reference-sequence] seed=155 stage=transfer_0_blue_place
{"seed": 155, "method": "MODEL_NO_EXECUTION_REPAIR", "success": false, "model_calls": 1, "error": "ValueError: execution_deviation_no_recovery"}
[flexible-fixture] seed=155 method=MODEL_CONSTRAINT_REPAIR start
[reference-sequence] seed=155 stage=transfer_0_blue_pick
[reference-sequence] seed=155 stage=transfer_0_blue_place
[reference-sequence] seed=155 stage=transfer_1_blue_pick
[reference-sequence] seed=155 stage=transfer_1_blue_place
[reference-sequence] seed=155 stage=transfer_2_yellow_pick
[reference-sequence] seed=155 stage=transfer_2_yellow_place
{"seed": 155, "method": "MODEL_CONSTRAINT_REPAIR", "success": true, "model_calls": 1, "error": null}
[flexible-fixture] seed=155 method=MODEL_DIRECT_REPLAN start
[reference-sequence] seed=155 stage=transfer_0_blue_pick
[reference-sequence] seed=155 stage=transfer_0_blue_place
[reference-sequence] seed=155 stage=transfer_1_blue_pick
[reference-sequence] seed=155 stage=transfer_1_blue_place
[reference-sequence] seed=155 stage=transfer_2_yellow_pick
[reference-sequence] seed=155 stage=transfer_2_yellow_place
{"seed": 155, "method": "MODEL_DIRECT_REPLAN", "success": true, "model_calls": 1, "error": null}
[flexible-fixture] seed=156 method=MODEL_DIRECT_REPLAN start
[reference-sequence] seed=156 stage=transfer_0_blue_pick
[reference-sequence] seed=156 stage=transfer_0_blue_place
[reference-sequence] seed=156 stage=transfer_1_blue_pick
[reference-sequence] seed=156 stage=transfer_1_blue_place
[reference-sequence] seed=156 stage=transfer_2_yellow_pick
[reference-sequence] seed=156 stage=transfer_2_yellow_place
{"seed": 156, "method": "MODEL_DIRECT_REPLAN", "success": true, "model_calls": 2, "error": null}
[flexible-fixture] seed=156 method=MODEL_CONSTRAINT_REPAIR start
[reference-sequence] seed=156 stage=transfer_0_blue_pick
[reference-sequence] seed=156 stage=transfer_0_blue_place
[reference-sequence] seed=156 stage=transfer_1_blue_pick
[reference-sequence] seed=156 stage=transfer_1_blue_place
[reference-sequence] seed=156 stage=transfer_2_yellow_pick
[reference-sequence] seed=156 stage=transfer_2_yellow_place
{"seed": 156, "method": "MODEL_CONSTRAINT_REPAIR", "success": true, "model_calls": 1, "error": null}
[flexible-fixture] seed=156 method=MODEL_NO_EXECUTION_REPAIR start
[reference-sequence] seed=156 stage=transfer_0_blue_pick
[reference-sequence] seed=156 stage=transfer_0_blue_place
{"seed": 156, "method": "MODEL_NO_EXECUTION_REPAIR", "success": false, "model_calls": 0, "error": "ValueError: execution_deviation_no_recovery"}
[flexible-fixture] seed=157 method=MODEL_NO_EXECUTION_REPAIR start
[reference-sequence] seed=157 stage=transfer_0_blue_pick
[reference-sequence] seed=157 stage=transfer_0_blue_place
{"seed": 157, "method": "MODEL_NO_EXECUTION_REPAIR", "success": false, "model_calls": 1, "error": "ValueError: execution_deviation_no_recovery"}
[flexible-fixture] seed=157 method=MODEL_CONSTRAINT_REPAIR start
[reference-sequence] seed=157 stage=transfer_0_blue_pick
[reference-sequence] seed=157 stage=transfer_0_blue_place
[reference-sequence] seed=157 stage=transfer_1_blue_pick
[reference-sequence] seed=157 stage=transfer_1_blue_place
[reference-sequence] seed=157 stage=transfer_2_yellow_pick
[reference-sequence] seed=157 stage=transfer_2_yellow_place
{"seed": 157, "method": "MODEL_CONSTRAINT_REPAIR", "success": true, "model_calls": 1, "error": null}
[flexible-fixture] seed=157 method=MODEL_DIRECT_REPLAN start
[reference-sequence] seed=157 stage=transfer_0_blue_pick
[reference-sequence] seed=157 stage=transfer_0_blue_place
[reference-sequence] seed=157 stage=transfer_1_blue_pick
[reference-sequence] seed=157 stage=transfer_1_blue_place
[reference-sequence] seed=157 stage=transfer_2_yellow_pick
[reference-sequence] seed=157 stage=transfer_2_yellow_place
{"seed": 157, "method": "MODEL_DIRECT_REPLAN", "success": true, "model_calls": 1, "error": null}
[flexible-fixture] seed=158 method=MODEL_DIRECT_REPLAN start
[reference-sequence] seed=158 stage=transfer_0_blue_pick
[reference-sequence] seed=158 stage=transfer_0_blue_place
[reference-sequence] seed=158 stage=transfer_1_blue_pick
[reference-sequence] seed=158 stage=transfer_1_blue_place
[reference-sequence] seed=158 stage=transfer_2_yellow_pick
[reference-sequence] seed=158 stage=transfer_2_yellow_place
{"seed": 158, "method": "MODEL_DIRECT_REPLAN", "success": true, "model_calls": 2, "error": null}
[flexible-fixture] seed=158 method=MODEL_CONSTRAINT_REPAIR start
[reference-sequence] seed=158 stage=transfer_0_blue_pick
[reference-sequence] seed=158 stage=transfer_0_blue_place
[reference-sequence] seed=158 stage=transfer_1_blue_pick
[reference-sequence] seed=158 stage=transfer_1_blue_place
[reference-sequence] seed=158 stage=transfer_2_yellow_pick
[reference-sequence] seed=158 stage=transfer_2_yellow_place
{"seed": 158, "method": "MODEL_CONSTRAINT_REPAIR", "success": true, "model_calls": 1, "error": null}
[flexible-fixture] seed=158 method=MODEL_NO_EXECUTION_REPAIR start
[reference-sequence] seed=158 stage=transfer_0_blue_pick
[reference-sequence] seed=158 stage=transfer_0_blue_place
{"seed": 158, "method": "MODEL_NO_EXECUTION_REPAIR", "success": false, "model_calls": 0, "error": "ValueError: execution_deviation_no_recovery"}
[flexible-fixture] seed=159 method=MODEL_NO_EXECUTION_REPAIR start
[reference-sequence] seed=159 stage=transfer_0_blue_pick
[reference-sequence] seed=159 stage=transfer_0_blue_place
{"seed": 159, "method": "MODEL_NO_EXECUTION_REPAIR", "success": false, "model_calls": 1, "error": "ValueError: execution_deviation_no_recovery"}
[flexible-fixture] seed=159 method=MODEL_CONSTRAINT_REPAIR start
[reference-sequence] seed=159 stage=transfer_0_blue_pick
[reference-sequence] seed=159 stage=transfer_0_blue_place
[reference-sequence] seed=159 stage=transfer_1_blue_pick
[reference-sequence] seed=159 stage=transfer_1_blue_place
[reference-sequence] seed=159 stage=transfer_2_yellow_pick
[reference-sequence] seed=159 stage=transfer_2_yellow_place
{"seed": 159, "method": "MODEL_CONSTRAINT_REPAIR", "success": true, "model_calls": 1, "error": null}
[flexible-fixture] seed=159 method=MODEL_DIRECT_REPLAN start
[reference-sequence] seed=159 stage=transfer_0_blue_pick
[reference-sequence] seed=159 stage=transfer_0_blue_place
[reference-sequence] seed=159 stage=transfer_1_blue_pick
[reference-sequence] seed=159 stage=transfer_1_blue_place
[reference-sequence] seed=159 stage=transfer_2_yellow_pick
[reference-sequence] seed=159 stage=transfer_2_yellow_place
{"seed": 159, "method": "MODEL_DIRECT_REPLAN", "success": true, "model_calls": 1, "error": null}
[flexible-fixture] seed=160 method=MODEL_DIRECT_REPLAN start
[reference-sequence] seed=160 stage=transfer_0_blue_pick
[reference-sequence] seed=160 stage=transfer_0_blue_place
[reference-sequence] seed=160 stage=transfer_1_blue_pick
[reference-sequence] seed=160 stage=transfer_1_blue_place
[reference-sequence] seed=160 stage=transfer_2_yellow_pick
[reference-sequence] seed=160 stage=transfer_2_yellow_place
{"seed": 160, "method": "MODEL_DIRECT_REPLAN", "success": true, "model_calls": 2, "error": null}
[flexible-fixture] seed=160 method=MODEL_CONSTRAINT_REPAIR start
[reference-sequence] seed=160 stage=transfer_0_blue_pick
[reference-sequence] seed=160 stage=transfer_0_blue_place
[reference-sequence] seed=160 stage=transfer_1_blue_pick
[reference-sequence] seed=160 stage=transfer_1_blue_place
[reference-sequence] seed=160 stage=transfer_2_yellow_pick
[reference-sequence] seed=160 stage=transfer_2_yellow_place
{"seed": 160, "method": "MODEL_CONSTRAINT_REPAIR", "success": true, "model_calls": 1, "error": null}
[flexible-fixture] seed=160 method=MODEL_NO_EXECUTION_REPAIR start
[reference-sequence] seed=160 stage=transfer_0_blue_pick
[reference-sequence] seed=160 stage=transfer_0_blue_place
{"seed": 160, "method": "MODEL_NO_EXECUTION_REPAIR", "success": false, "model_calls": 0, "error": "ValueError: execution_deviation_no_recovery"}
[flexible-fixture] seed=161 method=MODEL_NO_EXECUTION_REPAIR start
[reference-sequence] seed=161 stage=transfer_0_blue_pick
[reference-sequence] seed=161 stage=transfer_0_blue_place
{"seed": 161, "method": "MODEL_NO_EXECUTION_REPAIR", "success": false, "model_calls": 1, "error": "ValueError: execution_deviation_no_recovery"}
[flexible-fixture] seed=161 method=MODEL_CONSTRAINT_REPAIR start
[reference-sequence] seed=161 stage=transfer_0_blue_pick
[reference-sequence] seed=161 stage=transfer_0_blue_place
[reference-sequence] seed=161 stage=transfer_1_blue_pick
[reference-sequence] seed=161 stage=transfer_1_blue_place
[reference-sequence] seed=161 stage=transfer_2_yellow_pick
[reference-sequence] seed=161 stage=transfer_2_yellow_place
{"seed": 161, "method": "MODEL_CONSTRAINT_REPAIR", "success": true, "model_calls": 1, "error": null}
[flexible-fixture] seed=161 method=MODEL_DIRECT_REPLAN start
[reference-sequence] seed=161 stage=transfer_0_blue_pick
[reference-sequence] seed=161 stage=transfer_0_blue_place
[reference-sequence] seed=161 stage=transfer_1_blue_pick
[reference-sequence] seed=161 stage=transfer_1_blue_place
[reference-sequence] seed=161 stage=transfer_2_yellow_pick
[reference-sequence] seed=161 stage=transfer_2_yellow_place
{"seed": 161, "method": "MODEL_DIRECT_REPLAN", "success": true, "model_calls": 1, "error": null}
[flexible-fixture] seed=162 method=MODEL_DIRECT_REPLAN start
[reference-sequence] seed=162 stage=transfer_0_blue_pick
[reference-sequence] seed=162 stage=transfer_0_blue_place
[reference-sequence] seed=162 stage=transfer_1_blue_pick
[reference-sequence] seed=162 stage=transfer_1_blue_place
[reference-sequence] seed=162 stage=transfer_2_yellow_pick
[reference-sequence] seed=162 stage=transfer_2_yellow_place
{"seed": 162, "method": "MODEL_DIRECT_REPLAN", "success": true, "model_calls": 2, "error": null}
[flexible-fixture] seed=162 method=MODEL_CONSTRAINT_REPAIR start
[reference-sequence] seed=162 stage=transfer_0_blue_pick
[reference-sequence] seed=162 stage=transfer_0_blue_place
[reference-sequence] seed=162 stage=transfer_1_blue_pick
[reference-sequence] seed=162 stage=transfer_1_blue_place
[reference-sequence] seed=162 stage=transfer_2_yellow_pick
[reference-sequence] seed=162 stage=transfer_2_yellow_place
{"seed": 162, "method": "MODEL_CONSTRAINT_REPAIR", "success": true, "model_calls": 1, "error": null}
[flexible-fixture] seed=162 method=MODEL_NO_EXECUTION_REPAIR start
[reference-sequence] seed=162 stage=transfer_0_blue_pick
[reference-sequence] seed=162 stage=transfer_0_blue_place
{"seed": 162, "method": "MODEL_NO_EXECUTION_REPAIR", "success": false, "model_calls": 0, "error": "ValueError: execution_deviation_no_recovery"}
[flexible-fixture] seed=163 method=MODEL_NO_EXECUTION_REPAIR start
[reference-sequence] seed=163 stage=transfer_0_blue_pick
[reference-sequence] seed=163 stage=transfer_0_blue_place
{"seed": 163, "method": "MODEL_NO_EXECUTION_REPAIR", "success": false, "model_calls": 1, "error": "ValueError: execution_deviation_no_recovery"}
[flexible-fixture] seed=163 method=MODEL_CONSTRAINT_REPAIR start
[reference-sequence] seed=163 stage=transfer_0_blue_pick
[reference-sequence] seed=163 stage=transfer_0_blue_place
[reference-sequence] seed=163 stage=transfer_1_blue_pick
[reference-sequence] seed=163 stage=transfer_1_blue_place
[reference-sequence] seed=163 stage=transfer_2_yellow_pick
[reference-sequence] seed=163 stage=transfer_2_yellow_place
{"seed": 163, "method": "MODEL_CONSTRAINT_REPAIR", "success": true, "model_calls": 1, "error": null}
[flexible-fixture] seed=163 method=MODEL_DIRECT_REPLAN start
[reference-sequence] seed=163 stage=transfer_0_blue_pick
[reference-sequence] seed=163 stage=transfer_0_blue_place
[reference-sequence] seed=163 stage=transfer_1_blue_pick
[reference-sequence] seed=163 stage=transfer_1_blue_place
[reference-sequence] seed=163 stage=transfer_2_yellow_pick
[reference-sequence] seed=163 stage=transfer_2_yellow_place
{"seed": 163, "method": "MODEL_DIRECT_REPLAN", "success": true, "model_calls": 1, "error": null}
[flexible-fixture] seed=164 method=MODEL_DIRECT_REPLAN start
[reference-sequence] seed=164 stage=transfer_0_blue_pick
[reference-sequence] seed=164 stage=transfer_0_blue_place
[reference-sequence] seed=164 stage=transfer_1_blue_pick
[reference-sequence] seed=164 stage=transfer_1_blue_place
[reference-sequence] seed=164 stage=transfer_2_yellow_pick
[reference-sequence] seed=164 stage=transfer_2_yellow_place
{"seed": 164, "method": "MODEL_DIRECT_REPLAN", "success": true, "model_calls": 2, "error": null}
[flexible-fixture] seed=164 method=MODEL_CONSTRAINT_REPAIR start
[reference-sequence] seed=164 stage=transfer_0_blue_pick
[reference-sequence] seed=164 stage=transfer_0_blue_place
[reference-sequence] seed=164 stage=transfer_1_blue_pick
[reference-sequence] seed=164 stage=transfer_1_blue_place
[reference-sequence] seed=164 stage=transfer_2_yellow_pick
[reference-sequence] seed=164 stage=transfer_2_yellow_place
{"seed": 164, "method": "MODEL_CONSTRAINT_REPAIR", "success": true, "model_calls": 1, "error": null}
[flexible-fixture] seed=164 method=MODEL_NO_EXECUTION_REPAIR start
[reference-sequence] seed=164 stage=transfer_0_blue_pick
[reference-sequence] seed=164 stage=transfer_0_blue_place
{"seed": 164, "method": "MODEL_NO_EXECUTION_REPAIR", "success": false, "model_calls": 0, "error": "ValueError: execution_deviation_no_recovery"}
[flexible-fixture] seed=165 method=MODEL_NO_EXECUTION_REPAIR start
[reference-sequence] seed=165 stage=transfer_0_blue_pick
[reference-sequence] seed=165 stage=transfer_0_blue_place
{"seed": 165, "method": "MODEL_NO_EXECUTION_REPAIR", "success": false, "model_calls": 1, "error": "ValueError: execution_deviation_no_recovery"}
[flexible-fixture] seed=165 method=MODEL_CONSTRAINT_REPAIR start
[reference-sequence] seed=165 stage=transfer_0_blue_pick
[reference-sequence] seed=165 stage=transfer_0_blue_place
[reference-sequence] seed=165 stage=transfer_1_blue_pick
[reference-sequence] seed=165 stage=transfer_1_blue_place
[reference-sequence] seed=165 stage=transfer_2_yellow_pick
[reference-sequence] seed=165 stage=transfer_2_yellow_place
{"seed": 165, "method": "MODEL_CONSTRAINT_REPAIR", "success": true, "model_calls": 1, "error": null}
[flexible-fixture] seed=165 method=MODEL_DIRECT_REPLAN start
[reference-sequence] seed=165 stage=transfer_0_blue_pick
[reference-sequence] seed=165 stage=transfer_0_blue_place
[reference-sequence] seed=165 stage=transfer_1_blue_pick
[reference-sequence] seed=165 stage=transfer_1_blue_place
[reference-sequence] seed=165 stage=transfer_2_yellow_pick
[reference-sequence] seed=165 stage=transfer_2_yellow_place
{"seed": 165, "method": "MODEL_DIRECT_REPLAN", "success": true, "model_calls": 1, "error": null}
[flexible-fixture] seed=166 method=MODEL_DIRECT_REPLAN start
[reference-sequence] seed=166 stage=transfer_0_blue_pick
[reference-sequence] seed=166 stage=transfer_0_blue_place
[reference-sequence] seed=166 stage=transfer_1_blue_pick
[reference-sequence] seed=166 stage=transfer_1_blue_place
[reference-sequence] seed=166 stage=transfer_2_yellow_pick
[reference-sequence] seed=166 stage=transfer_2_yellow_place
{"seed": 166, "method": "MODEL_DIRECT_REPLAN", "success": true, "model_calls": 2, "error": null}
[flexible-fixture] seed=166 method=MODEL_CONSTRAINT_REPAIR start
[reference-sequence] seed=166 stage=transfer_0_blue_pick
[reference-sequence] seed=166 stage=transfer_0_blue_place
[reference-sequence] seed=166 stage=transfer_1_blue_pick
[reference-sequence] seed=166 stage=transfer_1_blue_place
[reference-sequence] seed=166 stage=transfer_2_yellow_pick
[reference-sequence] seed=166 stage=transfer_2_yellow_place
{"seed": 166, "method": "MODEL_CONSTRAINT_REPAIR", "success": true, "model_calls": 1, "error": null}
[flexible-fixture] seed=166 method=MODEL_NO_EXECUTION_REPAIR start
[reference-sequence] seed=166 stage=transfer_0_blue_pick
[reference-sequence] seed=166 stage=transfer_0_blue_place
{"seed": 166, "method": "MODEL_NO_EXECUTION_REPAIR", "success": false, "model_calls": 0, "error": "ValueError: execution_deviation_no_recovery"}
[flexible-fixture] seed=167 method=MODEL_NO_EXECUTION_REPAIR start
[reference-sequence] seed=167 stage=transfer_0_blue_pick
[reference-sequence] seed=167 stage=transfer_0_blue_place
{"seed": 167, "method": "MODEL_NO_EXECUTION_REPAIR", "success": false, "model_calls": 1, "error": "ValueError: execution_deviation_no_recovery"}
[flexible-fixture] seed=167 method=MODEL_CONSTRAINT_REPAIR start
[reference-sequence] seed=167 stage=transfer_0_blue_pick
[reference-sequence] seed=167 stage=transfer_0_blue_place
[reference-sequence] seed=167 stage=transfer_1_blue_pick
[reference-sequence] seed=167 stage=transfer_1_blue_place
[reference-sequence] seed=167 stage=transfer_2_yellow_pick
[reference-sequence] seed=167 stage=transfer_2_yellow_place
{"seed": 167, "method": "MODEL_CONSTRAINT_REPAIR", "success": true, "model_calls": 1, "error": null}
[flexible-fixture] seed=167 method=MODEL_DIRECT_REPLAN start
[reference-sequence] seed=167 stage=transfer_0_blue_pick
[reference-sequence] seed=167 stage=transfer_0_blue_place
[reference-sequence] seed=167 stage=transfer_1_blue_pick
[reference-sequence] seed=167 stage=transfer_1_blue_place
[reference-sequence] seed=167 stage=transfer_2_yellow_pick
[reference-sequence] seed=167 stage=transfer_2_yellow_place
{"seed": 167, "method": "MODEL_DIRECT_REPLAN", "success": true, "model_calls": 1, "error": null}
[flexible-fixture] seed=168 method=MODEL_DIRECT_REPLAN start
[reference-sequence] seed=168 stage=transfer_0_blue_pick
[reference-sequence] seed=168 stage=transfer_0_blue_place
[reference-sequence] seed=168 stage=transfer_1_blue_pick
[reference-sequence] seed=168 stage=transfer_1_blue_place
[reference-sequence] seed=168 stage=transfer_2_yellow_pick
[reference-sequence] seed=168 stage=transfer_2_yellow_place
{"seed": 168, "method": "MODEL_DIRECT_REPLAN", "success": true, "model_calls": 2, "error": null}
[flexible-fixture] seed=168 method=MODEL_CONSTRAINT_REPAIR start
[reference-sequence] seed=168 stage=transfer_0_blue_pick
[reference-sequence] seed=168 stage=transfer_0_blue_place
[reference-sequence] seed=168 stage=transfer_1_blue_pick
[reference-sequence] seed=168 stage=transfer_1_blue_place
[reference-sequence] seed=168 stage=transfer_2_yellow_pick
[reference-sequence] seed=168 stage=transfer_2_yellow_place
{"seed": 168, "method": "MODEL_CONSTRAINT_REPAIR", "success": true, "model_calls": 1, "error": null}
[flexible-fixture] seed=168 method=MODEL_NO_EXECUTION_REPAIR start
[reference-sequence] seed=168 stage=transfer_0_blue_pick
[reference-sequence] seed=168 stage=transfer_0_blue_place
{"seed": 168, "method": "MODEL_NO_EXECUTION_REPAIR", "success": false, "model_calls": 0, "error": "ValueError: execution_deviation_no_recovery"}
{"completed_episodes": 90, "actual_model_calls": 90, "methods": {"MODEL_DIRECT_REPLAN": {"episodes": 30, "successes": 30, "accepted_remaining_repairs": 0, "accepted_execution_repairs": 30}, "MODEL_CONSTRAINT_REPAIR": {"episodes": 30, "successes": 30, "accepted_remaining_repairs": 0, "accepted_execution_repairs": 30}, "MODEL_NO_EXECUTION_REPAIR": {"episodes": 30, "successes": 0, "accepted_remaining_repairs": 0, "accepted_execution_repairs": 0}}}
