[flexible-fixture] seed=58 method=MODEL_DIRECT_REPLAN start
[reference-sequence] seed=58 stage=transfer_0_blue_pick
[reference-sequence] seed=58 stage=transfer_0_blue_place
[reference-sequence] seed=58 stage=transfer_1_blue_pick
[reference-sequence] seed=58 stage=transfer_1_blue_place
[reference-sequence] seed=58 stage=transfer_2_yellow_pick
[reference-sequence] seed=58 stage=transfer_2_yellow_place
{"seed": 58, "method": "MODEL_DIRECT_REPLAN", "success": true, "model_calls": 2, "error": null}
[flexible-fixture] seed=58 method=MODEL_CONSTRAINT_REPAIR start
[reference-sequence] seed=58 stage=transfer_0_blue_pick
[reference-sequence] seed=58 stage=transfer_0_blue_place
{"seed": 58, "method": "MODEL_CONSTRAINT_REPAIR", "success": false, "model_calls": 2, "error": "ValueError: flexible_remaining_repair_rejected"}
[flexible-fixture] seed=59 method=MODEL_CONSTRAINT_REPAIR start
[reference-sequence] seed=59 stage=transfer_0_blue_pick
[reference-sequence] seed=59 stage=transfer_0_blue_place
[reference-sequence] seed=59 stage=transfer_1_blue_pick
[reference-sequence] seed=59 stage=transfer_1_blue_place
[reference-sequence] seed=59 stage=transfer_2_yellow_pick
[reference-sequence] seed=59 stage=transfer_2_yellow_place
{"seed": 59, "method": "MODEL_CONSTRAINT_REPAIR", "success": true, "model_calls": 2, "error": null}
[flexible-fixture] seed=59 method=MODEL_DIRECT_REPLAN start
[reference-sequence] seed=59 stage=transfer_0_blue_pick
[reference-sequence] seed=59 stage=transfer_0_blue_place
[reference-sequence] seed=59 stage=transfer_1_blue_pick
[reference-sequence] seed=59 stage=transfer_1_blue_place
[reference-sequence] seed=59 stage=transfer_2_yellow_pick
[reference-sequence] seed=59 stage=transfer_2_yellow_place
{"seed": 59, "method": "MODEL_DIRECT_REPLAN", "success": true, "model_calls": 1, "error": null}
[flexible-fixture] seed=60 method=MODEL_DIRECT_REPLAN start
[reference-sequence] seed=60 stage=transfer_0_blue_pick
[reference-sequence] seed=60 stage=transfer_0_blue_place
[reference-sequence] seed=60 stage=transfer_1_blue_pick
[reference-sequence] seed=60 stage=transfer_1_blue_place
[reference-sequence] seed=60 stage=transfer_2_yellow_pick
[reference-sequence] seed=60 stage=transfer_2_yellow_place
{"seed": 60, "method": "MODEL_DIRECT_REPLAN", "success": true, "model_calls": 2, "error": null}
[flexible-fixture] seed=60 method=MODEL_CONSTRAINT_REPAIR start
[reference-sequence] seed=60 stage=transfer_0_blue_pick
[reference-sequence] seed=60 stage=transfer_0_blue_place
[reference-sequence] seed=60 stage=transfer_1_blue_pick
[reference-sequence] seed=60 stage=transfer_1_blue_place
[reference-sequence] seed=60 stage=transfer_2_yellow_pick
[reference-sequence] seed=60 stage=transfer_2_yellow_place
{"seed": 60, "method": "MODEL_CONSTRAINT_REPAIR", "success": true, "model_calls": 1, "error": null}
[flexible-fixture] seed=61 method=MODEL_CONSTRAINT_REPAIR start
[reference-sequence] seed=61 stage=transfer_0_blue_pick
[reference-sequence] seed=61 stage=transfer_0_blue_place
[reference-sequence] seed=61 stage=transfer_1_blue_pick
[reference-sequence] seed=61 stage=transfer_1_blue_place
[reference-sequence] seed=61 stage=transfer_2_yellow_pick
[reference-sequence] seed=61 stage=transfer_2_yellow_place
{"seed": 61, "method": "MODEL_CONSTRAINT_REPAIR", "success": true, "model_calls": 2, "error": null}
[flexible-fixture] seed=61 method=MODEL_DIRECT_REPLAN start
[reference-sequence] seed=61 stage=transfer_0_blue_pick
[reference-sequence] seed=61 stage=transfer_0_blue_place
[reference-sequence] seed=61 stage=transfer_1_blue_pick
[reference-sequence] seed=61 stage=transfer_1_blue_place
[reference-sequence] seed=61 stage=transfer_2_yellow_pick
[reference-sequence] seed=61 stage=transfer_2_yellow_place
{"seed": 61, "method": "MODEL_DIRECT_REPLAN", "success": true, "model_calls": 1, "error": null}
[flexible-fixture] seed=62 method=MODEL_DIRECT_REPLAN start
[reference-sequence] seed=62 stage=transfer_0_blue_pick
[reference-sequence] seed=62 stage=transfer_0_blue_place
[reference-sequence] seed=62 stage=transfer_1_blue_pick
[reference-sequence] seed=62 stage=transfer_1_blue_place
[reference-sequence] seed=62 stage=transfer_2_yellow_pick
[reference-sequence] seed=62 stage=transfer_2_yellow_place
{"seed": 62, "method": "MODEL_DIRECT_REPLAN", "success": true, "model_calls": 2, "error": null}
[flexible-fixture] seed=62 method=MODEL_CONSTRAINT_REPAIR start
[reference-sequence] seed=62 stage=transfer_0_blue_pick
[reference-sequence] seed=62 stage=transfer_0_blue_place
[reference-sequence] seed=62 stage=transfer_1_blue_pick
[reference-sequence] seed=62 stage=transfer_1_blue_place
[reference-sequence] seed=62 stage=transfer_2_yellow_pick
[reference-sequence] seed=62 stage=transfer_2_yellow_place
{"seed": 62, "method": "MODEL_CONSTRAINT_REPAIR", "success": true, "model_calls": 1, "error": null}
[flexible-fixture] seed=63 method=MODEL_CONSTRAINT_REPAIR start
[reference-sequence] seed=63 stage=transfer_0_blue_pick
[reference-sequence] seed=63 stage=transfer_0_blue_place
[reference-sequence] seed=63 stage=transfer_1_blue_pick
[reference-sequence] seed=63 stage=transfer_1_blue_place
[reference-sequence] seed=63 stage=transfer_2_yellow_pick
[reference-sequence] seed=63 stage=transfer_2_yellow_place
{"seed": 63, "method": "MODEL_CONSTRAINT_REPAIR", "success": true, "model_calls": 2, "error": null}
[flexible-fixture] seed=63 method=MODEL_DIRECT_REPLAN start
[reference-sequence] seed=63 stage=transfer_0_blue_pick
[reference-sequence] seed=63 stage=transfer_0_blue_place
[reference-sequence] seed=63 stage=transfer_1_blue_pick
[reference-sequence] seed=63 stage=transfer_1_blue_place
[reference-sequence] seed=63 stage=transfer_2_yellow_pick
[reference-sequence] seed=63 stage=transfer_2_yellow_place
{"seed": 63, "method": "MODEL_DIRECT_REPLAN", "success": true, "model_calls": 1, "error": null}
{"completed_episodes": 12, "actual_model_calls": 19, "methods": {"MODEL_CONSTRAINT_REPAIR": {"episodes": 6, "successes": 5, "accepted_remaining_repairs": 5}, "MODEL_DIRECT_REPLAN": {"episodes": 6, "successes": 6, "accepted_remaining_repairs": 6}}}
