[flexible-fixture] seed=133 method=MODEL_NO_EXECUTION_REPAIR start
[reference-sequence] seed=133 stage=transfer_0_blue_pick
[reference-sequence] seed=133 stage=transfer_0_blue_place
{"seed": 133, "method": "MODEL_NO_EXECUTION_REPAIR", "success": false, "model_calls": 1, "error": "ValueError: execution_deviation_no_recovery"}
[flexible-fixture] seed=133 method=MODEL_CONSTRAINT_REPAIR start
[reference-sequence] seed=133 stage=transfer_0_blue_pick
[reference-sequence] seed=133 stage=transfer_0_blue_place
[reference-sequence] seed=133 stage=transfer_1_blue_pick
[reference-sequence] seed=133 stage=transfer_1_blue_place
[reference-sequence] seed=133 stage=transfer_2_yellow_pick
[reference-sequence] seed=133 stage=transfer_2_yellow_place
{"seed": 133, "method": "MODEL_CONSTRAINT_REPAIR", "success": true, "model_calls": 1, "error": null}
[flexible-fixture] seed=133 method=MODEL_DIRECT_REPLAN start
[reference-sequence] seed=133 stage=transfer_0_blue_pick
[reference-sequence] seed=133 stage=transfer_0_blue_place
[reference-sequence] seed=133 stage=transfer_1_blue_pick
[reference-sequence] seed=133 stage=transfer_1_blue_place
[reference-sequence] seed=133 stage=transfer_2_yellow_pick
[reference-sequence] seed=133 stage=transfer_2_yellow_place
{"seed": 133, "method": "MODEL_DIRECT_REPLAN", "success": true, "model_calls": 1, "error": null}
[flexible-fixture] seed=134 method=MODEL_DIRECT_REPLAN start
[reference-sequence] seed=134 stage=transfer_0_blue_pick
[reference-sequence] seed=134 stage=transfer_0_blue_place
{"seed": 134, "method": "MODEL_DIRECT_REPLAN", "success": false, "model_calls": 1, "error": "ValueError: observed_goal_unknown_no_completion"}
[flexible-fixture] seed=134 method=MODEL_CONSTRAINT_REPAIR start
[reference-sequence] seed=134 stage=transfer_0_blue_pick
[reference-sequence] seed=134 stage=transfer_0_blue_place
{"seed": 134, "method": "MODEL_CONSTRAINT_REPAIR", "success": false, "model_calls": 0, "error": "ValueError: observed_goal_unknown_no_completion"}
[flexible-fixture] seed=134 method=MODEL_NO_EXECUTION_REPAIR start
[reference-sequence] seed=134 stage=transfer_0_blue_pick
[reference-sequence] seed=134 stage=transfer_0_blue_place
{"seed": 134, "method": "MODEL_NO_EXECUTION_REPAIR", "success": false, "model_calls": 0, "error": "ValueError: observed_goal_unknown_no_completion"}
[flexible-fixture] seed=135 method=MODEL_NO_EXECUTION_REPAIR start
[reference-sequence] seed=135 stage=transfer_0_blue_pick
[reference-sequence] seed=135 stage=transfer_0_blue_place
{"seed": 135, "method": "MODEL_NO_EXECUTION_REPAIR", "success": false, "model_calls": 1, "error": "ValueError: execution_deviation_no_recovery"}
[flexible-fixture] seed=135 method=MODEL_CONSTRAINT_REPAIR start
[reference-sequence] seed=135 stage=transfer_0_blue_pick
[reference-sequence] seed=135 stage=transfer_0_blue_place
[reference-sequence] seed=135 stage=transfer_1_blue_pick
[reference-sequence] seed=135 stage=transfer_1_blue_place
[reference-sequence] seed=135 stage=transfer_2_yellow_pick
[reference-sequence] seed=135 stage=transfer_2_yellow_place
{"seed": 135, "method": "MODEL_CONSTRAINT_REPAIR", "success": true, "model_calls": 1, "error": null}
[flexible-fixture] seed=135 method=MODEL_DIRECT_REPLAN start
[reference-sequence] seed=135 stage=transfer_0_blue_pick
[reference-sequence] seed=135 stage=transfer_0_blue_place
[reference-sequence] seed=135 stage=transfer_1_blue_pick
[reference-sequence] seed=135 stage=transfer_1_blue_place
[reference-sequence] seed=135 stage=transfer_2_yellow_pick
[reference-sequence] seed=135 stage=transfer_2_yellow_place
{"seed": 135, "method": "MODEL_DIRECT_REPLAN", "success": true, "model_calls": 1, "error": null}
[flexible-fixture] seed=136 method=MODEL_DIRECT_REPLAN start
[reference-sequence] seed=136 stage=transfer_0_blue_pick
[reference-sequence] seed=136 stage=transfer_0_blue_place
[reference-sequence] seed=136 stage=transfer_1_blue_pick
[reference-sequence] seed=136 stage=transfer_1_blue_place
[reference-sequence] seed=136 stage=transfer_2_yellow_pick
[reference-sequence] seed=136 stage=transfer_2_yellow_place
{"seed": 136, "method": "MODEL_DIRECT_REPLAN", "success": true, "model_calls": 2, "error": null}
[flexible-fixture] seed=136 method=MODEL_CONSTRAINT_REPAIR start
[reference-sequence] seed=136 stage=transfer_0_blue_pick
[reference-sequence] seed=136 stage=transfer_0_blue_place
[reference-sequence] seed=136 stage=transfer_1_blue_pick
[reference-sequence] seed=136 stage=transfer_1_blue_place
[reference-sequence] seed=136 stage=transfer_2_yellow_pick
[reference-sequence] seed=136 stage=transfer_2_yellow_place
{"seed": 136, "method": "MODEL_CONSTRAINT_REPAIR", "success": true, "model_calls": 1, "error": null}
[flexible-fixture] seed=136 method=MODEL_NO_EXECUTION_REPAIR start
[reference-sequence] seed=136 stage=transfer_0_blue_pick
[reference-sequence] seed=136 stage=transfer_0_blue_place
{"seed": 136, "method": "MODEL_NO_EXECUTION_REPAIR", "success": false, "model_calls": 0, "error": "ValueError: execution_deviation_no_recovery"}
[flexible-fixture] seed=137 method=MODEL_NO_EXECUTION_REPAIR start
[reference-sequence] seed=137 stage=transfer_0_blue_pick
[reference-sequence] seed=137 stage=transfer_0_blue_place
{"seed": 137, "method": "MODEL_NO_EXECUTION_REPAIR", "success": false, "model_calls": 1, "error": "ValueError: execution_deviation_no_recovery"}
[flexible-fixture] seed=137 method=MODEL_CONSTRAINT_REPAIR start
[reference-sequence] seed=137 stage=transfer_0_blue_pick
[reference-sequence] seed=137 stage=transfer_0_blue_place
[reference-sequence] seed=137 stage=transfer_1_blue_pick
[reference-sequence] seed=137 stage=transfer_1_blue_place
[reference-sequence] seed=137 stage=transfer_2_yellow_pick
[reference-sequence] seed=137 stage=transfer_2_yellow_place
{"seed": 137, "method": "MODEL_CONSTRAINT_REPAIR", "success": true, "model_calls": 1, "error": null}
[flexible-fixture] seed=137 method=MODEL_DIRECT_REPLAN start
[reference-sequence] seed=137 stage=transfer_0_blue_pick
[reference-sequence] seed=137 stage=transfer_0_blue_place
[reference-sequence] seed=137 stage=transfer_1_blue_pick
[reference-sequence] seed=137 stage=transfer_1_blue_place
[reference-sequence] seed=137 stage=transfer_2_yellow_pick
[reference-sequence] seed=137 stage=transfer_2_yellow_place
{"seed": 137, "method": "MODEL_DIRECT_REPLAN", "success": true, "model_calls": 1, "error": null}
[flexible-fixture] seed=138 method=MODEL_DIRECT_REPLAN start
[reference-sequence] seed=138 stage=transfer_0_blue_pick
[reference-sequence] seed=138 stage=transfer_0_blue_place
[reference-sequence] seed=138 stage=transfer_1_blue_pick
[reference-sequence] seed=138 stage=transfer_1_blue_place
[reference-sequence] seed=138 stage=transfer_2_yellow_pick
[reference-sequence] seed=138 stage=transfer_2_yellow_place
{"seed": 138, "method": "MODEL_DIRECT_REPLAN", "success": true, "model_calls": 2, "error": null}
[flexible-fixture] seed=138 method=MODEL_CONSTRAINT_REPAIR start
[reference-sequence] seed=138 stage=transfer_0_blue_pick
[reference-sequence] seed=138 stage=transfer_0_blue_place
[reference-sequence] seed=138 stage=transfer_1_blue_pick
[reference-sequence] seed=138 stage=transfer_1_blue_place
[reference-sequence] seed=138 stage=transfer_2_yellow_pick
[reference-sequence] seed=138 stage=transfer_2_yellow_place
{"seed": 138, "method": "MODEL_CONSTRAINT_REPAIR", "success": true, "model_calls": 1, "error": null}
[flexible-fixture] seed=138 method=MODEL_NO_EXECUTION_REPAIR start
[reference-sequence] seed=138 stage=transfer_0_blue_pick
[reference-sequence] seed=138 stage=transfer_0_blue_place
{"seed": 138, "method": "MODEL_NO_EXECUTION_REPAIR", "success": false, "model_calls": 0, "error": "ValueError: execution_deviation_no_recovery"}
{"completed_episodes": 18, "actual_model_calls": 16, "methods": {"MODEL_DIRECT_REPLAN": {"episodes": 6, "successes": 5, "accepted_remaining_repairs": 0, "accepted_execution_repairs": 5}, "MODEL_CONSTRAINT_REPAIR": {"episodes": 6, "successes": 5, "accepted_remaining_repairs": 0, "accepted_execution_repairs": 5}, "MODEL_NO_EXECUTION_REPAIR": {"episodes": 6, "successes": 0, "accepted_remaining_repairs": 0, "accepted_execution_repairs": 0}}}
