[v8-formal] start=2026-10-04T05:04:19Z commit=7aac4988005184aa4095d057414e7719cb9e6fd6 medium=241-270 hard=271-300
[flexible-fixture] seed=241 method=MODEL_CONSTRAINT_REPAIR start
[reference-sequence] seed=241 stage=transfer_0_blue_pick
[reference-sequence] seed=241 stage=transfer_0_blue_place
[reference-sequence] seed=241 stage=transfer_1_yellow_pick
[reference-sequence] seed=241 stage=transfer_1_yellow_place
[reference-sequence] seed=241 stage=transfer_2_yellow_pick
[reference-sequence] seed=241 stage=transfer_2_yellow_place
{"seed": 241, "method": "MODEL_CONSTRAINT_REPAIR", "success": true, "model_calls": 2, "error": null}
[flexible-fixture] seed=241 method=MODEL_DIRECT_REPLAN start
[reference-sequence] seed=241 stage=transfer_0_blue_pick
[reference-sequence] seed=241 stage=transfer_0_blue_place
[reference-sequence] seed=241 stage=transfer_1_yellow_pick
[reference-sequence] seed=241 stage=transfer_1_yellow_place
[reference-sequence] seed=241 stage=transfer_2_yellow_pick
[reference-sequence] seed=241 stage=transfer_2_yellow_place
{"seed": 241, "method": "MODEL_DIRECT_REPLAN", "success": true, "model_calls": 1, "error": null}
[flexible-fixture] seed=242 method=MODEL_DIRECT_REPLAN start
[reference-sequence] seed=242 stage=transfer_0_blue_pick
[reference-sequence] seed=242 stage=transfer_0_blue_place
[reference-sequence] seed=242 stage=transfer_1_yellow_pick
[reference-sequence] seed=242 stage=transfer_1_yellow_place
[reference-sequence] seed=242 stage=transfer_2_yellow_pick
[reference-sequence] seed=242 stage=transfer_2_yellow_place
{"seed": 242, "method": "MODEL_DIRECT_REPLAN", "success": true, "model_calls": 2, "error": null}
[flexible-fixture] seed=242 method=MODEL_CONSTRAINT_REPAIR start
[reference-sequence] seed=242 stage=transfer_0_blue_pick
[reference-sequence] seed=242 stage=transfer_0_blue_place
[reference-sequence] seed=242 stage=transfer_1_yellow_pick
[reference-sequence] seed=242 stage=transfer_1_yellow_place
[reference-sequence] seed=242 stage=transfer_2_yellow_pick
[reference-sequence] seed=242 stage=transfer_2_yellow_place
{"seed": 242, "method": "MODEL_CONSTRAINT_REPAIR", "success": true, "model_calls": 1, "error": null}
[flexible-fixture] seed=243 method=MODEL_CONSTRAINT_REPAIR start
[reference-sequence] seed=243 stage=transfer_0_blue_pick
[reference-sequence] seed=243 stage=transfer_0_blue_place
[reference-sequence] seed=243 stage=transfer_1_yellow_pick
[reference-sequence] seed=243 stage=transfer_1_yellow_place
[reference-sequence] seed=243 stage=transfer_2_yellow_pick
[reference-sequence] seed=243 stage=transfer_2_yellow_place
{"seed": 243, "method": "MODEL_CONSTRAINT_REPAIR", "success": true, "model_calls": 2, "error": null}
[flexible-fixture] seed=243 method=MODEL_DIRECT_REPLAN start
[reference-sequence] seed=243 stage=transfer_0_blue_pick
[reference-sequence] seed=243 stage=transfer_0_blue_place
[reference-sequence] seed=243 stage=transfer_1_yellow_pick
[reference-sequence] seed=243 stage=transfer_1_yellow_place
[reference-sequence] seed=243 stage=transfer_2_yellow_pick
[reference-sequence] seed=243 stage=transfer_2_yellow_place
{"seed": 243, "method": "MODEL_DIRECT_REPLAN", "success": true, "model_calls": 1, "error": null}
[flexible-fixture] seed=244 method=MODEL_DIRECT_REPLAN start
[reference-sequence] seed=244 stage=transfer_0_blue_pick
[reference-sequence] seed=244 stage=transfer_0_blue_place
[reference-sequence] seed=244 stage=transfer_1_yellow_pick
[reference-sequence] seed=244 stage=transfer_1_yellow_place
[reference-sequence] seed=244 stage=transfer_2_yellow_pick
[reference-sequence] seed=244 stage=transfer_2_yellow_place
{"seed": 244, "method": "MODEL_DIRECT_REPLAN", "success": true, "model_calls": 2, "error": null}
[flexible-fixture] seed=244 method=MODEL_CONSTRAINT_REPAIR start
[reference-sequence] seed=244 stage=transfer_0_blue_pick
[reference-sequence] seed=244 stage=transfer_0_blue_place
[reference-sequence] seed=244 stage=transfer_1_yellow_pick
[reference-sequence] seed=244 stage=transfer_1_yellow_place
[reference-sequence] seed=244 stage=transfer_2_yellow_pick
[reference-sequence] seed=244 stage=transfer_2_yellow_place
{"seed": 244, "method": "MODEL_CONSTRAINT_REPAIR", "success": true, "model_calls": 1, "error": null}
[flexible-fixture] seed=245 method=MODEL_CONSTRAINT_REPAIR start
[reference-sequence] seed=245 stage=transfer_0_blue_pick
[reference-sequence] seed=245 stage=transfer_0_blue_place
[reference-sequence] seed=245 stage=transfer_1_yellow_pick
[reference-sequence] seed=245 stage=transfer_1_yellow_place
[reference-sequence] seed=245 stage=transfer_2_yellow_pick
[reference-sequence] seed=245 stage=transfer_2_yellow_place
{"seed": 245, "method": "MODEL_CONSTRAINT_REPAIR", "success": true, "model_calls": 2, "error": null}
[flexible-fixture] seed=245 method=MODEL_DIRECT_REPLAN start
[reference-sequence] seed=245 stage=transfer_0_blue_pick
[reference-sequence] seed=245 stage=transfer_0_blue_place
[reference-sequence] seed=245 stage=transfer_1_yellow_pick
[reference-sequence] seed=245 stage=transfer_1_yellow_place
[reference-sequence] seed=245 stage=transfer_2_yellow_pick
[reference-sequence] seed=245 stage=transfer_2_yellow_place
{"seed": 245, "method": "MODEL_DIRECT_REPLAN", "success": true, "model_calls": 1, "error": null}
[flexible-fixture] seed=246 method=MODEL_DIRECT_REPLAN start
[reference-sequence] seed=246 stage=transfer_0_blue_pick
[reference-sequence] seed=246 stage=transfer_0_blue_place
[reference-sequence] seed=246 stage=transfer_1_yellow_pick
[reference-sequence] seed=246 stage=transfer_1_yellow_place
[reference-sequence] seed=246 stage=transfer_2_yellow_pick
[reference-sequence] seed=246 stage=transfer_2_yellow_place
{"seed": 246, "method": "MODEL_DIRECT_REPLAN", "success": true, "model_calls": 2, "error": null}
[flexible-fixture] seed=246 method=MODEL_CONSTRAINT_REPAIR start
[reference-sequence] seed=246 stage=transfer_0_blue_pick
[reference-sequence] seed=246 stage=transfer_0_blue_place
[reference-sequence] seed=246 stage=transfer_1_yellow_pick
[reference-sequence] seed=246 stage=transfer_1_yellow_place
[reference-sequence] seed=246 stage=transfer_2_yellow_pick
[reference-sequence] seed=246 stage=transfer_2_yellow_place
{"seed": 246, "method": "MODEL_CONSTRAINT_REPAIR", "success": true, "model_calls": 1, "error": null}
[flexible-fixture] seed=247 method=MODEL_CONSTRAINT_REPAIR start
[reference-sequence] seed=247 stage=transfer_0_blue_pick
[reference-sequence] seed=247 stage=transfer_0_blue_place
[reference-sequence] seed=247 stage=transfer_1_yellow_pick
[reference-sequence] seed=247 stage=transfer_1_yellow_place
[reference-sequence] seed=247 stage=transfer_2_yellow_pick
[reference-sequence] seed=247 stage=transfer_2_yellow_place
{"seed": 247, "method": "MODEL_CONSTRAINT_REPAIR", "success": true, "model_calls": 2, "error": null}
[flexible-fixture] seed=247 method=MODEL_DIRECT_REPLAN start
[reference-sequence] seed=247 stage=transfer_0_blue_pick
[reference-sequence] seed=247 stage=transfer_0_blue_place
[reference-sequence] seed=247 stage=transfer_1_yellow_pick
[reference-sequence] seed=247 stage=transfer_1_yellow_place
[reference-sequence] seed=247 stage=transfer_2_yellow_pick
[reference-sequence] seed=247 stage=transfer_2_yellow_place
{"seed": 247, "method": "MODEL_DIRECT_REPLAN", "success": true, "model_calls": 1, "error": null}
[flexible-fixture] seed=248 method=MODEL_DIRECT_REPLAN start
[reference-sequence] seed=248 stage=transfer_0_blue_pick
[reference-sequence] seed=248 stage=transfer_0_blue_place
[reference-sequence] seed=248 stage=transfer_1_yellow_pick
[reference-sequence] seed=248 stage=transfer_1_yellow_place
[reference-sequence] seed=248 stage=transfer_2_yellow_pick
[reference-sequence] seed=248 stage=transfer_2_yellow_place
{"seed": 248, "method": "MODEL_DIRECT_REPLAN", "success": true, "model_calls": 2, "error": null}
[flexible-fixture] seed=248 method=MODEL_CONSTRAINT_REPAIR start
[reference-sequence] seed=248 stage=transfer_0_blue_pick
[reference-sequence] seed=248 stage=transfer_0_blue_place
[reference-sequence] seed=248 stage=transfer_1_yellow_pick
[reference-sequence] seed=248 stage=transfer_1_yellow_place
[reference-sequence] seed=248 stage=transfer_2_yellow_pick
[reference-sequence] seed=248 stage=transfer_2_yellow_place
{"seed": 248, "method": "MODEL_CONSTRAINT_REPAIR", "success": true, "model_calls": 1, "error": null}
[flexible-fixture] seed=249 method=MODEL_CONSTRAINT_REPAIR start
[reference-sequence] seed=249 stage=transfer_0_blue_pick
[reference-sequence] seed=249 stage=transfer_0_blue_place
[reference-sequence] seed=249 stage=transfer_1_yellow_pick
[reference-sequence] seed=249 stage=transfer_1_yellow_place
[reference-sequence] seed=249 stage=transfer_2_yellow_pick
[reference-sequence] seed=249 stage=transfer_2_yellow_place
{"seed": 249, "method": "MODEL_CONSTRAINT_REPAIR", "success": true, "model_calls": 2, "error": null}
[flexible-fixture] seed=249 method=MODEL_DIRECT_REPLAN start
[reference-sequence] seed=249 stage=transfer_0_blue_pick
[reference-sequence] seed=249 stage=transfer_0_blue_place
[reference-sequence] seed=249 stage=transfer_1_yellow_pick
[reference-sequence] seed=249 stage=transfer_1_yellow_place
[reference-sequence] seed=249 stage=transfer_2_yellow_pick
[reference-sequence] seed=249 stage=transfer_2_yellow_place
{"seed": 249, "method": "MODEL_DIRECT_REPLAN", "success": true, "model_calls": 1, "error": null}
[flexible-fixture] seed=250 method=MODEL_DIRECT_REPLAN start
[reference-sequence] seed=250 stage=transfer_0_blue_pick
[reference-sequence] seed=250 stage=transfer_0_blue_place
[reference-sequence] seed=250 stage=transfer_1_yellow_pick
[reference-sequence] seed=250 stage=transfer_1_yellow_place
[reference-sequence] seed=250 stage=transfer_2_yellow_pick
[reference-sequence] seed=250 stage=transfer_2_yellow_place
{"seed": 250, "method": "MODEL_DIRECT_REPLAN", "success": true, "model_calls": 2, "error": null}
[flexible-fixture] seed=250 method=MODEL_CONSTRAINT_REPAIR start
[reference-sequence] seed=250 stage=transfer_0_blue_pick
[reference-sequence] seed=250 stage=transfer_0_blue_place
[reference-sequence] seed=250 stage=transfer_1_yellow_pick
[reference-sequence] seed=250 stage=transfer_1_yellow_place
[reference-sequence] seed=250 stage=transfer_2_yellow_pick
[reference-sequence] seed=250 stage=transfer_2_yellow_place
{"seed": 250, "method": "MODEL_CONSTRAINT_REPAIR", "success": true, "model_calls": 1, "error": null}
[flexible-fixture] seed=251 method=MODEL_CONSTRAINT_REPAIR start
[reference-sequence] seed=251 stage=transfer_0_blue_pick
[reference-sequence] seed=251 stage=transfer_0_blue_place
[reference-sequence] seed=251 stage=transfer_1_yellow_pick
[reference-sequence] seed=251 stage=transfer_1_yellow_place
[reference-sequence] seed=251 stage=transfer_2_yellow_pick
[reference-sequence] seed=251 stage=transfer_2_yellow_place
{"seed": 251, "method": "MODEL_CONSTRAINT_REPAIR", "success": true, "model_calls": 2, "error": null}
[flexible-fixture] seed=251 method=MODEL_DIRECT_REPLAN start
[reference-sequence] seed=251 stage=transfer_0_blue_pick
[reference-sequence] seed=251 stage=transfer_0_blue_place
[reference-sequence] seed=251 stage=transfer_1_yellow_pick
[reference-sequence] seed=251 stage=transfer_1_yellow_place
[reference-sequence] seed=251 stage=transfer_2_yellow_pick
[reference-sequence] seed=251 stage=transfer_2_yellow_place
{"seed": 251, "method": "MODEL_DIRECT_REPLAN", "success": true, "model_calls": 1, "error": null}
[flexible-fixture] seed=252 method=MODEL_DIRECT_REPLAN start
[reference-sequence] seed=252 stage=transfer_0_blue_pick
[reference-sequence] seed=252 stage=transfer_0_blue_place
[reference-sequence] seed=252 stage=transfer_1_yellow_pick
[reference-sequence] seed=252 stage=transfer_1_yellow_place
[reference-sequence] seed=252 stage=transfer_2_yellow_pick
[reference-sequence] seed=252 stage=transfer_2_yellow_place
{"seed": 252, "method": "MODEL_DIRECT_REPLAN", "success": true, "model_calls": 2, "error": null}
[flexible-fixture] seed=252 method=MODEL_CONSTRAINT_REPAIR start
[reference-sequence] seed=252 stage=transfer_0_blue_pick
[reference-sequence] seed=252 stage=transfer_0_blue_place
[reference-sequence] seed=252 stage=transfer_1_yellow_pick
[reference-sequence] seed=252 stage=transfer_1_yellow_place
[reference-sequence] seed=252 stage=transfer_2_yellow_pick
[reference-sequence] seed=252 stage=transfer_2_yellow_place
{"seed": 252, "method": "MODEL_CONSTRAINT_REPAIR", "success": true, "model_calls": 1, "error": null}
[flexible-fixture] seed=253 method=MODEL_CONSTRAINT_REPAIR start
[reference-sequence] seed=253 stage=transfer_0_blue_pick
[reference-sequence] seed=253 stage=transfer_0_blue_place
[reference-sequence] seed=253 stage=transfer_1_yellow_pick
[reference-sequence] seed=253 stage=transfer_1_yellow_place
[reference-sequence] seed=253 stage=transfer_2_yellow_pick
[reference-sequence] seed=253 stage=transfer_2_yellow_place
{"seed": 253, "method": "MODEL_CONSTRAINT_REPAIR", "success": true, "model_calls": 2, "error": null}
[flexible-fixture] seed=253 method=MODEL_DIRECT_REPLAN start
[reference-sequence] seed=253 stage=transfer_0_blue_pick
[reference-sequence] seed=253 stage=transfer_0_blue_place
[reference-sequence] seed=253 stage=transfer_1_yellow_pick
[reference-sequence] seed=253 stage=transfer_1_yellow_place
[reference-sequence] seed=253 stage=transfer_2_yellow_pick
[reference-sequence] seed=253 stage=transfer_2_yellow_place
{"seed": 253, "method": "MODEL_DIRECT_REPLAN", "success": true, "model_calls": 1, "error": null}
[flexible-fixture] seed=254 method=MODEL_DIRECT_REPLAN start
[reference-sequence] seed=254 stage=transfer_0_blue_pick
[reference-sequence] seed=254 stage=transfer_0_blue_place
[reference-sequence] seed=254 stage=transfer_1_yellow_pick
[reference-sequence] seed=254 stage=transfer_1_yellow_place
[reference-sequence] seed=254 stage=transfer_2_yellow_pick
[reference-sequence] seed=254 stage=transfer_2_yellow_place
{"seed": 254, "method": "MODEL_DIRECT_REPLAN", "success": true, "model_calls": 2, "error": null}
[flexible-fixture] seed=254 method=MODEL_CONSTRAINT_REPAIR start
[reference-sequence] seed=254 stage=transfer_0_blue_pick
[reference-sequence] seed=254 stage=transfer_0_blue_place
[reference-sequence] seed=254 stage=transfer_1_yellow_pick
[reference-sequence] seed=254 stage=transfer_1_yellow_place
[reference-sequence] seed=254 stage=transfer_2_yellow_pick
[reference-sequence] seed=254 stage=transfer_2_yellow_place
{"seed": 254, "method": "MODEL_CONSTRAINT_REPAIR", "success": true, "model_calls": 1, "error": null}
[flexible-fixture] seed=255 method=MODEL_CONSTRAINT_REPAIR start
[reference-sequence] seed=255 stage=transfer_0_blue_pick
[reference-sequence] seed=255 stage=transfer_0_blue_place
[reference-sequence] seed=255 stage=transfer_1_yellow_pick
[reference-sequence] seed=255 stage=transfer_1_yellow_place
[reference-sequence] seed=255 stage=transfer_2_yellow_pick
[reference-sequence] seed=255 stage=transfer_2_yellow_place
{"seed": 255, "method": "MODEL_CONSTRAINT_REPAIR", "success": true, "model_calls": 2, "error": null}
[flexible-fixture] seed=255 method=MODEL_DIRECT_REPLAN start
[reference-sequence] seed=255 stage=transfer_0_blue_pick
[reference-sequence] seed=255 stage=transfer_0_blue_place
[reference-sequence] seed=255 stage=transfer_1_yellow_pick
[reference-sequence] seed=255 stage=transfer_1_yellow_place
[reference-sequence] seed=255 stage=transfer_2_yellow_pick
[reference-sequence] seed=255 stage=transfer_2_yellow_place
{"seed": 255, "method": "MODEL_DIRECT_REPLAN", "success": true, "model_calls": 1, "error": null}
[flexible-fixture] seed=256 method=MODEL_DIRECT_REPLAN start
[reference-sequence] seed=256 stage=transfer_0_blue_pick
[reference-sequence] seed=256 stage=transfer_0_blue_place
[reference-sequence] seed=256 stage=transfer_1_yellow_pick
[reference-sequence] seed=256 stage=transfer_1_yellow_place
[reference-sequence] seed=256 stage=transfer_2_yellow_pick
[reference-sequence] seed=256 stage=transfer_2_yellow_place
{"seed": 256, "method": "MODEL_DIRECT_REPLAN", "success": true, "model_calls": 2, "error": null}
[flexible-fixture] seed=256 method=MODEL_CONSTRAINT_REPAIR start
[reference-sequence] seed=256 stage=transfer_0_blue_pick
[reference-sequence] seed=256 stage=transfer_0_blue_place
[reference-sequence] seed=256 stage=transfer_1_yellow_pick
[reference-sequence] seed=256 stage=transfer_1_yellow_place
[reference-sequence] seed=256 stage=transfer_2_yellow_pick
[reference-sequence] seed=256 stage=transfer_2_yellow_place
{"seed": 256, "method": "MODEL_CONSTRAINT_REPAIR", "success": true, "model_calls": 1, "error": null}
[flexible-fixture] seed=257 method=MODEL_CONSTRAINT_REPAIR start
[reference-sequence] seed=257 stage=transfer_0_blue_pick
[reference-sequence] seed=257 stage=transfer_0_blue_place
[reference-sequence] seed=257 stage=transfer_1_yellow_pick
[reference-sequence] seed=257 stage=transfer_1_yellow_place
[reference-sequence] seed=257 stage=transfer_2_yellow_pick
{"seed": 257, "method": "MODEL_CONSTRAINT_REPAIR", "success": false, "model_calls": 2, "error": "ValueError: holding_not_supported"}
[flexible-fixture] seed=257 method=MODEL_DIRECT_REPLAN start
[reference-sequence] seed=257 stage=transfer_0_blue_pick
[reference-sequence] seed=257 stage=transfer_0_blue_place
[reference-sequence] seed=257 stage=transfer_1_yellow_pick
[reference-sequence] seed=257 stage=transfer_1_yellow_place
[reference-sequence] seed=257 stage=transfer_2_yellow_pick
{"seed": 257, "method": "MODEL_DIRECT_REPLAN", "success": false, "model_calls": 1, "error": "ValueError: holding_not_supported"}
[flexible-fixture] seed=258 method=MODEL_DIRECT_REPLAN start
[reference-sequence] seed=258 stage=transfer_0_blue_pick
[reference-sequence] seed=258 stage=transfer_0_blue_place
[reference-sequence] seed=258 stage=transfer_1_yellow_pick
[reference-sequence] seed=258 stage=transfer_1_yellow_place
[reference-sequence] seed=258 stage=transfer_2_yellow_pick
[reference-sequence] seed=258 stage=transfer_2_yellow_place
{"seed": 258, "method": "MODEL_DIRECT_REPLAN", "success": true, "model_calls": 2, "error": null}
[flexible-fixture] seed=258 method=MODEL_CONSTRAINT_REPAIR start
[reference-sequence] seed=258 stage=transfer_0_blue_pick
[reference-sequence] seed=258 stage=transfer_0_blue_place
[reference-sequence] seed=258 stage=transfer_1_yellow_pick
[reference-sequence] seed=258 stage=transfer_1_yellow_place
[reference-sequence] seed=258 stage=transfer_2_yellow_pick
[reference-sequence] seed=258 stage=transfer_2_yellow_place
{"seed": 258, "method": "MODEL_CONSTRAINT_REPAIR", "success": true, "model_calls": 1, "error": null}
[flexible-fixture] seed=259 method=MODEL_CONSTRAINT_REPAIR start
[reference-sequence] seed=259 stage=transfer_0_blue_pick
[reference-sequence] seed=259 stage=transfer_0_blue_place
[reference-sequence] seed=259 stage=transfer_1_yellow_pick
[reference-sequence] seed=259 stage=transfer_1_yellow_place
[reference-sequence] seed=259 stage=transfer_2_yellow_pick
[reference-sequence] seed=259 stage=transfer_2_yellow_place
{"seed": 259, "method": "MODEL_CONSTRAINT_REPAIR", "success": true, "model_calls": 2, "error": null}
[flexible-fixture] seed=259 method=MODEL_DIRECT_REPLAN start
[reference-sequence] seed=259 stage=transfer_0_blue_pick
[reference-sequence] seed=259 stage=transfer_0_blue_place
[reference-sequence] seed=259 stage=transfer_1_yellow_pick
[reference-sequence] seed=259 stage=transfer_1_yellow_place
[reference-sequence] seed=259 stage=transfer_2_yellow_pick
[reference-sequence] seed=259 stage=transfer_2_yellow_place
{"seed": 259, "method": "MODEL_DIRECT_REPLAN", "success": true, "model_calls": 1, "error": null}
[flexible-fixture] seed=260 method=MODEL_DIRECT_REPLAN start
[reference-sequence] seed=260 stage=transfer_0_blue_pick
[reference-sequence] seed=260 stage=transfer_0_blue_place
[reference-sequence] seed=260 stage=transfer_1_yellow_pick
[reference-sequence] seed=260 stage=transfer_1_yellow_place
[reference-sequence] seed=260 stage=transfer_2_yellow_pick
[reference-sequence] seed=260 stage=transfer_2_yellow_place
{"seed": 260, "method": "MODEL_DIRECT_REPLAN", "success": true, "model_calls": 2, "error": null}
[flexible-fixture] seed=260 method=MODEL_CONSTRAINT_REPAIR start
[reference-sequence] seed=260 stage=transfer_0_blue_pick
[reference-sequence] seed=260 stage=transfer_0_blue_place
[reference-sequence] seed=260 stage=transfer_1_yellow_pick
[reference-sequence] seed=260 stage=transfer_1_yellow_place
[reference-sequence] seed=260 stage=transfer_2_yellow_pick
[reference-sequence] seed=260 stage=transfer_2_yellow_place
{"seed": 260, "method": "MODEL_CONSTRAINT_REPAIR", "success": true, "model_calls": 1, "error": null}
[flexible-fixture] seed=261 method=MODEL_CONSTRAINT_REPAIR start
[reference-sequence] seed=261 stage=transfer_0_blue_pick
[reference-sequence] seed=261 stage=transfer_0_blue_place
[reference-sequence] seed=261 stage=transfer_1_yellow_pick
[reference-sequence] seed=261 stage=transfer_1_yellow_place
[reference-sequence] seed=261 stage=transfer_2_yellow_pick
[reference-sequence] seed=261 stage=transfer_2_yellow_place
{"seed": 261, "method": "MODEL_CONSTRAINT_REPAIR", "success": true, "model_calls": 2, "error": null}
[flexible-fixture] seed=261 method=MODEL_DIRECT_REPLAN start
[reference-sequence] seed=261 stage=transfer_0_blue_pick
[reference-sequence] seed=261 stage=transfer_0_blue_place
[reference-sequence] seed=261 stage=transfer_1_yellow_pick
[reference-sequence] seed=261 stage=transfer_1_yellow_place
[reference-sequence] seed=261 stage=transfer_2_yellow_pick
[reference-sequence] seed=261 stage=transfer_2_yellow_place
{"seed": 261, "method": "MODEL_DIRECT_REPLAN", "success": true, "model_calls": 1, "error": null}
[flexible-fixture] seed=262 method=MODEL_DIRECT_REPLAN start
[reference-sequence] seed=262 stage=transfer_0_blue_pick
[reference-sequence] seed=262 stage=transfer_0_blue_place
[reference-sequence] seed=262 stage=transfer_1_yellow_pick
[reference-sequence] seed=262 stage=transfer_1_yellow_place
[reference-sequence] seed=262 stage=transfer_2_yellow_pick
[reference-sequence] seed=262 stage=transfer_2_yellow_place
{"seed": 262, "method": "MODEL_DIRECT_REPLAN", "success": true, "model_calls": 2, "error": null}
[flexible-fixture] seed=262 method=MODEL_CONSTRAINT_REPAIR start
[reference-sequence] seed=262 stage=transfer_0_blue_pick
[reference-sequence] seed=262 stage=transfer_0_blue_place
[reference-sequence] seed=262 stage=transfer_1_yellow_pick
[reference-sequence] seed=262 stage=transfer_1_yellow_place
[reference-sequence] seed=262 stage=transfer_2_yellow_pick
[reference-sequence] seed=262 stage=transfer_2_yellow_place
{"seed": 262, "method": "MODEL_CONSTRAINT_REPAIR", "success": true, "model_calls": 1, "error": null}
[flexible-fixture] seed=263 method=MODEL_CONSTRAINT_REPAIR start
[reference-sequence] seed=263 stage=transfer_0_blue_pick
[reference-sequence] seed=263 stage=transfer_0_blue_place
[reference-sequence] seed=263 stage=transfer_1_yellow_pick
[reference-sequence] seed=263 stage=transfer_1_yellow_place
[reference-sequence] seed=263 stage=transfer_2_yellow_pick
[reference-sequence] seed=263 stage=transfer_2_yellow_place
{"seed": 263, "method": "MODEL_CONSTRAINT_REPAIR", "success": true, "model_calls": 2, "error": null}
[flexible-fixture] seed=263 method=MODEL_DIRECT_REPLAN start
[reference-sequence] seed=263 stage=transfer_0_blue_pick
[reference-sequence] seed=263 stage=transfer_0_blue_place
[reference-sequence] seed=263 stage=transfer_1_yellow_pick
[reference-sequence] seed=263 stage=transfer_1_yellow_place
[reference-sequence] seed=263 stage=transfer_2_yellow_pick
[reference-sequence] seed=263 stage=transfer_2_yellow_place
{"seed": 263, "method": "MODEL_DIRECT_REPLAN", "success": true, "model_calls": 1, "error": null}
[flexible-fixture] seed=264 method=MODEL_DIRECT_REPLAN start
[reference-sequence] seed=264 stage=transfer_0_blue_pick
[reference-sequence] seed=264 stage=transfer_0_blue_place
[reference-sequence] seed=264 stage=transfer_1_yellow_pick
[reference-sequence] seed=264 stage=transfer_1_yellow_place
[reference-sequence] seed=264 stage=transfer_2_yellow_pick
[reference-sequence] seed=264 stage=transfer_2_yellow_place
{"seed": 264, "method": "MODEL_DIRECT_REPLAN", "success": true, "model_calls": 2, "error": null}
[flexible-fixture] seed=264 method=MODEL_CONSTRAINT_REPAIR start
[reference-sequence] seed=264 stage=transfer_0_blue_pick
[reference-sequence] seed=264 stage=transfer_0_blue_place
[reference-sequence] seed=264 stage=transfer_1_yellow_pick
[reference-sequence] seed=264 stage=transfer_1_yellow_place
[reference-sequence] seed=264 stage=transfer_2_yellow_pick
[reference-sequence] seed=264 stage=transfer_2_yellow_place
{"seed": 264, "method": "MODEL_CONSTRAINT_REPAIR", "success": true, "model_calls": 1, "error": null}
[flexible-fixture] seed=265 method=MODEL_CONSTRAINT_REPAIR start
[reference-sequence] seed=265 stage=transfer_0_blue_pick
[reference-sequence] seed=265 stage=transfer_0_blue_place
[reference-sequence] seed=265 stage=transfer_1_yellow_pick
[reference-sequence] seed=265 stage=transfer_1_yellow_place
[reference-sequence] seed=265 stage=transfer_2_yellow_pick
[reference-sequence] seed=265 stage=transfer_2_yellow_place
{"seed": 265, "method": "MODEL_CONSTRAINT_REPAIR", "success": true, "model_calls": 2, "error": null}
[flexible-fixture] seed=265 method=MODEL_DIRECT_REPLAN start
[reference-sequence] seed=265 stage=transfer_0_blue_pick
[reference-sequence] seed=265 stage=transfer_0_blue_place
[reference-sequence] seed=265 stage=transfer_1_yellow_pick
[reference-sequence] seed=265 stage=transfer_1_yellow_place
[reference-sequence] seed=265 stage=transfer_2_yellow_pick
[reference-sequence] seed=265 stage=transfer_2_yellow_place
{"seed": 265, "method": "MODEL_DIRECT_REPLAN", "success": true, "model_calls": 1, "error": null}
[flexible-fixture] seed=266 method=MODEL_DIRECT_REPLAN start
[reference-sequence] seed=266 stage=transfer_0_blue_pick
[reference-sequence] seed=266 stage=transfer_0_blue_place
[reference-sequence] seed=266 stage=transfer_1_yellow_pick
[reference-sequence] seed=266 stage=transfer_1_yellow_place
[reference-sequence] seed=266 stage=transfer_2_yellow_pick
[reference-sequence] seed=266 stage=transfer_2_yellow_place
{"seed": 266, "method": "MODEL_DIRECT_REPLAN", "success": true, "model_calls": 2, "error": null}
[flexible-fixture] seed=266 method=MODEL_CONSTRAINT_REPAIR start
[reference-sequence] seed=266 stage=transfer_0_blue_pick
[reference-sequence] seed=266 stage=transfer_0_blue_place
[reference-sequence] seed=266 stage=transfer_1_yellow_pick
[reference-sequence] seed=266 stage=transfer_1_yellow_place
[reference-sequence] seed=266 stage=transfer_2_yellow_pick
[reference-sequence] seed=266 stage=transfer_2_yellow_place
{"seed": 266, "method": "MODEL_CONSTRAINT_REPAIR", "success": true, "model_calls": 1, "error": null}
[flexible-fixture] seed=267 method=MODEL_CONSTRAINT_REPAIR start
[reference-sequence] seed=267 stage=transfer_0_blue_pick
[reference-sequence] seed=267 stage=transfer_0_blue_place
[reference-sequence] seed=267 stage=transfer_1_yellow_pick
[reference-sequence] seed=267 stage=transfer_1_yellow_place
[reference-sequence] seed=267 stage=transfer_2_yellow_pick
[reference-sequence] seed=267 stage=transfer_2_yellow_place
{"seed": 267, "method": "MODEL_CONSTRAINT_REPAIR", "success": true, "model_calls": 2, "error": null}
[flexible-fixture] seed=267 method=MODEL_DIRECT_REPLAN start
[reference-sequence] seed=267 stage=transfer_0_blue_pick
[reference-sequence] seed=267 stage=transfer_0_blue_place
[reference-sequence] seed=267 stage=transfer_1_yellow_pick
[reference-sequence] seed=267 stage=transfer_1_yellow_place
[reference-sequence] seed=267 stage=transfer_2_yellow_pick
[reference-sequence] seed=267 stage=transfer_2_yellow_place
{"seed": 267, "method": "MODEL_DIRECT_REPLAN", "success": true, "model_calls": 1, "error": null}
[flexible-fixture] seed=268 method=MODEL_DIRECT_REPLAN start
[reference-sequence] seed=268 stage=transfer_0_blue_pick
[reference-sequence] seed=268 stage=transfer_0_blue_place
[reference-sequence] seed=268 stage=transfer_1_yellow_pick
[reference-sequence] seed=268 stage=transfer_1_yellow_place
[reference-sequence] seed=268 stage=transfer_2_yellow_pick
[reference-sequence] seed=268 stage=transfer_2_yellow_place
{"seed": 268, "method": "MODEL_DIRECT_REPLAN", "success": true, "model_calls": 2, "error": null}
[flexible-fixture] seed=268 method=MODEL_CONSTRAINT_REPAIR start
[reference-sequence] seed=268 stage=transfer_0_blue_pick
[reference-sequence] seed=268 stage=transfer_0_blue_place
[reference-sequence] seed=268 stage=transfer_1_yellow_pick
[reference-sequence] seed=268 stage=transfer_1_yellow_place
[reference-sequence] seed=268 stage=transfer_2_yellow_pick
[reference-sequence] seed=268 stage=transfer_2_yellow_place
{"seed": 268, "method": "MODEL_CONSTRAINT_REPAIR", "success": true, "model_calls": 1, "error": null}
[flexible-fixture] seed=269 method=MODEL_CONSTRAINT_REPAIR start
[reference-sequence] seed=269 stage=transfer_0_blue_pick
[reference-sequence] seed=269 stage=transfer_0_blue_place
[reference-sequence] seed=269 stage=transfer_1_yellow_pick
[reference-sequence] seed=269 stage=transfer_1_yellow_place
[reference-sequence] seed=269 stage=transfer_2_yellow_pick
[reference-sequence] seed=269 stage=transfer_2_yellow_place
{"seed": 269, "method": "MODEL_CONSTRAINT_REPAIR", "success": true, "model_calls": 2, "error": null}
[flexible-fixture] seed=269 method=MODEL_DIRECT_REPLAN start
[reference-sequence] seed=269 stage=transfer_0_blue_pick
[reference-sequence] seed=269 stage=transfer_0_blue_place
[reference-sequence] seed=269 stage=transfer_1_yellow_pick
[reference-sequence] seed=269 stage=transfer_1_yellow_place
[reference-sequence] seed=269 stage=transfer_2_yellow_pick
[reference-sequence] seed=269 stage=transfer_2_yellow_place
{"seed": 269, "method": "MODEL_DIRECT_REPLAN", "success": true, "model_calls": 1, "error": null}
[flexible-fixture] seed=270 method=MODEL_DIRECT_REPLAN start
[reference-sequence] seed=270 stage=transfer_0_blue_pick
[reference-sequence] seed=270 stage=transfer_0_blue_place
[reference-sequence] seed=270 stage=transfer_1_yellow_pick
[reference-sequence] seed=270 stage=transfer_1_yellow_place
[reference-sequence] seed=270 stage=transfer_2_yellow_pick
[reference-sequence] seed=270 stage=transfer_2_yellow_place
{"seed": 270, "method": "MODEL_DIRECT_REPLAN", "success": true, "model_calls": 2, "error": null}
[flexible-fixture] seed=270 method=MODEL_CONSTRAINT_REPAIR start
[reference-sequence] seed=270 stage=transfer_0_blue_pick
[reference-sequence] seed=270 stage=transfer_0_blue_place
[reference-sequence] seed=270 stage=transfer_1_yellow_pick
[reference-sequence] seed=270 stage=transfer_1_yellow_place
[reference-sequence] seed=270 stage=transfer_2_yellow_pick
[reference-sequence] seed=270 stage=transfer_2_yellow_place
{"seed": 270, "method": "MODEL_CONSTRAINT_REPAIR", "success": true, "model_calls": 1, "error": null}
{"completed_episodes": 60, "actual_model_calls": 90, "methods": {"MODEL_DIRECT_REPLAN": {"episodes": 30, "successes": 29, "accepted_remaining_repairs": 0, "accepted_execution_repairs": 30}, "MODEL_CONSTRAINT_REPAIR": {"episodes": 30, "successes": 29, "accepted_remaining_repairs": 0, "accepted_execution_repairs": 30}}}
[flexible-fixture] seed=271 method=MODEL_CONSTRAINT_REPAIR start
[reference-sequence] seed=271 stage=transfer_0_blue_pick
[reference-sequence] seed=271 stage=transfer_0_blue_place
[reference-sequence] seed=271 stage=transfer_1_yellow_pick
[reference-sequence] seed=271 stage=transfer_1_yellow_place
[reference-sequence] seed=271 stage=transfer_2_blue_pick
[reference-sequence] seed=271 stage=transfer_2_blue_place
[reference-sequence] seed=271 stage=transfer_3_yellow_pick
[reference-sequence] seed=271 stage=transfer_3_yellow_place
{"seed": 271, "method": "MODEL_CONSTRAINT_REPAIR", "success": true, "model_calls": 2, "error": null}
[flexible-fixture] seed=271 method=MODEL_DIRECT_REPLAN start
[reference-sequence] seed=271 stage=transfer_0_blue_pick
[reference-sequence] seed=271 stage=transfer_0_blue_place
[reference-sequence] seed=271 stage=transfer_1_yellow_pick
[reference-sequence] seed=271 stage=transfer_1_yellow_place
[reference-sequence] seed=271 stage=transfer_2_blue_pick
[reference-sequence] seed=271 stage=transfer_2_blue_place
[reference-sequence] seed=271 stage=transfer_3_yellow_pick
[reference-sequence] seed=271 stage=transfer_3_yellow_place
{"seed": 271, "method": "MODEL_DIRECT_REPLAN", "success": true, "model_calls": 1, "error": null}
[flexible-fixture] seed=272 method=MODEL_DIRECT_REPLAN start
[reference-sequence] seed=272 stage=transfer_0_blue_pick
[reference-sequence] seed=272 stage=transfer_0_blue_place
[reference-sequence] seed=272 stage=transfer_1_yellow_pick
[reference-sequence] seed=272 stage=transfer_1_yellow_place
[reference-sequence] seed=272 stage=transfer_2_blue_pick
[reference-sequence] seed=272 stage=transfer_2_blue_place
[reference-sequence] seed=272 stage=transfer_3_yellow_pick
[reference-sequence] seed=272 stage=transfer_3_yellow_place
{"seed": 272, "method": "MODEL_DIRECT_REPLAN", "success": true, "model_calls": 2, "error": null}
[flexible-fixture] seed=272 method=MODEL_CONSTRAINT_REPAIR start
[reference-sequence] seed=272 stage=transfer_0_blue_pick
[reference-sequence] seed=272 stage=transfer_0_blue_place
[reference-sequence] seed=272 stage=transfer_1_yellow_pick
[reference-sequence] seed=272 stage=transfer_1_yellow_place
[reference-sequence] seed=272 stage=transfer_2_blue_pick
[reference-sequence] seed=272 stage=transfer_2_blue_place
[reference-sequence] seed=272 stage=transfer_3_yellow_pick
[reference-sequence] seed=272 stage=transfer_3_yellow_place
{"seed": 272, "method": "MODEL_CONSTRAINT_REPAIR", "success": true, "model_calls": 1, "error": null}
[flexible-fixture] seed=273 method=MODEL_CONSTRAINT_REPAIR start
[reference-sequence] seed=273 stage=transfer_0_blue_pick
[reference-sequence] seed=273 stage=transfer_0_blue_place
[reference-sequence] seed=273 stage=transfer_1_yellow_pick
[reference-sequence] seed=273 stage=transfer_1_yellow_place
[reference-sequence] seed=273 stage=transfer_2_blue_pick
[reference-sequence] seed=273 stage=transfer_2_blue_place
[reference-sequence] seed=273 stage=transfer_3_yellow_pick
[reference-sequence] seed=273 stage=transfer_3_yellow_place
{"seed": 273, "method": "MODEL_CONSTRAINT_REPAIR", "success": true, "model_calls": 2, "error": null}
[flexible-fixture] seed=273 method=MODEL_DIRECT_REPLAN start
[reference-sequence] seed=273 stage=transfer_0_blue_pick
[reference-sequence] seed=273 stage=transfer_0_blue_place
[reference-sequence] seed=273 stage=transfer_1_yellow_pick
[reference-sequence] seed=273 stage=transfer_1_yellow_place
[reference-sequence] seed=273 stage=transfer_2_blue_pick
[reference-sequence] seed=273 stage=transfer_2_blue_place
[reference-sequence] seed=273 stage=transfer_3_yellow_pick
[reference-sequence] seed=273 stage=transfer_3_yellow_place
{"seed": 273, "method": "MODEL_DIRECT_REPLAN", "success": true, "model_calls": 1, "error": null}
[flexible-fixture] seed=274 method=MODEL_DIRECT_REPLAN start
[reference-sequence] seed=274 stage=transfer_0_blue_pick
[reference-sequence] seed=274 stage=transfer_0_blue_place
[reference-sequence] seed=274 stage=transfer_1_yellow_pick
[reference-sequence] seed=274 stage=transfer_1_yellow_place
[reference-sequence] seed=274 stage=transfer_2_blue_pick
[reference-sequence] seed=274 stage=transfer_2_blue_place
[reference-sequence] seed=274 stage=transfer_3_yellow_pick
[reference-sequence] seed=274 stage=transfer_3_yellow_place
{"seed": 274, "method": "MODEL_DIRECT_REPLAN", "success": true, "model_calls": 2, "error": null}
[flexible-fixture] seed=274 method=MODEL_CONSTRAINT_REPAIR start
[reference-sequence] seed=274 stage=transfer_0_blue_pick
[reference-sequence] seed=274 stage=transfer_0_blue_place
[reference-sequence] seed=274 stage=transfer_1_yellow_pick
[reference-sequence] seed=274 stage=transfer_1_yellow_place
[reference-sequence] seed=274 stage=transfer_2_blue_pick
[reference-sequence] seed=274 stage=transfer_2_blue_place
[reference-sequence] seed=274 stage=transfer_3_yellow_pick
[reference-sequence] seed=274 stage=transfer_3_yellow_place
{"seed": 274, "method": "MODEL_CONSTRAINT_REPAIR", "success": true, "model_calls": 1, "error": null}
[flexible-fixture] seed=275 method=MODEL_CONSTRAINT_REPAIR start
[reference-sequence] seed=275 stage=transfer_0_blue_pick
[reference-sequence] seed=275 stage=transfer_0_blue_place
[reference-sequence] seed=275 stage=transfer_1_yellow_pick
[reference-sequence] seed=275 stage=transfer_1_yellow_place
[reference-sequence] seed=275 stage=transfer_2_blue_pick
[reference-sequence] seed=275 stage=transfer_2_blue_place
[reference-sequence] seed=275 stage=transfer_3_yellow_pick
[reference-sequence] seed=275 stage=transfer_3_yellow_place
{"seed": 275, "method": "MODEL_CONSTRAINT_REPAIR", "success": true, "model_calls": 2, "error": null}
[flexible-fixture] seed=275 method=MODEL_DIRECT_REPLAN start
[reference-sequence] seed=275 stage=transfer_0_blue_pick
[reference-sequence] seed=275 stage=transfer_0_blue_place
[reference-sequence] seed=275 stage=transfer_1_yellow_pick
[reference-sequence] seed=275 stage=transfer_1_yellow_place
[reference-sequence] seed=275 stage=transfer_2_blue_pick
[reference-sequence] seed=275 stage=transfer_2_blue_place
[reference-sequence] seed=275 stage=transfer_3_yellow_pick
[reference-sequence] seed=275 stage=transfer_3_yellow_place
{"seed": 275, "method": "MODEL_DIRECT_REPLAN", "success": true, "model_calls": 1, "error": null}
[flexible-fixture] seed=276 method=MODEL_DIRECT_REPLAN start
[reference-sequence] seed=276 stage=transfer_0_blue_pick
[reference-sequence] seed=276 stage=transfer_0_blue_place
[reference-sequence] seed=276 stage=transfer_1_yellow_pick
[reference-sequence] seed=276 stage=transfer_1_yellow_place
[reference-sequence] seed=276 stage=transfer_2_blue_pick
[reference-sequence] seed=276 stage=transfer_2_blue_place
[reference-sequence] seed=276 stage=transfer_3_yellow_pick
[reference-sequence] seed=276 stage=transfer_3_yellow_place
{"seed": 276, "method": "MODEL_DIRECT_REPLAN", "success": true, "model_calls": 2, "error": null}
[flexible-fixture] seed=276 method=MODEL_CONSTRAINT_REPAIR start
[reference-sequence] seed=276 stage=transfer_0_blue_pick
[reference-sequence] seed=276 stage=transfer_0_blue_place
[reference-sequence] seed=276 stage=transfer_1_yellow_pick
[reference-sequence] seed=276 stage=transfer_1_yellow_place
[reference-sequence] seed=276 stage=transfer_2_blue_pick
[reference-sequence] seed=276 stage=transfer_2_blue_place
[reference-sequence] seed=276 stage=transfer_3_yellow_pick
[reference-sequence] seed=276 stage=transfer_3_yellow_place
{"seed": 276, "method": "MODEL_CONSTRAINT_REPAIR", "success": true, "model_calls": 1, "error": null}
[flexible-fixture] seed=277 method=MODEL_CONSTRAINT_REPAIR start
[reference-sequence] seed=277 stage=transfer_0_blue_pick
[reference-sequence] seed=277 stage=transfer_0_blue_place
[reference-sequence] seed=277 stage=transfer_1_yellow_pick
[reference-sequence] seed=277 stage=transfer_1_yellow_place
[reference-sequence] seed=277 stage=transfer_2_blue_pick
[reference-sequence] seed=277 stage=transfer_2_blue_place
[reference-sequence] seed=277 stage=transfer_3_yellow_pick
[reference-sequence] seed=277 stage=transfer_3_yellow_place
{"seed": 277, "method": "MODEL_CONSTRAINT_REPAIR", "success": true, "model_calls": 2, "error": null}
[flexible-fixture] seed=277 method=MODEL_DIRECT_REPLAN start
[reference-sequence] seed=277 stage=transfer_0_blue_pick
[reference-sequence] seed=277 stage=transfer_0_blue_place
[reference-sequence] seed=277 stage=transfer_1_yellow_pick
[reference-sequence] seed=277 stage=transfer_1_yellow_place
[reference-sequence] seed=277 stage=transfer_2_blue_pick
[reference-sequence] seed=277 stage=transfer_2_blue_place
[reference-sequence] seed=277 stage=transfer_3_yellow_pick
[reference-sequence] seed=277 stage=transfer_3_yellow_place
{"seed": 277, "method": "MODEL_DIRECT_REPLAN", "success": true, "model_calls": 1, "error": null}
[flexible-fixture] seed=278 method=MODEL_DIRECT_REPLAN start
[reference-sequence] seed=278 stage=transfer_0_blue_pick
[reference-sequence] seed=278 stage=transfer_0_blue_place
[reference-sequence] seed=278 stage=transfer_1_yellow_pick
[reference-sequence] seed=278 stage=transfer_1_yellow_place
[reference-sequence] seed=278 stage=transfer_2_blue_pick
[reference-sequence] seed=278 stage=transfer_2_blue_place
[reference-sequence] seed=278 stage=transfer_3_yellow_pick
[reference-sequence] seed=278 stage=transfer_3_yellow_place
{"seed": 278, "method": "MODEL_DIRECT_REPLAN", "success": true, "model_calls": 2, "error": null}
[flexible-fixture] seed=278 method=MODEL_CONSTRAINT_REPAIR start
[reference-sequence] seed=278 stage=transfer_0_blue_pick
[reference-sequence] seed=278 stage=transfer_0_blue_place
[reference-sequence] seed=278 stage=transfer_1_yellow_pick
[reference-sequence] seed=278 stage=transfer_1_yellow_place
[reference-sequence] seed=278 stage=transfer_2_blue_pick
[reference-sequence] seed=278 stage=transfer_2_blue_place
[reference-sequence] seed=278 stage=transfer_3_yellow_pick
[reference-sequence] seed=278 stage=transfer_3_yellow_place
{"seed": 278, "method": "MODEL_CONSTRAINT_REPAIR", "success": true, "model_calls": 1, "error": null}
[flexible-fixture] seed=279 method=MODEL_CONSTRAINT_REPAIR start
[reference-sequence] seed=279 stage=transfer_0_blue_pick
[reference-sequence] seed=279 stage=transfer_0_blue_place
[reference-sequence] seed=279 stage=transfer_1_yellow_pick
[reference-sequence] seed=279 stage=transfer_1_yellow_place
[reference-sequence] seed=279 stage=transfer_2_blue_pick
[reference-sequence] seed=279 stage=transfer_2_blue_place
[reference-sequence] seed=279 stage=transfer_3_yellow_pick
[reference-sequence] seed=279 stage=transfer_3_yellow_place
{"seed": 279, "method": "MODEL_CONSTRAINT_REPAIR", "success": true, "model_calls": 2, "error": null}
[flexible-fixture] seed=279 method=MODEL_DIRECT_REPLAN start
[reference-sequence] seed=279 stage=transfer_0_blue_pick
[reference-sequence] seed=279 stage=transfer_0_blue_place
[reference-sequence] seed=279 stage=transfer_1_yellow_pick
[reference-sequence] seed=279 stage=transfer_1_yellow_place
[reference-sequence] seed=279 stage=transfer_2_blue_pick
[reference-sequence] seed=279 stage=transfer_2_blue_place
[reference-sequence] seed=279 stage=transfer_3_yellow_pick
[reference-sequence] seed=279 stage=transfer_3_yellow_place
{"seed": 279, "method": "MODEL_DIRECT_REPLAN", "success": true, "model_calls": 1, "error": null}
[flexible-fixture] seed=280 method=MODEL_DIRECT_REPLAN start
[reference-sequence] seed=280 stage=transfer_0_blue_pick
[reference-sequence] seed=280 stage=transfer_0_blue_place
[reference-sequence] seed=280 stage=transfer_1_yellow_pick
[reference-sequence] seed=280 stage=transfer_1_yellow_place
[reference-sequence] seed=280 stage=transfer_2_blue_pick
[reference-sequence] seed=280 stage=transfer_2_blue_place
{"seed": 280, "method": "MODEL_DIRECT_REPLAN", "success": false, "model_calls": 2, "error": "ValueError: destination_observation_budget_exhausted"}
[flexible-fixture] seed=280 method=MODEL_CONSTRAINT_REPAIR start
[reference-sequence] seed=280 stage=transfer_0_blue_pick
[reference-sequence] seed=280 stage=transfer_0_blue_place
[reference-sequence] seed=280 stage=transfer_1_yellow_pick
[reference-sequence] seed=280 stage=transfer_1_yellow_place
[reference-sequence] seed=280 stage=transfer_2_blue_pick
[reference-sequence] seed=280 stage=transfer_2_blue_place
{"seed": 280, "method": "MODEL_CONSTRAINT_REPAIR", "success": false, "model_calls": 1, "error": "ValueError: destination_observation_budget_exhausted"}
[flexible-fixture] seed=281 method=MODEL_CONSTRAINT_REPAIR start
[reference-sequence] seed=281 stage=transfer_0_blue_pick
[reference-sequence] seed=281 stage=transfer_0_blue_place
[reference-sequence] seed=281 stage=transfer_1_yellow_pick
[reference-sequence] seed=281 stage=transfer_1_yellow_place
[reference-sequence] seed=281 stage=transfer_2_blue_pick
[reference-sequence] seed=281 stage=transfer_2_blue_place
[reference-sequence] seed=281 stage=transfer_3_yellow_pick
[reference-sequence] seed=281 stage=transfer_3_yellow_place
{"seed": 281, "method": "MODEL_CONSTRAINT_REPAIR", "success": true, "model_calls": 2, "error": null}
[flexible-fixture] seed=281 method=MODEL_DIRECT_REPLAN start
[reference-sequence] seed=281 stage=transfer_0_blue_pick
[reference-sequence] seed=281 stage=transfer_0_blue_place
[reference-sequence] seed=281 stage=transfer_1_yellow_pick
[reference-sequence] seed=281 stage=transfer_1_yellow_place
[reference-sequence] seed=281 stage=transfer_2_blue_pick
[reference-sequence] seed=281 stage=transfer_2_blue_place
[reference-sequence] seed=281 stage=transfer_3_yellow_pick
[reference-sequence] seed=281 stage=transfer_3_yellow_place
{"seed": 281, "method": "MODEL_DIRECT_REPLAN", "success": true, "model_calls": 1, "error": null}
[flexible-fixture] seed=282 method=MODEL_DIRECT_REPLAN start
[reference-sequence] seed=282 stage=transfer_0_blue_pick
[reference-sequence] seed=282 stage=transfer_0_blue_place
[reference-sequence] seed=282 stage=transfer_1_yellow_pick
[reference-sequence] seed=282 stage=transfer_1_yellow_place
[reference-sequence] seed=282 stage=transfer_2_blue_pick
[reference-sequence] seed=282 stage=transfer_2_blue_place
[reference-sequence] seed=282 stage=transfer_3_yellow_pick
[reference-sequence] seed=282 stage=transfer_3_yellow_place
{"seed": 282, "method": "MODEL_DIRECT_REPLAN", "success": true, "model_calls": 2, "error": null}
[flexible-fixture] seed=282 method=MODEL_CONSTRAINT_REPAIR start
[reference-sequence] seed=282 stage=transfer_0_blue_pick
[reference-sequence] seed=282 stage=transfer_0_blue_place
[reference-sequence] seed=282 stage=transfer_1_yellow_pick
[reference-sequence] seed=282 stage=transfer_1_yellow_place
[reference-sequence] seed=282 stage=transfer_2_blue_pick
[reference-sequence] seed=282 stage=transfer_2_blue_place
[reference-sequence] seed=282 stage=transfer_3_yellow_pick
[reference-sequence] seed=282 stage=transfer_3_yellow_place
{"seed": 282, "method": "MODEL_CONSTRAINT_REPAIR", "success": true, "model_calls": 1, "error": null}
[flexible-fixture] seed=283 method=MODEL_CONSTRAINT_REPAIR start
[reference-sequence] seed=283 stage=transfer_0_blue_pick
[reference-sequence] seed=283 stage=transfer_0_blue_place
[reference-sequence] seed=283 stage=transfer_1_yellow_pick
[reference-sequence] seed=283 stage=transfer_1_yellow_place
[reference-sequence] seed=283 stage=transfer_2_blue_pick
[reference-sequence] seed=283 stage=transfer_2_blue_place
[reference-sequence] seed=283 stage=transfer_3_yellow_pick
[reference-sequence] seed=283 stage=transfer_3_yellow_place
{"seed": 283, "method": "MODEL_CONSTRAINT_REPAIR", "success": true, "model_calls": 2, "error": null}
[flexible-fixture] seed=283 method=MODEL_DIRECT_REPLAN start
[reference-sequence] seed=283 stage=transfer_0_blue_pick
[reference-sequence] seed=283 stage=transfer_0_blue_place
[reference-sequence] seed=283 stage=transfer_1_yellow_pick
[reference-sequence] seed=283 stage=transfer_1_yellow_place
[reference-sequence] seed=283 stage=transfer_2_blue_pick
[reference-sequence] seed=283 stage=transfer_2_blue_place
[reference-sequence] seed=283 stage=transfer_3_yellow_pick
[reference-sequence] seed=283 stage=transfer_3_yellow_place
{"seed": 283, "method": "MODEL_DIRECT_REPLAN", "success": true, "model_calls": 1, "error": null}
[flexible-fixture] seed=284 method=MODEL_DIRECT_REPLAN start
[reference-sequence] seed=284 stage=transfer_0_blue_pick
[reference-sequence] seed=284 stage=transfer_0_blue_place
[reference-sequence] seed=284 stage=transfer_1_yellow_pick
[reference-sequence] seed=284 stage=transfer_1_yellow_place
[reference-sequence] seed=284 stage=transfer_2_blue_pick
[reference-sequence] seed=284 stage=transfer_2_blue_place
[reference-sequence] seed=284 stage=transfer_3_yellow_pick
[reference-sequence] seed=284 stage=transfer_3_yellow_place
{"seed": 284, "method": "MODEL_DIRECT_REPLAN", "success": true, "model_calls": 2, "error": null}
[flexible-fixture] seed=284 method=MODEL_CONSTRAINT_REPAIR start
[reference-sequence] seed=284 stage=transfer_0_blue_pick
[reference-sequence] seed=284 stage=transfer_0_blue_place
[reference-sequence] seed=284 stage=transfer_1_yellow_pick
[reference-sequence] seed=284 stage=transfer_1_yellow_place
[reference-sequence] seed=284 stage=transfer_2_blue_pick
[reference-sequence] seed=284 stage=transfer_2_blue_place
[reference-sequence] seed=284 stage=transfer_3_yellow_pick
[reference-sequence] seed=284 stage=transfer_3_yellow_place
{"seed": 284, "method": "MODEL_CONSTRAINT_REPAIR", "success": true, "model_calls": 1, "error": null}
[flexible-fixture] seed=285 method=MODEL_CONSTRAINT_REPAIR start
[reference-sequence] seed=285 stage=transfer_0_blue_pick
[reference-sequence] seed=285 stage=transfer_0_blue_place
[reference-sequence] seed=285 stage=transfer_1_yellow_pick
[reference-sequence] seed=285 stage=transfer_1_yellow_place
[reference-sequence] seed=285 stage=transfer_2_blue_pick
[reference-sequence] seed=285 stage=transfer_2_blue_place
[reference-sequence] seed=285 stage=transfer_3_yellow_pick
[reference-sequence] seed=285 stage=transfer_3_yellow_place
{"seed": 285, "method": "MODEL_CONSTRAINT_REPAIR", "success": true, "model_calls": 2, "error": null}
[flexible-fixture] seed=285 method=MODEL_DIRECT_REPLAN start
[reference-sequence] seed=285 stage=transfer_0_blue_pick
[reference-sequence] seed=285 stage=transfer_0_blue_place
[reference-sequence] seed=285 stage=transfer_1_yellow_pick
[reference-sequence] seed=285 stage=transfer_1_yellow_place
[reference-sequence] seed=285 stage=transfer_2_blue_pick
[reference-sequence] seed=285 stage=transfer_2_blue_place
[reference-sequence] seed=285 stage=transfer_3_yellow_pick
[reference-sequence] seed=285 stage=transfer_3_yellow_place
{"seed": 285, "method": "MODEL_DIRECT_REPLAN", "success": true, "model_calls": 1, "error": null}
[flexible-fixture] seed=286 method=MODEL_DIRECT_REPLAN start
[reference-sequence] seed=286 stage=transfer_0_blue_pick
[reference-sequence] seed=286 stage=transfer_0_blue_place
[reference-sequence] seed=286 stage=transfer_1_yellow_pick
[reference-sequence] seed=286 stage=transfer_1_yellow_place
[reference-sequence] seed=286 stage=transfer_2_blue_pick
[reference-sequence] seed=286 stage=transfer_2_blue_place
[reference-sequence] seed=286 stage=transfer_3_yellow_pick
[reference-sequence] seed=286 stage=transfer_3_yellow_place
{"seed": 286, "method": "MODEL_DIRECT_REPLAN", "success": true, "model_calls": 2, "error": null}
[flexible-fixture] seed=286 method=MODEL_CONSTRAINT_REPAIR start
[reference-sequence] seed=286 stage=transfer_0_blue_pick
[reference-sequence] seed=286 stage=transfer_0_blue_place
[reference-sequence] seed=286 stage=transfer_1_yellow_pick
[reference-sequence] seed=286 stage=transfer_1_yellow_place
[reference-sequence] seed=286 stage=transfer_2_blue_pick
[reference-sequence] seed=286 stage=transfer_2_blue_place
[reference-sequence] seed=286 stage=transfer_3_yellow_pick
[reference-sequence] seed=286 stage=transfer_3_yellow_place
{"seed": 286, "method": "MODEL_CONSTRAINT_REPAIR", "success": true, "model_calls": 1, "error": null}
[flexible-fixture] seed=287 method=MODEL_CONSTRAINT_REPAIR start
[reference-sequence] seed=287 stage=transfer_0_blue_pick
[reference-sequence] seed=287 stage=transfer_0_blue_place
[reference-sequence] seed=287 stage=transfer_1_yellow_pick
[reference-sequence] seed=287 stage=transfer_1_yellow_place
[reference-sequence] seed=287 stage=transfer_2_blue_pick
[reference-sequence] seed=287 stage=transfer_2_blue_place
[reference-sequence] seed=287 stage=transfer_3_yellow_pick
[reference-sequence] seed=287 stage=transfer_3_yellow_place
{"seed": 287, "method": "MODEL_CONSTRAINT_REPAIR", "success": true, "model_calls": 2, "error": null}
[flexible-fixture] seed=287 method=MODEL_DIRECT_REPLAN start
[reference-sequence] seed=287 stage=transfer_0_blue_pick
[reference-sequence] seed=287 stage=transfer_0_blue_place
[reference-sequence] seed=287 stage=transfer_1_yellow_pick
[reference-sequence] seed=287 stage=transfer_1_yellow_place
[reference-sequence] seed=287 stage=transfer_2_blue_pick
[reference-sequence] seed=287 stage=transfer_2_blue_place
[reference-sequence] seed=287 stage=transfer_3_yellow_pick
[reference-sequence] seed=287 stage=transfer_3_yellow_place
{"seed": 287, "method": "MODEL_DIRECT_REPLAN", "success": true, "model_calls": 1, "error": null}
[flexible-fixture] seed=288 method=MODEL_DIRECT_REPLAN start
[reference-sequence] seed=288 stage=transfer_0_blue_pick
[reference-sequence] seed=288 stage=transfer_0_blue_place
[reference-sequence] seed=288 stage=transfer_1_yellow_pick
[reference-sequence] seed=288 stage=transfer_1_yellow_place
[reference-sequence] seed=288 stage=transfer_2_blue_pick
[reference-sequence] seed=288 stage=transfer_2_blue_place
[reference-sequence] seed=288 stage=transfer_3_yellow_pick
[reference-sequence] seed=288 stage=transfer_3_yellow_place
{"seed": 288, "method": "MODEL_DIRECT_REPLAN", "success": true, "model_calls": 2, "error": null}
[flexible-fixture] seed=288 method=MODEL_CONSTRAINT_REPAIR start
[reference-sequence] seed=288 stage=transfer_0_blue_pick
[reference-sequence] seed=288 stage=transfer_0_blue_place
[reference-sequence] seed=288 stage=transfer_1_yellow_pick
[reference-sequence] seed=288 stage=transfer_1_yellow_place
[reference-sequence] seed=288 stage=transfer_2_blue_pick
[reference-sequence] seed=288 stage=transfer_2_blue_place
[reference-sequence] seed=288 stage=transfer_3_yellow_pick
[reference-sequence] seed=288 stage=transfer_3_yellow_place
{"seed": 288, "method": "MODEL_CONSTRAINT_REPAIR", "success": true, "model_calls": 1, "error": null}
[flexible-fixture] seed=289 method=MODEL_CONSTRAINT_REPAIR start
[reference-sequence] seed=289 stage=transfer_0_blue_pick
[reference-sequence] seed=289 stage=transfer_0_blue_place
[reference-sequence] seed=289 stage=transfer_1_yellow_pick
[reference-sequence] seed=289 stage=transfer_1_yellow_place
[reference-sequence] seed=289 stage=transfer_2_blue_pick
[reference-sequence] seed=289 stage=transfer_2_blue_place
[reference-sequence] seed=289 stage=transfer_3_yellow_pick
[reference-sequence] seed=289 stage=transfer_3_yellow_place
{"seed": 289, "method": "MODEL_CONSTRAINT_REPAIR", "success": true, "model_calls": 2, "error": null}
[flexible-fixture] seed=289 method=MODEL_DIRECT_REPLAN start
[reference-sequence] seed=289 stage=transfer_0_blue_pick
[reference-sequence] seed=289 stage=transfer_0_blue_place
[reference-sequence] seed=289 stage=transfer_1_yellow_pick
[reference-sequence] seed=289 stage=transfer_1_yellow_place
[reference-sequence] seed=289 stage=transfer_2_blue_pick
[reference-sequence] seed=289 stage=transfer_2_blue_place
[reference-sequence] seed=289 stage=transfer_3_yellow_pick
[reference-sequence] seed=289 stage=transfer_3_yellow_place
{"seed": 289, "method": "MODEL_DIRECT_REPLAN", "success": true, "model_calls": 1, "error": null}
[flexible-fixture] seed=290 method=MODEL_DIRECT_REPLAN start
[reference-sequence] seed=290 stage=transfer_0_blue_pick
[reference-sequence] seed=290 stage=transfer_0_blue_place
[reference-sequence] seed=290 stage=transfer_1_yellow_pick
[reference-sequence] seed=290 stage=transfer_1_yellow_place
[reference-sequence] seed=290 stage=transfer_2_blue_pick
[reference-sequence] seed=290 stage=transfer_2_blue_place
[reference-sequence] seed=290 stage=transfer_3_yellow_pick
[reference-sequence] seed=290 stage=transfer_3_yellow_place
{"seed": 290, "method": "MODEL_DIRECT_REPLAN", "success": true, "model_calls": 2, "error": null}
[flexible-fixture] seed=290 method=MODEL_CONSTRAINT_REPAIR start
[reference-sequence] seed=290 stage=transfer_0_blue_pick
[reference-sequence] seed=290 stage=transfer_0_blue_place
[reference-sequence] seed=290 stage=transfer_1_yellow_pick
[reference-sequence] seed=290 stage=transfer_1_yellow_place
[reference-sequence] seed=290 stage=transfer_2_blue_pick
[reference-sequence] seed=290 stage=transfer_2_blue_place
[reference-sequence] seed=290 stage=transfer_3_yellow_pick
[reference-sequence] seed=290 stage=transfer_3_yellow_place
{"seed": 290, "method": "MODEL_CONSTRAINT_REPAIR", "success": true, "model_calls": 1, "error": null}
[flexible-fixture] seed=291 method=MODEL_CONSTRAINT_REPAIR start
[reference-sequence] seed=291 stage=transfer_0_blue_pick
[reference-sequence] seed=291 stage=transfer_0_blue_place
[reference-sequence] seed=291 stage=transfer_1_yellow_pick
[reference-sequence] seed=291 stage=transfer_1_yellow_place
[reference-sequence] seed=291 stage=transfer_2_blue_pick
[reference-sequence] seed=291 stage=transfer_2_blue_place
[reference-sequence] seed=291 stage=transfer_3_yellow_pick
[reference-sequence] seed=291 stage=transfer_3_yellow_place
{"seed": 291, "method": "MODEL_CONSTRAINT_REPAIR", "success": true, "model_calls": 2, "error": null}
[flexible-fixture] seed=291 method=MODEL_DIRECT_REPLAN start
[reference-sequence] seed=291 stage=transfer_0_blue_pick
[reference-sequence] seed=291 stage=transfer_0_blue_place
[reference-sequence] seed=291 stage=transfer_1_yellow_pick
[reference-sequence] seed=291 stage=transfer_1_yellow_place
[reference-sequence] seed=291 stage=transfer_2_blue_pick
[reference-sequence] seed=291 stage=transfer_2_blue_place
[reference-sequence] seed=291 stage=transfer_3_yellow_pick
[reference-sequence] seed=291 stage=transfer_3_yellow_place
{"seed": 291, "method": "MODEL_DIRECT_REPLAN", "success": true, "model_calls": 1, "error": null}
[flexible-fixture] seed=292 method=MODEL_DIRECT_REPLAN start
[reference-sequence] seed=292 stage=transfer_0_blue_pick
[reference-sequence] seed=292 stage=transfer_0_blue_place
[reference-sequence] seed=292 stage=transfer_1_yellow_pick
[reference-sequence] seed=292 stage=transfer_1_yellow_place
[reference-sequence] seed=292 stage=transfer_2_blue_pick
[reference-sequence] seed=292 stage=transfer_2_blue_place
[reference-sequence] seed=292 stage=transfer_3_yellow_pick
[reference-sequence] seed=292 stage=transfer_3_yellow_place
{"seed": 292, "method": "MODEL_DIRECT_REPLAN", "success": true, "model_calls": 2, "error": null}
[flexible-fixture] seed=292 method=MODEL_CONSTRAINT_REPAIR start
[reference-sequence] seed=292 stage=transfer_0_blue_pick
[reference-sequence] seed=292 stage=transfer_0_blue_place
[reference-sequence] seed=292 stage=transfer_1_yellow_pick
[reference-sequence] seed=292 stage=transfer_1_yellow_place
[reference-sequence] seed=292 stage=transfer_2_blue_pick
[reference-sequence] seed=292 stage=transfer_2_blue_place
[reference-sequence] seed=292 stage=transfer_3_yellow_pick
[reference-sequence] seed=292 stage=transfer_3_yellow_place
{"seed": 292, "method": "MODEL_CONSTRAINT_REPAIR", "success": true, "model_calls": 1, "error": null}
[flexible-fixture] seed=293 method=MODEL_CONSTRAINT_REPAIR start
[reference-sequence] seed=293 stage=transfer_0_blue_pick
[reference-sequence] seed=293 stage=transfer_0_blue_place
[reference-sequence] seed=293 stage=transfer_1_yellow_pick
[reference-sequence] seed=293 stage=transfer_1_yellow_place
[reference-sequence] seed=293 stage=transfer_2_blue_pick
[reference-sequence] seed=293 stage=transfer_2_blue_place
[reference-sequence] seed=293 stage=transfer_3_yellow_pick
[reference-sequence] seed=293 stage=transfer_3_yellow_place
{"seed": 293, "method": "MODEL_CONSTRAINT_REPAIR", "success": true, "model_calls": 2, "error": null}
[flexible-fixture] seed=293 method=MODEL_DIRECT_REPLAN start
[reference-sequence] seed=293 stage=transfer_0_blue_pick
[reference-sequence] seed=293 stage=transfer_0_blue_place
[reference-sequence] seed=293 stage=transfer_1_yellow_pick
[reference-sequence] seed=293 stage=transfer_1_yellow_place
[reference-sequence] seed=293 stage=transfer_2_blue_pick
[reference-sequence] seed=293 stage=transfer_2_blue_place
[reference-sequence] seed=293 stage=transfer_3_yellow_pick
[reference-sequence] seed=293 stage=transfer_3_yellow_place
{"seed": 293, "method": "MODEL_DIRECT_REPLAN", "success": true, "model_calls": 1, "error": null}
[flexible-fixture] seed=294 method=MODEL_DIRECT_REPLAN start
[reference-sequence] seed=294 stage=transfer_0_blue_pick
[reference-sequence] seed=294 stage=transfer_0_blue_place
[reference-sequence] seed=294 stage=transfer_1_yellow_pick
[reference-sequence] seed=294 stage=transfer_1_yellow_place
[reference-sequence] seed=294 stage=transfer_2_blue_pick
[reference-sequence] seed=294 stage=transfer_2_blue_place
[reference-sequence] seed=294 stage=transfer_3_yellow_pick
[reference-sequence] seed=294 stage=transfer_3_yellow_place
{"seed": 294, "method": "MODEL_DIRECT_REPLAN", "success": true, "model_calls": 2, "error": null}
[flexible-fixture] seed=294 method=MODEL_CONSTRAINT_REPAIR start
[reference-sequence] seed=294 stage=transfer_0_blue_pick
[reference-sequence] seed=294 stage=transfer_0_blue_place
[reference-sequence] seed=294 stage=transfer_1_yellow_pick
[reference-sequence] seed=294 stage=transfer_1_yellow_place
[reference-sequence] seed=294 stage=transfer_2_blue_pick
[reference-sequence] seed=294 stage=transfer_2_blue_place
[reference-sequence] seed=294 stage=transfer_3_yellow_pick
[reference-sequence] seed=294 stage=transfer_3_yellow_place
{"seed": 294, "method": "MODEL_CONSTRAINT_REPAIR", "success": true, "model_calls": 1, "error": null}
[flexible-fixture] seed=295 method=MODEL_CONSTRAINT_REPAIR start
[reference-sequence] seed=295 stage=transfer_0_blue_pick
[reference-sequence] seed=295 stage=transfer_0_blue_place
[reference-sequence] seed=295 stage=transfer_1_yellow_pick
[reference-sequence] seed=295 stage=transfer_1_yellow_place
[reference-sequence] seed=295 stage=transfer_2_blue_pick
[reference-sequence] seed=295 stage=transfer_2_blue_place
[reference-sequence] seed=295 stage=transfer_3_yellow_pick
[reference-sequence] seed=295 stage=transfer_3_yellow_place
{"seed": 295, "method": "MODEL_CONSTRAINT_REPAIR", "success": true, "model_calls": 2, "error": null}
[flexible-fixture] seed=295 method=MODEL_DIRECT_REPLAN start
[reference-sequence] seed=295 stage=transfer_0_blue_pick
[reference-sequence] seed=295 stage=transfer_0_blue_place
[reference-sequence] seed=295 stage=transfer_1_yellow_pick
[reference-sequence] seed=295 stage=transfer_1_yellow_place
[reference-sequence] seed=295 stage=transfer_2_blue_pick
[reference-sequence] seed=295 stage=transfer_2_blue_place
[reference-sequence] seed=295 stage=transfer_3_yellow_pick
[reference-sequence] seed=295 stage=transfer_3_yellow_place
{"seed": 295, "method": "MODEL_DIRECT_REPLAN", "success": true, "model_calls": 1, "error": null}
[flexible-fixture] seed=296 method=MODEL_DIRECT_REPLAN start
[reference-sequence] seed=296 stage=transfer_0_blue_pick
[reference-sequence] seed=296 stage=transfer_0_blue_place
[reference-sequence] seed=296 stage=transfer_1_yellow_pick
[reference-sequence] seed=296 stage=transfer_1_yellow_place
[reference-sequence] seed=296 stage=transfer_2_blue_pick
[reference-sequence] seed=296 stage=transfer_2_blue_place
[reference-sequence] seed=296 stage=transfer_3_yellow_pick
[reference-sequence] seed=296 stage=transfer_3_yellow_place
{"seed": 296, "method": "MODEL_DIRECT_REPLAN", "success": true, "model_calls": 2, "error": null}
[flexible-fixture] seed=296 method=MODEL_CONSTRAINT_REPAIR start
[reference-sequence] seed=296 stage=transfer_0_blue_pick
[reference-sequence] seed=296 stage=transfer_0_blue_place
[reference-sequence] seed=296 stage=transfer_1_yellow_pick
[reference-sequence] seed=296 stage=transfer_1_yellow_place
[reference-sequence] seed=296 stage=transfer_2_blue_pick
[reference-sequence] seed=296 stage=transfer_2_blue_place
[reference-sequence] seed=296 stage=transfer_3_yellow_pick
[reference-sequence] seed=296 stage=transfer_3_yellow_place
{"seed": 296, "method": "MODEL_CONSTRAINT_REPAIR", "success": true, "model_calls": 1, "error": null}
[flexible-fixture] seed=297 method=MODEL_CONSTRAINT_REPAIR start
[reference-sequence] seed=297 stage=transfer_0_blue_pick
[reference-sequence] seed=297 stage=transfer_0_blue_place
[reference-sequence] seed=297 stage=transfer_1_yellow_pick
[reference-sequence] seed=297 stage=transfer_1_yellow_place
[reference-sequence] seed=297 stage=transfer_2_blue_pick
[reference-sequence] seed=297 stage=transfer_2_blue_place
[reference-sequence] seed=297 stage=transfer_3_yellow_pick
[reference-sequence] seed=297 stage=transfer_3_yellow_place
{"seed": 297, "method": "MODEL_CONSTRAINT_REPAIR", "success": true, "model_calls": 2, "error": null}
[flexible-fixture] seed=297 method=MODEL_DIRECT_REPLAN start
[reference-sequence] seed=297 stage=transfer_0_blue_pick
[reference-sequence] seed=297 stage=transfer_0_blue_place
[reference-sequence] seed=297 stage=transfer_1_yellow_pick
[reference-sequence] seed=297 stage=transfer_1_yellow_place
[reference-sequence] seed=297 stage=transfer_2_blue_pick
[reference-sequence] seed=297 stage=transfer_2_blue_place
[reference-sequence] seed=297 stage=transfer_3_yellow_pick
[reference-sequence] seed=297 stage=transfer_3_yellow_place
{"seed": 297, "method": "MODEL_DIRECT_REPLAN", "success": true, "model_calls": 1, "error": null}
[flexible-fixture] seed=298 method=MODEL_DIRECT_REPLAN start
[reference-sequence] seed=298 stage=transfer_0_blue_pick
[reference-sequence] seed=298 stage=transfer_0_blue_place
[reference-sequence] seed=298 stage=transfer_1_yellow_pick
[reference-sequence] seed=298 stage=transfer_1_yellow_place
[reference-sequence] seed=298 stage=transfer_2_blue_pick
[reference-sequence] seed=298 stage=transfer_2_blue_place
[reference-sequence] seed=298 stage=transfer_3_yellow_pick
[reference-sequence] seed=298 stage=transfer_3_yellow_place
{"seed": 298, "method": "MODEL_DIRECT_REPLAN", "success": true, "model_calls": 2, "error": null}
[flexible-fixture] seed=298 method=MODEL_CONSTRAINT_REPAIR start
[reference-sequence] seed=298 stage=transfer_0_blue_pick
[reference-sequence] seed=298 stage=transfer_0_blue_place
[reference-sequence] seed=298 stage=transfer_1_yellow_pick
[reference-sequence] seed=298 stage=transfer_1_yellow_place
[reference-sequence] seed=298 stage=transfer_2_blue_pick
[reference-sequence] seed=298 stage=transfer_2_blue_place
[reference-sequence] seed=298 stage=transfer_3_yellow_pick
[reference-sequence] seed=298 stage=transfer_3_yellow_place
{"seed": 298, "method": "MODEL_CONSTRAINT_REPAIR", "success": true, "model_calls": 1, "error": null}
[flexible-fixture] seed=299 method=MODEL_CONSTRAINT_REPAIR start
[reference-sequence] seed=299 stage=transfer_0_blue_pick
[reference-sequence] seed=299 stage=transfer_0_blue_place
[reference-sequence] seed=299 stage=transfer_1_yellow_pick
[reference-sequence] seed=299 stage=transfer_1_yellow_place
[reference-sequence] seed=299 stage=transfer_2_blue_pick
[reference-sequence] seed=299 stage=transfer_2_blue_place
[reference-sequence] seed=299 stage=transfer_3_yellow_pick
[reference-sequence] seed=299 stage=transfer_3_yellow_place
{"seed": 299, "method": "MODEL_CONSTRAINT_REPAIR", "success": true, "model_calls": 2, "error": null}
[flexible-fixture] seed=299 method=MODEL_DIRECT_REPLAN start
[reference-sequence] seed=299 stage=transfer_0_blue_pick
[reference-sequence] seed=299 stage=transfer_0_blue_place
[reference-sequence] seed=299 stage=transfer_1_yellow_pick
[reference-sequence] seed=299 stage=transfer_1_yellow_place
[reference-sequence] seed=299 stage=transfer_2_blue_pick
[reference-sequence] seed=299 stage=transfer_2_blue_place
[reference-sequence] seed=299 stage=transfer_3_yellow_pick
[reference-sequence] seed=299 stage=transfer_3_yellow_place
{"seed": 299, "method": "MODEL_DIRECT_REPLAN", "success": true, "model_calls": 1, "error": null}
[flexible-fixture] seed=300 method=MODEL_DIRECT_REPLAN start
[reference-sequence] seed=300 stage=transfer_0_blue_pick
[reference-sequence] seed=300 stage=transfer_0_blue_place
[reference-sequence] seed=300 stage=transfer_1_yellow_pick
[reference-sequence] seed=300 stage=transfer_1_yellow_place
[reference-sequence] seed=300 stage=transfer_2_blue_pick
[reference-sequence] seed=300 stage=transfer_2_blue_place
[reference-sequence] seed=300 stage=transfer_3_yellow_pick
[reference-sequence] seed=300 stage=transfer_3_yellow_place
{"seed": 300, "method": "MODEL_DIRECT_REPLAN", "success": true, "model_calls": 2, "error": null}
[flexible-fixture] seed=300 method=MODEL_CONSTRAINT_REPAIR start
[reference-sequence] seed=300 stage=transfer_0_blue_pick
[reference-sequence] seed=300 stage=transfer_0_blue_place
[reference-sequence] seed=300 stage=transfer_1_yellow_pick
[reference-sequence] seed=300 stage=transfer_1_yellow_place
[reference-sequence] seed=300 stage=transfer_2_blue_pick
[reference-sequence] seed=300 stage=transfer_2_blue_place
[reference-sequence] seed=300 stage=transfer_3_yellow_pick
[reference-sequence] seed=300 stage=transfer_3_yellow_place
{"seed": 300, "method": "MODEL_CONSTRAINT_REPAIR", "success": true, "model_calls": 1, "error": null}
{"completed_episodes": 60, "actual_model_calls": 90, "methods": {"MODEL_DIRECT_REPLAN": {"episodes": 30, "successes": 29, "accepted_remaining_repairs": 0, "accepted_execution_repairs": 30}, "MODEL_CONSTRAINT_REPAIR": {"episodes": 30, "successes": 29, "accepted_remaining_repairs": 0, "accepted_execution_repairs": 30}}}
[v8-formal] completed_at_utc=2026-10-04T05:16:11Z
