[flexible-fixture] seed=70 method=MODEL_DIRECT_REPLAN start
[reference-sequence] seed=70 stage=transfer_0_blue_pick
[reference-sequence] seed=70 stage=transfer_0_blue_place
[reference-sequence] seed=70 stage=transfer_1_blue_pick
[reference-sequence] seed=70 stage=transfer_1_blue_place
[reference-sequence] seed=70 stage=transfer_2_yellow_pick
[reference-sequence] seed=70 stage=transfer_2_yellow_place
{"seed": 70, "method": "MODEL_DIRECT_REPLAN", "success": true, "model_calls": 2, "error": null}
[flexible-fixture] seed=70 method=MODEL_CONSTRAINT_REPAIR start
[reference-sequence] seed=70 stage=transfer_0_blue_pick
[reference-sequence] seed=70 stage=transfer_0_blue_place
[reference-sequence] seed=70 stage=transfer_1_blue_pick
[reference-sequence] seed=70 stage=transfer_1_blue_place
[reference-sequence] seed=70 stage=transfer_2_yellow_pick
[reference-sequence] seed=70 stage=transfer_2_yellow_place
{"seed": 70, "method": "MODEL_CONSTRAINT_REPAIR", "success": true, "model_calls": 2, "error": null}
[flexible-fixture] seed=71 method=MODEL_CONSTRAINT_REPAIR start
[reference-sequence] seed=71 stage=transfer_0_blue_pick
[reference-sequence] seed=71 stage=transfer_0_blue_place
[reference-sequence] seed=71 stage=transfer_1_blue_pick
[reference-sequence] seed=71 stage=transfer_1_blue_place
[reference-sequence] seed=71 stage=transfer_2_yellow_pick
[reference-sequence] seed=71 stage=transfer_2_yellow_place
{"seed": 71, "method": "MODEL_CONSTRAINT_REPAIR", "success": true, "model_calls": 2, "error": null}
[flexible-fixture] seed=71 method=MODEL_DIRECT_REPLAN start
[reference-sequence] seed=71 stage=transfer_0_blue_pick
[reference-sequence] seed=71 stage=transfer_0_blue_place
[reference-sequence] seed=71 stage=transfer_1_blue_pick
[reference-sequence] seed=71 stage=transfer_1_blue_place
[reference-sequence] seed=71 stage=transfer_2_yellow_pick
[reference-sequence] seed=71 stage=transfer_2_yellow_place
{"seed": 71, "method": "MODEL_DIRECT_REPLAN", "success": true, "model_calls": 1, "error": null}
[flexible-fixture] seed=72 method=MODEL_DIRECT_REPLAN start
[reference-sequence] seed=72 stage=transfer_0_blue_pick
[reference-sequence] seed=72 stage=transfer_0_blue_place
[reference-sequence] seed=72 stage=transfer_1_blue_pick
[reference-sequence] seed=72 stage=transfer_1_blue_place
[reference-sequence] seed=72 stage=transfer_2_yellow_pick
[reference-sequence] seed=72 stage=transfer_2_yellow_place
{"seed": 72, "method": "MODEL_DIRECT_REPLAN", "success": true, "model_calls": 2, "error": null}
[flexible-fixture] seed=72 method=MODEL_CONSTRAINT_REPAIR start
[reference-sequence] seed=72 stage=transfer_0_blue_pick
[reference-sequence] seed=72 stage=transfer_0_blue_place
{"seed": 72, "method": "MODEL_CONSTRAINT_REPAIR", "success": false, "model_calls": 2, "error": "ValueError: flexible_remaining_repair_rejected"}
[flexible-fixture] seed=73 method=MODEL_CONSTRAINT_REPAIR start
[reference-sequence] seed=73 stage=transfer_0_blue_pick
[reference-sequence] seed=73 stage=transfer_0_blue_place
{"seed": 73, "method": "MODEL_CONSTRAINT_REPAIR", "success": false, "model_calls": 3, "error": "ValueError: flexible_remaining_repair_rejected"}
[flexible-fixture] seed=73 method=MODEL_DIRECT_REPLAN start
[reference-sequence] seed=73 stage=transfer_0_blue_pick
[reference-sequence] seed=73 stage=transfer_0_blue_place
[reference-sequence] seed=73 stage=transfer_1_blue_pick
[reference-sequence] seed=73 stage=transfer_1_blue_place
[reference-sequence] seed=73 stage=transfer_2_yellow_pick
[reference-sequence] seed=73 stage=transfer_2_yellow_place
{"seed": 73, "method": "MODEL_DIRECT_REPLAN", "success": true, "model_calls": 1, "error": null}
[flexible-fixture] seed=74 method=MODEL_DIRECT_REPLAN start
[reference-sequence] seed=74 stage=transfer_0_blue_pick
[reference-sequence] seed=74 stage=transfer_0_blue_place
[reference-sequence] seed=74 stage=transfer_1_blue_pick
[reference-sequence] seed=74 stage=transfer_1_blue_place
[reference-sequence] seed=74 stage=transfer_2_yellow_pick
[reference-sequence] seed=74 stage=transfer_2_yellow_place
{"seed": 74, "method": "MODEL_DIRECT_REPLAN", "success": true, "model_calls": 2, "error": null}
[flexible-fixture] seed=74 method=MODEL_CONSTRAINT_REPAIR start
[reference-sequence] seed=74 stage=transfer_0_blue_pick
[reference-sequence] seed=74 stage=transfer_0_blue_place
[reference-sequence] seed=74 stage=transfer_1_blue_pick
[reference-sequence] seed=74 stage=transfer_1_blue_place
[reference-sequence] seed=74 stage=transfer_2_yellow_pick
[reference-sequence] seed=74 stage=transfer_2_yellow_place
{"seed": 74, "method": "MODEL_CONSTRAINT_REPAIR", "success": true, "model_calls": 1, "error": null}
[flexible-fixture] seed=75 method=MODEL_CONSTRAINT_REPAIR start
[reference-sequence] seed=75 stage=transfer_0_blue_pick
[reference-sequence] seed=75 stage=transfer_0_blue_place
[reference-sequence] seed=75 stage=transfer_1_blue_pick
[reference-sequence] seed=75 stage=transfer_1_blue_place
[reference-sequence] seed=75 stage=transfer_2_yellow_pick
[reference-sequence] seed=75 stage=transfer_2_yellow_place
{"seed": 75, "method": "MODEL_CONSTRAINT_REPAIR", "success": true, "model_calls": 3, "error": null}
[flexible-fixture] seed=75 method=MODEL_DIRECT_REPLAN start
[reference-sequence] seed=75 stage=transfer_0_blue_pick
[reference-sequence] seed=75 stage=transfer_0_blue_place
[reference-sequence] seed=75 stage=transfer_1_blue_pick
[reference-sequence] seed=75 stage=transfer_1_blue_place
[reference-sequence] seed=75 stage=transfer_2_yellow_pick
[reference-sequence] seed=75 stage=transfer_2_yellow_place
{"seed": 75, "method": "MODEL_DIRECT_REPLAN", "success": true, "model_calls": 1, "error": null}
[flexible-fixture] seed=76 method=MODEL_DIRECT_REPLAN start
[reference-sequence] seed=76 stage=transfer_0_blue_pick
[reference-sequence] seed=76 stage=transfer_0_blue_place
[reference-sequence] seed=76 stage=transfer_1_blue_pick
[reference-sequence] seed=76 stage=transfer_1_blue_place
[reference-sequence] seed=76 stage=transfer_2_yellow_pick
[reference-sequence] seed=76 stage=transfer_2_yellow_place
{"seed": 76, "method": "MODEL_DIRECT_REPLAN", "success": true, "model_calls": 2, "error": null}
[flexible-fixture] seed=76 method=MODEL_CONSTRAINT_REPAIR start
[reference-sequence] seed=76 stage=transfer_0_blue_pick
[reference-sequence] seed=76 stage=transfer_0_blue_place
[reference-sequence] seed=76 stage=transfer_1_blue_pick
[reference-sequence] seed=76 stage=transfer_1_blue_place
[reference-sequence] seed=76 stage=transfer_2_yellow_pick
[reference-sequence] seed=76 stage=transfer_2_yellow_place
{"seed": 76, "method": "MODEL_CONSTRAINT_REPAIR", "success": true, "model_calls": 1, "error": null}
[flexible-fixture] seed=77 method=MODEL_CONSTRAINT_REPAIR start
[reference-sequence] seed=77 stage=transfer_0_blue_pick
[reference-sequence] seed=77 stage=transfer_0_blue_place
[reference-sequence] seed=77 stage=transfer_1_blue_pick
[reference-sequence] seed=77 stage=transfer_1_blue_place
[reference-sequence] seed=77 stage=transfer_2_yellow_pick
[reference-sequence] seed=77 stage=transfer_2_yellow_place
{"seed": 77, "method": "MODEL_CONSTRAINT_REPAIR", "success": true, "model_calls": 2, "error": null}
[flexible-fixture] seed=77 method=MODEL_DIRECT_REPLAN start
[reference-sequence] seed=77 stage=transfer_0_blue_pick
[reference-sequence] seed=77 stage=transfer_0_blue_place
[reference-sequence] seed=77 stage=transfer_1_blue_pick
[reference-sequence] seed=77 stage=transfer_1_blue_place
[reference-sequence] seed=77 stage=transfer_2_yellow_pick
[reference-sequence] seed=77 stage=transfer_2_yellow_place
{"seed": 77, "method": "MODEL_DIRECT_REPLAN", "success": true, "model_calls": 1, "error": null}
[flexible-fixture] seed=78 method=MODEL_DIRECT_REPLAN start
[reference-sequence] seed=78 stage=transfer_0_blue_pick
[reference-sequence] seed=78 stage=transfer_0_blue_place
[reference-sequence] seed=78 stage=transfer_1_blue_pick
[reference-sequence] seed=78 stage=transfer_1_blue_place
[reference-sequence] seed=78 stage=transfer_2_yellow_pick
[reference-sequence] seed=78 stage=transfer_2_yellow_place
{"seed": 78, "method": "MODEL_DIRECT_REPLAN", "success": true, "model_calls": 2, "error": null}
[flexible-fixture] seed=78 method=MODEL_CONSTRAINT_REPAIR start
[reference-sequence] seed=78 stage=transfer_0_blue_pick
[reference-sequence] seed=78 stage=transfer_0_blue_place
[reference-sequence] seed=78 stage=transfer_1_blue_pick
[reference-sequence] seed=78 stage=transfer_1_blue_place
[reference-sequence] seed=78 stage=transfer_2_yellow_pick
[reference-sequence] seed=78 stage=transfer_2_yellow_place
{"seed": 78, "method": "MODEL_CONSTRAINT_REPAIR", "success": true, "model_calls": 1, "error": null}
[flexible-fixture] seed=79 method=MODEL_CONSTRAINT_REPAIR start
[reference-sequence] seed=79 stage=transfer_0_blue_pick
[reference-sequence] seed=79 stage=transfer_0_blue_place
[reference-sequence] seed=79 stage=transfer_1_blue_pick
[reference-sequence] seed=79 stage=transfer_1_blue_place
[reference-sequence] seed=79 stage=transfer_2_yellow_pick
[reference-sequence] seed=79 stage=transfer_2_yellow_place
{"seed": 79, "method": "MODEL_CONSTRAINT_REPAIR", "success": true, "model_calls": 2, "error": null}
[flexible-fixture] seed=79 method=MODEL_DIRECT_REPLAN start
[reference-sequence] seed=79 stage=transfer_0_blue_pick
[reference-sequence] seed=79 stage=transfer_0_blue_place
[reference-sequence] seed=79 stage=transfer_1_blue_pick
[reference-sequence] seed=79 stage=transfer_1_blue_place
[reference-sequence] seed=79 stage=transfer_2_yellow_pick
[reference-sequence] seed=79 stage=transfer_2_yellow_place
{"seed": 79, "method": "MODEL_DIRECT_REPLAN", "success": true, "model_calls": 1, "error": null}
[flexible-fixture] seed=80 method=MODEL_DIRECT_REPLAN start
[reference-sequence] seed=80 stage=transfer_0_blue_pick
[reference-sequence] seed=80 stage=transfer_0_blue_place
[reference-sequence] seed=80 stage=transfer_1_blue_pick
[reference-sequence] seed=80 stage=transfer_1_blue_place
[reference-sequence] seed=80 stage=transfer_2_yellow_pick
[reference-sequence] seed=80 stage=transfer_2_yellow_place
{"seed": 80, "method": "MODEL_DIRECT_REPLAN", "success": true, "model_calls": 2, "error": null}
[flexible-fixture] seed=80 method=MODEL_CONSTRAINT_REPAIR start
[reference-sequence] seed=80 stage=transfer_0_blue_pick
[reference-sequence] seed=80 stage=transfer_0_blue_place
{"seed": 80, "method": "MODEL_CONSTRAINT_REPAIR", "success": false, "model_calls": 2, "error": "ValueError: flexible_remaining_repair_rejected"}
[flexible-fixture] seed=81 method=MODEL_CONSTRAINT_REPAIR start
[reference-sequence] seed=81 stage=transfer_0_blue_pick
[reference-sequence] seed=81 stage=transfer_0_blue_place
{"seed": 81, "method": "MODEL_CONSTRAINT_REPAIR", "success": false, "model_calls": 3, "error": "ValueError: flexible_remaining_repair_rejected"}
[flexible-fixture] seed=81 method=MODEL_DIRECT_REPLAN start
[reference-sequence] seed=81 stage=transfer_0_blue_pick
[reference-sequence] seed=81 stage=transfer_0_blue_place
[reference-sequence] seed=81 stage=transfer_1_blue_pick
[reference-sequence] seed=81 stage=transfer_1_blue_place
[reference-sequence] seed=81 stage=transfer_2_yellow_pick
[reference-sequence] seed=81 stage=transfer_2_yellow_place
{"seed": 81, "method": "MODEL_DIRECT_REPLAN", "success": true, "model_calls": 1, "error": null}
[flexible-fixture] seed=82 method=MODEL_DIRECT_REPLAN start
[reference-sequence] seed=82 stage=transfer_0_blue_pick
[reference-sequence] seed=82 stage=transfer_0_blue_place
[reference-sequence] seed=82 stage=transfer_1_blue_pick
[reference-sequence] seed=82 stage=transfer_1_blue_place
[reference-sequence] seed=82 stage=transfer_2_yellow_pick
[reference-sequence] seed=82 stage=transfer_2_yellow_place
{"seed": 82, "method": "MODEL_DIRECT_REPLAN", "success": true, "model_calls": 2, "error": null}
[flexible-fixture] seed=82 method=MODEL_CONSTRAINT_REPAIR start
[reference-sequence] seed=82 stage=transfer_0_blue_pick
[reference-sequence] seed=82 stage=transfer_0_blue_place
[reference-sequence] seed=82 stage=transfer_1_blue_pick
[reference-sequence] seed=82 stage=transfer_1_blue_place
[reference-sequence] seed=82 stage=transfer_2_yellow_pick
[reference-sequence] seed=82 stage=transfer_2_yellow_place
{"seed": 82, "method": "MODEL_CONSTRAINT_REPAIR", "success": true, "model_calls": 1, "error": null}
[flexible-fixture] seed=83 method=MODEL_CONSTRAINT_REPAIR start
[reference-sequence] seed=83 stage=transfer_0_blue_pick
[reference-sequence] seed=83 stage=transfer_0_blue_place
{"seed": 83, "method": "MODEL_CONSTRAINT_REPAIR", "success": false, "model_calls": 3, "error": "ValueError: flexible_remaining_repair_rejected"}
[flexible-fixture] seed=83 method=MODEL_DIRECT_REPLAN start
[reference-sequence] seed=83 stage=transfer_0_blue_pick
[reference-sequence] seed=83 stage=transfer_0_blue_place
[reference-sequence] seed=83 stage=transfer_1_blue_pick
[reference-sequence] seed=83 stage=transfer_1_blue_place
[reference-sequence] seed=83 stage=transfer_2_yellow_pick
[reference-sequence] seed=83 stage=transfer_2_yellow_place
{"seed": 83, "method": "MODEL_DIRECT_REPLAN", "success": true, "model_calls": 2, "error": null}
[flexible-fixture] seed=84 method=MODEL_DIRECT_REPLAN start
[reference-sequence] seed=84 stage=transfer_0_blue_pick
[reference-sequence] seed=84 stage=transfer_0_blue_place
[reference-sequence] seed=84 stage=transfer_1_blue_pick
[reference-sequence] seed=84 stage=transfer_1_blue_place
[reference-sequence] seed=84 stage=transfer_2_yellow_pick
[reference-sequence] seed=84 stage=transfer_2_yellow_place
{"seed": 84, "method": "MODEL_DIRECT_REPLAN", "success": true, "model_calls": 2, "error": null}
[flexible-fixture] seed=84 method=MODEL_CONSTRAINT_REPAIR start
[reference-sequence] seed=84 stage=transfer_0_blue_pick
[reference-sequence] seed=84 stage=transfer_0_blue_place
[reference-sequence] seed=84 stage=transfer_1_blue_pick
[reference-sequence] seed=84 stage=transfer_1_blue_place
[reference-sequence] seed=84 stage=transfer_2_yellow_pick
[reference-sequence] seed=84 stage=transfer_2_yellow_place
{"seed": 84, "method": "MODEL_CONSTRAINT_REPAIR", "success": true, "model_calls": 1, "error": null}
[flexible-fixture] seed=85 method=MODEL_CONSTRAINT_REPAIR start
[reference-sequence] seed=85 stage=transfer_0_blue_pick
[reference-sequence] seed=85 stage=transfer_0_blue_place
[reference-sequence] seed=85 stage=transfer_1_blue_pick
[reference-sequence] seed=85 stage=transfer_1_blue_place
[reference-sequence] seed=85 stage=transfer_2_yellow_pick
[reference-sequence] seed=85 stage=transfer_2_yellow_place
{"seed": 85, "method": "MODEL_CONSTRAINT_REPAIR", "success": true, "model_calls": 2, "error": null}
[flexible-fixture] seed=85 method=MODEL_DIRECT_REPLAN start
[reference-sequence] seed=85 stage=transfer_0_blue_pick
[reference-sequence] seed=85 stage=transfer_0_blue_place
[reference-sequence] seed=85 stage=transfer_1_blue_pick
[reference-sequence] seed=85 stage=transfer_1_blue_place
[reference-sequence] seed=85 stage=transfer_2_yellow_pick
[reference-sequence] seed=85 stage=transfer_2_yellow_place
{"seed": 85, "method": "MODEL_DIRECT_REPLAN", "success": true, "model_calls": 1, "error": null}
[flexible-fixture] seed=86 method=MODEL_DIRECT_REPLAN start
[reference-sequence] seed=86 stage=transfer_0_blue_pick
[reference-sequence] seed=86 stage=transfer_0_blue_place
[reference-sequence] seed=86 stage=transfer_1_blue_pick
[reference-sequence] seed=86 stage=transfer_1_blue_place
[reference-sequence] seed=86 stage=transfer_2_yellow_pick
[reference-sequence] seed=86 stage=transfer_2_yellow_place
{"seed": 86, "method": "MODEL_DIRECT_REPLAN", "success": true, "model_calls": 2, "error": null}
[flexible-fixture] seed=86 method=MODEL_CONSTRAINT_REPAIR start
[reference-sequence] seed=86 stage=transfer_0_blue_pick
[reference-sequence] seed=86 stage=transfer_0_blue_place
[reference-sequence] seed=86 stage=transfer_1_blue_pick
[reference-sequence] seed=86 stage=transfer_1_blue_place
[reference-sequence] seed=86 stage=transfer_2_yellow_pick
[reference-sequence] seed=86 stage=transfer_2_yellow_place
{"seed": 86, "method": "MODEL_CONSTRAINT_REPAIR", "success": true, "model_calls": 1, "error": null}
[flexible-fixture] seed=87 method=MODEL_CONSTRAINT_REPAIR start
[reference-sequence] seed=87 stage=transfer_0_blue_pick
[reference-sequence] seed=87 stage=transfer_0_blue_place
[reference-sequence] seed=87 stage=transfer_1_blue_pick
[reference-sequence] seed=87 stage=transfer_1_blue_place
[reference-sequence] seed=87 stage=transfer_2_yellow_pick
[reference-sequence] seed=87 stage=transfer_2_yellow_place
{"seed": 87, "method": "MODEL_CONSTRAINT_REPAIR", "success": true, "model_calls": 3, "error": null}
[flexible-fixture] seed=87 method=MODEL_DIRECT_REPLAN start
[reference-sequence] seed=87 stage=transfer_0_blue_pick
[reference-sequence] seed=87 stage=transfer_0_blue_place
[reference-sequence] seed=87 stage=transfer_1_blue_pick
[reference-sequence] seed=87 stage=transfer_1_blue_place
[reference-sequence] seed=87 stage=transfer_2_yellow_pick
[reference-sequence] seed=87 stage=transfer_2_yellow_place
{"seed": 87, "method": "MODEL_DIRECT_REPLAN", "success": true, "model_calls": 1, "error": null}
[flexible-fixture] seed=88 method=MODEL_DIRECT_REPLAN start
[reference-sequence] seed=88 stage=transfer_0_blue_pick
[reference-sequence] seed=88 stage=transfer_0_blue_place
[reference-sequence] seed=88 stage=transfer_1_blue_pick
[reference-sequence] seed=88 stage=transfer_1_blue_place
[reference-sequence] seed=88 stage=transfer_2_yellow_pick
[reference-sequence] seed=88 stage=transfer_2_yellow_place
{"seed": 88, "method": "MODEL_DIRECT_REPLAN", "success": true, "model_calls": 2, "error": null}
[flexible-fixture] seed=88 method=MODEL_CONSTRAINT_REPAIR start
[reference-sequence] seed=88 stage=transfer_0_blue_pick
[reference-sequence] seed=88 stage=transfer_0_blue_place
[reference-sequence] seed=88 stage=transfer_1_blue_pick
[reference-sequence] seed=88 stage=transfer_1_blue_place
[reference-sequence] seed=88 stage=transfer_2_yellow_pick
[reference-sequence] seed=88 stage=transfer_2_yellow_place
{"seed": 88, "method": "MODEL_CONSTRAINT_REPAIR", "success": true, "model_calls": 1, "error": null}
[flexible-fixture] seed=89 method=MODEL_CONSTRAINT_REPAIR start
[reference-sequence] seed=89 stage=transfer_0_blue_pick
[reference-sequence] seed=89 stage=transfer_0_blue_place
[reference-sequence] seed=89 stage=transfer_1_blue_pick
[reference-sequence] seed=89 stage=transfer_1_blue_place
[reference-sequence] seed=89 stage=transfer_2_yellow_pick
[reference-sequence] seed=89 stage=transfer_2_yellow_place
{"seed": 89, "method": "MODEL_CONSTRAINT_REPAIR", "success": true, "model_calls": 2, "error": null}
[flexible-fixture] seed=89 method=MODEL_DIRECT_REPLAN start
[reference-sequence] seed=89 stage=transfer_0_blue_pick
[reference-sequence] seed=89 stage=transfer_0_blue_place
[reference-sequence] seed=89 stage=transfer_1_blue_pick
[reference-sequence] seed=89 stage=transfer_1_blue_place
[reference-sequence] seed=89 stage=transfer_2_yellow_pick
[reference-sequence] seed=89 stage=transfer_2_yellow_place
{"seed": 89, "method": "MODEL_DIRECT_REPLAN", "success": true, "model_calls": 1, "error": null}
[flexible-fixture] seed=90 method=MODEL_DIRECT_REPLAN start
[reference-sequence] seed=90 stage=transfer_0_blue_pick
[reference-sequence] seed=90 stage=transfer_0_blue_place
[reference-sequence] seed=90 stage=transfer_1_blue_pick
[reference-sequence] seed=90 stage=transfer_1_blue_place
[reference-sequence] seed=90 stage=transfer_2_yellow_pick
[reference-sequence] seed=90 stage=transfer_2_yellow_place
{"seed": 90, "method": "MODEL_DIRECT_REPLAN", "success": true, "model_calls": 2, "error": null}
[flexible-fixture] seed=90 method=MODEL_CONSTRAINT_REPAIR start
[reference-sequence] seed=90 stage=transfer_0_blue_pick
[reference-sequence] seed=90 stage=transfer_0_blue_place
[reference-sequence] seed=90 stage=transfer_1_blue_pick
[reference-sequence] seed=90 stage=transfer_1_blue_place
[reference-sequence] seed=90 stage=transfer_2_yellow_pick
[reference-sequence] seed=90 stage=transfer_2_yellow_place
{"seed": 90, "method": "MODEL_CONSTRAINT_REPAIR", "success": true, "model_calls": 1, "error": null}
[flexible-fixture] seed=91 method=MODEL_CONSTRAINT_REPAIR start
[reference-sequence] seed=91 stage=transfer_0_blue_pick
[reference-sequence] seed=91 stage=transfer_0_blue_place
[reference-sequence] seed=91 stage=transfer_1_blue_pick
[reference-sequence] seed=91 stage=transfer_1_blue_place
[reference-sequence] seed=91 stage=transfer_2_yellow_pick
[reference-sequence] seed=91 stage=transfer_2_yellow_place
{"seed": 91, "method": "MODEL_CONSTRAINT_REPAIR", "success": true, "model_calls": 2, "error": null}
[flexible-fixture] seed=91 method=MODEL_DIRECT_REPLAN start
[reference-sequence] seed=91 stage=transfer_0_blue_pick
[reference-sequence] seed=91 stage=transfer_0_blue_place
[reference-sequence] seed=91 stage=transfer_1_blue_pick
[reference-sequence] seed=91 stage=transfer_1_blue_place
[reference-sequence] seed=91 stage=transfer_2_yellow_pick
[reference-sequence] seed=91 stage=transfer_2_yellow_place
{"seed": 91, "method": "MODEL_DIRECT_REPLAN", "success": true, "model_calls": 1, "error": null}
[flexible-fixture] seed=92 method=MODEL_DIRECT_REPLAN start
[reference-sequence] seed=92 stage=transfer_0_blue_pick
[reference-sequence] seed=92 stage=transfer_0_blue_place
[reference-sequence] seed=92 stage=transfer_1_blue_pick
[reference-sequence] seed=92 stage=transfer_1_blue_place
[reference-sequence] seed=92 stage=transfer_2_yellow_pick
[reference-sequence] seed=92 stage=transfer_2_yellow_place
{"seed": 92, "method": "MODEL_DIRECT_REPLAN", "success": true, "model_calls": 2, "error": null}
[flexible-fixture] seed=92 method=MODEL_CONSTRAINT_REPAIR start
[reference-sequence] seed=92 stage=transfer_0_blue_pick
[reference-sequence] seed=92 stage=transfer_0_blue_place
[reference-sequence] seed=92 stage=transfer_1_blue_pick
[reference-sequence] seed=92 stage=transfer_1_blue_place
[reference-sequence] seed=92 stage=transfer_2_yellow_pick
[reference-sequence] seed=92 stage=transfer_2_yellow_place
{"seed": 92, "method": "MODEL_CONSTRAINT_REPAIR", "success": true, "model_calls": 1, "error": null}
[flexible-fixture] seed=93 method=MODEL_CONSTRAINT_REPAIR start
[reference-sequence] seed=93 stage=transfer_0_blue_pick
[reference-sequence] seed=93 stage=transfer_0_blue_place
[reference-sequence] seed=93 stage=transfer_1_blue_pick
[reference-sequence] seed=93 stage=transfer_1_blue_place
[reference-sequence] seed=93 stage=transfer_2_yellow_pick
[reference-sequence] seed=93 stage=transfer_2_yellow_place
{"seed": 93, "method": "MODEL_CONSTRAINT_REPAIR", "success": true, "model_calls": 2, "error": null}
[flexible-fixture] seed=93 method=MODEL_DIRECT_REPLAN start
[reference-sequence] seed=93 stage=transfer_0_blue_pick
[reference-sequence] seed=93 stage=transfer_0_blue_place
[reference-sequence] seed=93 stage=transfer_1_blue_pick
[reference-sequence] seed=93 stage=transfer_1_blue_place
[reference-sequence] seed=93 stage=transfer_2_yellow_pick
[reference-sequence] seed=93 stage=transfer_2_yellow_place
{"seed": 93, "method": "MODEL_DIRECT_REPLAN", "success": true, "model_calls": 1, "error": null}
[flexible-fixture] seed=94 method=MODEL_DIRECT_REPLAN start
[reference-sequence] seed=94 stage=transfer_0_blue_pick
[reference-sequence] seed=94 stage=transfer_0_blue_place
[reference-sequence] seed=94 stage=transfer_1_blue_pick
[reference-sequence] seed=94 stage=transfer_1_blue_place
[reference-sequence] seed=94 stage=transfer_2_yellow_pick
[reference-sequence] seed=94 stage=transfer_2_yellow_place
{"seed": 94, "method": "MODEL_DIRECT_REPLAN", "success": true, "model_calls": 2, "error": null}
[flexible-fixture] seed=94 method=MODEL_CONSTRAINT_REPAIR start
[reference-sequence] seed=94 stage=transfer_0_blue_pick
[reference-sequence] seed=94 stage=transfer_0_blue_place
[reference-sequence] seed=94 stage=transfer_1_blue_pick
[reference-sequence] seed=94 stage=transfer_1_blue_place
[reference-sequence] seed=94 stage=transfer_2_yellow_pick
[reference-sequence] seed=94 stage=transfer_2_yellow_place
{"seed": 94, "method": "MODEL_CONSTRAINT_REPAIR", "success": true, "model_calls": 1, "error": null}
[flexible-fixture] seed=95 method=MODEL_CONSTRAINT_REPAIR start
[reference-sequence] seed=95 stage=transfer_0_blue_pick
[reference-sequence] seed=95 stage=transfer_0_blue_place
[reference-sequence] seed=95 stage=transfer_1_blue_pick
[reference-sequence] seed=95 stage=transfer_1_blue_place
[reference-sequence] seed=95 stage=transfer_2_yellow_pick
[reference-sequence] seed=95 stage=transfer_2_yellow_place
{"seed": 95, "method": "MODEL_CONSTRAINT_REPAIR", "success": true, "model_calls": 2, "error": null}
[flexible-fixture] seed=95 method=MODEL_DIRECT_REPLAN start
[reference-sequence] seed=95 stage=transfer_0_blue_pick
[reference-sequence] seed=95 stage=transfer_0_blue_place
[reference-sequence] seed=95 stage=transfer_1_blue_pick
[reference-sequence] seed=95 stage=transfer_1_blue_place
[reference-sequence] seed=95 stage=transfer_2_yellow_pick
[reference-sequence] seed=95 stage=transfer_2_yellow_place
{"seed": 95, "method": "MODEL_DIRECT_REPLAN", "success": true, "model_calls": 1, "error": null}
[flexible-fixture] seed=96 method=MODEL_DIRECT_REPLAN start
[reference-sequence] seed=96 stage=transfer_0_blue_pick
[reference-sequence] seed=96 stage=transfer_0_blue_place
[reference-sequence] seed=96 stage=transfer_1_blue_pick
[reference-sequence] seed=96 stage=transfer_1_blue_place
[reference-sequence] seed=96 stage=transfer_2_yellow_pick
[reference-sequence] seed=96 stage=transfer_2_yellow_place
{"seed": 96, "method": "MODEL_DIRECT_REPLAN", "success": true, "model_calls": 2, "error": null}
[flexible-fixture] seed=96 method=MODEL_CONSTRAINT_REPAIR start
[reference-sequence] seed=96 stage=transfer_0_blue_pick
[reference-sequence] seed=96 stage=transfer_0_blue_place
[reference-sequence] seed=96 stage=transfer_1_blue_pick
[reference-sequence] seed=96 stage=transfer_1_blue_place
[reference-sequence] seed=96 stage=transfer_2_yellow_pick
[reference-sequence] seed=96 stage=transfer_2_yellow_place
{"seed": 96, "method": "MODEL_CONSTRAINT_REPAIR", "success": true, "model_calls": 1, "error": null}
[flexible-fixture] seed=97 method=MODEL_CONSTRAINT_REPAIR start
[reference-sequence] seed=97 stage=transfer_0_blue_pick
[reference-sequence] seed=97 stage=transfer_0_blue_place
{"seed": 97, "method": "MODEL_CONSTRAINT_REPAIR", "success": false, "model_calls": 3, "error": "ValueError: flexible_remaining_repair_rejected"}
[flexible-fixture] seed=97 method=MODEL_DIRECT_REPLAN start
[reference-sequence] seed=97 stage=transfer_0_blue_pick
[reference-sequence] seed=97 stage=transfer_0_blue_place
[reference-sequence] seed=97 stage=transfer_1_blue_pick
[reference-sequence] seed=97 stage=transfer_1_blue_place
[reference-sequence] seed=97 stage=transfer_2_yellow_pick
[reference-sequence] seed=97 stage=transfer_2_yellow_place
{"seed": 97, "method": "MODEL_DIRECT_REPLAN", "success": true, "model_calls": 1, "error": null}
[flexible-fixture] seed=98 method=MODEL_DIRECT_REPLAN start
[reference-sequence] seed=98 stage=transfer_0_blue_pick
[reference-sequence] seed=98 stage=transfer_0_blue_place
[reference-sequence] seed=98 stage=transfer_1_blue_pick
[reference-sequence] seed=98 stage=transfer_1_blue_place
[reference-sequence] seed=98 stage=transfer_2_yellow_pick
[reference-sequence] seed=98 stage=transfer_2_yellow_place
{"seed": 98, "method": "MODEL_DIRECT_REPLAN", "success": true, "model_calls": 2, "error": null}
[flexible-fixture] seed=98 method=MODEL_CONSTRAINT_REPAIR start
[reference-sequence] seed=98 stage=transfer_0_blue_pick
[reference-sequence] seed=98 stage=transfer_0_blue_place
[reference-sequence] seed=98 stage=transfer_1_blue_pick
[reference-sequence] seed=98 stage=transfer_1_blue_place
[reference-sequence] seed=98 stage=transfer_2_yellow_pick
[reference-sequence] seed=98 stage=transfer_2_yellow_place
{"seed": 98, "method": "MODEL_CONSTRAINT_REPAIR", "success": true, "model_calls": 1, "error": null}
[flexible-fixture] seed=99 method=MODEL_CONSTRAINT_REPAIR start
[reference-sequence] seed=99 stage=transfer_0_blue_pick
[reference-sequence] seed=99 stage=transfer_0_blue_place
[reference-sequence] seed=99 stage=transfer_1_blue_pick
[reference-sequence] seed=99 stage=transfer_1_blue_place
[reference-sequence] seed=99 stage=transfer_2_yellow_pick
[reference-sequence] seed=99 stage=transfer_2_yellow_place
{"seed": 99, "method": "MODEL_CONSTRAINT_REPAIR", "success": true, "model_calls": 3, "error": null}
[flexible-fixture] seed=99 method=MODEL_DIRECT_REPLAN start
[reference-sequence] seed=99 stage=transfer_0_blue_pick
[reference-sequence] seed=99 stage=transfer_0_blue_place
[reference-sequence] seed=99 stage=transfer_1_blue_pick
[reference-sequence] seed=99 stage=transfer_1_blue_place
[reference-sequence] seed=99 stage=transfer_2_yellow_pick
[reference-sequence] seed=99 stage=transfer_2_yellow_place
{"seed": 99, "method": "MODEL_DIRECT_REPLAN", "success": true, "model_calls": 1, "error": null}
[flexible-fixture] seed=100 method=MODEL_DIRECT_REPLAN start
[reference-sequence] seed=100 stage=transfer_0_blue_pick
[reference-sequence] seed=100 stage=transfer_0_blue_place
[reference-sequence] seed=100 stage=transfer_1_blue_pick
[reference-sequence] seed=100 stage=transfer_1_blue_place
[reference-sequence] seed=100 stage=transfer_2_yellow_pick
[reference-sequence] seed=100 stage=transfer_2_yellow_place
{"seed": 100, "method": "MODEL_DIRECT_REPLAN", "success": true, "model_calls": 2, "error": null}
[flexible-fixture] seed=100 method=MODEL_CONSTRAINT_REPAIR start
[reference-sequence] seed=100 stage=transfer_0_blue_pick
[reference-sequence] seed=100 stage=transfer_0_blue_place
[reference-sequence] seed=100 stage=transfer_1_blue_pick
[reference-sequence] seed=100 stage=transfer_1_blue_place
[reference-sequence] seed=100 stage=transfer_2_yellow_pick
[reference-sequence] seed=100 stage=transfer_2_yellow_place
{"seed": 100, "method": "MODEL_CONSTRAINT_REPAIR", "success": true, "model_calls": 1, "error": null}
[flexible-fixture] seed=101 method=MODEL_CONSTRAINT_REPAIR start
[reference-sequence] seed=101 stage=transfer_0_blue_pick
[reference-sequence] seed=101 stage=transfer_0_blue_place
{"seed": 101, "method": "MODEL_CONSTRAINT_REPAIR", "success": false, "model_calls": 3, "error": "ValueError: flexible_remaining_repair_rejected"}
[flexible-fixture] seed=101 method=MODEL_DIRECT_REPLAN start
[reference-sequence] seed=101 stage=transfer_0_blue_pick
[reference-sequence] seed=101 stage=transfer_0_blue_place
[reference-sequence] seed=101 stage=transfer_1_blue_pick
[reference-sequence] seed=101 stage=transfer_1_blue_place
[reference-sequence] seed=101 stage=transfer_2_yellow_pick
[reference-sequence] seed=101 stage=transfer_2_yellow_place
{"seed": 101, "method": "MODEL_DIRECT_REPLAN", "success": true, "model_calls": 1, "error": null}
[flexible-fixture] seed=102 method=MODEL_DIRECT_REPLAN start
[reference-sequence] seed=102 stage=transfer_0_blue_pick
[reference-sequence] seed=102 stage=transfer_0_blue_place
[reference-sequence] seed=102 stage=transfer_1_blue_pick
[reference-sequence] seed=102 stage=transfer_1_blue_place
[reference-sequence] seed=102 stage=transfer_2_yellow_pick
[reference-sequence] seed=102 stage=transfer_2_yellow_place
{"seed": 102, "method": "MODEL_DIRECT_REPLAN", "success": true, "model_calls": 2, "error": null}
[flexible-fixture] seed=102 method=MODEL_CONSTRAINT_REPAIR start
[reference-sequence] seed=102 stage=transfer_0_blue_pick
[reference-sequence] seed=102 stage=transfer_0_blue_place
[reference-sequence] seed=102 stage=transfer_1_blue_pick
[reference-sequence] seed=102 stage=transfer_1_blue_place
[reference-sequence] seed=102 stage=transfer_2_yellow_pick
[reference-sequence] seed=102 stage=transfer_2_yellow_place
{"seed": 102, "method": "MODEL_CONSTRAINT_REPAIR", "success": true, "model_calls": 1, "error": null}
[flexible-fixture] seed=103 method=MODEL_CONSTRAINT_REPAIR start
[reference-sequence] seed=103 stage=transfer_0_blue_pick
[reference-sequence] seed=103 stage=transfer_0_blue_place
[reference-sequence] seed=103 stage=transfer_1_blue_pick
[reference-sequence] seed=103 stage=transfer_1_blue_place
[reference-sequence] seed=103 stage=transfer_2_yellow_pick
[reference-sequence] seed=103 stage=transfer_2_yellow_place
{"seed": 103, "method": "MODEL_CONSTRAINT_REPAIR", "success": true, "model_calls": 3, "error": null}
[flexible-fixture] seed=103 method=MODEL_DIRECT_REPLAN start
[reference-sequence] seed=103 stage=transfer_0_blue_pick
[reference-sequence] seed=103 stage=transfer_0_blue_place
[reference-sequence] seed=103 stage=transfer_1_blue_pick
[reference-sequence] seed=103 stage=transfer_1_blue_place
[reference-sequence] seed=103 stage=transfer_2_yellow_pick
[reference-sequence] seed=103 stage=transfer_2_yellow_place
{"seed": 103, "method": "MODEL_DIRECT_REPLAN", "success": true, "model_calls": 1, "error": null}
[flexible-fixture] seed=104 method=MODEL_DIRECT_REPLAN start
[reference-sequence] seed=104 stage=transfer_0_blue_pick
[reference-sequence] seed=104 stage=transfer_0_blue_place
[reference-sequence] seed=104 stage=transfer_1_blue_pick
[reference-sequence] seed=104 stage=transfer_1_blue_place
[reference-sequence] seed=104 stage=transfer_2_yellow_pick
[reference-sequence] seed=104 stage=transfer_2_yellow_place
{"seed": 104, "method": "MODEL_DIRECT_REPLAN", "success": true, "model_calls": 2, "error": null}
[flexible-fixture] seed=104 method=MODEL_CONSTRAINT_REPAIR start
[reference-sequence] seed=104 stage=transfer_0_blue_pick
[reference-sequence] seed=104 stage=transfer_0_blue_place
{"seed": 104, "method": "MODEL_CONSTRAINT_REPAIR", "success": false, "model_calls": 2, "error": "ValueError: flexible_remaining_repair_rejected"}
[flexible-fixture] seed=105 method=MODEL_CONSTRAINT_REPAIR start
[reference-sequence] seed=105 stage=transfer_0_blue_pick
[reference-sequence] seed=105 stage=transfer_0_blue_place
[reference-sequence] seed=105 stage=transfer_1_blue_pick
[reference-sequence] seed=105 stage=transfer_1_blue_place
[reference-sequence] seed=105 stage=transfer_2_yellow_pick
[reference-sequence] seed=105 stage=transfer_2_yellow_place
{"seed": 105, "method": "MODEL_CONSTRAINT_REPAIR", "success": true, "model_calls": 2, "error": null}
[flexible-fixture] seed=105 method=MODEL_DIRECT_REPLAN start
[reference-sequence] seed=105 stage=transfer_0_blue_pick
[reference-sequence] seed=105 stage=transfer_0_blue_place
[reference-sequence] seed=105 stage=transfer_1_blue_pick
[reference-sequence] seed=105 stage=transfer_1_blue_place
[reference-sequence] seed=105 stage=transfer_2_yellow_pick
[reference-sequence] seed=105 stage=transfer_2_yellow_place
{"seed": 105, "method": "MODEL_DIRECT_REPLAN", "success": true, "model_calls": 1, "error": null}
[flexible-fixture] seed=106 method=MODEL_DIRECT_REPLAN start
[reference-sequence] seed=106 stage=transfer_0_blue_pick
[reference-sequence] seed=106 stage=transfer_0_blue_place
[reference-sequence] seed=106 stage=transfer_1_blue_pick
[reference-sequence] seed=106 stage=transfer_1_blue_place
[reference-sequence] seed=106 stage=transfer_2_yellow_pick
[reference-sequence] seed=106 stage=transfer_2_yellow_place
{"seed": 106, "method": "MODEL_DIRECT_REPLAN", "success": true, "model_calls": 2, "error": null}
[flexible-fixture] seed=106 method=MODEL_CONSTRAINT_REPAIR start
[reference-sequence] seed=106 stage=transfer_0_blue_pick
[reference-sequence] seed=106 stage=transfer_0_blue_place
[reference-sequence] seed=106 stage=transfer_1_blue_pick
[reference-sequence] seed=106 stage=transfer_1_blue_place
[reference-sequence] seed=106 stage=transfer_2_yellow_pick
[reference-sequence] seed=106 stage=transfer_2_yellow_place
{"seed": 106, "method": "MODEL_CONSTRAINT_REPAIR", "success": true, "model_calls": 1, "error": null}
[flexible-fixture] seed=107 method=MODEL_CONSTRAINT_REPAIR start
[reference-sequence] seed=107 stage=transfer_0_blue_pick
[reference-sequence] seed=107 stage=transfer_0_blue_place
[reference-sequence] seed=107 stage=transfer_1_blue_pick
[reference-sequence] seed=107 stage=transfer_1_blue_place
[reference-sequence] seed=107 stage=transfer_2_yellow_pick
[reference-sequence] seed=107 stage=transfer_2_yellow_place
{"seed": 107, "method": "MODEL_CONSTRAINT_REPAIR", "success": true, "model_calls": 2, "error": null}
[flexible-fixture] seed=107 method=MODEL_DIRECT_REPLAN start
[reference-sequence] seed=107 stage=transfer_0_blue_pick
[reference-sequence] seed=107 stage=transfer_0_blue_place
[reference-sequence] seed=107 stage=transfer_1_blue_pick
[reference-sequence] seed=107 stage=transfer_1_blue_place
[reference-sequence] seed=107 stage=transfer_2_yellow_pick
[reference-sequence] seed=107 stage=transfer_2_yellow_place
{"seed": 107, "method": "MODEL_DIRECT_REPLAN", "success": true, "model_calls": 1, "error": null}
[flexible-fixture] seed=108 method=MODEL_DIRECT_REPLAN start
[reference-sequence] seed=108 stage=transfer_0_blue_pick
[reference-sequence] seed=108 stage=transfer_0_blue_place
[reference-sequence] seed=108 stage=transfer_1_blue_pick
[reference-sequence] seed=108 stage=transfer_1_blue_place
[reference-sequence] seed=108 stage=transfer_2_yellow_pick
[reference-sequence] seed=108 stage=transfer_2_yellow_place
{"seed": 108, "method": "MODEL_DIRECT_REPLAN", "success": true, "model_calls": 2, "error": null}
[flexible-fixture] seed=108 method=MODEL_CONSTRAINT_REPAIR start
[reference-sequence] seed=108 stage=transfer_0_blue_pick
[reference-sequence] seed=108 stage=transfer_0_blue_place
[reference-sequence] seed=108 stage=transfer_1_blue_pick
[reference-sequence] seed=108 stage=transfer_1_blue_place
[reference-sequence] seed=108 stage=transfer_2_yellow_pick
[reference-sequence] seed=108 stage=transfer_2_yellow_place
{"seed": 108, "method": "MODEL_CONSTRAINT_REPAIR", "success": true, "model_calls": 1, "error": null}
[flexible-fixture] seed=109 method=MODEL_CONSTRAINT_REPAIR start
[reference-sequence] seed=109 stage=transfer_0_blue_pick
[reference-sequence] seed=109 stage=transfer_0_blue_place
[reference-sequence] seed=109 stage=transfer_1_blue_pick
[reference-sequence] seed=109 stage=transfer_1_blue_place
[reference-sequence] seed=109 stage=transfer_2_yellow_pick
[reference-sequence] seed=109 stage=transfer_2_yellow_place
{"seed": 109, "method": "MODEL_CONSTRAINT_REPAIR", "success": true, "model_calls": 2, "error": null}
[flexible-fixture] seed=109 method=MODEL_DIRECT_REPLAN start
[reference-sequence] seed=109 stage=transfer_0_blue_pick
[reference-sequence] seed=109 stage=transfer_0_blue_place
[reference-sequence] seed=109 stage=transfer_1_blue_pick
[reference-sequence] seed=109 stage=transfer_1_blue_place
[reference-sequence] seed=109 stage=transfer_2_yellow_pick
[reference-sequence] seed=109 stage=transfer_2_yellow_place
{"seed": 109, "method": "MODEL_DIRECT_REPLAN", "success": true, "model_calls": 1, "error": null}
[flexible-fixture] seed=110 method=MODEL_DIRECT_REPLAN start
[reference-sequence] seed=110 stage=transfer_0_blue_pick
[reference-sequence] seed=110 stage=transfer_0_blue_place
[reference-sequence] seed=110 stage=transfer_1_blue_pick
[reference-sequence] seed=110 stage=transfer_1_blue_place
[reference-sequence] seed=110 stage=transfer_2_yellow_pick
[reference-sequence] seed=110 stage=transfer_2_yellow_place
{"seed": 110, "method": "MODEL_DIRECT_REPLAN", "success": true, "model_calls": 2, "error": null}
[flexible-fixture] seed=110 method=MODEL_CONSTRAINT_REPAIR start
[reference-sequence] seed=110 stage=transfer_0_blue_pick
[reference-sequence] seed=110 stage=transfer_0_blue_place
[reference-sequence] seed=110 stage=transfer_1_blue_pick
[reference-sequence] seed=110 stage=transfer_1_blue_place
[reference-sequence] seed=110 stage=transfer_2_yellow_pick
[reference-sequence] seed=110 stage=transfer_2_yellow_place
{"seed": 110, "method": "MODEL_CONSTRAINT_REPAIR", "success": true, "model_calls": 1, "error": null}
[flexible-fixture] seed=111 method=MODEL_CONSTRAINT_REPAIR start
[reference-sequence] seed=111 stage=transfer_0_blue_pick
[reference-sequence] seed=111 stage=transfer_0_blue_place
[reference-sequence] seed=111 stage=transfer_1_blue_pick
[reference-sequence] seed=111 stage=transfer_1_blue_place
[reference-sequence] seed=111 stage=transfer_2_yellow_pick
[reference-sequence] seed=111 stage=transfer_2_yellow_place
{"seed": 111, "method": "MODEL_CONSTRAINT_REPAIR", "success": true, "model_calls": 2, "error": null}
[flexible-fixture] seed=111 method=MODEL_DIRECT_REPLAN start
[reference-sequence] seed=111 stage=transfer_0_blue_pick
[reference-sequence] seed=111 stage=transfer_0_blue_place
[reference-sequence] seed=111 stage=transfer_1_blue_pick
[reference-sequence] seed=111 stage=transfer_1_blue_place
[reference-sequence] seed=111 stage=transfer_2_yellow_pick
[reference-sequence] seed=111 stage=transfer_2_yellow_place
{"seed": 111, "method": "MODEL_DIRECT_REPLAN", "success": true, "model_calls": 1, "error": null}
[flexible-fixture] seed=112 method=MODEL_DIRECT_REPLAN start
[reference-sequence] seed=112 stage=transfer_0_blue_pick
[reference-sequence] seed=112 stage=transfer_0_blue_place
[reference-sequence] seed=112 stage=transfer_1_blue_pick
[reference-sequence] seed=112 stage=transfer_1_blue_place
[reference-sequence] seed=112 stage=transfer_2_yellow_pick
[reference-sequence] seed=112 stage=transfer_2_yellow_place
{"seed": 112, "method": "MODEL_DIRECT_REPLAN", "success": true, "model_calls": 2, "error": null}
[flexible-fixture] seed=112 method=MODEL_CONSTRAINT_REPAIR start
[reference-sequence] seed=112 stage=transfer_0_blue_pick
[reference-sequence] seed=112 stage=transfer_0_blue_place
[reference-sequence] seed=112 stage=transfer_1_blue_pick
[reference-sequence] seed=112 stage=transfer_1_blue_place
[reference-sequence] seed=112 stage=transfer_2_yellow_pick
[reference-sequence] seed=112 stage=transfer_2_yellow_place
{"seed": 112, "method": "MODEL_CONSTRAINT_REPAIR", "success": true, "model_calls": 1, "error": null}
[flexible-fixture] seed=113 method=MODEL_CONSTRAINT_REPAIR start
[reference-sequence] seed=113 stage=transfer_0_blue_pick
[reference-sequence] seed=113 stage=transfer_0_blue_place
[reference-sequence] seed=113 stage=transfer_1_blue_pick
[reference-sequence] seed=113 stage=transfer_1_blue_place
[reference-sequence] seed=113 stage=transfer_2_yellow_pick
[reference-sequence] seed=113 stage=transfer_2_yellow_place
{"seed": 113, "method": "MODEL_CONSTRAINT_REPAIR", "success": true, "model_calls": 2, "error": null}
[flexible-fixture] seed=113 method=MODEL_DIRECT_REPLAN start
[reference-sequence] seed=113 stage=transfer_0_blue_pick
[reference-sequence] seed=113 stage=transfer_0_blue_place
[reference-sequence] seed=113 stage=transfer_1_blue_pick
[reference-sequence] seed=113 stage=transfer_1_blue_place
[reference-sequence] seed=113 stage=transfer_2_yellow_pick
[reference-sequence] seed=113 stage=transfer_2_yellow_place
{"seed": 113, "method": "MODEL_DIRECT_REPLAN", "success": true, "model_calls": 1, "error": null}
[flexible-fixture] seed=114 method=MODEL_DIRECT_REPLAN start
[reference-sequence] seed=114 stage=transfer_0_blue_pick
[reference-sequence] seed=114 stage=transfer_0_blue_place
[reference-sequence] seed=114 stage=transfer_1_blue_pick
[reference-sequence] seed=114 stage=transfer_1_blue_place
[reference-sequence] seed=114 stage=transfer_2_yellow_pick
[reference-sequence] seed=114 stage=transfer_2_yellow_place
{"seed": 114, "method": "MODEL_DIRECT_REPLAN", "success": true, "model_calls": 2, "error": null}
[flexible-fixture] seed=114 method=MODEL_CONSTRAINT_REPAIR start
[reference-sequence] seed=114 stage=transfer_0_blue_pick
[reference-sequence] seed=114 stage=transfer_0_blue_place
[reference-sequence] seed=114 stage=transfer_1_blue_pick
[reference-sequence] seed=114 stage=transfer_1_blue_place
[reference-sequence] seed=114 stage=transfer_2_yellow_pick
[reference-sequence] seed=114 stage=transfer_2_yellow_place
{"seed": 114, "method": "MODEL_CONSTRAINT_REPAIR", "success": true, "model_calls": 1, "error": null}
[flexible-fixture] seed=115 method=MODEL_CONSTRAINT_REPAIR start
[reference-sequence] seed=115 stage=transfer_0_blue_pick
[reference-sequence] seed=115 stage=transfer_0_blue_place
[reference-sequence] seed=115 stage=transfer_1_blue_pick
[reference-sequence] seed=115 stage=transfer_1_blue_place
[reference-sequence] seed=115 stage=transfer_2_yellow_pick
[reference-sequence] seed=115 stage=transfer_2_yellow_place
{"seed": 115, "method": "MODEL_CONSTRAINT_REPAIR", "success": true, "model_calls": 2, "error": null}
[flexible-fixture] seed=115 method=MODEL_DIRECT_REPLAN start
[reference-sequence] seed=115 stage=transfer_0_blue_pick
[reference-sequence] seed=115 stage=transfer_0_blue_place
[reference-sequence] seed=115 stage=transfer_1_blue_pick
[reference-sequence] seed=115 stage=transfer_1_blue_place
[reference-sequence] seed=115 stage=transfer_2_yellow_pick
[reference-sequence] seed=115 stage=transfer_2_yellow_place
{"seed": 115, "method": "MODEL_DIRECT_REPLAN", "success": true, "model_calls": 1, "error": null}
[flexible-fixture] seed=116 method=MODEL_DIRECT_REPLAN start
[reference-sequence] seed=116 stage=transfer_0_blue_pick
[reference-sequence] seed=116 stage=transfer_0_blue_place
[reference-sequence] seed=116 stage=transfer_1_blue_pick
[reference-sequence] seed=116 stage=transfer_1_blue_place
[reference-sequence] seed=116 stage=transfer_2_yellow_pick
[reference-sequence] seed=116 stage=transfer_2_yellow_place
{"seed": 116, "method": "MODEL_DIRECT_REPLAN", "success": true, "model_calls": 3, "error": null}
[flexible-fixture] seed=116 method=MODEL_CONSTRAINT_REPAIR start
[reference-sequence] seed=116 stage=transfer_0_blue_pick
[reference-sequence] seed=116 stage=transfer_0_blue_place
[reference-sequence] seed=116 stage=transfer_1_blue_pick
[reference-sequence] seed=116 stage=transfer_1_blue_place
[reference-sequence] seed=116 stage=transfer_2_yellow_pick
[reference-sequence] seed=116 stage=transfer_2_yellow_place
{"seed": 116, "method": "MODEL_CONSTRAINT_REPAIR", "success": true, "model_calls": 1, "error": null}
[flexible-fixture] seed=117 method=MODEL_CONSTRAINT_REPAIR start
[reference-sequence] seed=117 stage=transfer_0_blue_pick
[reference-sequence] seed=117 stage=transfer_0_blue_place
{"seed": 117, "method": "MODEL_CONSTRAINT_REPAIR", "success": false, "model_calls": 3, "error": "ValueError: flexible_remaining_repair_rejected"}
[flexible-fixture] seed=117 method=MODEL_DIRECT_REPLAN start
[reference-sequence] seed=117 stage=transfer_0_blue_pick
[reference-sequence] seed=117 stage=transfer_0_blue_place
[reference-sequence] seed=117 stage=transfer_1_blue_pick
[reference-sequence] seed=117 stage=transfer_1_blue_place
[reference-sequence] seed=117 stage=transfer_2_yellow_pick
[reference-sequence] seed=117 stage=transfer_2_yellow_place
{"seed": 117, "method": "MODEL_DIRECT_REPLAN", "success": true, "model_calls": 1, "error": null}
[flexible-fixture] seed=118 method=MODEL_DIRECT_REPLAN start
[reference-sequence] seed=118 stage=transfer_0_blue_pick
[reference-sequence] seed=118 stage=transfer_0_blue_place
[reference-sequence] seed=118 stage=transfer_1_blue_pick
[reference-sequence] seed=118 stage=transfer_1_blue_place
[reference-sequence] seed=118 stage=transfer_2_yellow_pick
[reference-sequence] seed=118 stage=transfer_2_yellow_place
{"seed": 118, "method": "MODEL_DIRECT_REPLAN", "success": true, "model_calls": 2, "error": null}
[flexible-fixture] seed=118 method=MODEL_CONSTRAINT_REPAIR start
[reference-sequence] seed=118 stage=transfer_0_blue_pick
[reference-sequence] seed=118 stage=transfer_0_blue_place
[reference-sequence] seed=118 stage=transfer_1_blue_pick
[reference-sequence] seed=118 stage=transfer_1_blue_place
[reference-sequence] seed=118 stage=transfer_2_yellow_pick
[reference-sequence] seed=118 stage=transfer_2_yellow_place
{"seed": 118, "method": "MODEL_CONSTRAINT_REPAIR", "success": true, "model_calls": 1, "error": null}
[flexible-fixture] seed=119 method=MODEL_CONSTRAINT_REPAIR start
[reference-sequence] seed=119 stage=transfer_0_blue_pick
[reference-sequence] seed=119 stage=transfer_0_blue_place
[reference-sequence] seed=119 stage=transfer_1_blue_pick
[reference-sequence] seed=119 stage=transfer_1_blue_place
[reference-sequence] seed=119 stage=transfer_2_yellow_pick
[reference-sequence] seed=119 stage=transfer_2_yellow_place
{"seed": 119, "method": "MODEL_CONSTRAINT_REPAIR", "success": true, "model_calls": 2, "error": null}
[flexible-fixture] seed=119 method=MODEL_DIRECT_REPLAN start
[reference-sequence] seed=119 stage=transfer_0_blue_pick
[reference-sequence] seed=119 stage=transfer_0_blue_place
[reference-sequence] seed=119 stage=transfer_1_blue_pick
[reference-sequence] seed=119 stage=transfer_1_blue_place
[reference-sequence] seed=119 stage=transfer_2_yellow_pick
[reference-sequence] seed=119 stage=transfer_2_yellow_place
{"seed": 119, "method": "MODEL_DIRECT_REPLAN", "success": true, "model_calls": 1, "error": null}
{"completed_episodes": 100, "actual_model_calls": 166, "methods": {"MODEL_CONSTRAINT_REPAIR": {"episodes": 50, "successes": 41, "accepted_remaining_repairs": 41}, "MODEL_DIRECT_REPLAN": {"episodes": 50, "successes": 50, "accepted_remaining_repairs": 50}}}
