[flexible-fixture] seed=130 method=MODEL_NO_TASK_REPAIR start
[reference-sequence] seed=130 stage=transfer_0_blue_pick
[reference-sequence] seed=130 stage=transfer_0_blue_place
{"seed": 130, "method": "MODEL_NO_TASK_REPAIR", "success": false, "model_calls": 1, "error": "ValueError: execution_deviation_no_recovery"}
[flexible-fixture] seed=130 method=MODEL_CONSTRAINT_REPAIR start
[reference-sequence] seed=130 stage=transfer_0_blue_pick
[reference-sequence] seed=130 stage=transfer_0_blue_place
[reference-sequence] seed=130 stage=transfer_1_blue_pick
[reference-sequence] seed=130 stage=transfer_1_blue_place
[reference-sequence] seed=130 stage=transfer_2_yellow_pick
[reference-sequence] seed=130 stage=transfer_2_yellow_place
{"seed": 130, "method": "MODEL_CONSTRAINT_REPAIR", "success": true, "model_calls": 1, "error": null}
[flexible-fixture] seed=131 method=MODEL_CONSTRAINT_REPAIR start
[reference-sequence] seed=131 stage=transfer_0_blue_pick
[reference-sequence] seed=131 stage=transfer_0_blue_place
[reference-sequence] seed=131 stage=transfer_1_blue_pick
[reference-sequence] seed=131 stage=transfer_1_blue_place
[reference-sequence] seed=131 stage=transfer_2_yellow_pick
[reference-sequence] seed=131 stage=transfer_2_yellow_place
{"seed": 131, "method": "MODEL_CONSTRAINT_REPAIR", "success": true, "model_calls": 2, "error": null}
[flexible-fixture] seed=131 method=MODEL_NO_TASK_REPAIR start
[reference-sequence] seed=131 stage=transfer_0_blue_pick
[reference-sequence] seed=131 stage=transfer_0_blue_place
{"seed": 131, "method": "MODEL_NO_TASK_REPAIR", "success": false, "model_calls": 0, "error": "ValueError: execution_deviation_no_recovery"}
[flexible-fixture] seed=132 method=MODEL_NO_TASK_REPAIR start
[reference-sequence] seed=132 stage=transfer_0_blue_pick
[reference-sequence] seed=132 stage=transfer_0_blue_place
{"seed": 132, "method": "MODEL_NO_TASK_REPAIR", "success": false, "model_calls": 1, "error": "ValueError: execution_deviation_no_recovery"}
[flexible-fixture] seed=132 method=MODEL_CONSTRAINT_REPAIR start
[reference-sequence] seed=132 stage=transfer_0_blue_pick
[reference-sequence] seed=132 stage=transfer_0_blue_place
[reference-sequence] seed=132 stage=transfer_1_blue_pick
[reference-sequence] seed=132 stage=transfer_1_blue_place
[reference-sequence] seed=132 stage=transfer_2_yellow_pick
[reference-sequence] seed=132 stage=transfer_2_yellow_place
{"seed": 132, "method": "MODEL_CONSTRAINT_REPAIR", "success": true, "model_calls": 1, "error": null}
{"completed_episodes": 6, "actual_model_calls": 6, "methods": {"MODEL_NO_TASK_REPAIR": {"episodes": 3, "successes": 0, "accepted_remaining_repairs": 0}, "MODEL_CONSTRAINT_REPAIR": {"episodes": 3, "successes": 3, "accepted_remaining_repairs": 0}}}
