{"scope": "selected_failure_replay", "results": [{"method": "MODEL_DIRECT_REPLAN", "accepted": true, "calls": 1}, {"method": "MODEL_CONSTRAINT_REPAIR", "accepted": false, "calls": 2}]}
[flexible-fixture] seed=64 method=MODEL_DIRECT_REPLAN start
[reference-sequence] seed=64 stage=transfer_0_blue_pick
[reference-sequence] seed=64 stage=transfer_0_blue_place
[reference-sequence] seed=64 stage=transfer_1_blue_pick
[reference-sequence] seed=64 stage=transfer_1_blue_place
[reference-sequence] seed=64 stage=transfer_2_yellow_pick
[reference-sequence] seed=64 stage=transfer_2_yellow_place
{"seed": 64, "method": "MODEL_DIRECT_REPLAN", "success": true, "model_calls": 2, "error": null}
[flexible-fixture] seed=64 method=MODEL_CONSTRAINT_REPAIR start
[reference-sequence] seed=64 stage=transfer_0_blue_pick
[reference-sequence] seed=64 stage=transfer_0_blue_place
[reference-sequence] seed=64 stage=transfer_1_blue_pick
[reference-sequence] seed=64 stage=transfer_1_blue_place
[reference-sequence] seed=64 stage=transfer_2_yellow_pick
[reference-sequence] seed=64 stage=transfer_2_yellow_place
{"seed": 64, "method": "MODEL_CONSTRAINT_REPAIR", "success": true, "model_calls": 1, "error": null}
[flexible-fixture] seed=65 method=MODEL_CONSTRAINT_REPAIR start
[reference-sequence] seed=65 stage=transfer_0_blue_pick
[reference-sequence] seed=65 stage=transfer_0_blue_place
[reference-sequence] seed=65 stage=transfer_1_blue_pick
[reference-sequence] seed=65 stage=transfer_1_blue_place
[reference-sequence] seed=65 stage=transfer_2_yellow_pick
[reference-sequence] seed=65 stage=transfer_2_yellow_place
{"seed": 65, "method": "MODEL_CONSTRAINT_REPAIR", "success": true, "model_calls": 2, "error": null}
[flexible-fixture] seed=65 method=MODEL_DIRECT_REPLAN start
[reference-sequence] seed=65 stage=transfer_0_blue_pick
[reference-sequence] seed=65 stage=transfer_0_blue_place
[reference-sequence] seed=65 stage=transfer_1_blue_pick
[reference-sequence] seed=65 stage=transfer_1_blue_place
[reference-sequence] seed=65 stage=transfer_2_yellow_pick
[reference-sequence] seed=65 stage=transfer_2_yellow_place
{"seed": 65, "method": "MODEL_DIRECT_REPLAN", "success": true, "model_calls": 1, "error": null}
[flexible-fixture] seed=66 method=MODEL_DIRECT_REPLAN start
[reference-sequence] seed=66 stage=transfer_0_blue_pick
[reference-sequence] seed=66 stage=transfer_0_blue_place
[reference-sequence] seed=66 stage=transfer_1_blue_pick
[reference-sequence] seed=66 stage=transfer_1_blue_place
[reference-sequence] seed=66 stage=transfer_2_yellow_pick
[reference-sequence] seed=66 stage=transfer_2_yellow_place
{"seed": 66, "method": "MODEL_DIRECT_REPLAN", "success": true, "model_calls": 2, "error": null}
[flexible-fixture] seed=66 method=MODEL_CONSTRAINT_REPAIR start
[reference-sequence] seed=66 stage=transfer_0_blue_pick
[reference-sequence] seed=66 stage=transfer_0_blue_place
[reference-sequence] seed=66 stage=transfer_1_blue_pick
[reference-sequence] seed=66 stage=transfer_1_blue_place
[reference-sequence] seed=66 stage=transfer_2_yellow_pick
[reference-sequence] seed=66 stage=transfer_2_yellow_place
{"seed": 66, "method": "MODEL_CONSTRAINT_REPAIR", "success": true, "model_calls": 1, "error": null}
[flexible-fixture] seed=67 method=MODEL_CONSTRAINT_REPAIR start
[reference-sequence] seed=67 stage=transfer_0_blue_pick
[reference-sequence] seed=67 stage=transfer_0_blue_place
[reference-sequence] seed=67 stage=transfer_1_blue_pick
[reference-sequence] seed=67 stage=transfer_1_blue_place
[reference-sequence] seed=67 stage=transfer_2_yellow_pick
[reference-sequence] seed=67 stage=transfer_2_yellow_place
{"seed": 67, "method": "MODEL_CONSTRAINT_REPAIR", "success": true, "model_calls": 2, "error": null}
[flexible-fixture] seed=67 method=MODEL_DIRECT_REPLAN start
[reference-sequence] seed=67 stage=transfer_0_blue_pick
[reference-sequence] seed=67 stage=transfer_0_blue_place
[reference-sequence] seed=67 stage=transfer_1_blue_pick
[reference-sequence] seed=67 stage=transfer_1_blue_place
[reference-sequence] seed=67 stage=transfer_2_yellow_pick
[reference-sequence] seed=67 stage=transfer_2_yellow_place
{"seed": 67, "method": "MODEL_DIRECT_REPLAN", "success": true, "model_calls": 1, "error": null}
[flexible-fixture] seed=68 method=MODEL_DIRECT_REPLAN start
[reference-sequence] seed=68 stage=transfer_0_blue_pick
[reference-sequence] seed=68 stage=transfer_0_blue_place
[reference-sequence] seed=68 stage=transfer_1_blue_pick
[reference-sequence] seed=68 stage=transfer_1_blue_place
[reference-sequence] seed=68 stage=transfer_2_yellow_pick
[reference-sequence] seed=68 stage=transfer_2_yellow_place
{"seed": 68, "method": "MODEL_DIRECT_REPLAN", "success": true, "model_calls": 2, "error": null}
[flexible-fixture] seed=68 method=MODEL_CONSTRAINT_REPAIR start
[reference-sequence] seed=68 stage=transfer_0_blue_pick
[reference-sequence] seed=68 stage=transfer_0_blue_place
[reference-sequence] seed=68 stage=transfer_1_blue_pick
[reference-sequence] seed=68 stage=transfer_1_blue_place
[reference-sequence] seed=68 stage=transfer_2_yellow_pick
[reference-sequence] seed=68 stage=transfer_2_yellow_place
{"seed": 68, "method": "MODEL_CONSTRAINT_REPAIR", "success": true, "model_calls": 1, "error": null}
[flexible-fixture] seed=69 method=MODEL_CONSTRAINT_REPAIR start
[reference-sequence] seed=69 stage=transfer_0_blue_pick
[reference-sequence] seed=69 stage=transfer_0_blue_place
[reference-sequence] seed=69 stage=transfer_1_blue_pick
[reference-sequence] seed=69 stage=transfer_1_blue_place
[reference-sequence] seed=69 stage=transfer_2_yellow_pick
[reference-sequence] seed=69 stage=transfer_2_yellow_place
{"seed": 69, "method": "MODEL_CONSTRAINT_REPAIR", "success": true, "model_calls": 2, "error": null}
[flexible-fixture] seed=69 method=MODEL_DIRECT_REPLAN start
[reference-sequence] seed=69 stage=transfer_0_blue_pick
[reference-sequence] seed=69 stage=transfer_0_blue_place
[reference-sequence] seed=69 stage=transfer_1_blue_pick
[reference-sequence] seed=69 stage=transfer_1_blue_place
[reference-sequence] seed=69 stage=transfer_2_yellow_pick
[reference-sequence] seed=69 stage=transfer_2_yellow_place
{"seed": 69, "method": "MODEL_DIRECT_REPLAN", "success": true, "model_calls": 1, "error": null}
{"completed_episodes": 12, "actual_model_calls": 18, "methods": {"MODEL_CONSTRAINT_REPAIR": {"episodes": 6, "successes": 6, "accepted_remaining_repairs": 6}, "MODEL_DIRECT_REPLAN": {"episodes": 6, "successes": 6, "accepted_remaining_repairs": 6}}}
