[difficulty-formal] start=2026-10-03T09:59:45Z commit=f268a84d3b20563952a910f6f36e157ce580bd49 medium=171-200 hard=201-230
[flexible-fixture] seed=171 method=MODEL_CONSTRAINT_REPAIR start
[reference-sequence] seed=171 stage=transfer_0_blue_pick
[reference-sequence] seed=171 stage=transfer_0_blue_place
[reference-sequence] seed=171 stage=transfer_1_yellow_pick
[reference-sequence] seed=171 stage=transfer_1_yellow_place
[reference-sequence] seed=171 stage=transfer_2_yellow_pick
[reference-sequence] seed=171 stage=transfer_2_yellow_place
{"seed": 171, "method": "MODEL_CONSTRAINT_REPAIR", "success": true, "model_calls": 2, "error": null}
[flexible-fixture] seed=171 method=MODEL_DIRECT_REPLAN start
[reference-sequence] seed=171 stage=transfer_0_blue_pick
[reference-sequence] seed=171 stage=transfer_0_blue_place
[reference-sequence] seed=171 stage=transfer_1_yellow_pick
[reference-sequence] seed=171 stage=transfer_1_yellow_place
[reference-sequence] seed=171 stage=transfer_2_yellow_pick
[reference-sequence] seed=171 stage=transfer_2_yellow_place
{"seed": 171, "method": "MODEL_DIRECT_REPLAN", "success": true, "model_calls": 1, "error": null}
[flexible-fixture] seed=172 method=MODEL_DIRECT_REPLAN start
[reference-sequence] seed=172 stage=transfer_0_blue_pick
[reference-sequence] seed=172 stage=transfer_0_blue_place
[reference-sequence] seed=172 stage=transfer_1_yellow_pick
[reference-sequence] seed=172 stage=transfer_1_yellow_place
[reference-sequence] seed=172 stage=transfer_2_yellow_pick
[reference-sequence] seed=172 stage=transfer_2_yellow_place
{"seed": 172, "method": "MODEL_DIRECT_REPLAN", "success": true, "model_calls": 2, "error": null}
[flexible-fixture] seed=172 method=MODEL_CONSTRAINT_REPAIR start
[reference-sequence] seed=172 stage=transfer_0_blue_pick
[reference-sequence] seed=172 stage=transfer_0_blue_place
[reference-sequence] seed=172 stage=transfer_1_yellow_pick
[reference-sequence] seed=172 stage=transfer_1_yellow_place
[reference-sequence] seed=172 stage=transfer_2_yellow_pick
[reference-sequence] seed=172 stage=transfer_2_yellow_place
{"seed": 172, "method": "MODEL_CONSTRAINT_REPAIR", "success": true, "model_calls": 1, "error": null}
[flexible-fixture] seed=173 method=MODEL_CONSTRAINT_REPAIR start
[reference-sequence] seed=173 stage=transfer_0_blue_pick
[reference-sequence] seed=173 stage=transfer_0_blue_place
[reference-sequence] seed=173 stage=transfer_1_yellow_pick
[reference-sequence] seed=173 stage=transfer_1_yellow_place
[reference-sequence] seed=173 stage=transfer_2_yellow_pick
[reference-sequence] seed=173 stage=transfer_2_yellow_place
{"seed": 173, "method": "MODEL_CONSTRAINT_REPAIR", "success": true, "model_calls": 2, "error": null}
[flexible-fixture] seed=173 method=MODEL_DIRECT_REPLAN start
[reference-sequence] seed=173 stage=transfer_0_blue_pick
[reference-sequence] seed=173 stage=transfer_0_blue_place
[reference-sequence] seed=173 stage=transfer_1_yellow_pick
[reference-sequence] seed=173 stage=transfer_1_yellow_place
[reference-sequence] seed=173 stage=transfer_2_yellow_pick
[reference-sequence] seed=173 stage=transfer_2_yellow_place
{"seed": 173, "method": "MODEL_DIRECT_REPLAN", "success": true, "model_calls": 1, "error": null}
[flexible-fixture] seed=174 method=MODEL_DIRECT_REPLAN start
[reference-sequence] seed=174 stage=transfer_0_blue_pick
[reference-sequence] seed=174 stage=transfer_0_blue_place
[reference-sequence] seed=174 stage=transfer_1_yellow_pick
[reference-sequence] seed=174 stage=transfer_1_yellow_place
[reference-sequence] seed=174 stage=transfer_2_yellow_pick
[reference-sequence] seed=174 stage=transfer_2_yellow_place
{"seed": 174, "method": "MODEL_DIRECT_REPLAN", "success": true, "model_calls": 2, "error": null}
[flexible-fixture] seed=174 method=MODEL_CONSTRAINT_REPAIR start
[reference-sequence] seed=174 stage=transfer_0_blue_pick
[reference-sequence] seed=174 stage=transfer_0_blue_place
[reference-sequence] seed=174 stage=transfer_1_yellow_pick
[reference-sequence] seed=174 stage=transfer_1_yellow_place
[reference-sequence] seed=174 stage=transfer_2_yellow_pick
[reference-sequence] seed=174 stage=transfer_2_yellow_place
{"seed": 174, "method": "MODEL_CONSTRAINT_REPAIR", "success": true, "model_calls": 1, "error": null}
[flexible-fixture] seed=175 method=MODEL_CONSTRAINT_REPAIR start
[reference-sequence] seed=175 stage=transfer_0_blue_pick
[reference-sequence] seed=175 stage=transfer_0_blue_place
[reference-sequence] seed=175 stage=transfer_1_yellow_pick
[reference-sequence] seed=175 stage=transfer_1_yellow_place
[reference-sequence] seed=175 stage=transfer_2_yellow_pick
[reference-sequence] seed=175 stage=transfer_2_yellow_place
{"seed": 175, "method": "MODEL_CONSTRAINT_REPAIR", "success": true, "model_calls": 2, "error": null}
[flexible-fixture] seed=175 method=MODEL_DIRECT_REPLAN start
[reference-sequence] seed=175 stage=transfer_0_blue_pick
[reference-sequence] seed=175 stage=transfer_0_blue_place
[reference-sequence] seed=175 stage=transfer_1_yellow_pick
[reference-sequence] seed=175 stage=transfer_1_yellow_place
[reference-sequence] seed=175 stage=transfer_2_yellow_pick
[reference-sequence] seed=175 stage=transfer_2_yellow_place
{"seed": 175, "method": "MODEL_DIRECT_REPLAN", "success": true, "model_calls": 1, "error": null}
[flexible-fixture] seed=176 method=MODEL_DIRECT_REPLAN start
[reference-sequence] seed=176 stage=transfer_0_blue_pick
[reference-sequence] seed=176 stage=transfer_0_blue_place
[reference-sequence] seed=176 stage=transfer_1_yellow_pick
[reference-sequence] seed=176 stage=transfer_1_yellow_place
[reference-sequence] seed=176 stage=transfer_2_yellow_pick
[reference-sequence] seed=176 stage=transfer_2_yellow_place
{"seed": 176, "method": "MODEL_DIRECT_REPLAN", "success": true, "model_calls": 2, "error": null}
[flexible-fixture] seed=176 method=MODEL_CONSTRAINT_REPAIR start
[reference-sequence] seed=176 stage=transfer_0_blue_pick
[reference-sequence] seed=176 stage=transfer_0_blue_place
[reference-sequence] seed=176 stage=transfer_1_yellow_pick
[reference-sequence] seed=176 stage=transfer_1_yellow_place
[reference-sequence] seed=176 stage=transfer_2_yellow_pick
[reference-sequence] seed=176 stage=transfer_2_yellow_place
{"seed": 176, "method": "MODEL_CONSTRAINT_REPAIR", "success": true, "model_calls": 1, "error": null}
[flexible-fixture] seed=177 method=MODEL_CONSTRAINT_REPAIR start
[reference-sequence] seed=177 stage=transfer_0_blue_pick
[reference-sequence] seed=177 stage=transfer_0_blue_place
[reference-sequence] seed=177 stage=transfer_1_yellow_pick
[reference-sequence] seed=177 stage=transfer_1_yellow_place
[reference-sequence] seed=177 stage=transfer_2_yellow_pick
[reference-sequence] seed=177 stage=transfer_2_yellow_place
{"seed": 177, "method": "MODEL_CONSTRAINT_REPAIR", "success": true, "model_calls": 2, "error": null}
[flexible-fixture] seed=177 method=MODEL_DIRECT_REPLAN start
[reference-sequence] seed=177 stage=transfer_0_blue_pick
[reference-sequence] seed=177 stage=transfer_0_blue_place
[reference-sequence] seed=177 stage=transfer_1_yellow_pick
[reference-sequence] seed=177 stage=transfer_1_yellow_place
[reference-sequence] seed=177 stage=transfer_2_yellow_pick
[reference-sequence] seed=177 stage=transfer_2_yellow_place
{"seed": 177, "method": "MODEL_DIRECT_REPLAN", "success": true, "model_calls": 1, "error": null}
[flexible-fixture] seed=178 method=MODEL_DIRECT_REPLAN start
[reference-sequence] seed=178 stage=transfer_0_blue_pick
[reference-sequence] seed=178 stage=transfer_0_blue_place
[reference-sequence] seed=178 stage=transfer_1_yellow_pick
[reference-sequence] seed=178 stage=transfer_1_yellow_place
[reference-sequence] seed=178 stage=transfer_2_yellow_pick
[reference-sequence] seed=178 stage=transfer_2_yellow_place
{"seed": 178, "method": "MODEL_DIRECT_REPLAN", "success": true, "model_calls": 2, "error": null}
[flexible-fixture] seed=178 method=MODEL_CONSTRAINT_REPAIR start
[reference-sequence] seed=178 stage=transfer_0_blue_pick
[reference-sequence] seed=178 stage=transfer_0_blue_place
[reference-sequence] seed=178 stage=transfer_1_yellow_pick
[reference-sequence] seed=178 stage=transfer_1_yellow_place
[reference-sequence] seed=178 stage=transfer_2_yellow_pick
[reference-sequence] seed=178 stage=transfer_2_yellow_place
{"seed": 178, "method": "MODEL_CONSTRAINT_REPAIR", "success": true, "model_calls": 1, "error": null}
[flexible-fixture] seed=179 method=MODEL_CONSTRAINT_REPAIR start
[reference-sequence] seed=179 stage=transfer_0_blue_pick
[reference-sequence] seed=179 stage=transfer_0_blue_place
[reference-sequence] seed=179 stage=transfer_1_yellow_pick
[reference-sequence] seed=179 stage=transfer_1_yellow_place
[reference-sequence] seed=179 stage=transfer_2_yellow_pick
[reference-sequence] seed=179 stage=transfer_2_yellow_place
{"seed": 179, "method": "MODEL_CONSTRAINT_REPAIR", "success": true, "model_calls": 2, "error": null}
[flexible-fixture] seed=179 method=MODEL_DIRECT_REPLAN start
[reference-sequence] seed=179 stage=transfer_0_blue_pick
[reference-sequence] seed=179 stage=transfer_0_blue_place
[reference-sequence] seed=179 stage=transfer_1_yellow_pick
[reference-sequence] seed=179 stage=transfer_1_yellow_place
[reference-sequence] seed=179 stage=transfer_2_yellow_pick
[reference-sequence] seed=179 stage=transfer_2_yellow_place
{"seed": 179, "method": "MODEL_DIRECT_REPLAN", "success": true, "model_calls": 1, "error": null}
[flexible-fixture] seed=180 method=MODEL_DIRECT_REPLAN start
[reference-sequence] seed=180 stage=transfer_0_blue_pick
[reference-sequence] seed=180 stage=transfer_0_blue_place
[reference-sequence] seed=180 stage=transfer_1_yellow_pick
[reference-sequence] seed=180 stage=transfer_1_yellow_place
[reference-sequence] seed=180 stage=transfer_2_yellow_pick
[reference-sequence] seed=180 stage=transfer_2_yellow_place
{"seed": 180, "method": "MODEL_DIRECT_REPLAN", "success": true, "model_calls": 2, "error": null}
[flexible-fixture] seed=180 method=MODEL_CONSTRAINT_REPAIR start
[reference-sequence] seed=180 stage=transfer_0_blue_pick
[reference-sequence] seed=180 stage=transfer_0_blue_place
[reference-sequence] seed=180 stage=transfer_1_yellow_pick
[reference-sequence] seed=180 stage=transfer_1_yellow_place
[reference-sequence] seed=180 stage=transfer_2_yellow_pick
[reference-sequence] seed=180 stage=transfer_2_yellow_place
{"seed": 180, "method": "MODEL_CONSTRAINT_REPAIR", "success": true, "model_calls": 1, "error": null}
[flexible-fixture] seed=181 method=MODEL_CONSTRAINT_REPAIR start
[reference-sequence] seed=181 stage=transfer_0_blue_pick
[reference-sequence] seed=181 stage=transfer_0_blue_place
[reference-sequence] seed=181 stage=transfer_1_yellow_pick
[reference-sequence] seed=181 stage=transfer_1_yellow_place
[reference-sequence] seed=181 stage=transfer_2_yellow_pick
[reference-sequence] seed=181 stage=transfer_2_yellow_place
{"seed": 181, "method": "MODEL_CONSTRAINT_REPAIR", "success": true, "model_calls": 2, "error": null}
[flexible-fixture] seed=181 method=MODEL_DIRECT_REPLAN start
[reference-sequence] seed=181 stage=transfer_0_blue_pick
[reference-sequence] seed=181 stage=transfer_0_blue_place
[reference-sequence] seed=181 stage=transfer_1_yellow_pick
[reference-sequence] seed=181 stage=transfer_1_yellow_place
[reference-sequence] seed=181 stage=transfer_2_yellow_pick
[reference-sequence] seed=181 stage=transfer_2_yellow_place
{"seed": 181, "method": "MODEL_DIRECT_REPLAN", "success": true, "model_calls": 1, "error": null}
[flexible-fixture] seed=182 method=MODEL_DIRECT_REPLAN start
[reference-sequence] seed=182 stage=transfer_0_blue_pick
[reference-sequence] seed=182 stage=transfer_0_blue_place
[reference-sequence] seed=182 stage=transfer_1_yellow_pick
[reference-sequence] seed=182 stage=transfer_1_yellow_place
[reference-sequence] seed=182 stage=transfer_2_yellow_pick
[reference-sequence] seed=182 stage=transfer_2_yellow_place
{"seed": 182, "method": "MODEL_DIRECT_REPLAN", "success": true, "model_calls": 2, "error": null}
[flexible-fixture] seed=182 method=MODEL_CONSTRAINT_REPAIR start
[reference-sequence] seed=182 stage=transfer_0_blue_pick
[reference-sequence] seed=182 stage=transfer_0_blue_place
[reference-sequence] seed=182 stage=transfer_1_yellow_pick
[reference-sequence] seed=182 stage=transfer_1_yellow_place
[reference-sequence] seed=182 stage=transfer_2_yellow_pick
[reference-sequence] seed=182 stage=transfer_2_yellow_place
{"seed": 182, "method": "MODEL_CONSTRAINT_REPAIR", "success": true, "model_calls": 1, "error": null}
[flexible-fixture] seed=183 method=MODEL_CONSTRAINT_REPAIR start
[reference-sequence] seed=183 stage=transfer_0_blue_pick
[reference-sequence] seed=183 stage=transfer_0_blue_place
[reference-sequence] seed=183 stage=transfer_1_yellow_pick
[reference-sequence] seed=183 stage=transfer_1_yellow_place
[reference-sequence] seed=183 stage=transfer_2_yellow_pick
[reference-sequence] seed=183 stage=transfer_2_yellow_place
{"seed": 183, "method": "MODEL_CONSTRAINT_REPAIR", "success": true, "model_calls": 2, "error": null}
[flexible-fixture] seed=183 method=MODEL_DIRECT_REPLAN start
[reference-sequence] seed=183 stage=transfer_0_blue_pick
[reference-sequence] seed=183 stage=transfer_0_blue_place
[reference-sequence] seed=183 stage=transfer_1_yellow_pick
[reference-sequence] seed=183 stage=transfer_1_yellow_place
[reference-sequence] seed=183 stage=transfer_2_yellow_pick
[reference-sequence] seed=183 stage=transfer_2_yellow_place
{"seed": 183, "method": "MODEL_DIRECT_REPLAN", "success": true, "model_calls": 1, "error": null}
[flexible-fixture] seed=184 method=MODEL_DIRECT_REPLAN start
[reference-sequence] seed=184 stage=transfer_0_blue_pick
[reference-sequence] seed=184 stage=transfer_0_blue_place
[reference-sequence] seed=184 stage=transfer_1_yellow_pick
[reference-sequence] seed=184 stage=transfer_1_yellow_place
[reference-sequence] seed=184 stage=transfer_2_yellow_pick
[reference-sequence] seed=184 stage=transfer_2_yellow_place
{"seed": 184, "method": "MODEL_DIRECT_REPLAN", "success": true, "model_calls": 2, "error": null}
[flexible-fixture] seed=184 method=MODEL_CONSTRAINT_REPAIR start
[reference-sequence] seed=184 stage=transfer_0_blue_pick
[reference-sequence] seed=184 stage=transfer_0_blue_place
[reference-sequence] seed=184 stage=transfer_1_yellow_pick
[reference-sequence] seed=184 stage=transfer_1_yellow_place
[reference-sequence] seed=184 stage=transfer_2_yellow_pick
[reference-sequence] seed=184 stage=transfer_2_yellow_place
{"seed": 184, "method": "MODEL_CONSTRAINT_REPAIR", "success": true, "model_calls": 1, "error": null}
[flexible-fixture] seed=185 method=MODEL_CONSTRAINT_REPAIR start
[reference-sequence] seed=185 stage=transfer_0_blue_pick
[reference-sequence] seed=185 stage=transfer_0_blue_place
[reference-sequence] seed=185 stage=transfer_1_yellow_pick
[reference-sequence] seed=185 stage=transfer_1_yellow_place
[reference-sequence] seed=185 stage=transfer_2_yellow_pick
[reference-sequence] seed=185 stage=transfer_2_yellow_place
{"seed": 185, "method": "MODEL_CONSTRAINT_REPAIR", "success": true, "model_calls": 2, "error": null}
[flexible-fixture] seed=185 method=MODEL_DIRECT_REPLAN start
[reference-sequence] seed=185 stage=transfer_0_blue_pick
[reference-sequence] seed=185 stage=transfer_0_blue_place
[reference-sequence] seed=185 stage=transfer_1_yellow_pick
[reference-sequence] seed=185 stage=transfer_1_yellow_place
[reference-sequence] seed=185 stage=transfer_2_yellow_pick
[reference-sequence] seed=185 stage=transfer_2_yellow_place
{"seed": 185, "method": "MODEL_DIRECT_REPLAN", "success": true, "model_calls": 1, "error": null}
[flexible-fixture] seed=186 method=MODEL_DIRECT_REPLAN start
[reference-sequence] seed=186 stage=transfer_0_blue_pick
[reference-sequence] seed=186 stage=transfer_0_blue_place
[reference-sequence] seed=186 stage=transfer_1_yellow_pick
[reference-sequence] seed=186 stage=transfer_1_yellow_place
[reference-sequence] seed=186 stage=transfer_2_yellow_pick
[reference-sequence] seed=186 stage=transfer_2_yellow_place
{"seed": 186, "method": "MODEL_DIRECT_REPLAN", "success": true, "model_calls": 2, "error": null}
[flexible-fixture] seed=186 method=MODEL_CONSTRAINT_REPAIR start
[reference-sequence] seed=186 stage=transfer_0_blue_pick
[reference-sequence] seed=186 stage=transfer_0_blue_place
[reference-sequence] seed=186 stage=transfer_1_yellow_pick
[reference-sequence] seed=186 stage=transfer_1_yellow_place
[reference-sequence] seed=186 stage=transfer_2_yellow_pick
[reference-sequence] seed=186 stage=transfer_2_yellow_place
{"seed": 186, "method": "MODEL_CONSTRAINT_REPAIR", "success": true, "model_calls": 1, "error": null}
[flexible-fixture] seed=187 method=MODEL_CONSTRAINT_REPAIR start
[reference-sequence] seed=187 stage=transfer_0_blue_pick
[reference-sequence] seed=187 stage=transfer_0_blue_place
[reference-sequence] seed=187 stage=transfer_1_yellow_pick
[reference-sequence] seed=187 stage=transfer_1_yellow_place
[reference-sequence] seed=187 stage=transfer_2_yellow_pick
[reference-sequence] seed=187 stage=transfer_2_yellow_place
{"seed": 187, "method": "MODEL_CONSTRAINT_REPAIR", "success": true, "model_calls": 2, "error": null}
[flexible-fixture] seed=187 method=MODEL_DIRECT_REPLAN start
[reference-sequence] seed=187 stage=transfer_0_blue_pick
[reference-sequence] seed=187 stage=transfer_0_blue_place
[reference-sequence] seed=187 stage=transfer_1_yellow_pick
[reference-sequence] seed=187 stage=transfer_1_yellow_place
[reference-sequence] seed=187 stage=transfer_2_yellow_pick
[reference-sequence] seed=187 stage=transfer_2_yellow_place
{"seed": 187, "method": "MODEL_DIRECT_REPLAN", "success": true, "model_calls": 1, "error": null}
[flexible-fixture] seed=188 method=MODEL_DIRECT_REPLAN start
[reference-sequence] seed=188 stage=transfer_0_blue_pick
[reference-sequence] seed=188 stage=transfer_0_blue_place
[reference-sequence] seed=188 stage=transfer_1_yellow_pick
[reference-sequence] seed=188 stage=transfer_1_yellow_place
[reference-sequence] seed=188 stage=transfer_2_yellow_pick
[reference-sequence] seed=188 stage=transfer_2_yellow_place
{"seed": 188, "method": "MODEL_DIRECT_REPLAN", "success": true, "model_calls": 2, "error": null}
[flexible-fixture] seed=188 method=MODEL_CONSTRAINT_REPAIR start
[reference-sequence] seed=188 stage=transfer_0_blue_pick
[reference-sequence] seed=188 stage=transfer_0_blue_place
[reference-sequence] seed=188 stage=transfer_1_yellow_pick
[reference-sequence] seed=188 stage=transfer_1_yellow_place
[reference-sequence] seed=188 stage=transfer_2_yellow_pick
[reference-sequence] seed=188 stage=transfer_2_yellow_place
{"seed": 188, "method": "MODEL_CONSTRAINT_REPAIR", "success": true, "model_calls": 1, "error": null}
[flexible-fixture] seed=189 method=MODEL_CONSTRAINT_REPAIR start
[reference-sequence] seed=189 stage=transfer_0_blue_pick
[reference-sequence] seed=189 stage=transfer_0_blue_place
[reference-sequence] seed=189 stage=transfer_1_yellow_pick
[reference-sequence] seed=189 stage=transfer_1_yellow_place
[reference-sequence] seed=189 stage=transfer_2_yellow_pick
[reference-sequence] seed=189 stage=transfer_2_yellow_place
{"seed": 189, "method": "MODEL_CONSTRAINT_REPAIR", "success": true, "model_calls": 2, "error": null}
[flexible-fixture] seed=189 method=MODEL_DIRECT_REPLAN start
[reference-sequence] seed=189 stage=transfer_0_blue_pick
[reference-sequence] seed=189 stage=transfer_0_blue_place
[reference-sequence] seed=189 stage=transfer_1_yellow_pick
[reference-sequence] seed=189 stage=transfer_1_yellow_place
[reference-sequence] seed=189 stage=transfer_2_yellow_pick
[reference-sequence] seed=189 stage=transfer_2_yellow_place
{"seed": 189, "method": "MODEL_DIRECT_REPLAN", "success": true, "model_calls": 1, "error": null}
[flexible-fixture] seed=190 method=MODEL_DIRECT_REPLAN start
[reference-sequence] seed=190 stage=transfer_0_blue_pick
[reference-sequence] seed=190 stage=transfer_0_blue_place
[reference-sequence] seed=190 stage=transfer_1_yellow_pick
[reference-sequence] seed=190 stage=transfer_1_yellow_place
[reference-sequence] seed=190 stage=transfer_2_yellow_pick
[reference-sequence] seed=190 stage=transfer_2_yellow_place
{"seed": 190, "method": "MODEL_DIRECT_REPLAN", "success": true, "model_calls": 2, "error": null}
[flexible-fixture] seed=190 method=MODEL_CONSTRAINT_REPAIR start
[reference-sequence] seed=190 stage=transfer_0_blue_pick
[reference-sequence] seed=190 stage=transfer_0_blue_place
[reference-sequence] seed=190 stage=transfer_1_yellow_pick
[reference-sequence] seed=190 stage=transfer_1_yellow_place
[reference-sequence] seed=190 stage=transfer_2_yellow_pick
[reference-sequence] seed=190 stage=transfer_2_yellow_place
{"seed": 190, "method": "MODEL_CONSTRAINT_REPAIR", "success": true, "model_calls": 1, "error": null}
[flexible-fixture] seed=191 method=MODEL_CONSTRAINT_REPAIR start
[reference-sequence] seed=191 stage=transfer_0_blue_pick
[reference-sequence] seed=191 stage=transfer_0_blue_place
[reference-sequence] seed=191 stage=transfer_1_yellow_pick
[reference-sequence] seed=191 stage=transfer_1_yellow_place
[reference-sequence] seed=191 stage=transfer_2_yellow_pick
[reference-sequence] seed=191 stage=transfer_2_yellow_place
{"seed": 191, "method": "MODEL_CONSTRAINT_REPAIR", "success": true, "model_calls": 2, "error": null}
[flexible-fixture] seed=191 method=MODEL_DIRECT_REPLAN start
[reference-sequence] seed=191 stage=transfer_0_blue_pick
[reference-sequence] seed=191 stage=transfer_0_blue_place
[reference-sequence] seed=191 stage=transfer_1_yellow_pick
[reference-sequence] seed=191 stage=transfer_1_yellow_place
[reference-sequence] seed=191 stage=transfer_2_yellow_pick
[reference-sequence] seed=191 stage=transfer_2_yellow_place
{"seed": 191, "method": "MODEL_DIRECT_REPLAN", "success": true, "model_calls": 1, "error": null}
[flexible-fixture] seed=192 method=MODEL_DIRECT_REPLAN start
[reference-sequence] seed=192 stage=transfer_0_blue_pick
[reference-sequence] seed=192 stage=transfer_0_blue_place
[reference-sequence] seed=192 stage=transfer_1_yellow_pick
[reference-sequence] seed=192 stage=transfer_1_yellow_place
[reference-sequence] seed=192 stage=transfer_2_yellow_pick
[reference-sequence] seed=192 stage=transfer_2_yellow_place
{"seed": 192, "method": "MODEL_DIRECT_REPLAN", "success": true, "model_calls": 2, "error": null}
[flexible-fixture] seed=192 method=MODEL_CONSTRAINT_REPAIR start
[reference-sequence] seed=192 stage=transfer_0_blue_pick
[reference-sequence] seed=192 stage=transfer_0_blue_place
[reference-sequence] seed=192 stage=transfer_1_yellow_pick
[reference-sequence] seed=192 stage=transfer_1_yellow_place
[reference-sequence] seed=192 stage=transfer_2_yellow_pick
[reference-sequence] seed=192 stage=transfer_2_yellow_place
{"seed": 192, "method": "MODEL_CONSTRAINT_REPAIR", "success": true, "model_calls": 1, "error": null}
[flexible-fixture] seed=193 method=MODEL_CONSTRAINT_REPAIR start
[reference-sequence] seed=193 stage=transfer_0_blue_pick
[reference-sequence] seed=193 stage=transfer_0_blue_place
[reference-sequence] seed=193 stage=transfer_1_yellow_pick
[reference-sequence] seed=193 stage=transfer_1_yellow_place
[reference-sequence] seed=193 stage=transfer_2_yellow_pick
[reference-sequence] seed=193 stage=transfer_2_yellow_place
{"seed": 193, "method": "MODEL_CONSTRAINT_REPAIR", "success": true, "model_calls": 2, "error": null}
[flexible-fixture] seed=193 method=MODEL_DIRECT_REPLAN start
[reference-sequence] seed=193 stage=transfer_0_blue_pick
[reference-sequence] seed=193 stage=transfer_0_blue_place
[reference-sequence] seed=193 stage=transfer_1_yellow_pick
[reference-sequence] seed=193 stage=transfer_1_yellow_place
[reference-sequence] seed=193 stage=transfer_2_yellow_pick
[reference-sequence] seed=193 stage=transfer_2_yellow_place
{"seed": 193, "method": "MODEL_DIRECT_REPLAN", "success": true, "model_calls": 1, "error": null}
[flexible-fixture] seed=194 method=MODEL_DIRECT_REPLAN start
[reference-sequence] seed=194 stage=transfer_0_blue_pick
[reference-sequence] seed=194 stage=transfer_0_blue_place
[reference-sequence] seed=194 stage=transfer_1_yellow_pick
[reference-sequence] seed=194 stage=transfer_1_yellow_place
[reference-sequence] seed=194 stage=transfer_2_yellow_pick
[reference-sequence] seed=194 stage=transfer_2_yellow_place
{"seed": 194, "method": "MODEL_DIRECT_REPLAN", "success": true, "model_calls": 2, "error": null}
[flexible-fixture] seed=194 method=MODEL_CONSTRAINT_REPAIR start
[reference-sequence] seed=194 stage=transfer_0_blue_pick
[reference-sequence] seed=194 stage=transfer_0_blue_place
[reference-sequence] seed=194 stage=transfer_1_yellow_pick
[reference-sequence] seed=194 stage=transfer_1_yellow_place
[reference-sequence] seed=194 stage=transfer_2_yellow_pick
[reference-sequence] seed=194 stage=transfer_2_yellow_place
{"seed": 194, "method": "MODEL_CONSTRAINT_REPAIR", "success": true, "model_calls": 1, "error": null}
[flexible-fixture] seed=195 method=MODEL_CONSTRAINT_REPAIR start
[reference-sequence] seed=195 stage=transfer_0_blue_pick
[reference-sequence] seed=195 stage=transfer_0_blue_place
[reference-sequence] seed=195 stage=transfer_1_yellow_pick
[reference-sequence] seed=195 stage=transfer_1_yellow_place
[reference-sequence] seed=195 stage=transfer_2_yellow_pick
[reference-sequence] seed=195 stage=transfer_2_yellow_place
{"seed": 195, "method": "MODEL_CONSTRAINT_REPAIR", "success": true, "model_calls": 2, "error": null}
[flexible-fixture] seed=195 method=MODEL_DIRECT_REPLAN start
[reference-sequence] seed=195 stage=transfer_0_blue_pick
[reference-sequence] seed=195 stage=transfer_0_blue_place
[reference-sequence] seed=195 stage=transfer_1_yellow_pick
[reference-sequence] seed=195 stage=transfer_1_yellow_place
[reference-sequence] seed=195 stage=transfer_2_yellow_pick
[reference-sequence] seed=195 stage=transfer_2_yellow_place
{"seed": 195, "method": "MODEL_DIRECT_REPLAN", "success": true, "model_calls": 1, "error": null}
[flexible-fixture] seed=196 method=MODEL_DIRECT_REPLAN start
[reference-sequence] seed=196 stage=transfer_0_blue_pick
[reference-sequence] seed=196 stage=transfer_0_blue_place
[reference-sequence] seed=196 stage=transfer_1_yellow_pick
[reference-sequence] seed=196 stage=transfer_1_yellow_place
[reference-sequence] seed=196 stage=transfer_2_yellow_pick
[reference-sequence] seed=196 stage=transfer_2_yellow_place
{"seed": 196, "method": "MODEL_DIRECT_REPLAN", "success": true, "model_calls": 2, "error": null}
[flexible-fixture] seed=196 method=MODEL_CONSTRAINT_REPAIR start
[reference-sequence] seed=196 stage=transfer_0_blue_pick
[reference-sequence] seed=196 stage=transfer_0_blue_place
[reference-sequence] seed=196 stage=transfer_1_yellow_pick
[reference-sequence] seed=196 stage=transfer_1_yellow_place
[reference-sequence] seed=196 stage=transfer_2_yellow_pick
[reference-sequence] seed=196 stage=transfer_2_yellow_place
{"seed": 196, "method": "MODEL_CONSTRAINT_REPAIR", "success": true, "model_calls": 1, "error": null}
[flexible-fixture] seed=197 method=MODEL_CONSTRAINT_REPAIR start
[reference-sequence] seed=197 stage=transfer_0_blue_pick
[reference-sequence] seed=197 stage=transfer_0_blue_place
[reference-sequence] seed=197 stage=transfer_1_yellow_pick
[reference-sequence] seed=197 stage=transfer_1_yellow_place
[reference-sequence] seed=197 stage=transfer_2_yellow_pick
[reference-sequence] seed=197 stage=transfer_2_yellow_place
{"seed": 197, "method": "MODEL_CONSTRAINT_REPAIR", "success": true, "model_calls": 2, "error": null}
[flexible-fixture] seed=197 method=MODEL_DIRECT_REPLAN start
[reference-sequence] seed=197 stage=transfer_0_blue_pick
[reference-sequence] seed=197 stage=transfer_0_blue_place
[reference-sequence] seed=197 stage=transfer_1_yellow_pick
[reference-sequence] seed=197 stage=transfer_1_yellow_place
[reference-sequence] seed=197 stage=transfer_2_yellow_pick
[reference-sequence] seed=197 stage=transfer_2_yellow_place
{"seed": 197, "method": "MODEL_DIRECT_REPLAN", "success": true, "model_calls": 1, "error": null}
[flexible-fixture] seed=198 method=MODEL_DIRECT_REPLAN start
[reference-sequence] seed=198 stage=transfer_0_blue_pick
[reference-sequence] seed=198 stage=transfer_0_blue_place
[reference-sequence] seed=198 stage=transfer_1_yellow_pick
[reference-sequence] seed=198 stage=transfer_1_yellow_place
[reference-sequence] seed=198 stage=transfer_2_yellow_pick
[reference-sequence] seed=198 stage=transfer_2_yellow_place
{"seed": 198, "method": "MODEL_DIRECT_REPLAN", "success": true, "model_calls": 2, "error": null}
[flexible-fixture] seed=198 method=MODEL_CONSTRAINT_REPAIR start
[reference-sequence] seed=198 stage=transfer_0_blue_pick
[reference-sequence] seed=198 stage=transfer_0_blue_place
[reference-sequence] seed=198 stage=transfer_1_yellow_pick
[reference-sequence] seed=198 stage=transfer_1_yellow_place
[reference-sequence] seed=198 stage=transfer_2_yellow_pick
[reference-sequence] seed=198 stage=transfer_2_yellow_place
{"seed": 198, "method": "MODEL_CONSTRAINT_REPAIR", "success": true, "model_calls": 1, "error": null}
[flexible-fixture] seed=199 method=MODEL_CONSTRAINT_REPAIR start
[reference-sequence] seed=199 stage=transfer_0_blue_pick
[reference-sequence] seed=199 stage=transfer_0_blue_place
[reference-sequence] seed=199 stage=transfer_1_yellow_pick
[reference-sequence] seed=199 stage=transfer_1_yellow_place
[reference-sequence] seed=199 stage=transfer_2_yellow_pick
[reference-sequence] seed=199 stage=transfer_2_yellow_place
{"seed": 199, "method": "MODEL_CONSTRAINT_REPAIR", "success": true, "model_calls": 2, "error": null}
[flexible-fixture] seed=199 method=MODEL_DIRECT_REPLAN start
[reference-sequence] seed=199 stage=transfer_0_blue_pick
[reference-sequence] seed=199 stage=transfer_0_blue_place
[reference-sequence] seed=199 stage=transfer_1_yellow_pick
[reference-sequence] seed=199 stage=transfer_1_yellow_place
[reference-sequence] seed=199 stage=transfer_2_yellow_pick
[reference-sequence] seed=199 stage=transfer_2_yellow_place
{"seed": 199, "method": "MODEL_DIRECT_REPLAN", "success": true, "model_calls": 1, "error": null}
[flexible-fixture] seed=200 method=MODEL_DIRECT_REPLAN start
[reference-sequence] seed=200 stage=transfer_0_blue_pick
[reference-sequence] seed=200 stage=transfer_0_blue_place
[reference-sequence] seed=200 stage=transfer_1_yellow_pick
[reference-sequence] seed=200 stage=transfer_1_yellow_place
{"seed": 200, "method": "MODEL_DIRECT_REPLAN", "success": false, "model_calls": 1, "error": "ValueError: observed_goal_unknown_no_completion"}
[flexible-fixture] seed=200 method=MODEL_CONSTRAINT_REPAIR start
[reference-sequence] seed=200 stage=transfer_0_blue_pick
[reference-sequence] seed=200 stage=transfer_0_blue_place
[reference-sequence] seed=200 stage=transfer_1_yellow_pick
[reference-sequence] seed=200 stage=transfer_1_yellow_place
{"seed": 200, "method": "MODEL_CONSTRAINT_REPAIR", "success": false, "model_calls": 0, "error": "ValueError: observed_goal_unknown_no_completion"}
{"completed_episodes": 60, "actual_model_calls": 88, "methods": {"MODEL_DIRECT_REPLAN": {"episodes": 30, "successes": 29, "accepted_remaining_repairs": 0, "accepted_execution_repairs": 29}, "MODEL_CONSTRAINT_REPAIR": {"episodes": 30, "successes": 29, "accepted_remaining_repairs": 0, "accepted_execution_repairs": 29}}}
[flexible-fixture] seed=201 method=MODEL_CONSTRAINT_REPAIR start
[reference-sequence] seed=201 stage=transfer_0_blue_pick
[reference-sequence] seed=201 stage=transfer_0_blue_place
[reference-sequence] seed=201 stage=transfer_1_yellow_pick
[reference-sequence] seed=201 stage=transfer_1_yellow_place
[reference-sequence] seed=201 stage=transfer_2_blue_pick
[reference-sequence] seed=201 stage=transfer_2_blue_place
[reference-sequence] seed=201 stage=transfer_3_yellow_pick
[reference-sequence] seed=201 stage=transfer_3_yellow_place
{"seed": 201, "method": "MODEL_CONSTRAINT_REPAIR", "success": true, "model_calls": 2, "error": null}
[flexible-fixture] seed=201 method=MODEL_DIRECT_REPLAN start
[reference-sequence] seed=201 stage=transfer_0_blue_pick
[reference-sequence] seed=201 stage=transfer_0_blue_place
[reference-sequence] seed=201 stage=transfer_1_yellow_pick
[reference-sequence] seed=201 stage=transfer_1_yellow_place
[reference-sequence] seed=201 stage=transfer_2_blue_pick
[reference-sequence] seed=201 stage=transfer_2_blue_place
[reference-sequence] seed=201 stage=transfer_3_yellow_pick
[reference-sequence] seed=201 stage=transfer_3_yellow_place
{"seed": 201, "method": "MODEL_DIRECT_REPLAN", "success": true, "model_calls": 1, "error": null}
[flexible-fixture] seed=202 method=MODEL_DIRECT_REPLAN start
[reference-sequence] seed=202 stage=transfer_0_blue_pick
[reference-sequence] seed=202 stage=transfer_0_blue_place
[reference-sequence] seed=202 stage=transfer_1_yellow_pick
[reference-sequence] seed=202 stage=transfer_1_yellow_place
[reference-sequence] seed=202 stage=transfer_2_blue_pick
[reference-sequence] seed=202 stage=transfer_2_blue_place
[reference-sequence] seed=202 stage=transfer_3_yellow_pick
[reference-sequence] seed=202 stage=transfer_3_yellow_place
{"seed": 202, "method": "MODEL_DIRECT_REPLAN", "success": true, "model_calls": 2, "error": null}
[flexible-fixture] seed=202 method=MODEL_CONSTRAINT_REPAIR start
[reference-sequence] seed=202 stage=transfer_0_blue_pick
[reference-sequence] seed=202 stage=transfer_0_blue_place
[reference-sequence] seed=202 stage=transfer_1_yellow_pick
[reference-sequence] seed=202 stage=transfer_1_yellow_place
[reference-sequence] seed=202 stage=transfer_2_yellow_pick
[reference-sequence] seed=202 stage=transfer_2_yellow_place
[reference-sequence] seed=202 stage=transfer_3_blue_pick
[reference-sequence] seed=202 stage=transfer_3_blue_place
{"seed": 202, "method": "MODEL_CONSTRAINT_REPAIR", "success": false, "model_calls": 2, "error": "ValueError: flexible_total_transfer_budget_exhausted"}
[flexible-fixture] seed=203 method=MODEL_CONSTRAINT_REPAIR start
[reference-sequence] seed=203 stage=transfer_0_blue_pick
[reference-sequence] seed=203 stage=transfer_0_blue_place
[reference-sequence] seed=203 stage=transfer_1_yellow_pick
[reference-sequence] seed=203 stage=transfer_1_yellow_place
[reference-sequence] seed=203 stage=transfer_2_blue_pick
[reference-sequence] seed=203 stage=transfer_2_blue_place
[reference-sequence] seed=203 stage=transfer_3_yellow_pick
[reference-sequence] seed=203 stage=transfer_3_yellow_place
{"seed": 203, "method": "MODEL_CONSTRAINT_REPAIR", "success": true, "model_calls": 2, "error": null}
[flexible-fixture] seed=203 method=MODEL_DIRECT_REPLAN start
[reference-sequence] seed=203 stage=transfer_0_blue_pick
[reference-sequence] seed=203 stage=transfer_0_blue_place
[reference-sequence] seed=203 stage=transfer_1_yellow_pick
[reference-sequence] seed=203 stage=transfer_1_yellow_place
[reference-sequence] seed=203 stage=transfer_2_blue_pick
[reference-sequence] seed=203 stage=transfer_2_blue_place
[reference-sequence] seed=203 stage=transfer_3_yellow_pick
[reference-sequence] seed=203 stage=transfer_3_yellow_place
{"seed": 203, "method": "MODEL_DIRECT_REPLAN", "success": true, "model_calls": 1, "error": null}
[flexible-fixture] seed=204 method=MODEL_DIRECT_REPLAN start
[reference-sequence] seed=204 stage=transfer_0_blue_pick
[reference-sequence] seed=204 stage=transfer_0_blue_place
[reference-sequence] seed=204 stage=transfer_1_yellow_pick
[reference-sequence] seed=204 stage=transfer_1_yellow_place
[reference-sequence] seed=204 stage=transfer_2_blue_pick
[reference-sequence] seed=204 stage=transfer_2_blue_place
[reference-sequence] seed=204 stage=transfer_3_yellow_pick
[reference-sequence] seed=204 stage=transfer_3_yellow_place
{"seed": 204, "method": "MODEL_DIRECT_REPLAN", "success": true, "model_calls": 2, "error": null}
[flexible-fixture] seed=204 method=MODEL_CONSTRAINT_REPAIR start
[reference-sequence] seed=204 stage=transfer_0_blue_pick
[reference-sequence] seed=204 stage=transfer_0_blue_place
[reference-sequence] seed=204 stage=transfer_1_yellow_pick
[reference-sequence] seed=204 stage=transfer_1_yellow_place
[reference-sequence] seed=204 stage=transfer_2_blue_pick
[reference-sequence] seed=204 stage=transfer_2_blue_place
[reference-sequence] seed=204 stage=transfer_3_yellow_pick
[reference-sequence] seed=204 stage=transfer_3_yellow_place
{"seed": 204, "method": "MODEL_CONSTRAINT_REPAIR", "success": true, "model_calls": 1, "error": null}
[flexible-fixture] seed=205 method=MODEL_CONSTRAINT_REPAIR start
[reference-sequence] seed=205 stage=transfer_0_blue_pick
[reference-sequence] seed=205 stage=transfer_0_blue_place
[reference-sequence] seed=205 stage=transfer_1_yellow_pick
[reference-sequence] seed=205 stage=transfer_1_yellow_place
[reference-sequence] seed=205 stage=transfer_2_blue_pick
[reference-sequence] seed=205 stage=transfer_2_blue_place
[reference-sequence] seed=205 stage=transfer_3_yellow_pick
[reference-sequence] seed=205 stage=transfer_3_yellow_place
{"seed": 205, "method": "MODEL_CONSTRAINT_REPAIR", "success": true, "model_calls": 2, "error": null}
[flexible-fixture] seed=205 method=MODEL_DIRECT_REPLAN start
[reference-sequence] seed=205 stage=transfer_0_blue_pick
[reference-sequence] seed=205 stage=transfer_0_blue_place
[reference-sequence] seed=205 stage=transfer_1_yellow_pick
[reference-sequence] seed=205 stage=transfer_1_yellow_place
[reference-sequence] seed=205 stage=transfer_2_blue_pick
[reference-sequence] seed=205 stage=transfer_2_blue_place
[reference-sequence] seed=205 stage=transfer_3_yellow_pick
[reference-sequence] seed=205 stage=transfer_3_yellow_place
{"seed": 205, "method": "MODEL_DIRECT_REPLAN", "success": true, "model_calls": 1, "error": null}
[flexible-fixture] seed=206 method=MODEL_DIRECT_REPLAN start
[reference-sequence] seed=206 stage=transfer_0_blue_pick
[reference-sequence] seed=206 stage=transfer_0_blue_place
[reference-sequence] seed=206 stage=transfer_1_yellow_pick
[reference-sequence] seed=206 stage=transfer_1_yellow_place
[reference-sequence] seed=206 stage=transfer_2_blue_pick
[reference-sequence] seed=206 stage=transfer_2_blue_place
[reference-sequence] seed=206 stage=transfer_3_yellow_pick
[reference-sequence] seed=206 stage=transfer_3_yellow_place
{"seed": 206, "method": "MODEL_DIRECT_REPLAN", "success": true, "model_calls": 2, "error": null}
[flexible-fixture] seed=206 method=MODEL_CONSTRAINT_REPAIR start
[reference-sequence] seed=206 stage=transfer_0_blue_pick
[reference-sequence] seed=206 stage=transfer_0_blue_place
[reference-sequence] seed=206 stage=transfer_1_yellow_pick
[reference-sequence] seed=206 stage=transfer_1_yellow_place
[reference-sequence] seed=206 stage=transfer_2_yellow_pick
[reference-sequence] seed=206 stage=transfer_2_yellow_place
{"seed": 206, "method": "MODEL_CONSTRAINT_REPAIR", "success": false, "model_calls": 1, "error": "ValueError: observed_goal_unknown_no_completion"}
[flexible-fixture] seed=207 method=MODEL_CONSTRAINT_REPAIR start
[reference-sequence] seed=207 stage=transfer_0_blue_pick
[reference-sequence] seed=207 stage=transfer_0_blue_place
[reference-sequence] seed=207 stage=transfer_1_yellow_pick
[reference-sequence] seed=207 stage=transfer_1_yellow_place
[reference-sequence] seed=207 stage=transfer_2_blue_pick
[reference-sequence] seed=207 stage=transfer_2_blue_place
{"seed": 207, "method": "MODEL_CONSTRAINT_REPAIR", "success": false, "model_calls": 2, "error": "ValueError: destination_observation_budget_exhausted"}
[flexible-fixture] seed=207 method=MODEL_DIRECT_REPLAN start
[reference-sequence] seed=207 stage=transfer_0_blue_pick
[reference-sequence] seed=207 stage=transfer_0_blue_place
[reference-sequence] seed=207 stage=transfer_1_yellow_pick
[reference-sequence] seed=207 stage=transfer_1_yellow_place
[reference-sequence] seed=207 stage=transfer_2_blue_pick
[reference-sequence] seed=207 stage=transfer_2_blue_place
{"seed": 207, "method": "MODEL_DIRECT_REPLAN", "success": false, "model_calls": 1, "error": "ValueError: destination_observation_budget_exhausted"}
[flexible-fixture] seed=208 method=MODEL_DIRECT_REPLAN start
[reference-sequence] seed=208 stage=transfer_0_blue_pick
[reference-sequence] seed=208 stage=transfer_0_blue_place
[reference-sequence] seed=208 stage=transfer_1_yellow_pick
[reference-sequence] seed=208 stage=transfer_1_yellow_place
[reference-sequence] seed=208 stage=transfer_2_blue_pick
[reference-sequence] seed=208 stage=transfer_2_blue_place
[reference-sequence] seed=208 stage=transfer_3_yellow_pick
[reference-sequence] seed=208 stage=transfer_3_yellow_place
{"seed": 208, "method": "MODEL_DIRECT_REPLAN", "success": true, "model_calls": 2, "error": null}
[flexible-fixture] seed=208 method=MODEL_CONSTRAINT_REPAIR start
[reference-sequence] seed=208 stage=transfer_0_blue_pick
[reference-sequence] seed=208 stage=transfer_0_blue_place
[reference-sequence] seed=208 stage=transfer_1_yellow_pick
[reference-sequence] seed=208 stage=transfer_1_yellow_place
[reference-sequence] seed=208 stage=transfer_2_blue_pick
[reference-sequence] seed=208 stage=transfer_2_blue_place
[reference-sequence] seed=208 stage=transfer_3_yellow_pick
[reference-sequence] seed=208 stage=transfer_3_yellow_place
{"seed": 208, "method": "MODEL_CONSTRAINT_REPAIR", "success": true, "model_calls": 1, "error": null}
[flexible-fixture] seed=209 method=MODEL_CONSTRAINT_REPAIR start
[reference-sequence] seed=209 stage=transfer_0_blue_pick
[reference-sequence] seed=209 stage=transfer_0_blue_place
[reference-sequence] seed=209 stage=transfer_1_yellow_pick
[reference-sequence] seed=209 stage=transfer_1_yellow_place
[reference-sequence] seed=209 stage=transfer_2_yellow_pick
[reference-sequence] seed=209 stage=transfer_2_yellow_place
{"seed": 209, "method": "MODEL_CONSTRAINT_REPAIR", "success": false, "model_calls": 2, "error": "ValueError: release_not_supported"}
[flexible-fixture] seed=209 method=MODEL_DIRECT_REPLAN start
[reference-sequence] seed=209 stage=transfer_0_blue_pick
[reference-sequence] seed=209 stage=transfer_0_blue_place
[reference-sequence] seed=209 stage=transfer_1_yellow_pick
[reference-sequence] seed=209 stage=transfer_1_yellow_place
[reference-sequence] seed=209 stage=transfer_2_blue_pick
[reference-sequence] seed=209 stage=transfer_2_blue_place
[reference-sequence] seed=209 stage=transfer_3_yellow_pick
[reference-sequence] seed=209 stage=transfer_3_yellow_place
{"seed": 209, "method": "MODEL_DIRECT_REPLAN", "success": true, "model_calls": 1, "error": null}
[flexible-fixture] seed=210 method=MODEL_DIRECT_REPLAN start
[reference-sequence] seed=210 stage=transfer_0_blue_pick
[reference-sequence] seed=210 stage=transfer_0_blue_place
[reference-sequence] seed=210 stage=transfer_1_yellow_pick
[reference-sequence] seed=210 stage=transfer_1_yellow_place
[reference-sequence] seed=210 stage=transfer_2_blue_pick
[reference-sequence] seed=210 stage=transfer_2_blue_place
[reference-sequence] seed=210 stage=transfer_3_yellow_pick
[reference-sequence] seed=210 stage=transfer_3_yellow_place
{"seed": 210, "method": "MODEL_DIRECT_REPLAN", "success": true, "model_calls": 2, "error": null}
[flexible-fixture] seed=210 method=MODEL_CONSTRAINT_REPAIR start
[reference-sequence] seed=210 stage=transfer_0_blue_pick
[reference-sequence] seed=210 stage=transfer_0_blue_place
[reference-sequence] seed=210 stage=transfer_1_yellow_pick
[reference-sequence] seed=210 stage=transfer_1_yellow_place
[reference-sequence] seed=210 stage=transfer_2_blue_pick
[reference-sequence] seed=210 stage=transfer_2_blue_place
[reference-sequence] seed=210 stage=transfer_3_yellow_pick
[reference-sequence] seed=210 stage=transfer_3_yellow_place
{"seed": 210, "method": "MODEL_CONSTRAINT_REPAIR", "success": true, "model_calls": 1, "error": null}
[flexible-fixture] seed=211 method=MODEL_CONSTRAINT_REPAIR start
[reference-sequence] seed=211 stage=transfer_0_blue_pick
[reference-sequence] seed=211 stage=transfer_0_blue_place
[reference-sequence] seed=211 stage=transfer_1_yellow_pick
[reference-sequence] seed=211 stage=transfer_1_yellow_place
[reference-sequence] seed=211 stage=transfer_2_yellow_pick
[reference-sequence] seed=211 stage=transfer_2_yellow_place
[reference-sequence] seed=211 stage=transfer_3_blue_pick
[reference-sequence] seed=211 stage=transfer_3_blue_place
{"seed": 211, "method": "MODEL_CONSTRAINT_REPAIR", "success": false, "model_calls": 3, "error": "ValueError: flexible_total_transfer_budget_exhausted"}
[flexible-fixture] seed=211 method=MODEL_DIRECT_REPLAN start
[reference-sequence] seed=211 stage=transfer_0_blue_pick
[reference-sequence] seed=211 stage=transfer_0_blue_place
[reference-sequence] seed=211 stage=transfer_1_yellow_pick
[reference-sequence] seed=211 stage=transfer_1_yellow_place
[reference-sequence] seed=211 stage=transfer_2_blue_pick
[reference-sequence] seed=211 stage=transfer_2_blue_place
[reference-sequence] seed=211 stage=transfer_3_yellow_pick
[reference-sequence] seed=211 stage=transfer_3_yellow_place
{"seed": 211, "method": "MODEL_DIRECT_REPLAN", "success": true, "model_calls": 1, "error": null}
[flexible-fixture] seed=212 method=MODEL_DIRECT_REPLAN start
[reference-sequence] seed=212 stage=transfer_0_blue_pick
[reference-sequence] seed=212 stage=transfer_0_blue_place
[reference-sequence] seed=212 stage=transfer_1_yellow_pick
[reference-sequence] seed=212 stage=transfer_1_yellow_place
[reference-sequence] seed=212 stage=transfer_2_blue_pick
[reference-sequence] seed=212 stage=transfer_2_blue_place
[reference-sequence] seed=212 stage=transfer_3_yellow_pick
[reference-sequence] seed=212 stage=transfer_3_yellow_place
{"seed": 212, "method": "MODEL_DIRECT_REPLAN", "success": true, "model_calls": 2, "error": null}
[flexible-fixture] seed=212 method=MODEL_CONSTRAINT_REPAIR start
[reference-sequence] seed=212 stage=transfer_0_blue_pick
[reference-sequence] seed=212 stage=transfer_0_blue_place
[reference-sequence] seed=212 stage=transfer_1_yellow_pick
[reference-sequence] seed=212 stage=transfer_1_yellow_place
[reference-sequence] seed=212 stage=transfer_2_yellow_pick
[reference-sequence] seed=212 stage=transfer_2_yellow_place
[reference-sequence] seed=212 stage=transfer_3_blue_pick
[reference-sequence] seed=212 stage=transfer_3_blue_place
{"seed": 212, "method": "MODEL_CONSTRAINT_REPAIR", "success": false, "model_calls": 2, "error": "ValueError: flexible_total_transfer_budget_exhausted"}
[flexible-fixture] seed=213 method=MODEL_CONSTRAINT_REPAIR start
[reference-sequence] seed=213 stage=transfer_0_blue_pick
[reference-sequence] seed=213 stage=transfer_0_blue_place
[reference-sequence] seed=213 stage=transfer_1_yellow_pick
[reference-sequence] seed=213 stage=transfer_1_yellow_place
[reference-sequence] seed=213 stage=transfer_2_yellow_pick
[reference-sequence] seed=213 stage=transfer_2_yellow_place
[reference-sequence] seed=213 stage=transfer_3_blue_pick
[reference-sequence] seed=213 stage=transfer_3_blue_place
{"seed": 213, "method": "MODEL_CONSTRAINT_REPAIR", "success": false, "model_calls": 3, "error": "ValueError: flexible_remaining_repair_rejected"}
[flexible-fixture] seed=213 method=MODEL_DIRECT_REPLAN start
[reference-sequence] seed=213 stage=transfer_0_blue_pick
[reference-sequence] seed=213 stage=transfer_0_blue_place
[reference-sequence] seed=213 stage=transfer_1_yellow_pick
[reference-sequence] seed=213 stage=transfer_1_yellow_place
[reference-sequence] seed=213 stage=transfer_2_yellow_pick
[reference-sequence] seed=213 stage=transfer_2_yellow_place
[reference-sequence] seed=213 stage=transfer_3_blue_pick
[reference-sequence] seed=213 stage=transfer_3_blue_place
{"seed": 213, "method": "MODEL_DIRECT_REPLAN", "success": false, "model_calls": 2, "error": "ValueError: flexible_remaining_repair_rejected"}
[flexible-fixture] seed=214 method=MODEL_DIRECT_REPLAN start
[reference-sequence] seed=214 stage=transfer_0_blue_pick
[reference-sequence] seed=214 stage=transfer_0_blue_place
[reference-sequence] seed=214 stage=transfer_1_yellow_pick
[reference-sequence] seed=214 stage=transfer_1_yellow_place
[reference-sequence] seed=214 stage=transfer_2_blue_pick
[reference-sequence] seed=214 stage=transfer_2_blue_place
[reference-sequence] seed=214 stage=transfer_3_yellow_pick
[reference-sequence] seed=214 stage=transfer_3_yellow_place
{"seed": 214, "method": "MODEL_DIRECT_REPLAN", "success": true, "model_calls": 2, "error": null}
[flexible-fixture] seed=214 method=MODEL_CONSTRAINT_REPAIR start
[reference-sequence] seed=214 stage=transfer_0_blue_pick
[reference-sequence] seed=214 stage=transfer_0_blue_place
[reference-sequence] seed=214 stage=transfer_1_yellow_pick
[reference-sequence] seed=214 stage=transfer_1_yellow_place
[reference-sequence] seed=214 stage=transfer_2_blue_pick
[reference-sequence] seed=214 stage=transfer_2_blue_place
[reference-sequence] seed=214 stage=transfer_3_yellow_pick
[reference-sequence] seed=214 stage=transfer_3_yellow_place
{"seed": 214, "method": "MODEL_CONSTRAINT_REPAIR", "success": true, "model_calls": 1, "error": null}
[flexible-fixture] seed=215 method=MODEL_CONSTRAINT_REPAIR start
[reference-sequence] seed=215 stage=transfer_0_blue_pick
[reference-sequence] seed=215 stage=transfer_0_blue_place
[reference-sequence] seed=215 stage=transfer_1_yellow_pick
[reference-sequence] seed=215 stage=transfer_1_yellow_place
[reference-sequence] seed=215 stage=transfer_2_blue_pick
[reference-sequence] seed=215 stage=transfer_2_blue_place
[reference-sequence] seed=215 stage=transfer_3_yellow_pick
[reference-sequence] seed=215 stage=transfer_3_yellow_place
{"seed": 215, "method": "MODEL_CONSTRAINT_REPAIR", "success": true, "model_calls": 2, "error": null}
[flexible-fixture] seed=215 method=MODEL_DIRECT_REPLAN start
[reference-sequence] seed=215 stage=transfer_0_blue_pick
[reference-sequence] seed=215 stage=transfer_0_blue_place
[reference-sequence] seed=215 stage=transfer_1_yellow_pick
[reference-sequence] seed=215 stage=transfer_1_yellow_place
[reference-sequence] seed=215 stage=transfer_2_blue_pick
[reference-sequence] seed=215 stage=transfer_2_blue_place
[reference-sequence] seed=215 stage=transfer_3_yellow_pick
[reference-sequence] seed=215 stage=transfer_3_yellow_place
{"seed": 215, "method": "MODEL_DIRECT_REPLAN", "success": true, "model_calls": 1, "error": null}
[flexible-fixture] seed=216 method=MODEL_DIRECT_REPLAN start
[reference-sequence] seed=216 stage=transfer_0_blue_pick
[reference-sequence] seed=216 stage=transfer_0_blue_place
[reference-sequence] seed=216 stage=transfer_1_yellow_pick
[reference-sequence] seed=216 stage=transfer_1_yellow_place
[reference-sequence] seed=216 stage=transfer_2_blue_pick
[reference-sequence] seed=216 stage=transfer_2_blue_place
[reference-sequence] seed=216 stage=transfer_3_yellow_pick
[reference-sequence] seed=216 stage=transfer_3_yellow_place
{"seed": 216, "method": "MODEL_DIRECT_REPLAN", "success": true, "model_calls": 2, "error": null}
[flexible-fixture] seed=216 method=MODEL_CONSTRAINT_REPAIR start
[reference-sequence] seed=216 stage=transfer_0_blue_pick
[reference-sequence] seed=216 stage=transfer_0_blue_place
[reference-sequence] seed=216 stage=transfer_1_yellow_pick
[reference-sequence] seed=216 stage=transfer_1_yellow_place
[reference-sequence] seed=216 stage=transfer_2_blue_pick
[reference-sequence] seed=216 stage=transfer_2_blue_place
[reference-sequence] seed=216 stage=transfer_3_yellow_pick
[reference-sequence] seed=216 stage=transfer_3_yellow_place
{"seed": 216, "method": "MODEL_CONSTRAINT_REPAIR", "success": true, "model_calls": 1, "error": null}
[flexible-fixture] seed=217 method=MODEL_CONSTRAINT_REPAIR start
[reference-sequence] seed=217 stage=transfer_0_blue_pick
[reference-sequence] seed=217 stage=transfer_0_blue_place
[reference-sequence] seed=217 stage=transfer_1_yellow_pick
[reference-sequence] seed=217 stage=transfer_1_yellow_place
[reference-sequence] seed=217 stage=transfer_2_yellow_pick
[reference-sequence] seed=217 stage=transfer_2_yellow_place
[reference-sequence] seed=217 stage=transfer_3_blue_pick
[reference-sequence] seed=217 stage=transfer_3_blue_place
{"seed": 217, "method": "MODEL_CONSTRAINT_REPAIR", "success": false, "model_calls": 3, "error": "ValueError: flexible_total_transfer_budget_exhausted"}
[flexible-fixture] seed=217 method=MODEL_DIRECT_REPLAN start
[reference-sequence] seed=217 stage=transfer_0_blue_pick
[reference-sequence] seed=217 stage=transfer_0_blue_place
[reference-sequence] seed=217 stage=transfer_1_yellow_pick
[reference-sequence] seed=217 stage=transfer_1_yellow_place
[reference-sequence] seed=217 stage=transfer_2_blue_pick
[reference-sequence] seed=217 stage=transfer_2_blue_place
[reference-sequence] seed=217 stage=transfer_3_yellow_pick
[reference-sequence] seed=217 stage=transfer_3_yellow_place
{"seed": 217, "method": "MODEL_DIRECT_REPLAN", "success": true, "model_calls": 1, "error": null}
[flexible-fixture] seed=218 method=MODEL_DIRECT_REPLAN start
[reference-sequence] seed=218 stage=transfer_0_blue_pick
[reference-sequence] seed=218 stage=transfer_0_blue_place
[reference-sequence] seed=218 stage=transfer_1_yellow_pick
[reference-sequence] seed=218 stage=transfer_1_yellow_place
[reference-sequence] seed=218 stage=transfer_2_blue_pick
[reference-sequence] seed=218 stage=transfer_2_blue_place
[reference-sequence] seed=218 stage=transfer_3_yellow_pick
[reference-sequence] seed=218 stage=transfer_3_yellow_place
{"seed": 218, "method": "MODEL_DIRECT_REPLAN", "success": true, "model_calls": 2, "error": null}
[flexible-fixture] seed=218 method=MODEL_CONSTRAINT_REPAIR start
[reference-sequence] seed=218 stage=transfer_0_blue_pick
[reference-sequence] seed=218 stage=transfer_0_blue_place
[reference-sequence] seed=218 stage=transfer_1_yellow_pick
[reference-sequence] seed=218 stage=transfer_1_yellow_place
[reference-sequence] seed=218 stage=transfer_2_blue_pick
[reference-sequence] seed=218 stage=transfer_2_blue_place
[reference-sequence] seed=218 stage=transfer_3_yellow_pick
[reference-sequence] seed=218 stage=transfer_3_yellow_place
{"seed": 218, "method": "MODEL_CONSTRAINT_REPAIR", "success": true, "model_calls": 1, "error": null}
[flexible-fixture] seed=219 method=MODEL_CONSTRAINT_REPAIR start
[reference-sequence] seed=219 stage=transfer_0_blue_pick
[reference-sequence] seed=219 stage=transfer_0_blue_place
[reference-sequence] seed=219 stage=transfer_1_yellow_pick
[reference-sequence] seed=219 stage=transfer_1_yellow_place
[reference-sequence] seed=219 stage=transfer_2_yellow_pick
[reference-sequence] seed=219 stage=transfer_2_yellow_place
{"seed": 219, "method": "MODEL_CONSTRAINT_REPAIR", "success": false, "model_calls": 2, "error": "ValueError: place_waypoint_incomplete"}
[flexible-fixture] seed=219 method=MODEL_DIRECT_REPLAN start
[reference-sequence] seed=219 stage=transfer_0_blue_pick
[reference-sequence] seed=219 stage=transfer_0_blue_place
[reference-sequence] seed=219 stage=transfer_1_yellow_pick
[reference-sequence] seed=219 stage=transfer_1_yellow_place
[reference-sequence] seed=219 stage=transfer_2_blue_pick
[reference-sequence] seed=219 stage=transfer_2_blue_place
[reference-sequence] seed=219 stage=transfer_3_yellow_pick
[reference-sequence] seed=219 stage=transfer_3_yellow_place
{"seed": 219, "method": "MODEL_DIRECT_REPLAN", "success": true, "model_calls": 1, "error": null}
[flexible-fixture] seed=220 method=MODEL_DIRECT_REPLAN start
[reference-sequence] seed=220 stage=transfer_0_blue_pick
[reference-sequence] seed=220 stage=transfer_0_blue_place
[reference-sequence] seed=220 stage=transfer_1_yellow_pick
[reference-sequence] seed=220 stage=transfer_1_yellow_place
[reference-sequence] seed=220 stage=transfer_2_blue_pick
[reference-sequence] seed=220 stage=transfer_2_blue_place
[reference-sequence] seed=220 stage=transfer_3_yellow_pick
[reference-sequence] seed=220 stage=transfer_3_yellow_place
{"seed": 220, "method": "MODEL_DIRECT_REPLAN", "success": true, "model_calls": 2, "error": null}
[flexible-fixture] seed=220 method=MODEL_CONSTRAINT_REPAIR start
[reference-sequence] seed=220 stage=transfer_0_blue_pick
[reference-sequence] seed=220 stage=transfer_0_blue_place
[reference-sequence] seed=220 stage=transfer_1_yellow_pick
[reference-sequence] seed=220 stage=transfer_1_yellow_place
[reference-sequence] seed=220 stage=transfer_2_blue_pick
[reference-sequence] seed=220 stage=transfer_2_blue_place
[reference-sequence] seed=220 stage=transfer_3_yellow_pick
[reference-sequence] seed=220 stage=transfer_3_yellow_place
{"seed": 220, "method": "MODEL_CONSTRAINT_REPAIR", "success": true, "model_calls": 1, "error": null}
[flexible-fixture] seed=221 method=MODEL_CONSTRAINT_REPAIR start
[reference-sequence] seed=221 stage=transfer_0_blue_pick
[reference-sequence] seed=221 stage=transfer_0_blue_place
[reference-sequence] seed=221 stage=transfer_1_yellow_pick
[reference-sequence] seed=221 stage=transfer_1_yellow_place
[reference-sequence] seed=221 stage=transfer_2_blue_pick
[reference-sequence] seed=221 stage=transfer_2_blue_place
[reference-sequence] seed=221 stage=transfer_3_yellow_pick
[reference-sequence] seed=221 stage=transfer_3_yellow_place
{"seed": 221, "method": "MODEL_CONSTRAINT_REPAIR", "success": true, "model_calls": 2, "error": null}
[flexible-fixture] seed=221 method=MODEL_DIRECT_REPLAN start
[reference-sequence] seed=221 stage=transfer_0_blue_pick
[reference-sequence] seed=221 stage=transfer_0_blue_place
[reference-sequence] seed=221 stage=transfer_1_yellow_pick
[reference-sequence] seed=221 stage=transfer_1_yellow_place
[reference-sequence] seed=221 stage=transfer_2_blue_pick
[reference-sequence] seed=221 stage=transfer_2_blue_place
[reference-sequence] seed=221 stage=transfer_3_yellow_pick
[reference-sequence] seed=221 stage=transfer_3_yellow_place
{"seed": 221, "method": "MODEL_DIRECT_REPLAN", "success": true, "model_calls": 1, "error": null}
[flexible-fixture] seed=222 method=MODEL_DIRECT_REPLAN start
[reference-sequence] seed=222 stage=transfer_0_blue_pick
[reference-sequence] seed=222 stage=transfer_0_blue_place
[reference-sequence] seed=222 stage=transfer_1_yellow_pick
[reference-sequence] seed=222 stage=transfer_1_yellow_place
[reference-sequence] seed=222 stage=transfer_2_blue_pick
[reference-sequence] seed=222 stage=transfer_2_blue_place
[reference-sequence] seed=222 stage=transfer_3_yellow_pick
[reference-sequence] seed=222 stage=transfer_3_yellow_place
{"seed": 222, "method": "MODEL_DIRECT_REPLAN", "success": true, "model_calls": 2, "error": null}
[flexible-fixture] seed=222 method=MODEL_CONSTRAINT_REPAIR start
[reference-sequence] seed=222 stage=transfer_0_blue_pick
[reference-sequence] seed=222 stage=transfer_0_blue_place
[reference-sequence] seed=222 stage=transfer_1_yellow_pick
[reference-sequence] seed=222 stage=transfer_1_yellow_place
[reference-sequence] seed=222 stage=transfer_2_blue_pick
[reference-sequence] seed=222 stage=transfer_2_blue_place
[reference-sequence] seed=222 stage=transfer_3_yellow_pick
[reference-sequence] seed=222 stage=transfer_3_yellow_place
{"seed": 222, "method": "MODEL_CONSTRAINT_REPAIR", "success": true, "model_calls": 1, "error": null}
[flexible-fixture] seed=223 method=MODEL_CONSTRAINT_REPAIR start
[reference-sequence] seed=223 stage=transfer_0_blue_pick
[reference-sequence] seed=223 stage=transfer_0_blue_place
[reference-sequence] seed=223 stage=transfer_1_yellow_pick
[reference-sequence] seed=223 stage=transfer_1_yellow_place
[reference-sequence] seed=223 stage=transfer_2_blue_pick
[reference-sequence] seed=223 stage=transfer_2_blue_place
[reference-sequence] seed=223 stage=transfer_3_yellow_pick
[reference-sequence] seed=223 stage=transfer_3_yellow_place
{"seed": 223, "method": "MODEL_CONSTRAINT_REPAIR", "success": true, "model_calls": 2, "error": null}
[flexible-fixture] seed=223 method=MODEL_DIRECT_REPLAN start
[reference-sequence] seed=223 stage=transfer_0_blue_pick
[reference-sequence] seed=223 stage=transfer_0_blue_place
[reference-sequence] seed=223 stage=transfer_1_yellow_pick
[reference-sequence] seed=223 stage=transfer_1_yellow_place
[reference-sequence] seed=223 stage=transfer_2_blue_pick
[reference-sequence] seed=223 stage=transfer_2_blue_place
[reference-sequence] seed=223 stage=transfer_3_yellow_pick
[reference-sequence] seed=223 stage=transfer_3_yellow_place
{"seed": 223, "method": "MODEL_DIRECT_REPLAN", "success": true, "model_calls": 1, "error": null}
[flexible-fixture] seed=224 method=MODEL_DIRECT_REPLAN start
[reference-sequence] seed=224 stage=transfer_0_blue_pick
[reference-sequence] seed=224 stage=transfer_0_blue_place
[reference-sequence] seed=224 stage=transfer_1_yellow_pick
[reference-sequence] seed=224 stage=transfer_1_yellow_place
[reference-sequence] seed=224 stage=transfer_2_blue_pick
[reference-sequence] seed=224 stage=transfer_2_blue_place
[reference-sequence] seed=224 stage=transfer_3_yellow_pick
[reference-sequence] seed=224 stage=transfer_3_yellow_place
{"seed": 224, "method": "MODEL_DIRECT_REPLAN", "success": true, "model_calls": 2, "error": null}
[flexible-fixture] seed=224 method=MODEL_CONSTRAINT_REPAIR start
[reference-sequence] seed=224 stage=transfer_0_blue_pick
[reference-sequence] seed=224 stage=transfer_0_blue_place
[reference-sequence] seed=224 stage=transfer_1_yellow_pick
[reference-sequence] seed=224 stage=transfer_1_yellow_place
[reference-sequence] seed=224 stage=transfer_2_blue_pick
[reference-sequence] seed=224 stage=transfer_2_blue_place
[reference-sequence] seed=224 stage=transfer_3_yellow_pick
[reference-sequence] seed=224 stage=transfer_3_yellow_place
{"seed": 224, "method": "MODEL_CONSTRAINT_REPAIR", "success": true, "model_calls": 1, "error": null}
[flexible-fixture] seed=225 method=MODEL_CONSTRAINT_REPAIR start
[reference-sequence] seed=225 stage=transfer_0_blue_pick
[reference-sequence] seed=225 stage=transfer_0_blue_place
[reference-sequence] seed=225 stage=transfer_1_yellow_pick
[reference-sequence] seed=225 stage=transfer_1_yellow_place
[reference-sequence] seed=225 stage=transfer_2_yellow_pick
[reference-sequence] seed=225 stage=transfer_2_yellow_place
[reference-sequence] seed=225 stage=transfer_3_blue_pick
{"seed": 225, "method": "MODEL_CONSTRAINT_REPAIR", "success": false, "model_calls": 3, "error": "ValueError: pick_waypoint_incomplete"}
[flexible-fixture] seed=225 method=MODEL_DIRECT_REPLAN start
[reference-sequence] seed=225 stage=transfer_0_blue_pick
[reference-sequence] seed=225 stage=transfer_0_blue_place
[reference-sequence] seed=225 stage=transfer_1_yellow_pick
[reference-sequence] seed=225 stage=transfer_1_yellow_place
[reference-sequence] seed=225 stage=transfer_2_blue_pick
[reference-sequence] seed=225 stage=transfer_2_blue_place
[reference-sequence] seed=225 stage=transfer_3_yellow_pick
[reference-sequence] seed=225 stage=transfer_3_yellow_place
{"seed": 225, "method": "MODEL_DIRECT_REPLAN", "success": true, "model_calls": 1, "error": null}
[flexible-fixture] seed=226 method=MODEL_DIRECT_REPLAN start
[reference-sequence] seed=226 stage=transfer_0_blue_pick
[reference-sequence] seed=226 stage=transfer_0_blue_place
[reference-sequence] seed=226 stage=transfer_1_yellow_pick
[reference-sequence] seed=226 stage=transfer_1_yellow_place
[reference-sequence] seed=226 stage=transfer_2_blue_pick
[reference-sequence] seed=226 stage=transfer_2_blue_place
[reference-sequence] seed=226 stage=transfer_3_yellow_pick
[reference-sequence] seed=226 stage=transfer_3_yellow_place
{"seed": 226, "method": "MODEL_DIRECT_REPLAN", "success": true, "model_calls": 2, "error": null}
[flexible-fixture] seed=226 method=MODEL_CONSTRAINT_REPAIR start
[reference-sequence] seed=226 stage=transfer_0_blue_pick
[reference-sequence] seed=226 stage=transfer_0_blue_place
[reference-sequence] seed=226 stage=transfer_1_yellow_pick
[reference-sequence] seed=226 stage=transfer_1_yellow_place
[reference-sequence] seed=226 stage=transfer_2_blue_pick
[reference-sequence] seed=226 stage=transfer_2_blue_place
[reference-sequence] seed=226 stage=transfer_3_yellow_pick
[reference-sequence] seed=226 stage=transfer_3_yellow_place
{"seed": 226, "method": "MODEL_CONSTRAINT_REPAIR", "success": true, "model_calls": 1, "error": null}
[flexible-fixture] seed=227 method=MODEL_CONSTRAINT_REPAIR start
[reference-sequence] seed=227 stage=transfer_0_blue_pick
[reference-sequence] seed=227 stage=transfer_0_blue_place
[reference-sequence] seed=227 stage=transfer_1_yellow_pick
[reference-sequence] seed=227 stage=transfer_1_yellow_place
[reference-sequence] seed=227 stage=transfer_2_yellow_pick
[reference-sequence] seed=227 stage=transfer_2_yellow_place
{"seed": 227, "method": "MODEL_CONSTRAINT_REPAIR", "success": false, "model_calls": 2, "error": "ValueError: observed_goal_unknown_no_completion"}
[flexible-fixture] seed=227 method=MODEL_DIRECT_REPLAN start
[reference-sequence] seed=227 stage=transfer_0_blue_pick
[reference-sequence] seed=227 stage=transfer_0_blue_place
[reference-sequence] seed=227 stage=transfer_1_yellow_pick
[reference-sequence] seed=227 stage=transfer_1_yellow_place
[reference-sequence] seed=227 stage=transfer_2_blue_pick
[reference-sequence] seed=227 stage=transfer_2_blue_place
[reference-sequence] seed=227 stage=transfer_3_yellow_pick
[reference-sequence] seed=227 stage=transfer_3_yellow_place
{"seed": 227, "method": "MODEL_DIRECT_REPLAN", "success": true, "model_calls": 1, "error": null}
[flexible-fixture] seed=228 method=MODEL_DIRECT_REPLAN start
[reference-sequence] seed=228 stage=transfer_0_blue_pick
[reference-sequence] seed=228 stage=transfer_0_blue_place
[reference-sequence] seed=228 stage=transfer_1_yellow_pick
[reference-sequence] seed=228 stage=transfer_1_yellow_place
[reference-sequence] seed=228 stage=transfer_2_blue_pick
[reference-sequence] seed=228 stage=transfer_2_blue_place
[reference-sequence] seed=228 stage=transfer_3_yellow_pick
[reference-sequence] seed=228 stage=transfer_3_yellow_place
{"seed": 228, "method": "MODEL_DIRECT_REPLAN", "success": true, "model_calls": 2, "error": null}
[flexible-fixture] seed=228 method=MODEL_CONSTRAINT_REPAIR start
[reference-sequence] seed=228 stage=transfer_0_blue_pick
[reference-sequence] seed=228 stage=transfer_0_blue_place
[reference-sequence] seed=228 stage=transfer_1_yellow_pick
[reference-sequence] seed=228 stage=transfer_1_yellow_place
[reference-sequence] seed=228 stage=transfer_2_blue_pick
[reference-sequence] seed=228 stage=transfer_2_blue_place
[reference-sequence] seed=228 stage=transfer_3_yellow_pick
[reference-sequence] seed=228 stage=transfer_3_yellow_place
{"seed": 228, "method": "MODEL_CONSTRAINT_REPAIR", "success": true, "model_calls": 1, "error": null}
[flexible-fixture] seed=229 method=MODEL_CONSTRAINT_REPAIR start
[reference-sequence] seed=229 stage=transfer_0_blue_pick
[reference-sequence] seed=229 stage=transfer_0_blue_place
[reference-sequence] seed=229 stage=transfer_1_yellow_pick
[reference-sequence] seed=229 stage=transfer_1_yellow_place
[reference-sequence] seed=229 stage=transfer_2_yellow_pick
[reference-sequence] seed=229 stage=transfer_2_yellow_place
{"seed": 229, "method": "MODEL_CONSTRAINT_REPAIR", "success": false, "model_calls": 2, "error": "ValueError: observed_goal_unknown_no_completion"}
[flexible-fixture] seed=229 method=MODEL_DIRECT_REPLAN start
[reference-sequence] seed=229 stage=transfer_0_blue_pick
[reference-sequence] seed=229 stage=transfer_0_blue_place
[reference-sequence] seed=229 stage=transfer_1_yellow_pick
[reference-sequence] seed=229 stage=transfer_1_yellow_place
[reference-sequence] seed=229 stage=transfer_2_blue_pick
[reference-sequence] seed=229 stage=transfer_2_blue_place
[reference-sequence] seed=229 stage=transfer_3_yellow_pick
[reference-sequence] seed=229 stage=transfer_3_yellow_place
{"seed": 229, "method": "MODEL_DIRECT_REPLAN", "success": true, "model_calls": 1, "error": null}
[flexible-fixture] seed=230 method=MODEL_DIRECT_REPLAN start
[reference-sequence] seed=230 stage=transfer_0_blue_pick
[reference-sequence] seed=230 stage=transfer_0_blue_place
[reference-sequence] seed=230 stage=transfer_1_yellow_pick
[reference-sequence] seed=230 stage=transfer_1_yellow_place
[reference-sequence] seed=230 stage=transfer_2_blue_pick
[reference-sequence] seed=230 stage=transfer_2_blue_place
[reference-sequence] seed=230 stage=transfer_3_yellow_pick
[reference-sequence] seed=230 stage=transfer_3_yellow_place
{"seed": 230, "method": "MODEL_DIRECT_REPLAN", "success": true, "model_calls": 2, "error": null}
[flexible-fixture] seed=230 method=MODEL_CONSTRAINT_REPAIR start
[reference-sequence] seed=230 stage=transfer_0_blue_pick
[reference-sequence] seed=230 stage=transfer_0_blue_place
[reference-sequence] seed=230 stage=transfer_1_yellow_pick
[reference-sequence] seed=230 stage=transfer_1_yellow_place
[reference-sequence] seed=230 stage=transfer_2_blue_pick
[reference-sequence] seed=230 stage=transfer_2_blue_place
[reference-sequence] seed=230 stage=transfer_3_yellow_pick
[reference-sequence] seed=230 stage=transfer_3_yellow_place
{"seed": 230, "method": "MODEL_CONSTRAINT_REPAIR", "success": true, "model_calls": 1, "error": null}
{"completed_episodes": 60, "actual_model_calls": 97, "methods": {"MODEL_DIRECT_REPLAN": {"episodes": 30, "successes": 28, "accepted_remaining_repairs": 0, "accepted_execution_repairs": 31}, "MODEL_CONSTRAINT_REPAIR": {"episodes": 30, "successes": 18, "accepted_remaining_repairs": 0, "accepted_execution_repairs": 36}}}
[difficulty-formal] completed_at_utc=2026-10-03T10:11:44Z
