[flexible-fixture] seed=120 method=MODEL_DIRECT_REPLAN start
[reference-sequence] seed=120 stage=transfer_0_blue_pick
[reference-sequence] seed=120 stage=transfer_0_blue_place
[reference-sequence] seed=120 stage=transfer_1_blue_pick
[reference-sequence] seed=120 stage=transfer_1_blue_place
[reference-sequence] seed=120 stage=transfer_2_yellow_pick
[reference-sequence] seed=120 stage=transfer_2_yellow_place
{"seed": 120, "method": "MODEL_DIRECT_REPLAN", "success": true, "model_calls": 2, "error": null}
[flexible-fixture] seed=120 method=MODEL_CONSTRAINT_REPAIR start
[reference-sequence] seed=120 stage=transfer_0_blue_pick
[reference-sequence] seed=120 stage=transfer_0_blue_place
[reference-sequence] seed=120 stage=transfer_1_blue_pick
[reference-sequence] seed=120 stage=transfer_1_blue_place
[reference-sequence] seed=120 stage=transfer_2_yellow_pick
[reference-sequence] seed=120 stage=transfer_2_yellow_place
{"seed": 120, "method": "MODEL_CONSTRAINT_REPAIR", "success": true, "model_calls": 1, "error": null}
[flexible-fixture] seed=121 method=MODEL_CONSTRAINT_REPAIR start
[reference-sequence] seed=121 stage=transfer_0_blue_pick
[reference-sequence] seed=121 stage=transfer_0_blue_place
[reference-sequence] seed=121 stage=transfer_1_blue_pick
[reference-sequence] seed=121 stage=transfer_1_blue_place
[reference-sequence] seed=121 stage=transfer_2_yellow_pick
[reference-sequence] seed=121 stage=transfer_2_yellow_place
{"seed": 121, "method": "MODEL_CONSTRAINT_REPAIR", "success": true, "model_calls": 2, "error": null}
[flexible-fixture] seed=121 method=MODEL_DIRECT_REPLAN start
[reference-sequence] seed=121 stage=transfer_0_blue_pick
[reference-sequence] seed=121 stage=transfer_0_blue_place
[reference-sequence] seed=121 stage=transfer_1_blue_pick
[reference-sequence] seed=121 stage=transfer_1_blue_place
[reference-sequence] seed=121 stage=transfer_2_yellow_pick
[reference-sequence] seed=121 stage=transfer_2_yellow_place
{"seed": 121, "method": "MODEL_DIRECT_REPLAN", "success": true, "model_calls": 1, "error": null}
[flexible-fixture] seed=122 method=MODEL_DIRECT_REPLAN start
[reference-sequence] seed=122 stage=transfer_0_blue_pick
[reference-sequence] seed=122 stage=transfer_0_blue_place
[reference-sequence] seed=122 stage=transfer_1_blue_pick
[reference-sequence] seed=122 stage=transfer_1_blue_place
[reference-sequence] seed=122 stage=transfer_2_yellow_pick
[reference-sequence] seed=122 stage=transfer_2_yellow_place
{"seed": 122, "method": "MODEL_DIRECT_REPLAN", "success": true, "model_calls": 2, "error": null}
[flexible-fixture] seed=122 method=MODEL_CONSTRAINT_REPAIR start
[reference-sequence] seed=122 stage=transfer_0_blue_pick
[reference-sequence] seed=122 stage=transfer_0_blue_place
[reference-sequence] seed=122 stage=transfer_1_blue_pick
[reference-sequence] seed=122 stage=transfer_1_blue_place
[reference-sequence] seed=122 stage=transfer_2_yellow_pick
[reference-sequence] seed=122 stage=transfer_2_yellow_place
{"seed": 122, "method": "MODEL_CONSTRAINT_REPAIR", "success": true, "model_calls": 1, "error": null}
[flexible-fixture] seed=123 method=MODEL_CONSTRAINT_REPAIR start
[reference-sequence] seed=123 stage=transfer_0_blue_pick
[reference-sequence] seed=123 stage=transfer_0_blue_place
[reference-sequence] seed=123 stage=transfer_1_blue_pick
[reference-sequence] seed=123 stage=transfer_1_blue_place
[reference-sequence] seed=123 stage=transfer_2_yellow_pick
[reference-sequence] seed=123 stage=transfer_2_yellow_place
{"seed": 123, "method": "MODEL_CONSTRAINT_REPAIR", "success": true, "model_calls": 2, "error": null}
[flexible-fixture] seed=123 method=MODEL_DIRECT_REPLAN start
[reference-sequence] seed=123 stage=transfer_0_blue_pick
[reference-sequence] seed=123 stage=transfer_0_blue_place
[reference-sequence] seed=123 stage=transfer_1_blue_pick
[reference-sequence] seed=123 stage=transfer_1_blue_place
[reference-sequence] seed=123 stage=transfer_2_yellow_pick
[reference-sequence] seed=123 stage=transfer_2_yellow_place
{"seed": 123, "method": "MODEL_DIRECT_REPLAN", "success": true, "model_calls": 1, "error": null}
[flexible-fixture] seed=124 method=MODEL_DIRECT_REPLAN start
[reference-sequence] seed=124 stage=transfer_0_blue_pick
[reference-sequence] seed=124 stage=transfer_0_blue_place
[reference-sequence] seed=124 stage=transfer_1_blue_pick
[reference-sequence] seed=124 stage=transfer_1_blue_place
[reference-sequence] seed=124 stage=transfer_2_yellow_pick
[reference-sequence] seed=124 stage=transfer_2_yellow_place
{"seed": 124, "method": "MODEL_DIRECT_REPLAN", "success": true, "model_calls": 2, "error": null}
[flexible-fixture] seed=124 method=MODEL_CONSTRAINT_REPAIR start
[reference-sequence] seed=124 stage=transfer_0_blue_pick
[reference-sequence] seed=124 stage=transfer_0_blue_place
[reference-sequence] seed=124 stage=transfer_1_blue_pick
[reference-sequence] seed=124 stage=transfer_1_blue_place
[reference-sequence] seed=124 stage=transfer_2_yellow_pick
[reference-sequence] seed=124 stage=transfer_2_yellow_place
{"seed": 124, "method": "MODEL_CONSTRAINT_REPAIR", "success": true, "model_calls": 1, "error": null}
[flexible-fixture] seed=125 method=MODEL_CONSTRAINT_REPAIR start
[reference-sequence] seed=125 stage=transfer_0_blue_pick
[reference-sequence] seed=125 stage=transfer_0_blue_place
[reference-sequence] seed=125 stage=transfer_1_blue_pick
[reference-sequence] seed=125 stage=transfer_1_blue_place
[reference-sequence] seed=125 stage=transfer_2_yellow_pick
[reference-sequence] seed=125 stage=transfer_2_yellow_place
{"seed": 125, "method": "MODEL_CONSTRAINT_REPAIR", "success": true, "model_calls": 2, "error": null}
[flexible-fixture] seed=125 method=MODEL_DIRECT_REPLAN start
[reference-sequence] seed=125 stage=transfer_0_blue_pick
[reference-sequence] seed=125 stage=transfer_0_blue_place
[reference-sequence] seed=125 stage=transfer_1_blue_pick
[reference-sequence] seed=125 stage=transfer_1_blue_place
[reference-sequence] seed=125 stage=transfer_2_yellow_pick
[reference-sequence] seed=125 stage=transfer_2_yellow_place
{"seed": 125, "method": "MODEL_DIRECT_REPLAN", "success": true, "model_calls": 1, "error": null}
[flexible-fixture] seed=126 method=MODEL_DIRECT_REPLAN start
[reference-sequence] seed=126 stage=transfer_0_blue_pick
[reference-sequence] seed=126 stage=transfer_0_blue_place
[reference-sequence] seed=126 stage=transfer_1_blue_pick
[reference-sequence] seed=126 stage=transfer_1_blue_place
[reference-sequence] seed=126 stage=transfer_2_yellow_pick
[reference-sequence] seed=126 stage=transfer_2_yellow_place
{"seed": 126, "method": "MODEL_DIRECT_REPLAN", "success": true, "model_calls": 2, "error": null}
[flexible-fixture] seed=126 method=MODEL_CONSTRAINT_REPAIR start
[reference-sequence] seed=126 stage=transfer_0_blue_pick
[reference-sequence] seed=126 stage=transfer_0_blue_place
[reference-sequence] seed=126 stage=transfer_1_blue_pick
[reference-sequence] seed=126 stage=transfer_1_blue_place
[reference-sequence] seed=126 stage=transfer_2_yellow_pick
[reference-sequence] seed=126 stage=transfer_2_yellow_place
{"seed": 126, "method": "MODEL_CONSTRAINT_REPAIR", "success": true, "model_calls": 1, "error": null}
[flexible-fixture] seed=127 method=MODEL_CONSTRAINT_REPAIR start
[reference-sequence] seed=127 stage=transfer_0_blue_pick
[reference-sequence] seed=127 stage=transfer_0_blue_place
[reference-sequence] seed=127 stage=transfer_1_blue_pick
[reference-sequence] seed=127 stage=transfer_1_blue_place
[reference-sequence] seed=127 stage=transfer_2_yellow_pick
[reference-sequence] seed=127 stage=transfer_2_yellow_place
{"seed": 127, "method": "MODEL_CONSTRAINT_REPAIR", "success": true, "model_calls": 2, "error": null}
[flexible-fixture] seed=127 method=MODEL_DIRECT_REPLAN start
[reference-sequence] seed=127 stage=transfer_0_blue_pick
[reference-sequence] seed=127 stage=transfer_0_blue_place
[reference-sequence] seed=127 stage=transfer_1_blue_pick
[reference-sequence] seed=127 stage=transfer_1_blue_place
[reference-sequence] seed=127 stage=transfer_2_yellow_pick
[reference-sequence] seed=127 stage=transfer_2_yellow_place
{"seed": 127, "method": "MODEL_DIRECT_REPLAN", "success": true, "model_calls": 1, "error": null}
[flexible-fixture] seed=128 method=MODEL_DIRECT_REPLAN start
[reference-sequence] seed=128 stage=transfer_0_blue_pick
[reference-sequence] seed=128 stage=transfer_0_blue_place
[reference-sequence] seed=128 stage=transfer_1_blue_pick
[reference-sequence] seed=128 stage=transfer_1_blue_place
[reference-sequence] seed=128 stage=transfer_2_yellow_pick
[reference-sequence] seed=128 stage=transfer_2_yellow_place
{"seed": 128, "method": "MODEL_DIRECT_REPLAN", "success": true, "model_calls": 2, "error": null}
[flexible-fixture] seed=128 method=MODEL_CONSTRAINT_REPAIR start
[reference-sequence] seed=128 stage=transfer_0_blue_pick
[reference-sequence] seed=128 stage=transfer_0_blue_place
[reference-sequence] seed=128 stage=transfer_1_blue_pick
[reference-sequence] seed=128 stage=transfer_1_blue_place
[reference-sequence] seed=128 stage=transfer_2_yellow_pick
[reference-sequence] seed=128 stage=transfer_2_yellow_place
{"seed": 128, "method": "MODEL_CONSTRAINT_REPAIR", "success": true, "model_calls": 1, "error": null}
[flexible-fixture] seed=129 method=MODEL_CONSTRAINT_REPAIR start
[reference-sequence] seed=129 stage=transfer_0_blue_pick
[reference-sequence] seed=129 stage=transfer_0_blue_place
[reference-sequence] seed=129 stage=transfer_1_blue_pick
[reference-sequence] seed=129 stage=transfer_1_blue_place
[reference-sequence] seed=129 stage=transfer_2_yellow_pick
[reference-sequence] seed=129 stage=transfer_2_yellow_place
{"seed": 129, "method": "MODEL_CONSTRAINT_REPAIR", "success": true, "model_calls": 2, "error": null}
[flexible-fixture] seed=129 method=MODEL_DIRECT_REPLAN start
[reference-sequence] seed=129 stage=transfer_0_blue_pick
[reference-sequence] seed=129 stage=transfer_0_blue_place
[reference-sequence] seed=129 stage=transfer_1_blue_pick
[reference-sequence] seed=129 stage=transfer_1_blue_place
[reference-sequence] seed=129 stage=transfer_2_yellow_pick
[reference-sequence] seed=129 stage=transfer_2_yellow_place
{"seed": 129, "method": "MODEL_DIRECT_REPLAN", "success": true, "model_calls": 1, "error": null}
{"completed_episodes": 20, "actual_model_calls": 30, "methods": {"MODEL_CONSTRAINT_REPAIR": {"episodes": 10, "successes": 10, "accepted_remaining_repairs": 10}, "MODEL_DIRECT_REPLAN": {"episodes": 10, "successes": 10, "accepted_remaining_repairs": 10}}}
