[model-sequence] seed=43 method=MODEL_DIAGNOSTIC_REPAIR start
[reference-sequence] seed=43 stage=transfer_0_blue_pick
[reference-sequence] seed=43 stage=transfer_0_blue_place
[reference-sequence] seed=43 stage=transfer_1_blue_pick
[reference-sequence] seed=43 stage=transfer_1_blue_place
[reference-sequence] seed=43 stage=transfer_2_yellow_pick
[reference-sequence] seed=43 stage=transfer_2_yellow_place
{"seed": 43, "method": "MODEL_DIAGNOSTIC_REPAIR", "success": true, "model_calls": 1, "failure_stage": null}
[model-sequence] seed=43 method=MODEL_NO_PLAN_REPAIR start
[reference-sequence] seed=43 stage=transfer_0_blue_pick
[reference-sequence] seed=43 stage=transfer_0_blue_place
[reference-sequence] seed=43 stage=transfer_1_blue_pick
[reference-sequence] seed=43 stage=transfer_1_blue_place
[reference-sequence] seed=43 stage=transfer_2_yellow_pick
[reference-sequence] seed=43 stage=transfer_2_yellow_place
{"seed": 43, "method": "MODEL_NO_PLAN_REPAIR", "success": true, "model_calls": 0, "failure_stage": null}
[model-sequence] seed=44 method=MODEL_NO_PLAN_REPAIR start
[reference-sequence] seed=44 stage=transfer_0_blue_pick
[reference-sequence] seed=44 stage=transfer_0_blue_place
[reference-sequence] seed=44 stage=transfer_1_blue_pick
[reference-sequence] seed=44 stage=transfer_1_blue_place
[reference-sequence] seed=44 stage=transfer_2_yellow_pick
[reference-sequence] seed=44 stage=transfer_2_yellow_place
{"seed": 44, "method": "MODEL_NO_PLAN_REPAIR", "success": true, "model_calls": 1, "failure_stage": null}
[model-sequence] seed=44 method=MODEL_DIAGNOSTIC_REPAIR start
[reference-sequence] seed=44 stage=transfer_0_blue_pick
[reference-sequence] seed=44 stage=transfer_0_blue_place
[reference-sequence] seed=44 stage=transfer_1_blue_pick
[reference-sequence] seed=44 stage=transfer_1_blue_place
[reference-sequence] seed=44 stage=transfer_2_yellow_pick
[reference-sequence] seed=44 stage=transfer_2_yellow_place
{"seed": 44, "method": "MODEL_DIAGNOSTIC_REPAIR", "success": true, "model_calls": 0, "failure_stage": null}
[model-sequence] seed=45 method=MODEL_DIAGNOSTIC_REPAIR start
[reference-sequence] seed=45 stage=transfer_0_blue_pick
[reference-sequence] seed=45 stage=transfer_0_blue_place
[reference-sequence] seed=45 stage=transfer_1_blue_pick
[reference-sequence] seed=45 stage=transfer_1_blue_place
[reference-sequence] seed=45 stage=transfer_2_yellow_pick
[reference-sequence] seed=45 stage=transfer_2_yellow_place
{"seed": 45, "method": "MODEL_DIAGNOSTIC_REPAIR", "success": true, "model_calls": 1, "failure_stage": null}
[model-sequence] seed=45 method=MODEL_NO_PLAN_REPAIR start
[reference-sequence] seed=45 stage=transfer_0_blue_pick
[reference-sequence] seed=45 stage=transfer_0_blue_place
[reference-sequence] seed=45 stage=transfer_1_blue_pick
[reference-sequence] seed=45 stage=transfer_1_blue_place
[reference-sequence] seed=45 stage=transfer_2_yellow_pick
[reference-sequence] seed=45 stage=transfer_2_yellow_place
{"seed": 45, "method": "MODEL_NO_PLAN_REPAIR", "success": true, "model_calls": 0, "failure_stage": null}
[model-sequence] seed=46 method=MODEL_NO_PLAN_REPAIR start
[reference-sequence] seed=46 stage=transfer_0_blue_pick
[reference-sequence] seed=46 stage=transfer_0_blue_place
[reference-sequence] seed=46 stage=transfer_1_blue_pick
[reference-sequence] seed=46 stage=transfer_1_blue_place
[reference-sequence] seed=46 stage=transfer_2_yellow_pick
[reference-sequence] seed=46 stage=transfer_2_yellow_place
{"seed": 46, "method": "MODEL_NO_PLAN_REPAIR", "success": true, "model_calls": 1, "failure_stage": null}
[model-sequence] seed=46 method=MODEL_DIAGNOSTIC_REPAIR start
[reference-sequence] seed=46 stage=transfer_0_blue_pick
[reference-sequence] seed=46 stage=transfer_0_blue_place
[reference-sequence] seed=46 stage=transfer_1_blue_pick
[reference-sequence] seed=46 stage=transfer_1_blue_place
[reference-sequence] seed=46 stage=transfer_2_yellow_pick
[reference-sequence] seed=46 stage=transfer_2_yellow_place
{"seed": 46, "method": "MODEL_DIAGNOSTIC_REPAIR", "success": true, "model_calls": 0, "failure_stage": null}
[model-sequence] seed=47 method=MODEL_DIAGNOSTIC_REPAIR start
[reference-sequence] seed=47 stage=transfer_0_blue_pick
[reference-sequence] seed=47 stage=transfer_0_blue_place
[reference-sequence] seed=47 stage=transfer_1_blue_pick
[reference-sequence] seed=47 stage=transfer_1_blue_place
[reference-sequence] seed=47 stage=transfer_2_yellow_pick
[reference-sequence] seed=47 stage=transfer_2_yellow_place
{"seed": 47, "method": "MODEL_DIAGNOSTIC_REPAIR", "success": true, "model_calls": 1, "failure_stage": null}
[model-sequence] seed=47 method=MODEL_NO_PLAN_REPAIR start
[reference-sequence] seed=47 stage=transfer_0_blue_pick
[reference-sequence] seed=47 stage=transfer_0_blue_place
[reference-sequence] seed=47 stage=transfer_1_blue_pick
[reference-sequence] seed=47 stage=transfer_1_blue_place
[reference-sequence] seed=47 stage=transfer_2_yellow_pick
[reference-sequence] seed=47 stage=transfer_2_yellow_place
{"seed": 47, "method": "MODEL_NO_PLAN_REPAIR", "success": true, "model_calls": 0, "failure_stage": null}
[model-sequence] seed=48 method=MODEL_NO_PLAN_REPAIR start
[reference-sequence] seed=48 stage=transfer_0_blue_pick
[reference-sequence] seed=48 stage=transfer_0_blue_place
[reference-sequence] seed=48 stage=transfer_1_blue_pick
[reference-sequence] seed=48 stage=transfer_1_blue_place
[reference-sequence] seed=48 stage=transfer_2_yellow_pick
[reference-sequence] seed=48 stage=transfer_2_yellow_place
{"seed": 48, "method": "MODEL_NO_PLAN_REPAIR", "success": true, "model_calls": 1, "failure_stage": null}
[model-sequence] seed=48 method=MODEL_DIAGNOSTIC_REPAIR start
[reference-sequence] seed=48 stage=transfer_0_blue_pick
[reference-sequence] seed=48 stage=transfer_0_blue_place
[reference-sequence] seed=48 stage=transfer_1_blue_pick
[reference-sequence] seed=48 stage=transfer_1_blue_place
[reference-sequence] seed=48 stage=transfer_2_yellow_pick
[reference-sequence] seed=48 stage=transfer_2_yellow_place
{"seed": 48, "method": "MODEL_DIAGNOSTIC_REPAIR", "success": true, "model_calls": 0, "failure_stage": null}
[model-sequence] seed=49 method=MODEL_DIAGNOSTIC_REPAIR start
[reference-sequence] seed=49 stage=transfer_0_blue_pick
[reference-sequence] seed=49 stage=transfer_0_blue_place
[reference-sequence] seed=49 stage=transfer_1_blue_pick
[reference-sequence] seed=49 stage=transfer_1_blue_place
[reference-sequence] seed=49 stage=transfer_2_yellow_pick
[reference-sequence] seed=49 stage=transfer_2_yellow_place
{"seed": 49, "method": "MODEL_DIAGNOSTIC_REPAIR", "success": true, "model_calls": 1, "failure_stage": null}
[model-sequence] seed=49 method=MODEL_NO_PLAN_REPAIR start
[reference-sequence] seed=49 stage=transfer_0_blue_pick
[reference-sequence] seed=49 stage=transfer_0_blue_place
[reference-sequence] seed=49 stage=transfer_1_blue_pick
[reference-sequence] seed=49 stage=transfer_1_blue_place
[reference-sequence] seed=49 stage=transfer_2_yellow_pick
[reference-sequence] seed=49 stage=transfer_2_yellow_place
{"seed": 49, "method": "MODEL_NO_PLAN_REPAIR", "success": true, "model_calls": 0, "failure_stage": null}
[model-sequence] seed=50 method=MODEL_NO_PLAN_REPAIR start
[reference-sequence] seed=50 stage=transfer_0_blue_pick
[reference-sequence] seed=50 stage=transfer_0_blue_place
[reference-sequence] seed=50 stage=transfer_1_blue_pick
[reference-sequence] seed=50 stage=transfer_1_blue_place
[reference-sequence] seed=50 stage=transfer_2_yellow_pick
[reference-sequence] seed=50 stage=transfer_2_yellow_place
{"seed": 50, "method": "MODEL_NO_PLAN_REPAIR", "success": true, "model_calls": 1, "failure_stage": null}
[model-sequence] seed=50 method=MODEL_DIAGNOSTIC_REPAIR start
[reference-sequence] seed=50 stage=transfer_0_blue_pick
[reference-sequence] seed=50 stage=transfer_0_blue_place
[reference-sequence] seed=50 stage=transfer_1_blue_pick
[reference-sequence] seed=50 stage=transfer_1_blue_place
[reference-sequence] seed=50 stage=transfer_2_yellow_pick
[reference-sequence] seed=50 stage=transfer_2_yellow_place
{"seed": 50, "method": "MODEL_DIAGNOSTIC_REPAIR", "success": true, "model_calls": 0, "failure_stage": null}
[model-sequence] seed=51 method=MODEL_DIAGNOSTIC_REPAIR start
[reference-sequence] seed=51 stage=transfer_0_blue_pick
[reference-sequence] seed=51 stage=transfer_0_blue_place
[reference-sequence] seed=51 stage=transfer_1_blue_pick
[reference-sequence] seed=51 stage=transfer_1_blue_place
[reference-sequence] seed=51 stage=transfer_2_yellow_pick
[reference-sequence] seed=51 stage=transfer_2_yellow_place
{"seed": 51, "method": "MODEL_DIAGNOSTIC_REPAIR", "success": true, "model_calls": 1, "failure_stage": null}
[model-sequence] seed=51 method=MODEL_NO_PLAN_REPAIR start
[reference-sequence] seed=51 stage=transfer_0_blue_pick
[reference-sequence] seed=51 stage=transfer_0_blue_place
[reference-sequence] seed=51 stage=transfer_1_blue_pick
[reference-sequence] seed=51 stage=transfer_1_blue_place
[reference-sequence] seed=51 stage=transfer_2_yellow_pick
[reference-sequence] seed=51 stage=transfer_2_yellow_place
{"seed": 51, "method": "MODEL_NO_PLAN_REPAIR", "success": true, "model_calls": 0, "failure_stage": null}
[model-sequence] seed=52 method=MODEL_NO_PLAN_REPAIR start
[reference-sequence] seed=52 stage=transfer_0_blue_pick
[reference-sequence] seed=52 stage=transfer_0_blue_place
[reference-sequence] seed=52 stage=transfer_1_blue_pick
[reference-sequence] seed=52 stage=transfer_1_blue_place
[reference-sequence] seed=52 stage=transfer_2_yellow_pick
[reference-sequence] seed=52 stage=transfer_2_yellow_place
{"seed": 52, "method": "MODEL_NO_PLAN_REPAIR", "success": true, "model_calls": 1, "failure_stage": null}
[model-sequence] seed=52 method=MODEL_DIAGNOSTIC_REPAIR start
[reference-sequence] seed=52 stage=transfer_0_blue_pick
[reference-sequence] seed=52 stage=transfer_0_blue_place
[reference-sequence] seed=52 stage=transfer_1_blue_pick
[reference-sequence] seed=52 stage=transfer_1_blue_place
[reference-sequence] seed=52 stage=transfer_2_yellow_pick
[reference-sequence] seed=52 stage=transfer_2_yellow_place
{"seed": 52, "method": "MODEL_DIAGNOSTIC_REPAIR", "success": true, "model_calls": 0, "failure_stage": null}
[model-sequence] seed=53 method=MODEL_DIAGNOSTIC_REPAIR start
[reference-sequence] seed=53 stage=transfer_0_blue_pick
[reference-sequence] seed=53 stage=transfer_0_blue_place
[reference-sequence] seed=53 stage=transfer_1_blue_pick
[reference-sequence] seed=53 stage=transfer_1_blue_place
[reference-sequence] seed=53 stage=transfer_2_yellow_pick
[reference-sequence] seed=53 stage=transfer_2_yellow_place
{"seed": 53, "method": "MODEL_DIAGNOSTIC_REPAIR", "success": true, "model_calls": 1, "failure_stage": null}
[model-sequence] seed=53 method=MODEL_NO_PLAN_REPAIR start
[reference-sequence] seed=53 stage=transfer_0_blue_pick
[reference-sequence] seed=53 stage=transfer_0_blue_place
[reference-sequence] seed=53 stage=transfer_1_blue_pick
[reference-sequence] seed=53 stage=transfer_1_blue_place
[reference-sequence] seed=53 stage=transfer_2_yellow_pick
[reference-sequence] seed=53 stage=transfer_2_yellow_place
{"seed": 53, "method": "MODEL_NO_PLAN_REPAIR", "success": true, "model_calls": 0, "failure_stage": null}
[model-sequence] seed=54 method=MODEL_NO_PLAN_REPAIR start
[reference-sequence] seed=54 stage=transfer_0_blue_pick
[reference-sequence] seed=54 stage=transfer_0_blue_place
[reference-sequence] seed=54 stage=transfer_1_blue_pick
[reference-sequence] seed=54 stage=transfer_1_blue_place
[reference-sequence] seed=54 stage=transfer_2_yellow_pick
[reference-sequence] seed=54 stage=transfer_2_yellow_place
{"seed": 54, "method": "MODEL_NO_PLAN_REPAIR", "success": true, "model_calls": 1, "failure_stage": null}
[model-sequence] seed=54 method=MODEL_DIAGNOSTIC_REPAIR start
[reference-sequence] seed=54 stage=transfer_0_blue_pick
[reference-sequence] seed=54 stage=transfer_0_blue_place
[reference-sequence] seed=54 stage=transfer_1_blue_pick
[reference-sequence] seed=54 stage=transfer_1_blue_place
[reference-sequence] seed=54 stage=transfer_2_yellow_pick
[reference-sequence] seed=54 stage=transfer_2_yellow_place
{"seed": 54, "method": "MODEL_DIAGNOSTIC_REPAIR", "success": true, "model_calls": 0, "failure_stage": null}
{"completed_episodes": 24, "actual_model_calls": 12, "scope": "live_model_initial_planning_and_execution_feedback_repair_not_full_routed", "methods": {"MODEL_NO_PLAN_REPAIR": {"episodes": 12, "successes": 12, "repair_calls": 0, "execution_repair_calls": 0}, "MODEL_DIAGNOSTIC_REPAIR": {"episodes": 12, "successes": 12, "repair_calls": 0, "execution_repair_calls": 0}}}
