[model-sequence] seed=3 method=MODEL_DIAGNOSTIC_REPAIR start
[reference-sequence] seed=3 stage=transfer_0_blue_pick
[reference-sequence] seed=3 stage=transfer_0_blue_place
[reference-sequence] seed=3 stage=transfer_1_blue_pick
[reference-sequence] seed=3 stage=transfer_1_blue_place
[reference-sequence] seed=3 stage=transfer_2_yellow_pick
[reference-sequence] seed=3 stage=transfer_2_yellow_place
{"seed": 3, "method": "MODEL_DIAGNOSTIC_REPAIR", "success": true, "model_calls": 1, "failure_stage": null}
[model-sequence] seed=3 method=MODEL_NO_PLAN_REPAIR start
[reference-sequence] seed=3 stage=transfer_0_blue_pick
[reference-sequence] seed=3 stage=transfer_0_blue_place
[reference-sequence] seed=3 stage=transfer_1_blue_pick
[reference-sequence] seed=3 stage=transfer_1_blue_place
[reference-sequence] seed=3 stage=transfer_2_yellow_pick
[reference-sequence] seed=3 stage=transfer_2_yellow_place
{"seed": 3, "method": "MODEL_NO_PLAN_REPAIR", "success": true, "model_calls": 0, "failure_stage": null}
[model-sequence] seed=4 method=MODEL_NO_PLAN_REPAIR start
[reference-sequence] seed=4 stage=transfer_0_blue_pick
[reference-sequence] seed=4 stage=transfer_0_blue_place
[reference-sequence] seed=4 stage=transfer_1_blue_pick
[reference-sequence] seed=4 stage=transfer_1_blue_place
[reference-sequence] seed=4 stage=transfer_2_yellow_pick
[reference-sequence] seed=4 stage=transfer_2_yellow_place
{"seed": 4, "method": "MODEL_NO_PLAN_REPAIR", "success": true, "model_calls": 1, "failure_stage": null}
[model-sequence] seed=4 method=MODEL_DIAGNOSTIC_REPAIR start
[reference-sequence] seed=4 stage=transfer_0_blue_pick
[reference-sequence] seed=4 stage=transfer_0_blue_place
[reference-sequence] seed=4 stage=transfer_1_blue_pick
[reference-sequence] seed=4 stage=transfer_1_blue_place
[reference-sequence] seed=4 stage=transfer_2_yellow_pick
[reference-sequence] seed=4 stage=transfer_2_yellow_place
{"seed": 4, "method": "MODEL_DIAGNOSTIC_REPAIR", "success": true, "model_calls": 0, "failure_stage": null}
[model-sequence] seed=5 method=MODEL_DIAGNOSTIC_REPAIR start
[reference-sequence] seed=5 stage=transfer_0_blue_pick
[reference-sequence] seed=5 stage=transfer_0_blue_place
[reference-sequence] seed=5 stage=transfer_1_blue_pick
[reference-sequence] seed=5 stage=transfer_1_blue_place
[reference-sequence] seed=5 stage=transfer_2_yellow_pick
[reference-sequence] seed=5 stage=transfer_2_yellow_place
{"seed": 5, "method": "MODEL_DIAGNOSTIC_REPAIR", "success": true, "model_calls": 1, "failure_stage": null}
[model-sequence] seed=5 method=MODEL_NO_PLAN_REPAIR start
[reference-sequence] seed=5 stage=transfer_0_blue_pick
[reference-sequence] seed=5 stage=transfer_0_blue_place
[reference-sequence] seed=5 stage=transfer_1_blue_pick
[reference-sequence] seed=5 stage=transfer_1_blue_place
[reference-sequence] seed=5 stage=transfer_2_yellow_pick
[reference-sequence] seed=5 stage=transfer_2_yellow_place
{"seed": 5, "method": "MODEL_NO_PLAN_REPAIR", "success": true, "model_calls": 0, "failure_stage": null}
[model-sequence] seed=6 method=MODEL_NO_PLAN_REPAIR start
[reference-sequence] seed=6 stage=transfer_0_blue_pick
[reference-sequence] seed=6 stage=transfer_0_blue_place
[reference-sequence] seed=6 stage=transfer_1_blue_pick
[reference-sequence] seed=6 stage=transfer_1_blue_place
[reference-sequence] seed=6 stage=transfer_2_yellow_pick
[reference-sequence] seed=6 stage=transfer_2_yellow_place
{"seed": 6, "method": "MODEL_NO_PLAN_REPAIR", "success": true, "model_calls": 1, "failure_stage": null}
[model-sequence] seed=6 method=MODEL_DIAGNOSTIC_REPAIR start
[reference-sequence] seed=6 stage=transfer_0_blue_pick
[reference-sequence] seed=6 stage=transfer_0_blue_place
[reference-sequence] seed=6 stage=transfer_1_blue_pick
[reference-sequence] seed=6 stage=transfer_1_blue_place
[reference-sequence] seed=6 stage=transfer_2_yellow_pick
[reference-sequence] seed=6 stage=transfer_2_yellow_place
{"seed": 6, "method": "MODEL_DIAGNOSTIC_REPAIR", "success": true, "model_calls": 0, "failure_stage": null}
[model-sequence] seed=7 method=MODEL_DIAGNOSTIC_REPAIR start
[reference-sequence] seed=7 stage=transfer_0_blue_pick
[reference-sequence] seed=7 stage=transfer_0_blue_place
[reference-sequence] seed=7 stage=transfer_1_blue_pick
[reference-sequence] seed=7 stage=transfer_1_blue_place
[reference-sequence] seed=7 stage=transfer_2_yellow_pick
[reference-sequence] seed=7 stage=transfer_2_yellow_place
{"seed": 7, "method": "MODEL_DIAGNOSTIC_REPAIR", "success": true, "model_calls": 1, "failure_stage": null}
[model-sequence] seed=7 method=MODEL_NO_PLAN_REPAIR start
[reference-sequence] seed=7 stage=transfer_0_blue_pick
[reference-sequence] seed=7 stage=transfer_0_blue_place
[reference-sequence] seed=7 stage=transfer_1_blue_pick
[reference-sequence] seed=7 stage=transfer_1_blue_place
[reference-sequence] seed=7 stage=transfer_2_yellow_pick
[reference-sequence] seed=7 stage=transfer_2_yellow_place
{"seed": 7, "method": "MODEL_NO_PLAN_REPAIR", "success": true, "model_calls": 0, "failure_stage": null}
[model-sequence] seed=8 method=MODEL_NO_PLAN_REPAIR start
[reference-sequence] seed=8 stage=transfer_0_blue_pick
[reference-sequence] seed=8 stage=transfer_0_blue_place
[reference-sequence] seed=8 stage=transfer_1_blue_pick
[reference-sequence] seed=8 stage=transfer_1_blue_place
[reference-sequence] seed=8 stage=transfer_2_yellow_pick
[reference-sequence] seed=8 stage=transfer_2_yellow_place
{"seed": 8, "method": "MODEL_NO_PLAN_REPAIR", "success": true, "model_calls": 1, "failure_stage": null}
[model-sequence] seed=8 method=MODEL_DIAGNOSTIC_REPAIR start
[reference-sequence] seed=8 stage=transfer_0_blue_pick
[reference-sequence] seed=8 stage=transfer_0_blue_place
[reference-sequence] seed=8 stage=transfer_1_blue_pick
[reference-sequence] seed=8 stage=transfer_1_blue_place
[reference-sequence] seed=8 stage=transfer_2_yellow_pick
[reference-sequence] seed=8 stage=transfer_2_yellow_place
{"seed": 8, "method": "MODEL_DIAGNOSTIC_REPAIR", "success": true, "model_calls": 0, "failure_stage": null}
[model-sequence] seed=9 method=MODEL_DIAGNOSTIC_REPAIR start
[reference-sequence] seed=9 stage=transfer_0_blue_pick
[reference-sequence] seed=9 stage=transfer_0_blue_place
[reference-sequence] seed=9 stage=transfer_1_blue_pick
[reference-sequence] seed=9 stage=transfer_1_blue_place
[reference-sequence] seed=9 stage=transfer_2_yellow_pick
[reference-sequence] seed=9 stage=transfer_2_yellow_place
{"seed": 9, "method": "MODEL_DIAGNOSTIC_REPAIR", "success": true, "model_calls": 1, "failure_stage": null}
[model-sequence] seed=9 method=MODEL_NO_PLAN_REPAIR start
[reference-sequence] seed=9 stage=transfer_0_blue_pick
[reference-sequence] seed=9 stage=transfer_0_blue_place
[reference-sequence] seed=9 stage=transfer_1_blue_pick
[reference-sequence] seed=9 stage=transfer_1_blue_place
[reference-sequence] seed=9 stage=transfer_2_yellow_pick
[reference-sequence] seed=9 stage=transfer_2_yellow_place
{"seed": 9, "method": "MODEL_NO_PLAN_REPAIR", "success": true, "model_calls": 0, "failure_stage": null}
[model-sequence] seed=10 method=MODEL_NO_PLAN_REPAIR start
[reference-sequence] seed=10 stage=transfer_0_blue_pick
[reference-sequence] seed=10 stage=transfer_0_blue_place
[reference-sequence] seed=10 stage=transfer_1_blue_pick
[reference-sequence] seed=10 stage=transfer_1_blue_place
[reference-sequence] seed=10 stage=transfer_2_yellow_pick
[reference-sequence] seed=10 stage=transfer_2_yellow_place
{"seed": 10, "method": "MODEL_NO_PLAN_REPAIR", "success": true, "model_calls": 1, "failure_stage": null}
[model-sequence] seed=10 method=MODEL_DIAGNOSTIC_REPAIR start
[reference-sequence] seed=10 stage=transfer_0_blue_pick
[reference-sequence] seed=10 stage=transfer_0_blue_place
[reference-sequence] seed=10 stage=transfer_1_blue_pick
[reference-sequence] seed=10 stage=transfer_1_blue_place
[reference-sequence] seed=10 stage=transfer_2_yellow_pick
[reference-sequence] seed=10 stage=transfer_2_yellow_place
{"seed": 10, "method": "MODEL_DIAGNOSTIC_REPAIR", "success": true, "model_calls": 0, "failure_stage": null}
[model-sequence] seed=11 method=MODEL_DIAGNOSTIC_REPAIR start
[reference-sequence] seed=11 stage=transfer_0_blue_pick
[reference-sequence] seed=11 stage=transfer_0_blue_place
[reference-sequence] seed=11 stage=transfer_1_blue_pick
[reference-sequence] seed=11 stage=transfer_1_blue_place
[reference-sequence] seed=11 stage=transfer_2_yellow_pick
[reference-sequence] seed=11 stage=transfer_2_yellow_place
{"seed": 11, "method": "MODEL_DIAGNOSTIC_REPAIR", "success": true, "model_calls": 1, "failure_stage": null}
[model-sequence] seed=11 method=MODEL_NO_PLAN_REPAIR start
[reference-sequence] seed=11 stage=transfer_0_blue_pick
[reference-sequence] seed=11 stage=transfer_0_blue_place
[reference-sequence] seed=11 stage=transfer_1_blue_pick
[reference-sequence] seed=11 stage=transfer_1_blue_place
[reference-sequence] seed=11 stage=transfer_2_yellow_pick
[reference-sequence] seed=11 stage=transfer_2_yellow_place
{"seed": 11, "method": "MODEL_NO_PLAN_REPAIR", "success": true, "model_calls": 0, "failure_stage": null}
[model-sequence] seed=12 method=MODEL_NO_PLAN_REPAIR start
[reference-sequence] seed=12 stage=transfer_0_blue_pick
[reference-sequence] seed=12 stage=transfer_0_blue_place
[reference-sequence] seed=12 stage=transfer_1_blue_pick
[reference-sequence] seed=12 stage=transfer_1_blue_place
[reference-sequence] seed=12 stage=transfer_2_yellow_pick
[reference-sequence] seed=12 stage=transfer_2_yellow_place
{"seed": 12, "method": "MODEL_NO_PLAN_REPAIR", "success": true, "model_calls": 1, "failure_stage": null}
[model-sequence] seed=12 method=MODEL_DIAGNOSTIC_REPAIR start
[reference-sequence] seed=12 stage=transfer_0_blue_pick
[reference-sequence] seed=12 stage=transfer_0_blue_place
[reference-sequence] seed=12 stage=transfer_1_blue_pick
[reference-sequence] seed=12 stage=transfer_1_blue_place
[reference-sequence] seed=12 stage=transfer_2_yellow_pick
[reference-sequence] seed=12 stage=transfer_2_yellow_place
{"seed": 12, "method": "MODEL_DIAGNOSTIC_REPAIR", "success": true, "model_calls": 0, "failure_stage": null}
[model-sequence] seed=13 method=MODEL_DIAGNOSTIC_REPAIR start
[reference-sequence] seed=13 stage=transfer_0_blue_pick
[reference-sequence] seed=13 stage=transfer_0_blue_place
[reference-sequence] seed=13 stage=transfer_1_blue_pick
[reference-sequence] seed=13 stage=transfer_1_blue_place
[reference-sequence] seed=13 stage=transfer_2_yellow_pick
[reference-sequence] seed=13 stage=transfer_2_yellow_place
{"seed": 13, "method": "MODEL_DIAGNOSTIC_REPAIR", "success": true, "model_calls": 1, "failure_stage": null}
[model-sequence] seed=13 method=MODEL_NO_PLAN_REPAIR start
[reference-sequence] seed=13 stage=transfer_0_blue_pick
[reference-sequence] seed=13 stage=transfer_0_blue_place
[reference-sequence] seed=13 stage=transfer_1_blue_pick
[reference-sequence] seed=13 stage=transfer_1_blue_place
[reference-sequence] seed=13 stage=transfer_2_yellow_pick
[reference-sequence] seed=13 stage=transfer_2_yellow_place
{"seed": 13, "method": "MODEL_NO_PLAN_REPAIR", "success": true, "model_calls": 0, "failure_stage": null}
[model-sequence] seed=14 method=MODEL_NO_PLAN_REPAIR start
[reference-sequence] seed=14 stage=transfer_0_blue_pick
[reference-sequence] seed=14 stage=transfer_0_blue_place
[reference-sequence] seed=14 stage=transfer_1_blue_pick
[reference-sequence] seed=14 stage=transfer_1_blue_place
[reference-sequence] seed=14 stage=transfer_2_yellow_pick
[reference-sequence] seed=14 stage=transfer_2_yellow_place
{"seed": 14, "method": "MODEL_NO_PLAN_REPAIR", "success": true, "model_calls": 1, "failure_stage": null}
[model-sequence] seed=14 method=MODEL_DIAGNOSTIC_REPAIR start
[reference-sequence] seed=14 stage=transfer_0_blue_pick
[reference-sequence] seed=14 stage=transfer_0_blue_place
[reference-sequence] seed=14 stage=transfer_1_blue_pick
[reference-sequence] seed=14 stage=transfer_1_blue_place
[reference-sequence] seed=14 stage=transfer_2_yellow_pick
[reference-sequence] seed=14 stage=transfer_2_yellow_place
{"seed": 14, "method": "MODEL_DIAGNOSTIC_REPAIR", "success": true, "model_calls": 0, "failure_stage": null}
[model-sequence] seed=15 method=MODEL_DIAGNOSTIC_REPAIR start
[reference-sequence] seed=15 stage=transfer_0_blue_pick
[reference-sequence] seed=15 stage=transfer_0_blue_place
[reference-sequence] seed=15 stage=transfer_1_blue_pick
[reference-sequence] seed=15 stage=transfer_1_blue_place
[reference-sequence] seed=15 stage=transfer_2_yellow_pick
[reference-sequence] seed=15 stage=transfer_2_yellow_place
{"seed": 15, "method": "MODEL_DIAGNOSTIC_REPAIR", "success": false, "model_calls": 1, "failure_stage": null}
[model-sequence] seed=15 method=MODEL_NO_PLAN_REPAIR start
[reference-sequence] seed=15 stage=transfer_0_blue_pick
[reference-sequence] seed=15 stage=transfer_0_blue_place
[reference-sequence] seed=15 stage=transfer_1_blue_pick
[reference-sequence] seed=15 stage=transfer_1_blue_place
[reference-sequence] seed=15 stage=transfer_2_yellow_pick
[reference-sequence] seed=15 stage=transfer_2_yellow_place
{"seed": 15, "method": "MODEL_NO_PLAN_REPAIR", "success": false, "model_calls": 0, "failure_stage": null}
[model-sequence] seed=16 method=MODEL_NO_PLAN_REPAIR start
[reference-sequence] seed=16 stage=transfer_0_blue_pick
[reference-sequence] seed=16 stage=transfer_0_blue_place
[reference-sequence] seed=16 stage=transfer_1_blue_pick
[reference-sequence] seed=16 stage=transfer_1_blue_place
[reference-sequence] seed=16 stage=transfer_2_yellow_pick
[reference-sequence] seed=16 stage=transfer_2_yellow_place
{"seed": 16, "method": "MODEL_NO_PLAN_REPAIR", "success": true, "model_calls": 1, "failure_stage": null}
[model-sequence] seed=16 method=MODEL_DIAGNOSTIC_REPAIR start
[reference-sequence] seed=16 stage=transfer_0_blue_pick
[reference-sequence] seed=16 stage=transfer_0_blue_place
[reference-sequence] seed=16 stage=transfer_1_blue_pick
[reference-sequence] seed=16 stage=transfer_1_blue_place
[reference-sequence] seed=16 stage=transfer_2_yellow_pick
[reference-sequence] seed=16 stage=transfer_2_yellow_place
{"seed": 16, "method": "MODEL_DIAGNOSTIC_REPAIR", "success": true, "model_calls": 0, "failure_stage": null}
[model-sequence] seed=17 method=MODEL_DIAGNOSTIC_REPAIR start
[reference-sequence] seed=17 stage=transfer_0_blue_pick
[reference-sequence] seed=17 stage=transfer_0_blue_place
[reference-sequence] seed=17 stage=transfer_1_blue_pick
[reference-sequence] seed=17 stage=transfer_1_blue_place
[reference-sequence] seed=17 stage=transfer_2_yellow_pick
[reference-sequence] seed=17 stage=transfer_2_yellow_place
{"seed": 17, "method": "MODEL_DIAGNOSTIC_REPAIR", "success": true, "model_calls": 1, "failure_stage": null}
[model-sequence] seed=17 method=MODEL_NO_PLAN_REPAIR start
[reference-sequence] seed=17 stage=transfer_0_blue_pick
[reference-sequence] seed=17 stage=transfer_0_blue_place
[reference-sequence] seed=17 stage=transfer_1_blue_pick
[reference-sequence] seed=17 stage=transfer_1_blue_place
[reference-sequence] seed=17 stage=transfer_2_yellow_pick
[reference-sequence] seed=17 stage=transfer_2_yellow_place
{"seed": 17, "method": "MODEL_NO_PLAN_REPAIR", "success": true, "model_calls": 0, "failure_stage": null}
[model-sequence] seed=18 method=MODEL_NO_PLAN_REPAIR start
[reference-sequence] seed=18 stage=transfer_0_blue_pick
[reference-sequence] seed=18 stage=transfer_0_blue_place
[reference-sequence] seed=18 stage=transfer_1_blue_pick
[reference-sequence] seed=18 stage=transfer_1_blue_place
[reference-sequence] seed=18 stage=transfer_2_yellow_pick
[reference-sequence] seed=18 stage=transfer_2_yellow_place
{"seed": 18, "method": "MODEL_NO_PLAN_REPAIR", "success": true, "model_calls": 1, "failure_stage": null}
[model-sequence] seed=18 method=MODEL_DIAGNOSTIC_REPAIR start
[reference-sequence] seed=18 stage=transfer_0_blue_pick
[reference-sequence] seed=18 stage=transfer_0_blue_place
[reference-sequence] seed=18 stage=transfer_1_blue_pick
[reference-sequence] seed=18 stage=transfer_1_blue_place
[reference-sequence] seed=18 stage=transfer_2_yellow_pick
[reference-sequence] seed=18 stage=transfer_2_yellow_place
{"seed": 18, "method": "MODEL_DIAGNOSTIC_REPAIR", "success": true, "model_calls": 0, "failure_stage": null}
[model-sequence] seed=19 method=MODEL_DIAGNOSTIC_REPAIR start
[reference-sequence] seed=19 stage=transfer_0_blue_pick
[reference-sequence] seed=19 stage=transfer_0_blue_place
[reference-sequence] seed=19 stage=transfer_1_blue_pick
[reference-sequence] seed=19 stage=transfer_1_blue_place
[reference-sequence] seed=19 stage=transfer_2_yellow_pick
[reference-sequence] seed=19 stage=transfer_2_yellow_place
{"seed": 19, "method": "MODEL_DIAGNOSTIC_REPAIR", "success": true, "model_calls": 1, "failure_stage": null}
[model-sequence] seed=19 method=MODEL_NO_PLAN_REPAIR start
[reference-sequence] seed=19 stage=transfer_0_blue_pick
[reference-sequence] seed=19 stage=transfer_0_blue_place
[reference-sequence] seed=19 stage=transfer_1_blue_pick
[reference-sequence] seed=19 stage=transfer_1_blue_place
[reference-sequence] seed=19 stage=transfer_2_yellow_pick
[reference-sequence] seed=19 stage=transfer_2_yellow_place
{"seed": 19, "method": "MODEL_NO_PLAN_REPAIR", "success": true, "model_calls": 0, "failure_stage": null}
[model-sequence] seed=20 method=MODEL_NO_PLAN_REPAIR start
[reference-sequence] seed=20 stage=transfer_0_blue_pick
[reference-sequence] seed=20 stage=transfer_0_blue_place
[reference-sequence] seed=20 stage=transfer_1_blue_pick
[reference-sequence] seed=20 stage=transfer_1_blue_place
[reference-sequence] seed=20 stage=transfer_2_yellow_pick
[reference-sequence] seed=20 stage=transfer_2_yellow_place
{"seed": 20, "method": "MODEL_NO_PLAN_REPAIR", "success": true, "model_calls": 1, "failure_stage": null}
[model-sequence] seed=20 method=MODEL_DIAGNOSTIC_REPAIR start
[reference-sequence] seed=20 stage=transfer_0_blue_pick
[reference-sequence] seed=20 stage=transfer_0_blue_place
[reference-sequence] seed=20 stage=transfer_1_blue_pick
[reference-sequence] seed=20 stage=transfer_1_blue_place
[reference-sequence] seed=20 stage=transfer_2_yellow_pick
[reference-sequence] seed=20 stage=transfer_2_yellow_place
{"seed": 20, "method": "MODEL_DIAGNOSTIC_REPAIR", "success": true, "model_calls": 0, "failure_stage": null}
[model-sequence] seed=21 method=MODEL_DIAGNOSTIC_REPAIR start
[reference-sequence] seed=21 stage=transfer_0_blue_pick
[reference-sequence] seed=21 stage=transfer_0_blue_place
[reference-sequence] seed=21 stage=transfer_1_blue_pick
[reference-sequence] seed=21 stage=transfer_1_blue_place
[reference-sequence] seed=21 stage=transfer_2_yellow_pick
[reference-sequence] seed=21 stage=transfer_2_yellow_place
{"seed": 21, "method": "MODEL_DIAGNOSTIC_REPAIR", "success": true, "model_calls": 1, "failure_stage": null}
[model-sequence] seed=21 method=MODEL_NO_PLAN_REPAIR start
[reference-sequence] seed=21 stage=transfer_0_blue_pick
[reference-sequence] seed=21 stage=transfer_0_blue_place
[reference-sequence] seed=21 stage=transfer_1_blue_pick
[reference-sequence] seed=21 stage=transfer_1_blue_place
[reference-sequence] seed=21 stage=transfer_2_yellow_pick
[reference-sequence] seed=21 stage=transfer_2_yellow_place
{"seed": 21, "method": "MODEL_NO_PLAN_REPAIR", "success": true, "model_calls": 0, "failure_stage": null}
[model-sequence] seed=22 method=MODEL_NO_PLAN_REPAIR start
[reference-sequence] seed=22 stage=transfer_0_blue_pick
[reference-sequence] seed=22 stage=transfer_0_blue_place
[reference-sequence] seed=22 stage=transfer_1_blue_pick
[reference-sequence] seed=22 stage=transfer_1_blue_place
[reference-sequence] seed=22 stage=transfer_2_yellow_pick
[reference-sequence] seed=22 stage=transfer_2_yellow_place
{"seed": 22, "method": "MODEL_NO_PLAN_REPAIR", "success": true, "model_calls": 1, "failure_stage": null}
[model-sequence] seed=22 method=MODEL_DIAGNOSTIC_REPAIR start
[reference-sequence] seed=22 stage=transfer_0_blue_pick
[reference-sequence] seed=22 stage=transfer_0_blue_place
[reference-sequence] seed=22 stage=transfer_1_blue_pick
[reference-sequence] seed=22 stage=transfer_1_blue_place
[reference-sequence] seed=22 stage=transfer_2_yellow_pick
[reference-sequence] seed=22 stage=transfer_2_yellow_place
{"seed": 22, "method": "MODEL_DIAGNOSTIC_REPAIR", "success": true, "model_calls": 0, "failure_stage": null}
[model-sequence] seed=23 method=MODEL_DIAGNOSTIC_REPAIR start
[reference-sequence] seed=23 stage=transfer_0_blue_pick
[reference-sequence] seed=23 stage=transfer_0_blue_place
[reference-sequence] seed=23 stage=transfer_1_blue_pick
[reference-sequence] seed=23 stage=transfer_1_blue_place
[reference-sequence] seed=23 stage=transfer_2_yellow_pick
[reference-sequence] seed=23 stage=transfer_2_yellow_place
{"seed": 23, "method": "MODEL_DIAGNOSTIC_REPAIR", "success": true, "model_calls": 1, "failure_stage": null}
[model-sequence] seed=23 method=MODEL_NO_PLAN_REPAIR start
[reference-sequence] seed=23 stage=transfer_0_blue_pick
[reference-sequence] seed=23 stage=transfer_0_blue_place
[reference-sequence] seed=23 stage=transfer_1_blue_pick
[reference-sequence] seed=23 stage=transfer_1_blue_place
[reference-sequence] seed=23 stage=transfer_2_yellow_pick
[reference-sequence] seed=23 stage=transfer_2_yellow_place
{"seed": 23, "method": "MODEL_NO_PLAN_REPAIR", "success": true, "model_calls": 0, "failure_stage": null}
[model-sequence] seed=24 method=MODEL_NO_PLAN_REPAIR start
[reference-sequence] seed=24 stage=transfer_0_blue_pick
[reference-sequence] seed=24 stage=transfer_0_blue_place
[reference-sequence] seed=24 stage=transfer_1_blue_pick
[reference-sequence] seed=24 stage=transfer_1_blue_place
[reference-sequence] seed=24 stage=transfer_2_yellow_pick
[reference-sequence] seed=24 stage=transfer_2_yellow_place
{"seed": 24, "method": "MODEL_NO_PLAN_REPAIR", "success": true, "model_calls": 1, "failure_stage": null}
[model-sequence] seed=24 method=MODEL_DIAGNOSTIC_REPAIR start
[reference-sequence] seed=24 stage=transfer_0_blue_pick
[reference-sequence] seed=24 stage=transfer_0_blue_place
[reference-sequence] seed=24 stage=transfer_1_blue_pick
[reference-sequence] seed=24 stage=transfer_1_blue_place
[reference-sequence] seed=24 stage=transfer_2_yellow_pick
[reference-sequence] seed=24 stage=transfer_2_yellow_place
{"seed": 24, "method": "MODEL_DIAGNOSTIC_REPAIR", "success": true, "model_calls": 0, "failure_stage": null}
[model-sequence] seed=25 method=MODEL_DIAGNOSTIC_REPAIR start
[reference-sequence] seed=25 stage=transfer_0_blue_pick
[reference-sequence] seed=25 stage=transfer_0_blue_place
[reference-sequence] seed=25 stage=transfer_1_blue_pick
[reference-sequence] seed=25 stage=transfer_1_blue_place
[reference-sequence] seed=25 stage=transfer_2_yellow_pick
[reference-sequence] seed=25 stage=transfer_2_yellow_place
{"seed": 25, "method": "MODEL_DIAGNOSTIC_REPAIR", "success": true, "model_calls": 1, "failure_stage": null}
[model-sequence] seed=25 method=MODEL_NO_PLAN_REPAIR start
[reference-sequence] seed=25 stage=transfer_0_blue_pick
[reference-sequence] seed=25 stage=transfer_0_blue_place
[reference-sequence] seed=25 stage=transfer_1_blue_pick
[reference-sequence] seed=25 stage=transfer_1_blue_place
[reference-sequence] seed=25 stage=transfer_2_yellow_pick
[reference-sequence] seed=25 stage=transfer_2_yellow_place
{"seed": 25, "method": "MODEL_NO_PLAN_REPAIR", "success": true, "model_calls": 0, "failure_stage": null}
[model-sequence] seed=26 method=MODEL_NO_PLAN_REPAIR start
[reference-sequence] seed=26 stage=transfer_0_blue_pick
[reference-sequence] seed=26 stage=transfer_0_blue_place
[reference-sequence] seed=26 stage=transfer_1_blue_pick
[reference-sequence] seed=26 stage=transfer_1_blue_place
{"seed": 26, "method": "MODEL_NO_PLAN_REPAIR", "success": false, "model_calls": 1, "failure_stage": "transfer_1_blue_place"}
[model-sequence] seed=26 method=MODEL_DIAGNOSTIC_REPAIR start
[reference-sequence] seed=26 stage=transfer_0_blue_pick
[reference-sequence] seed=26 stage=transfer_0_blue_place
[reference-sequence] seed=26 stage=transfer_1_blue_pick
[reference-sequence] seed=26 stage=transfer_1_blue_place
{"seed": 26, "method": "MODEL_DIAGNOSTIC_REPAIR", "success": false, "model_calls": 0, "failure_stage": "transfer_1_blue_place"}
[model-sequence] seed=27 method=MODEL_DIAGNOSTIC_REPAIR start
[reference-sequence] seed=27 stage=transfer_0_blue_pick
[reference-sequence] seed=27 stage=transfer_0_blue_place
[reference-sequence] seed=27 stage=transfer_1_blue_pick
[reference-sequence] seed=27 stage=transfer_1_blue_place
[reference-sequence] seed=27 stage=transfer_2_yellow_pick
[reference-sequence] seed=27 stage=transfer_2_yellow_place
{"seed": 27, "method": "MODEL_DIAGNOSTIC_REPAIR", "success": true, "model_calls": 1, "failure_stage": null}
[model-sequence] seed=27 method=MODEL_NO_PLAN_REPAIR start
[reference-sequence] seed=27 stage=transfer_0_blue_pick
[reference-sequence] seed=27 stage=transfer_0_blue_place
[reference-sequence] seed=27 stage=transfer_1_blue_pick
[reference-sequence] seed=27 stage=transfer_1_blue_place
[reference-sequence] seed=27 stage=transfer_2_yellow_pick
[reference-sequence] seed=27 stage=transfer_2_yellow_place
{"seed": 27, "method": "MODEL_NO_PLAN_REPAIR", "success": true, "model_calls": 0, "failure_stage": null}
[model-sequence] seed=28 method=MODEL_NO_PLAN_REPAIR start
[reference-sequence] seed=28 stage=transfer_0_blue_pick
[reference-sequence] seed=28 stage=transfer_0_blue_place
[reference-sequence] seed=28 stage=transfer_1_blue_pick
[reference-sequence] seed=28 stage=transfer_1_blue_place
[reference-sequence] seed=28 stage=transfer_2_yellow_pick
[reference-sequence] seed=28 stage=transfer_2_yellow_place
{"seed": 28, "method": "MODEL_NO_PLAN_REPAIR", "success": true, "model_calls": 1, "failure_stage": null}
[model-sequence] seed=28 method=MODEL_DIAGNOSTIC_REPAIR start
[reference-sequence] seed=28 stage=transfer_0_blue_pick
[reference-sequence] seed=28 stage=transfer_0_blue_place
[reference-sequence] seed=28 stage=transfer_1_blue_pick
[reference-sequence] seed=28 stage=transfer_1_blue_place
[reference-sequence] seed=28 stage=transfer_2_yellow_pick
[reference-sequence] seed=28 stage=transfer_2_yellow_place
{"seed": 28, "method": "MODEL_DIAGNOSTIC_REPAIR", "success": true, "model_calls": 0, "failure_stage": null}
[model-sequence] seed=29 method=MODEL_DIAGNOSTIC_REPAIR start
[reference-sequence] seed=29 stage=transfer_0_blue_pick
[reference-sequence] seed=29 stage=transfer_0_blue_place
[reference-sequence] seed=29 stage=transfer_1_blue_pick
[reference-sequence] seed=29 stage=transfer_1_blue_place
[reference-sequence] seed=29 stage=transfer_2_yellow_pick
[reference-sequence] seed=29 stage=transfer_2_yellow_place
{"seed": 29, "method": "MODEL_DIAGNOSTIC_REPAIR", "success": true, "model_calls": 1, "failure_stage": null}
[model-sequence] seed=29 method=MODEL_NO_PLAN_REPAIR start
[reference-sequence] seed=29 stage=transfer_0_blue_pick
[reference-sequence] seed=29 stage=transfer_0_blue_place
[reference-sequence] seed=29 stage=transfer_1_blue_pick
[reference-sequence] seed=29 stage=transfer_1_blue_place
[reference-sequence] seed=29 stage=transfer_2_yellow_pick
[reference-sequence] seed=29 stage=transfer_2_yellow_place
{"seed": 29, "method": "MODEL_NO_PLAN_REPAIR", "success": true, "model_calls": 0, "failure_stage": null}
[model-sequence] seed=30 method=MODEL_NO_PLAN_REPAIR start
[reference-sequence] seed=30 stage=transfer_0_blue_pick
[reference-sequence] seed=30 stage=transfer_0_blue_place
[reference-sequence] seed=30 stage=transfer_1_blue_pick
[reference-sequence] seed=30 stage=transfer_1_blue_place
[reference-sequence] seed=30 stage=transfer_2_yellow_pick
[reference-sequence] seed=30 stage=transfer_2_yellow_place
{"seed": 30, "method": "MODEL_NO_PLAN_REPAIR", "success": true, "model_calls": 1, "failure_stage": null}
[model-sequence] seed=30 method=MODEL_DIAGNOSTIC_REPAIR start
[reference-sequence] seed=30 stage=transfer_0_blue_pick
[reference-sequence] seed=30 stage=transfer_0_blue_place
[reference-sequence] seed=30 stage=transfer_1_blue_pick
[reference-sequence] seed=30 stage=transfer_1_blue_place
[reference-sequence] seed=30 stage=transfer_2_yellow_pick
[reference-sequence] seed=30 stage=transfer_2_yellow_place
{"seed": 30, "method": "MODEL_DIAGNOSTIC_REPAIR", "success": true, "model_calls": 0, "failure_stage": null}
[model-sequence] seed=31 method=MODEL_DIAGNOSTIC_REPAIR start
[reference-sequence] seed=31 stage=transfer_0_blue_pick
[reference-sequence] seed=31 stage=transfer_0_blue_place
[reference-sequence] seed=31 stage=transfer_1_blue_pick
[reference-sequence] seed=31 stage=transfer_1_blue_place
{"seed": 31, "method": "MODEL_DIAGNOSTIC_REPAIR", "success": false, "model_calls": 1, "failure_stage": "transfer_1_blue_place"}
[model-sequence] seed=31 method=MODEL_NO_PLAN_REPAIR start
[reference-sequence] seed=31 stage=transfer_0_blue_pick
[reference-sequence] seed=31 stage=transfer_0_blue_place
[reference-sequence] seed=31 stage=transfer_1_blue_pick
[reference-sequence] seed=31 stage=transfer_1_blue_place
{"seed": 31, "method": "MODEL_NO_PLAN_REPAIR", "success": false, "model_calls": 0, "failure_stage": "transfer_1_blue_place"}
[model-sequence] seed=32 method=MODEL_NO_PLAN_REPAIR start
[reference-sequence] seed=32 stage=transfer_0_blue_pick
[reference-sequence] seed=32 stage=transfer_0_blue_place
[reference-sequence] seed=32 stage=transfer_1_blue_pick
[reference-sequence] seed=32 stage=transfer_1_blue_place
[reference-sequence] seed=32 stage=transfer_2_yellow_pick
[reference-sequence] seed=32 stage=transfer_2_yellow_place
{"seed": 32, "method": "MODEL_NO_PLAN_REPAIR", "success": true, "model_calls": 1, "failure_stage": null}
[model-sequence] seed=32 method=MODEL_DIAGNOSTIC_REPAIR start
[reference-sequence] seed=32 stage=transfer_0_blue_pick
[reference-sequence] seed=32 stage=transfer_0_blue_place
[reference-sequence] seed=32 stage=transfer_1_blue_pick
[reference-sequence] seed=32 stage=transfer_1_blue_place
[reference-sequence] seed=32 stage=transfer_2_yellow_pick
[reference-sequence] seed=32 stage=transfer_2_yellow_place
{"seed": 32, "method": "MODEL_DIAGNOSTIC_REPAIR", "success": true, "model_calls": 0, "failure_stage": null}
{"completed_episodes": 60, "actual_model_calls": 30, "scope": "live_model_initial_planning_and_execution_feedback_repair_not_full_routed", "methods": {"MODEL_NO_PLAN_REPAIR": {"episodes": 30, "successes": 27, "repair_calls": 0, "execution_repair_calls": 0}, "MODEL_DIAGNOSTIC_REPAIR": {"episodes": 30, "successes": 27, "repair_calls": 0, "execution_repair_calls": 0}}}
