[model-sequence] seed=0 method=MODEL_NO_PLAN_REPAIR start
[reference-sequence] seed=0 stage=transfer_0_blue_pick
[reference-sequence] seed=0 stage=transfer_0_blue_place
[reference-sequence] seed=0 stage=transfer_1_blue_pick
[reference-sequence] seed=0 stage=transfer_1_blue_place
[reference-sequence] seed=0 stage=transfer_2_yellow_pick
[reference-sequence] seed=0 stage=transfer_2_yellow_place
{"seed": 0, "method": "MODEL_NO_PLAN_REPAIR", "success": true, "model_calls": 1, "failure_stage": null}
[model-sequence] seed=0 method=MODEL_DIAGNOSTIC_REPAIR start
[reference-sequence] seed=0 stage=transfer_0_blue_pick
[reference-sequence] seed=0 stage=transfer_0_blue_place
[reference-sequence] seed=0 stage=transfer_1_blue_pick
[reference-sequence] seed=0 stage=transfer_1_blue_place
[reference-sequence] seed=0 stage=transfer_2_yellow_pick
[reference-sequence] seed=0 stage=transfer_2_yellow_place
{"seed": 0, "method": "MODEL_DIAGNOSTIC_REPAIR", "success": true, "model_calls": 0, "failure_stage": null}
[model-sequence] seed=1 method=MODEL_DIAGNOSTIC_REPAIR start
[reference-sequence] seed=1 stage=transfer_0_blue_pick
[reference-sequence] seed=1 stage=transfer_0_blue_place
[reference-sequence] seed=1 stage=transfer_1_blue_pick
[reference-sequence] seed=1 stage=transfer_1_blue_place
[reference-sequence] seed=1 stage=transfer_2_yellow_pick
[reference-sequence] seed=1 stage=transfer_2_yellow_place
{"seed": 1, "method": "MODEL_DIAGNOSTIC_REPAIR", "success": true, "model_calls": 1, "failure_stage": null}
[model-sequence] seed=1 method=MODEL_NO_PLAN_REPAIR start
[reference-sequence] seed=1 stage=transfer_0_blue_pick
[reference-sequence] seed=1 stage=transfer_0_blue_place
[reference-sequence] seed=1 stage=transfer_1_blue_pick
[reference-sequence] seed=1 stage=transfer_1_blue_place
[reference-sequence] seed=1 stage=transfer_2_yellow_pick
[reference-sequence] seed=1 stage=transfer_2_yellow_place
{"seed": 1, "method": "MODEL_NO_PLAN_REPAIR", "success": true, "model_calls": 0, "failure_stage": null}
[model-sequence] seed=2 method=MODEL_NO_PLAN_REPAIR start
[reference-sequence] seed=2 stage=transfer_0_blue_pick
[reference-sequence] seed=2 stage=transfer_0_blue_place
[reference-sequence] seed=2 stage=transfer_1_blue_pick
[reference-sequence] seed=2 stage=transfer_1_blue_place
[reference-sequence] seed=2 stage=transfer_2_yellow_pick
[reference-sequence] seed=2 stage=transfer_2_yellow_place
{"seed": 2, "method": "MODEL_NO_PLAN_REPAIR", "success": true, "model_calls": 1, "failure_stage": null}
[model-sequence] seed=2 method=MODEL_DIAGNOSTIC_REPAIR start
[reference-sequence] seed=2 stage=transfer_0_blue_pick
[reference-sequence] seed=2 stage=transfer_0_blue_place
[reference-sequence] seed=2 stage=transfer_1_blue_pick
[reference-sequence] seed=2 stage=transfer_1_blue_place
[reference-sequence] seed=2 stage=transfer_2_yellow_pick
[reference-sequence] seed=2 stage=transfer_2_yellow_place
{"seed": 2, "method": "MODEL_DIAGNOSTIC_REPAIR", "success": true, "model_calls": 0, "failure_stage": null}
[model-sequence] seed=15 method=MODEL_DIAGNOSTIC_REPAIR start
[reference-sequence] seed=15 stage=transfer_0_blue_pick
[reference-sequence] seed=15 stage=transfer_0_blue_place
[reference-sequence] seed=15 stage=transfer_1_blue_pick
[reference-sequence] seed=15 stage=transfer_1_blue_place
[reference-sequence] seed=15 stage=transfer_2_yellow_pick
[reference-sequence] seed=15 stage=transfer_2_yellow_place
{"seed": 15, "method": "MODEL_DIAGNOSTIC_REPAIR", "success": true, "model_calls": 1, "failure_stage": null}
[model-sequence] seed=15 method=MODEL_NO_PLAN_REPAIR start
[reference-sequence] seed=15 stage=transfer_0_blue_pick
[reference-sequence] seed=15 stage=transfer_0_blue_place
[reference-sequence] seed=15 stage=transfer_1_blue_pick
[reference-sequence] seed=15 stage=transfer_1_blue_place
[reference-sequence] seed=15 stage=transfer_2_yellow_pick
[reference-sequence] seed=15 stage=transfer_2_yellow_place
{"seed": 15, "method": "MODEL_NO_PLAN_REPAIR", "success": true, "model_calls": 0, "failure_stage": null}
[model-sequence] seed=26 method=MODEL_NO_PLAN_REPAIR start
[reference-sequence] seed=26 stage=transfer_0_blue_pick
[reference-sequence] seed=26 stage=transfer_0_blue_place
[reference-sequence] seed=26 stage=transfer_1_blue_pick
[reference-sequence] seed=26 stage=transfer_1_blue_place
[reference-sequence] seed=26 stage=transfer_2_yellow_pick
[reference-sequence] seed=26 stage=transfer_2_yellow_place
{"seed": 26, "method": "MODEL_NO_PLAN_REPAIR", "success": true, "model_calls": 1, "failure_stage": null}
[model-sequence] seed=26 method=MODEL_DIAGNOSTIC_REPAIR start
[reference-sequence] seed=26 stage=transfer_0_blue_pick
[reference-sequence] seed=26 stage=transfer_0_blue_place
[reference-sequence] seed=26 stage=transfer_1_blue_pick
[reference-sequence] seed=26 stage=transfer_1_blue_place
[reference-sequence] seed=26 stage=transfer_2_yellow_pick
[reference-sequence] seed=26 stage=transfer_2_yellow_place
{"seed": 26, "method": "MODEL_DIAGNOSTIC_REPAIR", "success": true, "model_calls": 0, "failure_stage": null}
[model-sequence] seed=31 method=MODEL_DIAGNOSTIC_REPAIR start
[reference-sequence] seed=31 stage=transfer_0_blue_pick
[reference-sequence] seed=31 stage=transfer_0_blue_place
[reference-sequence] seed=31 stage=transfer_1_blue_pick
[reference-sequence] seed=31 stage=transfer_1_blue_place
[reference-sequence] seed=31 stage=transfer_2_yellow_pick
[reference-sequence] seed=31 stage=transfer_2_yellow_place
{"seed": 31, "method": "MODEL_DIAGNOSTIC_REPAIR", "success": true, "model_calls": 1, "failure_stage": null}
[model-sequence] seed=31 method=MODEL_NO_PLAN_REPAIR start
[reference-sequence] seed=31 stage=transfer_0_blue_pick
[reference-sequence] seed=31 stage=transfer_0_blue_place
[reference-sequence] seed=31 stage=transfer_1_blue_pick
[reference-sequence] seed=31 stage=transfer_1_blue_place
[reference-sequence] seed=31 stage=transfer_2_yellow_pick
[reference-sequence] seed=31 stage=transfer_2_yellow_place
{"seed": 31, "method": "MODEL_NO_PLAN_REPAIR", "success": true, "model_calls": 0, "failure_stage": null}
{"completed_episodes": 12, "actual_model_calls": 6, "scope": "live_model_initial_planning_and_execution_feedback_repair_not_full_routed", "methods": {"MODEL_DIAGNOSTIC_REPAIR": {"episodes": 6, "successes": 6, "repair_calls": 0, "execution_repair_calls": 0}, "MODEL_NO_PLAN_REPAIR": {"episodes": 6, "successes": 6, "repair_calls": 0, "execution_repair_calls": 0}}}
