[model-sequence] seed=33 method=MODEL_DIAGNOSTIC_REPAIR start
[reference-sequence] seed=33 stage=transfer_0_blue_pick
[reference-sequence] seed=33 stage=transfer_0_blue_place
[reference-sequence] seed=33 stage=transfer_1_blue_pick
[reference-sequence] seed=33 stage=transfer_1_blue_place
[reference-sequence] seed=33 stage=transfer_2_yellow_pick
[reference-sequence] seed=33 stage=transfer_2_yellow_place
{"seed": 33, "method": "MODEL_DIAGNOSTIC_REPAIR", "success": true, "model_calls": 1, "failure_stage": null}
[model-sequence] seed=33 method=MODEL_NO_PLAN_REPAIR start
[reference-sequence] seed=33 stage=transfer_0_blue_pick
[reference-sequence] seed=33 stage=transfer_0_blue_place
[reference-sequence] seed=33 stage=transfer_1_blue_pick
[reference-sequence] seed=33 stage=transfer_1_blue_place
[reference-sequence] seed=33 stage=transfer_2_yellow_pick
[reference-sequence] seed=33 stage=transfer_2_yellow_place
{"seed": 33, "method": "MODEL_NO_PLAN_REPAIR", "success": true, "model_calls": 0, "failure_stage": null}
[model-sequence] seed=34 method=MODEL_NO_PLAN_REPAIR start
[reference-sequence] seed=34 stage=transfer_0_blue_pick
[reference-sequence] seed=34 stage=transfer_0_blue_place
[reference-sequence] seed=34 stage=transfer_1_blue_pick
[reference-sequence] seed=34 stage=transfer_1_blue_place
[reference-sequence] seed=34 stage=transfer_2_yellow_pick
[reference-sequence] seed=34 stage=transfer_2_yellow_place
{"seed": 34, "method": "MODEL_NO_PLAN_REPAIR", "success": true, "model_calls": 1, "failure_stage": null}
[model-sequence] seed=34 method=MODEL_DIAGNOSTIC_REPAIR start
[reference-sequence] seed=34 stage=transfer_0_blue_pick
[reference-sequence] seed=34 stage=transfer_0_blue_place
[reference-sequence] seed=34 stage=transfer_1_blue_pick
[reference-sequence] seed=34 stage=transfer_1_blue_place
[reference-sequence] seed=34 stage=transfer_2_yellow_pick
[reference-sequence] seed=34 stage=transfer_2_yellow_place
{"seed": 34, "method": "MODEL_DIAGNOSTIC_REPAIR", "success": true, "model_calls": 0, "failure_stage": null}
[model-sequence] seed=35 method=MODEL_DIAGNOSTIC_REPAIR start
[reference-sequence] seed=35 stage=transfer_0_blue_pick
[reference-sequence] seed=35 stage=transfer_0_blue_place
[reference-sequence] seed=35 stage=transfer_1_blue_pick
[reference-sequence] seed=35 stage=transfer_1_blue_place
[reference-sequence] seed=35 stage=transfer_2_yellow_pick
[reference-sequence] seed=35 stage=transfer_2_yellow_place
{"seed": 35, "method": "MODEL_DIAGNOSTIC_REPAIR", "success": true, "model_calls": 1, "failure_stage": null}
[model-sequence] seed=35 method=MODEL_NO_PLAN_REPAIR start
[reference-sequence] seed=35 stage=transfer_0_blue_pick
[reference-sequence] seed=35 stage=transfer_0_blue_place
[reference-sequence] seed=35 stage=transfer_1_blue_pick
[reference-sequence] seed=35 stage=transfer_1_blue_place
[reference-sequence] seed=35 stage=transfer_2_yellow_pick
[reference-sequence] seed=35 stage=transfer_2_yellow_place
{"seed": 35, "method": "MODEL_NO_PLAN_REPAIR", "success": true, "model_calls": 0, "failure_stage": null}
[model-sequence] seed=36 method=MODEL_NO_PLAN_REPAIR start
[reference-sequence] seed=36 stage=transfer_0_blue_pick
[reference-sequence] seed=36 stage=transfer_0_blue_place
[reference-sequence] seed=36 stage=transfer_1_blue_pick
[reference-sequence] seed=36 stage=transfer_1_blue_place
[reference-sequence] seed=36 stage=transfer_2_yellow_pick
[reference-sequence] seed=36 stage=transfer_2_yellow_place
{"seed": 36, "method": "MODEL_NO_PLAN_REPAIR", "success": true, "model_calls": 1, "failure_stage": null}
[model-sequence] seed=36 method=MODEL_DIAGNOSTIC_REPAIR start
[reference-sequence] seed=36 stage=transfer_0_blue_pick
[reference-sequence] seed=36 stage=transfer_0_blue_place
[reference-sequence] seed=36 stage=transfer_1_blue_pick
[reference-sequence] seed=36 stage=transfer_1_blue_place
[reference-sequence] seed=36 stage=transfer_2_yellow_pick
[reference-sequence] seed=36 stage=transfer_2_yellow_place
{"seed": 36, "method": "MODEL_DIAGNOSTIC_REPAIR", "success": true, "model_calls": 0, "failure_stage": null}
[model-sequence] seed=37 method=MODEL_DIAGNOSTIC_REPAIR start
[reference-sequence] seed=37 stage=transfer_0_blue_pick
[reference-sequence] seed=37 stage=transfer_0_blue_place
[reference-sequence] seed=37 stage=transfer_1_blue_pick
[reference-sequence] seed=37 stage=transfer_1_blue_place
[reference-sequence] seed=37 stage=transfer_2_yellow_pick
[reference-sequence] seed=37 stage=transfer_2_yellow_place
{"seed": 37, "method": "MODEL_DIAGNOSTIC_REPAIR", "success": true, "model_calls": 1, "failure_stage": null}
[model-sequence] seed=37 method=MODEL_NO_PLAN_REPAIR start
[reference-sequence] seed=37 stage=transfer_0_blue_pick
[reference-sequence] seed=37 stage=transfer_0_blue_place
[reference-sequence] seed=37 stage=transfer_1_blue_pick
[reference-sequence] seed=37 stage=transfer_1_blue_place
[reference-sequence] seed=37 stage=transfer_2_yellow_pick
[reference-sequence] seed=37 stage=transfer_2_yellow_place
{"seed": 37, "method": "MODEL_NO_PLAN_REPAIR", "success": true, "model_calls": 0, "failure_stage": null}
[model-sequence] seed=38 method=MODEL_NO_PLAN_REPAIR start
[reference-sequence] seed=38 stage=transfer_0_blue_pick
[reference-sequence] seed=38 stage=transfer_0_blue_place
[reference-sequence] seed=38 stage=transfer_1_blue_pick
[reference-sequence] seed=38 stage=transfer_1_blue_place
[reference-sequence] seed=38 stage=transfer_2_yellow_pick
[reference-sequence] seed=38 stage=transfer_2_yellow_place
{"seed": 38, "method": "MODEL_NO_PLAN_REPAIR", "success": true, "model_calls": 1, "failure_stage": null}
[model-sequence] seed=38 method=MODEL_DIAGNOSTIC_REPAIR start
[reference-sequence] seed=38 stage=transfer_0_blue_pick
[reference-sequence] seed=38 stage=transfer_0_blue_place
[reference-sequence] seed=38 stage=transfer_1_blue_pick
[reference-sequence] seed=38 stage=transfer_1_blue_place
[reference-sequence] seed=38 stage=transfer_2_yellow_pick
[reference-sequence] seed=38 stage=transfer_2_yellow_place
{"seed": 38, "method": "MODEL_DIAGNOSTIC_REPAIR", "success": true, "model_calls": 0, "failure_stage": null}
[model-sequence] seed=39 method=MODEL_DIAGNOSTIC_REPAIR start
[reference-sequence] seed=39 stage=transfer_0_blue_pick
[reference-sequence] seed=39 stage=transfer_0_blue_place
[reference-sequence] seed=39 stage=transfer_1_blue_pick
[reference-sequence] seed=39 stage=transfer_1_blue_place
[reference-sequence] seed=39 stage=transfer_2_yellow_pick
[reference-sequence] seed=39 stage=transfer_2_yellow_place
{"seed": 39, "method": "MODEL_DIAGNOSTIC_REPAIR", "success": true, "model_calls": 1, "failure_stage": null}
[model-sequence] seed=39 method=MODEL_NO_PLAN_REPAIR start
[reference-sequence] seed=39 stage=transfer_0_blue_pick
[reference-sequence] seed=39 stage=transfer_0_blue_place
[reference-sequence] seed=39 stage=transfer_1_blue_pick
[reference-sequence] seed=39 stage=transfer_1_blue_place
[reference-sequence] seed=39 stage=transfer_2_yellow_pick
[reference-sequence] seed=39 stage=transfer_2_yellow_place
{"seed": 39, "method": "MODEL_NO_PLAN_REPAIR", "success": true, "model_calls": 0, "failure_stage": null}
[model-sequence] seed=40 method=MODEL_NO_PLAN_REPAIR start
[reference-sequence] seed=40 stage=transfer_0_blue_pick
[reference-sequence] seed=40 stage=transfer_0_blue_place
[reference-sequence] seed=40 stage=transfer_1_blue_pick
[reference-sequence] seed=40 stage=transfer_1_blue_place
[reference-sequence] seed=40 stage=transfer_2_yellow_pick
[reference-sequence] seed=40 stage=transfer_2_yellow_place
{"seed": 40, "method": "MODEL_NO_PLAN_REPAIR", "success": true, "model_calls": 1, "failure_stage": null}
[model-sequence] seed=40 method=MODEL_DIAGNOSTIC_REPAIR start
[reference-sequence] seed=40 stage=transfer_0_blue_pick
[reference-sequence] seed=40 stage=transfer_0_blue_place
[reference-sequence] seed=40 stage=transfer_1_blue_pick
[reference-sequence] seed=40 stage=transfer_1_blue_place
[reference-sequence] seed=40 stage=transfer_2_yellow_pick
[reference-sequence] seed=40 stage=transfer_2_yellow_place
{"seed": 40, "method": "MODEL_DIAGNOSTIC_REPAIR", "success": true, "model_calls": 0, "failure_stage": null}
[model-sequence] seed=41 method=MODEL_DIAGNOSTIC_REPAIR start
[reference-sequence] seed=41 stage=transfer_0_blue_pick
[reference-sequence] seed=41 stage=transfer_0_blue_place
[reference-sequence] seed=41 stage=transfer_1_blue_pick
[reference-sequence] seed=41 stage=transfer_1_blue_place
[reference-sequence] seed=41 stage=transfer_2_yellow_pick
[reference-sequence] seed=41 stage=transfer_2_yellow_place
{"seed": 41, "method": "MODEL_DIAGNOSTIC_REPAIR", "success": true, "model_calls": 1, "failure_stage": null}
[model-sequence] seed=41 method=MODEL_NO_PLAN_REPAIR start
[reference-sequence] seed=41 stage=transfer_0_blue_pick
[reference-sequence] seed=41 stage=transfer_0_blue_place
[reference-sequence] seed=41 stage=transfer_1_blue_pick
[reference-sequence] seed=41 stage=transfer_1_blue_place
[reference-sequence] seed=41 stage=transfer_2_yellow_pick
[reference-sequence] seed=41 stage=transfer_2_yellow_place
{"seed": 41, "method": "MODEL_NO_PLAN_REPAIR", "success": true, "model_calls": 0, "failure_stage": null}
[model-sequence] seed=42 method=MODEL_NO_PLAN_REPAIR start
[reference-sequence] seed=42 stage=transfer_0_blue_pick
[reference-sequence] seed=42 stage=transfer_0_blue_place
[reference-sequence] seed=42 stage=transfer_1_blue_pick
[reference-sequence] seed=42 stage=transfer_1_blue_place
[reference-sequence] seed=42 stage=transfer_2_yellow_pick
[reference-sequence] seed=42 stage=transfer_2_yellow_place
{"seed": 42, "method": "MODEL_NO_PLAN_REPAIR", "success": true, "model_calls": 1, "failure_stage": null}
[model-sequence] seed=42 method=MODEL_DIAGNOSTIC_REPAIR start
[reference-sequence] seed=42 stage=transfer_0_blue_pick
[reference-sequence] seed=42 stage=transfer_0_blue_place
[reference-sequence] seed=42 stage=transfer_1_blue_pick
[reference-sequence] seed=42 stage=transfer_1_blue_place
[reference-sequence] seed=42 stage=transfer_2_yellow_pick
[reference-sequence] seed=42 stage=transfer_2_yellow_place
{"seed": 42, "method": "MODEL_DIAGNOSTIC_REPAIR", "success": true, "model_calls": 0, "failure_stage": null}
{"completed_episodes": 20, "actual_model_calls": 10, "scope": "live_model_initial_planning_and_execution_feedback_repair_not_full_routed", "methods": {"MODEL_NO_PLAN_REPAIR": {"episodes": 10, "successes": 10, "repair_calls": 0, "execution_repair_calls": 0}, "MODEL_DIAGNOSTIC_REPAIR": {"episodes": 10, "successes": 10, "repair_calls": 0, "execution_repair_calls": 0}}}
