[natural-compare] seed=0 method=STOP_ON_FAILURE start
[reference-sequence] seed=0 stage=blue_pick
[reference-sequence] seed=0 stage=blue_place
[reference-sequence] seed=0 stage=yellow_pick
[reference-sequence] seed=0 stage=yellow_place
[natural-compare] seed=0 method=STOP_ON_FAILURE success=True
[natural-compare] seed=0 method=BOUNDED_REOBSERVE start
[reference-sequence] seed=0 stage=blue_pick
[reference-sequence] seed=0 stage=blue_place
[reference-sequence] seed=0 stage=yellow_pick
[reference-sequence] seed=0 stage=yellow_place
[natural-compare] seed=0 method=BOUNDED_REOBSERVE success=True
[natural-compare] seed=1 method=BOUNDED_REOBSERVE start
[reference-sequence] seed=1 stage=blue_pick
[reference-sequence] seed=1 stage=blue_place
[reference-sequence] seed=1 stage=yellow_pick
[reference-sequence] seed=1 stage=yellow_place
[natural-compare] seed=1 method=BOUNDED_REOBSERVE success=True
[natural-compare] seed=1 method=STOP_ON_FAILURE start
[reference-sequence] seed=1 stage=blue_pick
[reference-sequence] seed=1 stage=blue_place
[reference-sequence] seed=1 stage=yellow_pick
[reference-sequence] seed=1 stage=yellow_place
[natural-compare] seed=1 method=STOP_ON_FAILURE success=False
[natural-compare] seed=2 method=STOP_ON_FAILURE start
[reference-sequence] seed=2 stage=blue_pick
[reference-sequence] seed=2 stage=blue_place
[reference-sequence] seed=2 stage=yellow_pick
[reference-sequence] seed=2 stage=yellow_place
[natural-compare] seed=2 method=STOP_ON_FAILURE success=True
[natural-compare] seed=2 method=BOUNDED_REOBSERVE start
[reference-sequence] seed=2 stage=blue_pick
[reference-sequence] seed=2 stage=blue_place
[reference-sequence] seed=2 stage=yellow_pick
[reference-sequence] seed=2 stage=yellow_place
[natural-compare] seed=2 method=BOUNDED_REOBSERVE success=True
[natural-compare] seed=3 method=BOUNDED_REOBSERVE start
[reference-sequence] seed=3 stage=blue_pick
[reference-sequence] seed=3 stage=blue_place
[reference-sequence] seed=3 stage=yellow_pick
[reference-sequence] seed=3 stage=yellow_place
[natural-compare] seed=3 method=BOUNDED_REOBSERVE success=True
[natural-compare] seed=3 method=STOP_ON_FAILURE start
[reference-sequence] seed=3 stage=blue_pick
[reference-sequence] seed=3 stage=blue_place
[reference-sequence] seed=3 stage=yellow_pick
[reference-sequence] seed=3 stage=yellow_place
[natural-compare] seed=3 method=STOP_ON_FAILURE success=True
[natural-compare] seed=4 method=STOP_ON_FAILURE start
[reference-sequence] seed=4 stage=blue_pick
[reference-sequence] seed=4 stage=blue_place
[reference-sequence] seed=4 stage=yellow_pick
[reference-sequence] seed=4 stage=yellow_place
[natural-compare] seed=4 method=STOP_ON_FAILURE success=False
[natural-compare] seed=4 method=BOUNDED_REOBSERVE start
[reference-sequence] seed=4 stage=blue_pick
[reference-sequence] seed=4 stage=blue_place
[reference-sequence] seed=4 stage=yellow_pick
[reference-sequence] seed=4 stage=yellow_place
[natural-compare] seed=4 method=BOUNDED_REOBSERVE success=True
[natural-compare] seed=5 method=BOUNDED_REOBSERVE start
[reference-sequence] seed=5 stage=blue_pick
[reference-sequence] seed=5 stage=blue_place
[reference-sequence] seed=5 stage=yellow_pick
[reference-sequence] seed=5 stage=yellow_place
[natural-compare] seed=5 method=BOUNDED_REOBSERVE success=True
[natural-compare] seed=5 method=STOP_ON_FAILURE start
[reference-sequence] seed=5 stage=blue_pick
[reference-sequence] seed=5 stage=blue_place
[reference-sequence] seed=5 stage=yellow_pick
[reference-sequence] seed=5 stage=yellow_place
[natural-compare] seed=5 method=STOP_ON_FAILURE success=False
[natural-compare] seed=6 method=STOP_ON_FAILURE start
[reference-sequence] seed=6 stage=blue_pick
[reference-sequence] seed=6 stage=blue_place
[reference-sequence] seed=6 stage=yellow_pick
[reference-sequence] seed=6 stage=yellow_place
[natural-compare] seed=6 method=STOP_ON_FAILURE success=True
[natural-compare] seed=6 method=BOUNDED_REOBSERVE start
[reference-sequence] seed=6 stage=blue_pick
[reference-sequence] seed=6 stage=blue_place
[reference-sequence] seed=6 stage=yellow_pick
[reference-sequence] seed=6 stage=yellow_place
[natural-compare] seed=6 method=BOUNDED_REOBSERVE success=True
[natural-compare] seed=7 method=BOUNDED_REOBSERVE start
[reference-sequence] seed=7 stage=blue_pick
[reference-sequence] seed=7 stage=blue_place
[reference-sequence] seed=7 stage=yellow_pick
[reference-sequence] seed=7 stage=yellow_place
[natural-compare] seed=7 method=BOUNDED_REOBSERVE success=True
[natural-compare] seed=7 method=STOP_ON_FAILURE start
[reference-sequence] seed=7 stage=blue_pick
[reference-sequence] seed=7 stage=blue_place
[reference-sequence] seed=7 stage=yellow_pick
[reference-sequence] seed=7 stage=yellow_place
[natural-compare] seed=7 method=STOP_ON_FAILURE success=False
[natural-compare] seed=8 method=STOP_ON_FAILURE start
[reference-sequence] seed=8 stage=blue_pick
[reference-sequence] seed=8 stage=blue_place
[reference-sequence] seed=8 stage=yellow_pick
[reference-sequence] seed=8 stage=yellow_place
[natural-compare] seed=8 method=STOP_ON_FAILURE success=False
[natural-compare] seed=8 method=BOUNDED_REOBSERVE start
[reference-sequence] seed=8 stage=blue_pick
[reference-sequence] seed=8 stage=blue_place
[reference-sequence] seed=8 stage=yellow_pick
[reference-sequence] seed=8 stage=yellow_place
[natural-compare] seed=8 method=BOUNDED_REOBSERVE success=True
[natural-compare] seed=9 method=BOUNDED_REOBSERVE start
[reference-sequence] seed=9 stage=blue_pick
[reference-sequence] seed=9 stage=blue_place
[reference-sequence] seed=9 stage=yellow_pick
[reference-sequence] seed=9 stage=yellow_place
[natural-compare] seed=9 method=BOUNDED_REOBSERVE success=True
[natural-compare] seed=9 method=STOP_ON_FAILURE start
[reference-sequence] seed=9 stage=blue_pick
[reference-sequence] seed=9 stage=blue_place
[reference-sequence] seed=9 stage=yellow_pick
[reference-sequence] seed=9 stage=yellow_place
[natural-compare] seed=9 method=STOP_ON_FAILURE success=True
[natural-compare] seed=10 method=STOP_ON_FAILURE start
[reference-sequence] seed=10 stage=blue_pick
[reference-sequence] seed=10 stage=blue_place
[reference-sequence] seed=10 stage=yellow_pick
[reference-sequence] seed=10 stage=yellow_place
[natural-compare] seed=10 method=STOP_ON_FAILURE success=True
[natural-compare] seed=10 method=BOUNDED_REOBSERVE start
[reference-sequence] seed=10 stage=blue_pick
[reference-sequence] seed=10 stage=blue_place
[reference-sequence] seed=10 stage=yellow_pick
[reference-sequence] seed=10 stage=yellow_place
[natural-compare] seed=10 method=BOUNDED_REOBSERVE success=True
[natural-compare] seed=11 method=BOUNDED_REOBSERVE start
[reference-sequence] seed=11 stage=blue_pick
[reference-sequence] seed=11 stage=blue_place
[reference-sequence] seed=11 stage=yellow_pick
[reference-sequence] seed=11 stage=yellow_place
[natural-compare] seed=11 method=BOUNDED_REOBSERVE success=True
[natural-compare] seed=11 method=STOP_ON_FAILURE start
[reference-sequence] seed=11 stage=blue_pick
[reference-sequence] seed=11 stage=blue_place
[reference-sequence] seed=11 stage=yellow_pick
[reference-sequence] seed=11 stage=yellow_place
[natural-compare] seed=11 method=STOP_ON_FAILURE success=False
[natural-compare] seed=12 method=STOP_ON_FAILURE start
[reference-sequence] seed=12 stage=blue_pick
[reference-sequence] seed=12 stage=blue_place
[reference-sequence] seed=12 stage=yellow_pick
[reference-sequence] seed=12 stage=yellow_place
[natural-compare] seed=12 method=STOP_ON_FAILURE success=False
[natural-compare] seed=12 method=BOUNDED_REOBSERVE start
[reference-sequence] seed=12 stage=blue_pick
[reference-sequence] seed=12 stage=blue_place
[reference-sequence] seed=12 stage=yellow_pick
[reference-sequence] seed=12 stage=yellow_place
[natural-compare] seed=12 method=BOUNDED_REOBSERVE success=True
[natural-compare] seed=13 method=BOUNDED_REOBSERVE start
[reference-sequence] seed=13 stage=blue_pick
[reference-sequence] seed=13 stage=blue_place
[reference-sequence] seed=13 stage=yellow_pick
[reference-sequence] seed=13 stage=yellow_place
[natural-compare] seed=13 method=BOUNDED_REOBSERVE success=True
[natural-compare] seed=13 method=STOP_ON_FAILURE start
[reference-sequence] seed=13 stage=blue_pick
[reference-sequence] seed=13 stage=blue_place
[reference-sequence] seed=13 stage=yellow_pick
[reference-sequence] seed=13 stage=yellow_place
[natural-compare] seed=13 method=STOP_ON_FAILURE success=False
[natural-compare] seed=14 method=STOP_ON_FAILURE start
[reference-sequence] seed=14 stage=blue_pick
[reference-sequence] seed=14 stage=blue_place
[reference-sequence] seed=14 stage=yellow_pick
[reference-sequence] seed=14 stage=yellow_place
[natural-compare] seed=14 method=STOP_ON_FAILURE success=True
[natural-compare] seed=14 method=BOUNDED_REOBSERVE start
[reference-sequence] seed=14 stage=blue_pick
[reference-sequence] seed=14 stage=blue_place
[reference-sequence] seed=14 stage=yellow_pick
[reference-sequence] seed=14 stage=yellow_place
[natural-compare] seed=14 method=BOUNDED_REOBSERVE success=True
[natural-compare] seed=15 method=BOUNDED_REOBSERVE start
[reference-sequence] seed=15 stage=blue_pick
[reference-sequence] seed=15 stage=blue_place
[reference-sequence] seed=15 stage=yellow_pick
[reference-sequence] seed=15 stage=yellow_place
[natural-compare] seed=15 method=BOUNDED_REOBSERVE success=True
[natural-compare] seed=15 method=STOP_ON_FAILURE start
[reference-sequence] seed=15 stage=blue_pick
[reference-sequence] seed=15 stage=blue_place
[reference-sequence] seed=15 stage=yellow_pick
[reference-sequence] seed=15 stage=yellow_place
[natural-compare] seed=15 method=STOP_ON_FAILURE success=False
[natural-compare] seed=16 method=STOP_ON_FAILURE start
[reference-sequence] seed=16 stage=blue_pick
[reference-sequence] seed=16 stage=blue_place
[reference-sequence] seed=16 stage=yellow_pick
[reference-sequence] seed=16 stage=yellow_place
[natural-compare] seed=16 method=STOP_ON_FAILURE success=True
[natural-compare] seed=16 method=BOUNDED_REOBSERVE start
[reference-sequence] seed=16 stage=blue_pick
[reference-sequence] seed=16 stage=blue_place
[reference-sequence] seed=16 stage=yellow_pick
[reference-sequence] seed=16 stage=yellow_place
[natural-compare] seed=16 method=BOUNDED_REOBSERVE success=True
[natural-compare] seed=17 method=BOUNDED_REOBSERVE start
[reference-sequence] seed=17 stage=blue_pick
[reference-sequence] seed=17 stage=blue_place
[reference-sequence] seed=17 stage=yellow_pick
[reference-sequence] seed=17 stage=yellow_place
[natural-compare] seed=17 method=BOUNDED_REOBSERVE success=True
[natural-compare] seed=17 method=STOP_ON_FAILURE start
[reference-sequence] seed=17 stage=blue_pick
[reference-sequence] seed=17 stage=blue_place
[reference-sequence] seed=17 stage=yellow_pick
[reference-sequence] seed=17 stage=yellow_place
[natural-compare] seed=17 method=STOP_ON_FAILURE success=True
[natural-compare] seed=18 method=STOP_ON_FAILURE start
[reference-sequence] seed=18 stage=blue_pick
[reference-sequence] seed=18 stage=blue_place
[reference-sequence] seed=18 stage=yellow_pick
[reference-sequence] seed=18 stage=yellow_place
[natural-compare] seed=18 method=STOP_ON_FAILURE success=False
[natural-compare] seed=18 method=BOUNDED_REOBSERVE start
[reference-sequence] seed=18 stage=blue_pick
[reference-sequence] seed=18 stage=blue_place
[reference-sequence] seed=18 stage=yellow_pick
[reference-sequence] seed=18 stage=yellow_place
[natural-compare] seed=18 method=BOUNDED_REOBSERVE success=True
[natural-compare] seed=19 method=BOUNDED_REOBSERVE start
[reference-sequence] seed=19 stage=blue_pick
[reference-sequence] seed=19 stage=blue_place
[reference-sequence] seed=19 stage=yellow_pick
[reference-sequence] seed=19 stage=yellow_place
[natural-compare] seed=19 method=BOUNDED_REOBSERVE success=True
[natural-compare] seed=19 method=STOP_ON_FAILURE start
[reference-sequence] seed=19 stage=blue_pick
[reference-sequence] seed=19 stage=blue_place
[reference-sequence] seed=19 stage=yellow_pick
[reference-sequence] seed=19 stage=yellow_place
[natural-compare] seed=19 method=STOP_ON_FAILURE success=False
[natural-compare] seed=20 method=STOP_ON_FAILURE start
[reference-sequence] seed=20 stage=blue_pick
[reference-sequence] seed=20 stage=blue_place
[reference-sequence] seed=20 stage=yellow_pick
[reference-sequence] seed=20 stage=yellow_place
[natural-compare] seed=20 method=STOP_ON_FAILURE success=True
[natural-compare] seed=20 method=BOUNDED_REOBSERVE start
[reference-sequence] seed=20 stage=blue_pick
[reference-sequence] seed=20 stage=blue_place
[reference-sequence] seed=20 stage=yellow_pick
[reference-sequence] seed=20 stage=yellow_place
[natural-compare] seed=20 method=BOUNDED_REOBSERVE success=True
[natural-compare] seed=21 method=BOUNDED_REOBSERVE start
[reference-sequence] seed=21 stage=blue_pick
[reference-sequence] seed=21 stage=blue_place
[reference-sequence] seed=21 stage=yellow_pick
[reference-sequence] seed=21 stage=yellow_place
[natural-compare] seed=21 method=BOUNDED_REOBSERVE success=True
[natural-compare] seed=21 method=STOP_ON_FAILURE start
[reference-sequence] seed=21 stage=blue_pick
[reference-sequence] seed=21 stage=blue_place
[reference-sequence] seed=21 stage=yellow_pick
[reference-sequence] seed=21 stage=yellow_place
[natural-compare] seed=21 method=STOP_ON_FAILURE success=False
[natural-compare] seed=22 method=STOP_ON_FAILURE start
[reference-sequence] seed=22 stage=blue_pick
[reference-sequence] seed=22 stage=blue_place
[reference-sequence] seed=22 stage=yellow_pick
[reference-sequence] seed=22 stage=yellow_place
[natural-compare] seed=22 method=STOP_ON_FAILURE success=True
[natural-compare] seed=22 method=BOUNDED_REOBSERVE start
[reference-sequence] seed=22 stage=blue_pick
[reference-sequence] seed=22 stage=blue_place
[reference-sequence] seed=22 stage=yellow_pick
[reference-sequence] seed=22 stage=yellow_place
[natural-compare] seed=22 method=BOUNDED_REOBSERVE success=True
[natural-compare] seed=23 method=BOUNDED_REOBSERVE start
[reference-sequence] seed=23 stage=blue_pick
[reference-sequence] seed=23 stage=blue_place
[reference-sequence] seed=23 stage=yellow_pick
[reference-sequence] seed=23 stage=yellow_place
[natural-compare] seed=23 method=BOUNDED_REOBSERVE success=True
[natural-compare] seed=23 method=STOP_ON_FAILURE start
[reference-sequence] seed=23 stage=blue_pick
[reference-sequence] seed=23 stage=blue_place
[reference-sequence] seed=23 stage=yellow_pick
[reference-sequence] seed=23 stage=yellow_place
[natural-compare] seed=23 method=STOP_ON_FAILURE success=False
[natural-compare] seed=24 method=STOP_ON_FAILURE start
[reference-sequence] seed=24 stage=blue_pick
[reference-sequence] seed=24 stage=blue_place
[reference-sequence] seed=24 stage=yellow_pick
[reference-sequence] seed=24 stage=yellow_place
[natural-compare] seed=24 method=STOP_ON_FAILURE success=True
[natural-compare] seed=24 method=BOUNDED_REOBSERVE start
[reference-sequence] seed=24 stage=blue_pick
[reference-sequence] seed=24 stage=blue_place
[reference-sequence] seed=24 stage=yellow_pick
[reference-sequence] seed=24 stage=yellow_place
[natural-compare] seed=24 method=BOUNDED_REOBSERVE success=True
[natural-compare] seed=25 method=BOUNDED_REOBSERVE start
[reference-sequence] seed=25 stage=blue_pick
[reference-sequence] seed=25 stage=blue_place
[reference-sequence] seed=25 stage=yellow_pick
[reference-sequence] seed=25 stage=yellow_place
[natural-compare] seed=25 method=BOUNDED_REOBSERVE success=True
[natural-compare] seed=25 method=STOP_ON_FAILURE start
[reference-sequence] seed=25 stage=blue_pick
[reference-sequence] seed=25 stage=blue_place
[reference-sequence] seed=25 stage=yellow_pick
[reference-sequence] seed=25 stage=yellow_place
[natural-compare] seed=25 method=STOP_ON_FAILURE success=True
[natural-compare] seed=26 method=STOP_ON_FAILURE start
[reference-sequence] seed=26 stage=blue_pick
[reference-sequence] seed=26 stage=blue_place
[reference-sequence] seed=26 stage=yellow_pick
[reference-sequence] seed=26 stage=yellow_place
[natural-compare] seed=26 method=STOP_ON_FAILURE success=True
[natural-compare] seed=26 method=BOUNDED_REOBSERVE start
[reference-sequence] seed=26 stage=blue_pick
[reference-sequence] seed=26 stage=blue_place
[reference-sequence] seed=26 stage=yellow_pick
[reference-sequence] seed=26 stage=yellow_place
[natural-compare] seed=26 method=BOUNDED_REOBSERVE success=True
[natural-compare] seed=27 method=BOUNDED_REOBSERVE start
[reference-sequence] seed=27 stage=blue_pick
[reference-sequence] seed=27 stage=blue_place
[reference-sequence] seed=27 stage=yellow_pick
[reference-sequence] seed=27 stage=yellow_place
[natural-compare] seed=27 method=BOUNDED_REOBSERVE success=True
[natural-compare] seed=27 method=STOP_ON_FAILURE start
[reference-sequence] seed=27 stage=blue_pick
[reference-sequence] seed=27 stage=blue_place
[reference-sequence] seed=27 stage=yellow_pick
[reference-sequence] seed=27 stage=yellow_place
[natural-compare] seed=27 method=STOP_ON_FAILURE success=True
[natural-compare] seed=28 method=STOP_ON_FAILURE start
[reference-sequence] seed=28 stage=blue_pick
[reference-sequence] seed=28 stage=blue_place
[reference-sequence] seed=28 stage=yellow_pick
[reference-sequence] seed=28 stage=yellow_place
[natural-compare] seed=28 method=STOP_ON_FAILURE success=False
[natural-compare] seed=28 method=BOUNDED_REOBSERVE start
[reference-sequence] seed=28 stage=blue_pick
[reference-sequence] seed=28 stage=blue_place
[reference-sequence] seed=28 stage=yellow_pick
[reference-sequence] seed=28 stage=yellow_place
[natural-compare] seed=28 method=BOUNDED_REOBSERVE success=True
[natural-compare] seed=29 method=BOUNDED_REOBSERVE start
[reference-sequence] seed=29 stage=blue_pick
[reference-sequence] seed=29 stage=blue_place
[reference-sequence] seed=29 stage=yellow_pick
[reference-sequence] seed=29 stage=yellow_place
[natural-compare] seed=29 method=BOUNDED_REOBSERVE success=True
[natural-compare] seed=29 method=STOP_ON_FAILURE start
[reference-sequence] seed=29 stage=blue_pick
[reference-sequence] seed=29 stage=blue_place
[reference-sequence] seed=29 stage=yellow_pick
[reference-sequence] seed=29 stage=yellow_place
[natural-compare] seed=29 method=STOP_ON_FAILURE success=False
{"scope": "natural_execution_observation_recovery_not_routed_or_model_repair", "complete": true, "expected_episodes": 60, "completed_episodes": 60, "summary_by_method": {"STOP_ON_FAILURE": {"episodes": 30, "successes": 15, "failure_stages": {"yellow_place": 15}, "extra_observation_attempts": 0, "model_calls": 0}, "BOUNDED_REOBSERVE": {"episodes": 30, "successes": 30, "failure_stages": {}, "extra_observation_attempts": 21, "model_calls": 0}}, "paired_wins": 15, "paired_losses": 0, "paired_ties": 15, "injected_faults": 0, "outcome_selection": false}
