/root/autodl-tmp/.venvs/metaworld-lerobot/lib/python3.10/site-packages/transformers/utils/hub.py:110: FutureWarning: Using `TRANSFORMERS_CACHE` is deprecated and will be removed in v5 of Transformers. Use `HF_HOME` instead.
  warnings.warn(
{"seed": 0, "perturbation": "grasp_timeout", "method": "NO_RECOVERY", "success": false, "recovery_reason": "not_requested"}
/root/autodl-tmp/.venvs/metaworld-lerobot/lib/python3.10/site-packages/metaworld/policies/policy.py:49: UserWarning: Constant(s) may be too high. Environments clip response to [-1, 1]
  warnings.warn(
{"seed": 0, "perturbation": "grasp_timeout", "method": "RETRY_SAME_SUFFIX", "success": true, "recovery_reason": "not_requested"}
{"seed": 0, "perturbation": "grasp_timeout", "method": "OBSERVED_SEARCH", "success": true, "recovery_reason": "observed_goal_satisfied"}
{"seed": 0, "perturbation": "place_timeout", "method": "NO_RECOVERY", "success": false, "recovery_reason": "not_requested"}
{"seed": 0, "perturbation": "place_timeout", "method": "RETRY_SAME_SUFFIX", "success": true, "recovery_reason": "not_requested"}
{"seed": 0, "perturbation": "place_timeout", "method": "OBSERVED_SEARCH", "success": true, "recovery_reason": "observed_goal_satisfied"}
{"seed": 0, "perturbation": "post_grasp_slip", "method": "NO_RECOVERY", "success": true, "recovery_reason": "not_requested"}
{"seed": 0, "perturbation": "post_grasp_slip", "method": "RETRY_SAME_SUFFIX", "success": true, "recovery_reason": "not_requested"}
{"seed": 0, "perturbation": "post_grasp_slip", "method": "OBSERVED_SEARCH", "success": true, "recovery_reason": "not_requested"}
{"seed": 1, "perturbation": "grasp_timeout", "method": "NO_RECOVERY", "success": false, "recovery_reason": "not_requested"}
{"seed": 1, "perturbation": "grasp_timeout", "method": "RETRY_SAME_SUFFIX", "success": false, "recovery_reason": "not_requested"}
{"seed": 1, "perturbation": "grasp_timeout", "method": "OBSERVED_SEARCH", "success": false, "recovery_reason": "missing_feedback"}
{"seed": 1, "perturbation": "place_timeout", "method": "NO_RECOVERY", "success": false, "recovery_reason": "not_requested"}
Traceback (most recent call last):
  File "/root/autodl-tmp/.venvs/metaworld-lerobot/lib/python3.10/runpy.py", line 196, in _run_module_as_main
    return _run_code(code, main_globals, None,
  File "/root/autodl-tmp/.venvs/metaworld-lerobot/lib/python3.10/runpy.py", line 86, in _run_code
    exec(code, run_globals)
  File "/root/autodl-tmp/ch3-planning/scripts/sim_persistent_recovery.py", line 185, in <module>
    main()
  File "/root/autodl-tmp/ch3-planning/scripts/sim_persistent_recovery.py", line 173, in main
    row = run_case(seed, perturbation, method, args.budget, args.supported_table_goal)
  File "/root/autodl-tmp/ch3-planning/scripts/sim_persistent_recovery.py", line 134, in run_case
    stable_success, observation_steps = stable_goal_check(executor)
  File "/root/autodl-tmp/ch3-planning/scripts/sim_persistent_recovery.py", line 44, in stable_goal_check
    _, _, terminated, truncated, _ = executor._env._env.step(
  File "/root/autodl-tmp/.venvs/metaworld-lerobot/lib/python3.10/site-packages/metaworld/sawyer_xyz_env.py", line 171, in inner
    return func(*args, **kwargs)
  File "/root/autodl-tmp/.venvs/metaworld-lerobot/lib/python3.10/site-packages/metaworld/sawyer_xyz_env.py", line 594, in step
    raise ValueError("You must reset the env manually once truncate==True")
ValueError: You must reset the env manually once truncate==True
