/root/autodl-tmp/.venvs/metaworld-lerobot/lib/python3.10/site-packages/transformers/utils/hub.py:110: FutureWarning: Using `TRANSFORMERS_CACHE` is deprecated and will be removed in v5 of Transformers. Use `HF_HOME` instead.
  warnings.warn(
{"seed": 0, "perturbation": "grasp_timeout", "method": "NO_RECOVERY", "success": false, "recovery_reason": "not_requested"}
/root/autodl-tmp/.venvs/metaworld-lerobot/lib/python3.10/site-packages/metaworld/policies/policy.py:49: UserWarning: Constant(s) may be too high. Environments clip response to [-1, 1]
  warnings.warn(
{"seed": 0, "perturbation": "grasp_timeout", "method": "RETRY_SAME_SUFFIX", "success": true, "recovery_reason": "not_requested"}
{"seed": 0, "perturbation": "grasp_timeout", "method": "OBSERVED_SEARCH", "success": true, "recovery_reason": "observed_goal_satisfied"}
{"seed": 0, "perturbation": "place_timeout", "method": "NO_RECOVERY", "success": false, "recovery_reason": "not_requested"}
{"seed": 0, "perturbation": "place_timeout", "method": "RETRY_SAME_SUFFIX", "success": true, "recovery_reason": "not_requested"}
{"seed": 0, "perturbation": "place_timeout", "method": "OBSERVED_SEARCH", "success": true, "recovery_reason": "observed_goal_satisfied"}
{"seed": 0, "perturbation": "post_grasp_slip", "method": "NO_RECOVERY", "success": false, "recovery_reason": "not_requested"}
{"seed": 0, "perturbation": "post_grasp_slip", "method": "RETRY_SAME_SUFFIX", "success": false, "recovery_reason": "place expects held object 'red_cube_0', but executor holds None"}
{"seed": 0, "perturbation": "post_grasp_slip", "method": "OBSERVED_SEARCH", "success": true, "recovery_reason": "observed_goal_satisfied"}
{"seed": 1, "perturbation": "grasp_timeout", "method": "NO_RECOVERY", "success": false, "recovery_reason": "not_requested"}
{"seed": 1, "perturbation": "grasp_timeout", "method": "RETRY_SAME_SUFFIX", "success": true, "recovery_reason": "not_requested"}
{"seed": 1, "perturbation": "grasp_timeout", "method": "OBSERVED_SEARCH", "success": true, "recovery_reason": "observed_goal_satisfied"}
{"seed": 1, "perturbation": "place_timeout", "method": "NO_RECOVERY", "success": false, "recovery_reason": "not_requested"}
{"seed": 1, "perturbation": "place_timeout", "method": "RETRY_SAME_SUFFIX", "success": true, "recovery_reason": "not_requested"}
{"seed": 1, "perturbation": "place_timeout", "method": "OBSERVED_SEARCH", "success": true, "recovery_reason": "observed_goal_satisfied"}
{"seed": 1, "perturbation": "post_grasp_slip", "method": "NO_RECOVERY", "success": false, "recovery_reason": "not_requested"}
{"seed": 1, "perturbation": "post_grasp_slip", "method": "RETRY_SAME_SUFFIX", "success": false, "recovery_reason": "place expects held object 'red_cube_0', but executor holds None"}
{"seed": 1, "perturbation": "post_grasp_slip", "method": "OBSERVED_SEARCH", "success": true, "recovery_reason": "observed_goal_satisfied"}
{"seed": 2, "perturbation": "grasp_timeout", "method": "NO_RECOVERY", "success": false, "recovery_reason": "not_requested"}
{"seed": 2, "perturbation": "grasp_timeout", "method": "RETRY_SAME_SUFFIX", "success": true, "recovery_reason": "not_requested"}
{"seed": 2, "perturbation": "grasp_timeout", "method": "OBSERVED_SEARCH", "success": true, "recovery_reason": "observed_goal_satisfied"}
{"seed": 2, "perturbation": "place_timeout", "method": "NO_RECOVERY", "success": false, "recovery_reason": "not_requested"}
{"seed": 2, "perturbation": "place_timeout", "method": "RETRY_SAME_SUFFIX", "success": true, "recovery_reason": "not_requested"}
{"seed": 2, "perturbation": "place_timeout", "method": "OBSERVED_SEARCH", "success": true, "recovery_reason": "observed_goal_satisfied"}
{"seed": 2, "perturbation": "post_grasp_slip", "method": "NO_RECOVERY", "success": false, "recovery_reason": "not_requested"}
{"seed": 2, "perturbation": "post_grasp_slip", "method": "RETRY_SAME_SUFFIX", "success": false, "recovery_reason": "place expects held object 'red_cube_0', but executor holds None"}
{"seed": 2, "perturbation": "post_grasp_slip", "method": "OBSERVED_SEARCH", "success": true, "recovery_reason": "observed_goal_satisfied"}
{"seed": 3, "perturbation": "grasp_timeout", "method": "NO_RECOVERY", "success": false, "recovery_reason": "not_requested"}
{"seed": 3, "perturbation": "grasp_timeout", "method": "RETRY_SAME_SUFFIX", "success": true, "recovery_reason": "not_requested"}
{"seed": 3, "perturbation": "grasp_timeout", "method": "OBSERVED_SEARCH", "success": true, "recovery_reason": "observed_goal_satisfied"}
{"seed": 3, "perturbation": "place_timeout", "method": "NO_RECOVERY", "success": false, "recovery_reason": "not_requested"}
{"seed": 3, "perturbation": "place_timeout", "method": "RETRY_SAME_SUFFIX", "success": true, "recovery_reason": "not_requested"}
{"seed": 3, "perturbation": "place_timeout", "method": "OBSERVED_SEARCH", "success": true, "recovery_reason": "observed_goal_satisfied"}
{"seed": 3, "perturbation": "post_grasp_slip", "method": "NO_RECOVERY", "success": false, "recovery_reason": "not_requested"}
{"seed": 3, "perturbation": "post_grasp_slip", "method": "RETRY_SAME_SUFFIX", "success": false, "recovery_reason": "place expects held object 'red_cube_0', but executor holds None"}
{"seed": 3, "perturbation": "post_grasp_slip", "method": "OBSERVED_SEARCH", "success": true, "recovery_reason": "observed_goal_satisfied"}
{"seed": 4, "perturbation": "grasp_timeout", "method": "NO_RECOVERY", "success": false, "recovery_reason": "not_requested"}
{"seed": 4, "perturbation": "grasp_timeout", "method": "RETRY_SAME_SUFFIX", "success": true, "recovery_reason": "not_requested"}
{"seed": 4, "perturbation": "grasp_timeout", "method": "OBSERVED_SEARCH", "success": true, "recovery_reason": "observed_goal_satisfied"}
{"seed": 4, "perturbation": "place_timeout", "method": "NO_RECOVERY", "success": false, "recovery_reason": "not_requested"}
{"seed": 4, "perturbation": "place_timeout", "method": "RETRY_SAME_SUFFIX", "success": true, "recovery_reason": "not_requested"}
{"seed": 4, "perturbation": "place_timeout", "method": "OBSERVED_SEARCH", "success": true, "recovery_reason": "observed_goal_satisfied"}
{"seed": 4, "perturbation": "post_grasp_slip", "method": "NO_RECOVERY", "success": false, "recovery_reason": "not_requested"}
{"seed": 4, "perturbation": "post_grasp_slip", "method": "RETRY_SAME_SUFFIX", "success": false, "recovery_reason": "place expects held object 'red_cube_0', but executor holds None"}
{"seed": 4, "perturbation": "post_grasp_slip", "method": "OBSERVED_SEARCH", "success": true, "recovery_reason": "observed_goal_satisfied"}
{"seed": 5, "perturbation": "grasp_timeout", "method": "NO_RECOVERY", "success": false, "recovery_reason": "not_requested"}
{"seed": 5, "perturbation": "grasp_timeout", "method": "RETRY_SAME_SUFFIX", "success": true, "recovery_reason": "not_requested"}
{"seed": 5, "perturbation": "grasp_timeout", "method": "OBSERVED_SEARCH", "success": true, "recovery_reason": "observed_goal_satisfied"}
{"seed": 5, "perturbation": "place_timeout", "method": "NO_RECOVERY", "success": false, "recovery_reason": "not_requested"}
{"seed": 5, "perturbation": "place_timeout", "method": "RETRY_SAME_SUFFIX", "success": true, "recovery_reason": "not_requested"}
{"seed": 5, "perturbation": "place_timeout", "method": "OBSERVED_SEARCH", "success": true, "recovery_reason": "observed_goal_satisfied"}
{"seed": 5, "perturbation": "post_grasp_slip", "method": "NO_RECOVERY", "success": false, "recovery_reason": "not_requested"}
{"seed": 5, "perturbation": "post_grasp_slip", "method": "RETRY_SAME_SUFFIX", "success": false, "recovery_reason": "place expects held object 'red_cube_0', but executor holds None"}
{"seed": 5, "perturbation": "post_grasp_slip", "method": "OBSERVED_SEARCH", "success": true, "recovery_reason": "observed_goal_satisfied"}
{"seed": 6, "perturbation": "grasp_timeout", "method": "NO_RECOVERY", "success": false, "recovery_reason": "not_requested"}
{"seed": 6, "perturbation": "grasp_timeout", "method": "RETRY_SAME_SUFFIX", "success": true, "recovery_reason": "not_requested"}
{"seed": 6, "perturbation": "grasp_timeout", "method": "OBSERVED_SEARCH", "success": true, "recovery_reason": "observed_goal_satisfied"}
{"seed": 6, "perturbation": "place_timeout", "method": "NO_RECOVERY", "success": false, "recovery_reason": "not_requested"}
{"seed": 6, "perturbation": "place_timeout", "method": "RETRY_SAME_SUFFIX", "success": true, "recovery_reason": "not_requested"}
{"seed": 6, "perturbation": "place_timeout", "method": "OBSERVED_SEARCH", "success": true, "recovery_reason": "observed_goal_satisfied"}
{"seed": 6, "perturbation": "post_grasp_slip", "method": "NO_RECOVERY", "success": false, "recovery_reason": "not_requested"}
{"seed": 6, "perturbation": "post_grasp_slip", "method": "RETRY_SAME_SUFFIX", "success": false, "recovery_reason": "place expects held object 'red_cube_0', but executor holds None"}
{"seed": 6, "perturbation": "post_grasp_slip", "method": "OBSERVED_SEARCH", "success": true, "recovery_reason": "observed_goal_satisfied"}
{"seed": 7, "perturbation": "grasp_timeout", "method": "NO_RECOVERY", "success": false, "recovery_reason": "not_requested"}
{"seed": 7, "perturbation": "grasp_timeout", "method": "RETRY_SAME_SUFFIX", "success": true, "recovery_reason": "not_requested"}
{"seed": 7, "perturbation": "grasp_timeout", "method": "OBSERVED_SEARCH", "success": true, "recovery_reason": "observed_goal_satisfied"}
{"seed": 7, "perturbation": "place_timeout", "method": "NO_RECOVERY", "success": false, "recovery_reason": "not_requested"}
{"seed": 7, "perturbation": "place_timeout", "method": "RETRY_SAME_SUFFIX", "success": true, "recovery_reason": "not_requested"}
{"seed": 7, "perturbation": "place_timeout", "method": "OBSERVED_SEARCH", "success": true, "recovery_reason": "observed_goal_satisfied"}
{"seed": 7, "perturbation": "post_grasp_slip", "method": "NO_RECOVERY", "success": false, "recovery_reason": "not_requested"}
{"seed": 7, "perturbation": "post_grasp_slip", "method": "RETRY_SAME_SUFFIX", "success": false, "recovery_reason": "place expects held object 'red_cube_0', but executor holds None"}
{"seed": 7, "perturbation": "post_grasp_slip", "method": "OBSERVED_SEARCH", "success": true, "recovery_reason": "observed_goal_satisfied"}
{"seed": 8, "perturbation": "grasp_timeout", "method": "NO_RECOVERY", "success": false, "recovery_reason": "not_requested"}
{"seed": 8, "perturbation": "grasp_timeout", "method": "RETRY_SAME_SUFFIX", "success": true, "recovery_reason": "not_requested"}
{"seed": 8, "perturbation": "grasp_timeout", "method": "OBSERVED_SEARCH", "success": true, "recovery_reason": "observed_goal_satisfied"}
{"seed": 8, "perturbation": "place_timeout", "method": "NO_RECOVERY", "success": false, "recovery_reason": "not_requested"}
{"seed": 8, "perturbation": "place_timeout", "method": "RETRY_SAME_SUFFIX", "success": true, "recovery_reason": "not_requested"}
{"seed": 8, "perturbation": "place_timeout", "method": "OBSERVED_SEARCH", "success": true, "recovery_reason": "observed_goal_satisfied"}
{"seed": 8, "perturbation": "post_grasp_slip", "method": "NO_RECOVERY", "success": false, "recovery_reason": "not_requested"}
{"seed": 8, "perturbation": "post_grasp_slip", "method": "RETRY_SAME_SUFFIX", "success": false, "recovery_reason": "place expects held object 'red_cube_0', but executor holds None"}
{"seed": 8, "perturbation": "post_grasp_slip", "method": "OBSERVED_SEARCH", "success": true, "recovery_reason": "observed_goal_satisfied"}
{"seed": 9, "perturbation": "grasp_timeout", "method": "NO_RECOVERY", "success": false, "recovery_reason": "not_requested"}
{"seed": 9, "perturbation": "grasp_timeout", "method": "RETRY_SAME_SUFFIX", "success": true, "recovery_reason": "not_requested"}
{"seed": 9, "perturbation": "grasp_timeout", "method": "OBSERVED_SEARCH", "success": true, "recovery_reason": "observed_goal_satisfied"}
{"seed": 9, "perturbation": "place_timeout", "method": "NO_RECOVERY", "success": false, "recovery_reason": "not_requested"}
{"seed": 9, "perturbation": "place_timeout", "method": "RETRY_SAME_SUFFIX", "success": true, "recovery_reason": "not_requested"}
{"seed": 9, "perturbation": "place_timeout", "method": "OBSERVED_SEARCH", "success": true, "recovery_reason": "observed_goal_satisfied"}
{"seed": 9, "perturbation": "post_grasp_slip", "method": "NO_RECOVERY", "success": false, "recovery_reason": "not_requested"}
{"seed": 9, "perturbation": "post_grasp_slip", "method": "RETRY_SAME_SUFFIX", "success": false, "recovery_reason": "place expects held object 'red_cube_0', but executor holds None"}
{"seed": 9, "perturbation": "post_grasp_slip", "method": "OBSERVED_SEARCH", "success": true, "recovery_reason": "observed_goal_satisfied"}
{"seed": 10, "perturbation": "grasp_timeout", "method": "NO_RECOVERY", "success": false, "recovery_reason": "not_requested"}
{"seed": 10, "perturbation": "grasp_timeout", "method": "RETRY_SAME_SUFFIX", "success": true, "recovery_reason": "not_requested"}
{"seed": 10, "perturbation": "grasp_timeout", "method": "OBSERVED_SEARCH", "success": true, "recovery_reason": "observed_goal_satisfied"}
{"seed": 10, "perturbation": "place_timeout", "method": "NO_RECOVERY", "success": false, "recovery_reason": "not_requested"}
{"seed": 10, "perturbation": "place_timeout", "method": "RETRY_SAME_SUFFIX", "success": true, "recovery_reason": "not_requested"}
{"seed": 10, "perturbation": "place_timeout", "method": "OBSERVED_SEARCH", "success": true, "recovery_reason": "observed_goal_satisfied"}
{"seed": 10, "perturbation": "post_grasp_slip", "method": "NO_RECOVERY", "success": false, "recovery_reason": "not_requested"}
{"seed": 10, "perturbation": "post_grasp_slip", "method": "RETRY_SAME_SUFFIX", "success": false, "recovery_reason": "place expects held object 'red_cube_0', but executor holds None"}
{"seed": 10, "perturbation": "post_grasp_slip", "method": "OBSERVED_SEARCH", "success": true, "recovery_reason": "observed_goal_satisfied"}
{"seed": 11, "perturbation": "grasp_timeout", "method": "NO_RECOVERY", "success": false, "recovery_reason": "not_requested"}
{"seed": 11, "perturbation": "grasp_timeout", "method": "RETRY_SAME_SUFFIX", "success": true, "recovery_reason": "not_requested"}
{"seed": 11, "perturbation": "grasp_timeout", "method": "OBSERVED_SEARCH", "success": true, "recovery_reason": "observed_goal_satisfied"}
{"seed": 11, "perturbation": "place_timeout", "method": "NO_RECOVERY", "success": false, "recovery_reason": "not_requested"}
{"seed": 11, "perturbation": "place_timeout", "method": "RETRY_SAME_SUFFIX", "success": true, "recovery_reason": "not_requested"}
{"seed": 11, "perturbation": "place_timeout", "method": "OBSERVED_SEARCH", "success": true, "recovery_reason": "observed_goal_satisfied"}
{"seed": 11, "perturbation": "post_grasp_slip", "method": "NO_RECOVERY", "success": false, "recovery_reason": "not_requested"}
{"seed": 11, "perturbation": "post_grasp_slip", "method": "RETRY_SAME_SUFFIX", "success": false, "recovery_reason": "place expects held object 'red_cube_0', but executor holds None"}
{"seed": 11, "perturbation": "post_grasp_slip", "method": "OBSERVED_SEARCH", "success": true, "recovery_reason": "observed_goal_satisfied"}
{"seed": 12, "perturbation": "grasp_timeout", "method": "NO_RECOVERY", "success": false, "recovery_reason": "not_requested"}
{"seed": 12, "perturbation": "grasp_timeout", "method": "RETRY_SAME_SUFFIX", "success": true, "recovery_reason": "not_requested"}
{"seed": 12, "perturbation": "grasp_timeout", "method": "OBSERVED_SEARCH", "success": true, "recovery_reason": "observed_goal_satisfied"}
{"seed": 12, "perturbation": "place_timeout", "method": "NO_RECOVERY", "success": false, "recovery_reason": "not_requested"}
{"seed": 12, "perturbation": "place_timeout", "method": "RETRY_SAME_SUFFIX", "success": true, "recovery_reason": "not_requested"}
{"seed": 12, "perturbation": "place_timeout", "method": "OBSERVED_SEARCH", "success": true, "recovery_reason": "observed_goal_satisfied"}
{"seed": 12, "perturbation": "post_grasp_slip", "method": "NO_RECOVERY", "success": false, "recovery_reason": "not_requested"}
{"seed": 12, "perturbation": "post_grasp_slip", "method": "RETRY_SAME_SUFFIX", "success": false, "recovery_reason": "place expects held object 'red_cube_0', but executor holds None"}
{"seed": 12, "perturbation": "post_grasp_slip", "method": "OBSERVED_SEARCH", "success": true, "recovery_reason": "observed_goal_satisfied"}
{"seed": 13, "perturbation": "grasp_timeout", "method": "NO_RECOVERY", "success": false, "recovery_reason": "not_requested"}
{"seed": 13, "perturbation": "grasp_timeout", "method": "RETRY_SAME_SUFFIX", "success": true, "recovery_reason": "not_requested"}
{"seed": 13, "perturbation": "grasp_timeout", "method": "OBSERVED_SEARCH", "success": true, "recovery_reason": "observed_goal_satisfied"}
{"seed": 13, "perturbation": "place_timeout", "method": "NO_RECOVERY", "success": false, "recovery_reason": "not_requested"}
{"seed": 13, "perturbation": "place_timeout", "method": "RETRY_SAME_SUFFIX", "success": true, "recovery_reason": "not_requested"}
{"seed": 13, "perturbation": "place_timeout", "method": "OBSERVED_SEARCH", "success": true, "recovery_reason": "observed_goal_satisfied"}
{"seed": 13, "perturbation": "post_grasp_slip", "method": "NO_RECOVERY", "success": false, "recovery_reason": "not_requested"}
{"seed": 13, "perturbation": "post_grasp_slip", "method": "RETRY_SAME_SUFFIX", "success": false, "recovery_reason": "place expects held object 'red_cube_0', but executor holds None"}
{"seed": 13, "perturbation": "post_grasp_slip", "method": "OBSERVED_SEARCH", "success": true, "recovery_reason": "observed_goal_satisfied"}
{"seed": 14, "perturbation": "grasp_timeout", "method": "NO_RECOVERY", "success": false, "recovery_reason": "not_requested"}
{"seed": 14, "perturbation": "grasp_timeout", "method": "RETRY_SAME_SUFFIX", "success": true, "recovery_reason": "not_requested"}
{"seed": 14, "perturbation": "grasp_timeout", "method": "OBSERVED_SEARCH", "success": true, "recovery_reason": "observed_goal_satisfied"}
{"seed": 14, "perturbation": "place_timeout", "method": "NO_RECOVERY", "success": false, "recovery_reason": "not_requested"}
{"seed": 14, "perturbation": "place_timeout", "method": "RETRY_SAME_SUFFIX", "success": true, "recovery_reason": "not_requested"}
{"seed": 14, "perturbation": "place_timeout", "method": "OBSERVED_SEARCH", "success": true, "recovery_reason": "observed_goal_satisfied"}
{"seed": 14, "perturbation": "post_grasp_slip", "method": "NO_RECOVERY", "success": false, "recovery_reason": "not_requested"}
{"seed": 14, "perturbation": "post_grasp_slip", "method": "RETRY_SAME_SUFFIX", "success": false, "recovery_reason": "place expects held object 'red_cube_0', but executor holds None"}
{"seed": 14, "perturbation": "post_grasp_slip", "method": "OBSERVED_SEARCH", "success": true, "recovery_reason": "observed_goal_satisfied"}
{"seed": 15, "perturbation": "grasp_timeout", "method": "NO_RECOVERY", "success": false, "recovery_reason": "not_requested"}
{"seed": 15, "perturbation": "grasp_timeout", "method": "RETRY_SAME_SUFFIX", "success": true, "recovery_reason": "not_requested"}
{"seed": 15, "perturbation": "grasp_timeout", "method": "OBSERVED_SEARCH", "success": true, "recovery_reason": "observed_goal_satisfied"}
{"seed": 15, "perturbation": "place_timeout", "method": "NO_RECOVERY", "success": false, "recovery_reason": "not_requested"}
{"seed": 15, "perturbation": "place_timeout", "method": "RETRY_SAME_SUFFIX", "success": true, "recovery_reason": "not_requested"}
{"seed": 15, "perturbation": "place_timeout", "method": "OBSERVED_SEARCH", "success": true, "recovery_reason": "observed_goal_satisfied"}
{"seed": 15, "perturbation": "post_grasp_slip", "method": "NO_RECOVERY", "success": false, "recovery_reason": "not_requested"}
{"seed": 15, "perturbation": "post_grasp_slip", "method": "RETRY_SAME_SUFFIX", "success": false, "recovery_reason": "place expects held object 'red_cube_0', but executor holds None"}
{"seed": 15, "perturbation": "post_grasp_slip", "method": "OBSERVED_SEARCH", "success": true, "recovery_reason": "observed_goal_satisfied"}
{"seed": 16, "perturbation": "grasp_timeout", "method": "NO_RECOVERY", "success": false, "recovery_reason": "not_requested"}
{"seed": 16, "perturbation": "grasp_timeout", "method": "RETRY_SAME_SUFFIX", "success": true, "recovery_reason": "not_requested"}
{"seed": 16, "perturbation": "grasp_timeout", "method": "OBSERVED_SEARCH", "success": true, "recovery_reason": "observed_goal_satisfied"}
{"seed": 16, "perturbation": "place_timeout", "method": "NO_RECOVERY", "success": false, "recovery_reason": "not_requested"}
{"seed": 16, "perturbation": "place_timeout", "method": "RETRY_SAME_SUFFIX", "success": true, "recovery_reason": "not_requested"}
{"seed": 16, "perturbation": "place_timeout", "method": "OBSERVED_SEARCH", "success": true, "recovery_reason": "observed_goal_satisfied"}
{"seed": 16, "perturbation": "post_grasp_slip", "method": "NO_RECOVERY", "success": false, "recovery_reason": "not_requested"}
{"seed": 16, "perturbation": "post_grasp_slip", "method": "RETRY_SAME_SUFFIX", "success": false, "recovery_reason": "place expects held object 'red_cube_0', but executor holds None"}
{"seed": 16, "perturbation": "post_grasp_slip", "method": "OBSERVED_SEARCH", "success": true, "recovery_reason": "observed_goal_satisfied"}
{"seed": 17, "perturbation": "grasp_timeout", "method": "NO_RECOVERY", "success": false, "recovery_reason": "not_requested"}
{"seed": 17, "perturbation": "grasp_timeout", "method": "RETRY_SAME_SUFFIX", "success": true, "recovery_reason": "not_requested"}
{"seed": 17, "perturbation": "grasp_timeout", "method": "OBSERVED_SEARCH", "success": true, "recovery_reason": "observed_goal_satisfied"}
{"seed": 17, "perturbation": "place_timeout", "method": "NO_RECOVERY", "success": false, "recovery_reason": "not_requested"}
{"seed": 17, "perturbation": "place_timeout", "method": "RETRY_SAME_SUFFIX", "success": true, "recovery_reason": "not_requested"}
{"seed": 17, "perturbation": "place_timeout", "method": "OBSERVED_SEARCH", "success": true, "recovery_reason": "observed_goal_satisfied"}
{"seed": 17, "perturbation": "post_grasp_slip", "method": "NO_RECOVERY", "success": false, "recovery_reason": "not_requested"}
{"seed": 17, "perturbation": "post_grasp_slip", "method": "RETRY_SAME_SUFFIX", "success": false, "recovery_reason": "place expects held object 'red_cube_0', but executor holds None"}
{"seed": 17, "perturbation": "post_grasp_slip", "method": "OBSERVED_SEARCH", "success": true, "recovery_reason": "observed_goal_satisfied"}
{"seed": 18, "perturbation": "grasp_timeout", "method": "NO_RECOVERY", "success": false, "recovery_reason": "not_requested"}
{"seed": 18, "perturbation": "grasp_timeout", "method": "RETRY_SAME_SUFFIX", "success": true, "recovery_reason": "not_requested"}
{"seed": 18, "perturbation": "grasp_timeout", "method": "OBSERVED_SEARCH", "success": true, "recovery_reason": "observed_goal_satisfied"}
{"seed": 18, "perturbation": "place_timeout", "method": "NO_RECOVERY", "success": false, "recovery_reason": "not_requested"}
{"seed": 18, "perturbation": "place_timeout", "method": "RETRY_SAME_SUFFIX", "success": true, "recovery_reason": "not_requested"}
{"seed": 18, "perturbation": "place_timeout", "method": "OBSERVED_SEARCH", "success": true, "recovery_reason": "observed_goal_satisfied"}
{"seed": 18, "perturbation": "post_grasp_slip", "method": "NO_RECOVERY", "success": false, "recovery_reason": "not_requested"}
{"seed": 18, "perturbation": "post_grasp_slip", "method": "RETRY_SAME_SUFFIX", "success": false, "recovery_reason": "place expects held object 'red_cube_0', but executor holds None"}
{"seed": 18, "perturbation": "post_grasp_slip", "method": "OBSERVED_SEARCH", "success": true, "recovery_reason": "observed_goal_satisfied"}
{"seed": 19, "perturbation": "grasp_timeout", "method": "NO_RECOVERY", "success": false, "recovery_reason": "not_requested"}
{"seed": 19, "perturbation": "grasp_timeout", "method": "RETRY_SAME_SUFFIX", "success": true, "recovery_reason": "not_requested"}
{"seed": 19, "perturbation": "grasp_timeout", "method": "OBSERVED_SEARCH", "success": true, "recovery_reason": "observed_goal_satisfied"}
{"seed": 19, "perturbation": "place_timeout", "method": "NO_RECOVERY", "success": false, "recovery_reason": "not_requested"}
{"seed": 19, "perturbation": "place_timeout", "method": "RETRY_SAME_SUFFIX", "success": true, "recovery_reason": "not_requested"}
{"seed": 19, "perturbation": "place_timeout", "method": "OBSERVED_SEARCH", "success": true, "recovery_reason": "observed_goal_satisfied"}
{"seed": 19, "perturbation": "post_grasp_slip", "method": "NO_RECOVERY", "success": false, "recovery_reason": "not_requested"}
{"seed": 19, "perturbation": "post_grasp_slip", "method": "RETRY_SAME_SUFFIX", "success": false, "recovery_reason": "place expects held object 'red_cube_0', but executor holds None"}
{"seed": 19, "perturbation": "post_grasp_slip", "method": "OBSERVED_SEARCH", "success": true, "recovery_reason": "observed_goal_satisfied"}
{"seed": 20, "perturbation": "grasp_timeout", "method": "NO_RECOVERY", "success": false, "recovery_reason": "not_requested"}
{"seed": 20, "perturbation": "grasp_timeout", "method": "RETRY_SAME_SUFFIX", "success": true, "recovery_reason": "not_requested"}
{"seed": 20, "perturbation": "grasp_timeout", "method": "OBSERVED_SEARCH", "success": true, "recovery_reason": "observed_goal_satisfied"}
{"seed": 20, "perturbation": "place_timeout", "method": "NO_RECOVERY", "success": false, "recovery_reason": "not_requested"}
{"seed": 20, "perturbation": "place_timeout", "method": "RETRY_SAME_SUFFIX", "success": true, "recovery_reason": "not_requested"}
{"seed": 20, "perturbation": "place_timeout", "method": "OBSERVED_SEARCH", "success": true, "recovery_reason": "observed_goal_satisfied"}
{"seed": 20, "perturbation": "post_grasp_slip", "method": "NO_RECOVERY", "success": false, "recovery_reason": "not_requested"}
{"seed": 20, "perturbation": "post_grasp_slip", "method": "RETRY_SAME_SUFFIX", "success": false, "recovery_reason": "place expects held object 'red_cube_0', but executor holds None"}
{"seed": 20, "perturbation": "post_grasp_slip", "method": "OBSERVED_SEARCH", "success": true, "recovery_reason": "observed_goal_satisfied"}
{"seed": 21, "perturbation": "grasp_timeout", "method": "NO_RECOVERY", "success": false, "recovery_reason": "not_requested"}
{"seed": 21, "perturbation": "grasp_timeout", "method": "RETRY_SAME_SUFFIX", "success": false, "recovery_reason": "not_requested"}
{"seed": 21, "perturbation": "grasp_timeout", "method": "OBSERVED_SEARCH", "success": false, "recovery_reason": "observed_goal_satisfied"}
{"seed": 21, "perturbation": "place_timeout", "method": "NO_RECOVERY", "success": false, "recovery_reason": "not_requested"}
{"seed": 21, "perturbation": "place_timeout", "method": "RETRY_SAME_SUFFIX", "success": false, "recovery_reason": "not_requested"}
{"seed": 21, "perturbation": "place_timeout", "method": "OBSERVED_SEARCH", "success": false, "recovery_reason": "observed_goal_satisfied"}
{"seed": 21, "perturbation": "post_grasp_slip", "method": "NO_RECOVERY", "success": false, "recovery_reason": "not_requested"}
{"seed": 21, "perturbation": "post_grasp_slip", "method": "RETRY_SAME_SUFFIX", "success": false, "recovery_reason": "place expects held object 'red_cube_0', but executor holds None"}
{"seed": 21, "perturbation": "post_grasp_slip", "method": "OBSERVED_SEARCH", "success": true, "recovery_reason": "observed_goal_satisfied"}
{"seed": 22, "perturbation": "grasp_timeout", "method": "NO_RECOVERY", "success": false, "recovery_reason": "not_requested"}
{"seed": 22, "perturbation": "grasp_timeout", "method": "RETRY_SAME_SUFFIX", "success": false, "recovery_reason": "not_requested"}
{"seed": 22, "perturbation": "grasp_timeout", "method": "OBSERVED_SEARCH", "success": false, "recovery_reason": "observed_goal_satisfied"}
{"seed": 22, "perturbation": "place_timeout", "method": "NO_RECOVERY", "success": false, "recovery_reason": "not_requested"}
{"seed": 22, "perturbation": "place_timeout", "method": "RETRY_SAME_SUFFIX", "success": false, "recovery_reason": "not_requested"}
{"seed": 22, "perturbation": "place_timeout", "method": "OBSERVED_SEARCH", "success": false, "recovery_reason": "observed_goal_satisfied"}
{"seed": 22, "perturbation": "post_grasp_slip", "method": "NO_RECOVERY", "success": false, "recovery_reason": "not_requested"}
{"seed": 22, "perturbation": "post_grasp_slip", "method": "RETRY_SAME_SUFFIX", "success": false, "recovery_reason": "place expects held object 'red_cube_0', but executor holds None"}
{"seed": 22, "perturbation": "post_grasp_slip", "method": "OBSERVED_SEARCH", "success": false, "recovery_reason": "observed_goal_satisfied"}
{"seed": 23, "perturbation": "grasp_timeout", "method": "NO_RECOVERY", "success": false, "recovery_reason": "not_requested"}
{"seed": 23, "perturbation": "grasp_timeout", "method": "RETRY_SAME_SUFFIX", "success": true, "recovery_reason": "not_requested"}
{"seed": 23, "perturbation": "grasp_timeout", "method": "OBSERVED_SEARCH", "success": true, "recovery_reason": "observed_goal_satisfied"}
{"seed": 23, "perturbation": "place_timeout", "method": "NO_RECOVERY", "success": false, "recovery_reason": "not_requested"}
{"seed": 23, "perturbation": "place_timeout", "method": "RETRY_SAME_SUFFIX", "success": true, "recovery_reason": "not_requested"}
{"seed": 23, "perturbation": "place_timeout", "method": "OBSERVED_SEARCH", "success": true, "recovery_reason": "observed_goal_satisfied"}
{"seed": 23, "perturbation": "post_grasp_slip", "method": "NO_RECOVERY", "success": false, "recovery_reason": "not_requested"}
{"seed": 23, "perturbation": "post_grasp_slip", "method": "RETRY_SAME_SUFFIX", "success": false, "recovery_reason": "place expects held object 'red_cube_0', but executor holds None"}
{"seed": 23, "perturbation": "post_grasp_slip", "method": "OBSERVED_SEARCH", "success": true, "recovery_reason": "observed_goal_satisfied"}
{"seed": 24, "perturbation": "grasp_timeout", "method": "NO_RECOVERY", "success": false, "recovery_reason": "not_requested"}
{"seed": 24, "perturbation": "grasp_timeout", "method": "RETRY_SAME_SUFFIX", "success": true, "recovery_reason": "not_requested"}
{"seed": 24, "perturbation": "grasp_timeout", "method": "OBSERVED_SEARCH", "success": true, "recovery_reason": "observed_goal_satisfied"}
{"seed": 24, "perturbation": "place_timeout", "method": "NO_RECOVERY", "success": false, "recovery_reason": "not_requested"}
{"seed": 24, "perturbation": "place_timeout", "method": "RETRY_SAME_SUFFIX", "success": true, "recovery_reason": "not_requested"}
{"seed": 24, "perturbation": "place_timeout", "method": "OBSERVED_SEARCH", "success": true, "recovery_reason": "observed_goal_satisfied"}
{"seed": 24, "perturbation": "post_grasp_slip", "method": "NO_RECOVERY", "success": false, "recovery_reason": "not_requested"}
{"seed": 24, "perturbation": "post_grasp_slip", "method": "RETRY_SAME_SUFFIX", "success": false, "recovery_reason": "place expects held object 'red_cube_0', but executor holds None"}
{"seed": 24, "perturbation": "post_grasp_slip", "method": "OBSERVED_SEARCH", "success": true, "recovery_reason": "observed_goal_satisfied"}
{"seed": 25, "perturbation": "grasp_timeout", "method": "NO_RECOVERY", "success": false, "recovery_reason": "not_requested"}
{"seed": 25, "perturbation": "grasp_timeout", "method": "RETRY_SAME_SUFFIX", "success": true, "recovery_reason": "not_requested"}
{"seed": 25, "perturbation": "grasp_timeout", "method": "OBSERVED_SEARCH", "success": true, "recovery_reason": "observed_goal_satisfied"}
{"seed": 25, "perturbation": "place_timeout", "method": "NO_RECOVERY", "success": false, "recovery_reason": "not_requested"}
{"seed": 25, "perturbation": "place_timeout", "method": "RETRY_SAME_SUFFIX", "success": true, "recovery_reason": "not_requested"}
{"seed": 25, "perturbation": "place_timeout", "method": "OBSERVED_SEARCH", "success": true, "recovery_reason": "observed_goal_satisfied"}
{"seed": 25, "perturbation": "post_grasp_slip", "method": "NO_RECOVERY", "success": false, "recovery_reason": "not_requested"}
{"seed": 25, "perturbation": "post_grasp_slip", "method": "RETRY_SAME_SUFFIX", "success": false, "recovery_reason": "place expects held object 'red_cube_0', but executor holds None"}
{"seed": 25, "perturbation": "post_grasp_slip", "method": "OBSERVED_SEARCH", "success": true, "recovery_reason": "observed_goal_satisfied"}
{"seed": 26, "perturbation": "grasp_timeout", "method": "NO_RECOVERY", "success": false, "recovery_reason": "not_requested"}
{"seed": 26, "perturbation": "grasp_timeout", "method": "RETRY_SAME_SUFFIX", "success": true, "recovery_reason": "not_requested"}
{"seed": 26, "perturbation": "grasp_timeout", "method": "OBSERVED_SEARCH", "success": true, "recovery_reason": "observed_goal_satisfied"}
{"seed": 26, "perturbation": "place_timeout", "method": "NO_RECOVERY", "success": false, "recovery_reason": "not_requested"}
{"seed": 26, "perturbation": "place_timeout", "method": "RETRY_SAME_SUFFIX", "success": true, "recovery_reason": "not_requested"}
{"seed": 26, "perturbation": "place_timeout", "method": "OBSERVED_SEARCH", "success": true, "recovery_reason": "observed_goal_satisfied"}
{"seed": 26, "perturbation": "post_grasp_slip", "method": "NO_RECOVERY", "success": false, "recovery_reason": "not_requested"}
{"seed": 26, "perturbation": "post_grasp_slip", "method": "RETRY_SAME_SUFFIX", "success": false, "recovery_reason": "place expects held object 'red_cube_0', but executor holds None"}
{"seed": 26, "perturbation": "post_grasp_slip", "method": "OBSERVED_SEARCH", "success": true, "recovery_reason": "observed_goal_satisfied"}
{"seed": 27, "perturbation": "grasp_timeout", "method": "NO_RECOVERY", "success": false, "recovery_reason": "not_requested"}
{"seed": 27, "perturbation": "grasp_timeout", "method": "RETRY_SAME_SUFFIX", "success": true, "recovery_reason": "not_requested"}
{"seed": 27, "perturbation": "grasp_timeout", "method": "OBSERVED_SEARCH", "success": true, "recovery_reason": "observed_goal_satisfied"}
{"seed": 27, "perturbation": "place_timeout", "method": "NO_RECOVERY", "success": false, "recovery_reason": "not_requested"}
{"seed": 27, "perturbation": "place_timeout", "method": "RETRY_SAME_SUFFIX", "success": true, "recovery_reason": "not_requested"}
{"seed": 27, "perturbation": "place_timeout", "method": "OBSERVED_SEARCH", "success": true, "recovery_reason": "observed_goal_satisfied"}
{"seed": 27, "perturbation": "post_grasp_slip", "method": "NO_RECOVERY", "success": false, "recovery_reason": "not_requested"}
{"seed": 27, "perturbation": "post_grasp_slip", "method": "RETRY_SAME_SUFFIX", "success": false, "recovery_reason": "place expects held object 'red_cube_0', but executor holds None"}
{"seed": 27, "perturbation": "post_grasp_slip", "method": "OBSERVED_SEARCH", "success": true, "recovery_reason": "observed_goal_satisfied"}
{"seed": 28, "perturbation": "grasp_timeout", "method": "NO_RECOVERY", "success": false, "recovery_reason": "not_requested"}
{"seed": 28, "perturbation": "grasp_timeout", "method": "RETRY_SAME_SUFFIX", "success": true, "recovery_reason": "not_requested"}
{"seed": 28, "perturbation": "grasp_timeout", "method": "OBSERVED_SEARCH", "success": true, "recovery_reason": "observed_goal_satisfied"}
{"seed": 28, "perturbation": "place_timeout", "method": "NO_RECOVERY", "success": false, "recovery_reason": "not_requested"}
{"seed": 28, "perturbation": "place_timeout", "method": "RETRY_SAME_SUFFIX", "success": true, "recovery_reason": "not_requested"}
{"seed": 28, "perturbation": "place_timeout", "method": "OBSERVED_SEARCH", "success": true, "recovery_reason": "observed_goal_satisfied"}
{"seed": 28, "perturbation": "post_grasp_slip", "method": "NO_RECOVERY", "success": false, "recovery_reason": "not_requested"}
{"seed": 28, "perturbation": "post_grasp_slip", "method": "RETRY_SAME_SUFFIX", "success": false, "recovery_reason": "place expects held object 'red_cube_0', but executor holds None"}
{"seed": 28, "perturbation": "post_grasp_slip", "method": "OBSERVED_SEARCH", "success": true, "recovery_reason": "observed_goal_satisfied"}
{"seed": 29, "perturbation": "grasp_timeout", "method": "NO_RECOVERY", "success": false, "recovery_reason": "not_requested"}
{"seed": 29, "perturbation": "grasp_timeout", "method": "RETRY_SAME_SUFFIX", "success": true, "recovery_reason": "not_requested"}
{"seed": 29, "perturbation": "grasp_timeout", "method": "OBSERVED_SEARCH", "success": true, "recovery_reason": "observed_goal_satisfied"}
{"seed": 29, "perturbation": "place_timeout", "method": "NO_RECOVERY", "success": false, "recovery_reason": "not_requested"}
{"seed": 29, "perturbation": "place_timeout", "method": "RETRY_SAME_SUFFIX", "success": true, "recovery_reason": "not_requested"}
{"seed": 29, "perturbation": "place_timeout", "method": "OBSERVED_SEARCH", "success": true, "recovery_reason": "observed_goal_satisfied"}
{"seed": 29, "perturbation": "post_grasp_slip", "method": "NO_RECOVERY", "success": false, "recovery_reason": "not_requested"}
{"seed": 29, "perturbation": "post_grasp_slip", "method": "RETRY_SAME_SUFFIX", "success": false, "recovery_reason": "place expects held object 'red_cube_0', but executor holds None"}
{"seed": 29, "perturbation": "post_grasp_slip", "method": "OBSERVED_SEARCH", "success": true, "recovery_reason": "observed_goal_satisfied"}
{"completed_at_utc": "2026-09-29T07:28:37.531880+00:00", "cases": 270, "output": "data/collections/persistent_recovery_protocol_formal_30seed_20260929.jsonl", "supported_table_goal": true, "phased_grasp_after_failure": true, "protocol": "single_puck_same_episode_simulator_state_feedback"}
