/root/autodl-tmp/.venvs/metaworld-lerobot/lib/python3.10/site-packages/transformers/utils/hub.py:110: FutureWarning: Using `TRANSFORMERS_CACHE` is deprecated and will be removed in v5 of Transformers. Use `HF_HOME` instead.
  warnings.warn(
/root/autodl-tmp/.venvs/metaworld-lerobot/lib/python3.10/site-packages/metaworld/policies/policy.py:49: UserWarning: Constant(s) may be too high. Environments clip response to [-1, 1]
  warnings.warn(
{"seed": 0, "perturbation": "none", "method": "RETRY_SAME_SUFFIX", "success": true, "recovery_reason": "not_requested"}
{"seed": 0, "perturbation": "none", "method": "OBSERVED_SEARCH", "success": true, "recovery_reason": "not_requested"}
{"seed": 0, "perturbation": "none", "method": "MODEL_DIRECT", "success": true, "recovery_reason": "not_requested"}
{"seed": 0, "perturbation": "none", "method": "MODEL_VERIFIED", "success": true, "recovery_reason": "not_requested"}
{"seed": 0, "perturbation": "post_grasp_slip", "method": "RETRY_SAME_SUFFIX", "success": false, "recovery_reason": "place expects held object 'red_cube_0', but executor holds None"}
{"seed": 0, "perturbation": "post_grasp_slip", "method": "OBSERVED_SEARCH", "success": true, "recovery_reason": "observed_goal_satisfied"}
{"seed": 0, "perturbation": "post_grasp_slip", "method": "MODEL_DIRECT", "success": true, "recovery_reason": "model_suffix_execution"}
{"seed": 0, "perturbation": "post_grasp_slip", "method": "MODEL_VERIFIED", "success": true, "recovery_reason": "model_suffix_execution"}
{"seed": 1, "perturbation": "none", "method": "RETRY_SAME_SUFFIX", "success": true, "recovery_reason": "not_requested"}
{"seed": 1, "perturbation": "none", "method": "OBSERVED_SEARCH", "success": true, "recovery_reason": "not_requested"}
{"seed": 1, "perturbation": "none", "method": "MODEL_DIRECT", "success": true, "recovery_reason": "not_requested"}
{"seed": 1, "perturbation": "none", "method": "MODEL_VERIFIED", "success": true, "recovery_reason": "not_requested"}
{"seed": 1, "perturbation": "post_grasp_slip", "method": "RETRY_SAME_SUFFIX", "success": false, "recovery_reason": "place expects held object 'red_cube_0', but executor holds None"}
{"seed": 1, "perturbation": "post_grasp_slip", "method": "OBSERVED_SEARCH", "success": true, "recovery_reason": "observed_goal_satisfied"}
{"seed": 1, "perturbation": "post_grasp_slip", "method": "MODEL_DIRECT", "success": true, "recovery_reason": "model_suffix_execution"}
{"seed": 1, "perturbation": "post_grasp_slip", "method": "MODEL_VERIFIED", "success": true, "recovery_reason": "model_suffix_execution"}
{"seed": 2, "perturbation": "none", "method": "RETRY_SAME_SUFFIX", "success": true, "recovery_reason": "not_requested"}
{"seed": 2, "perturbation": "none", "method": "OBSERVED_SEARCH", "success": true, "recovery_reason": "not_requested"}
{"seed": 2, "perturbation": "none", "method": "MODEL_DIRECT", "success": true, "recovery_reason": "not_requested"}
{"seed": 2, "perturbation": "none", "method": "MODEL_VERIFIED", "success": true, "recovery_reason": "not_requested"}
{"seed": 2, "perturbation": "post_grasp_slip", "method": "RETRY_SAME_SUFFIX", "success": false, "recovery_reason": "place expects held object 'red_cube_0', but executor holds None"}
{"seed": 2, "perturbation": "post_grasp_slip", "method": "OBSERVED_SEARCH", "success": true, "recovery_reason": "observed_goal_satisfied"}
{"seed": 2, "perturbation": "post_grasp_slip", "method": "MODEL_DIRECT", "success": true, "recovery_reason": "model_suffix_execution"}
{"seed": 2, "perturbation": "post_grasp_slip", "method": "MODEL_VERIFIED", "success": true, "recovery_reason": "model_suffix_execution"}
{"completed_at_utc": "2026-10-02T12:21:04.104418+00:00", "cases": 24, "output": "data/collections/persistent_model_recovery_pilot_20261002_122016.jsonl", "supported_table_goal": true, "phased_grasp_after_failure": true, "protocol": "single_puck_same_episode_simulator_state_feedback"}
