/root/autodl-tmp/.venvs/metaworld-lerobot/lib/python3.10/site-packages/transformers/utils/hub.py:110: FutureWarning: Using `TRANSFORMERS_CACHE` is deprecated and will be removed in v5 of Transformers. Use `HF_HOME` instead.
  warnings.warn(
/root/autodl-tmp/.venvs/metaworld-lerobot/lib/python3.10/site-packages/metaworld/policies/policy.py:49: UserWarning: Constant(s) may be too high. Environments clip response to [-1, 1]
  warnings.warn(
{"seed": 0, "perturbation": "none", "method": "RETRY_SAME_SUFFIX", "success": true, "recovery_reason": "not_requested"}
{"seed": 0, "perturbation": "none", "method": "OBSERVED_SEARCH", "success": true, "recovery_reason": "not_requested"}
{"seed": 0, "perturbation": "none", "method": "MODEL_DIRECT", "success": true, "recovery_reason": "not_requested"}
{"seed": 0, "perturbation": "none", "method": "MODEL_VERIFIED", "success": true, "recovery_reason": "not_requested"}
{"seed": 0, "perturbation": "post_grasp_slip", "method": "RETRY_SAME_SUFFIX", "success": false, "recovery_reason": "place expects held object 'red_cube_0', but executor holds None"}
{"seed": 0, "perturbation": "post_grasp_slip", "method": "OBSERVED_SEARCH", "success": true, "recovery_reason": "observed_goal_satisfied"}
{"seed": 0, "perturbation": "post_grasp_slip", "method": "MODEL_DIRECT", "success": true, "recovery_reason": "model_suffix_execution"}
{"seed": 0, "perturbation": "post_grasp_slip", "method": "MODEL_VERIFIED", "success": true, "recovery_reason": "model_suffix_execution"}
{"seed": 1, "perturbation": "none", "method": "RETRY_SAME_SUFFIX", "success": true, "recovery_reason": "not_requested"}
{"seed": 1, "perturbation": "none", "method": "OBSERVED_SEARCH", "success": true, "recovery_reason": "not_requested"}
{"seed": 1, "perturbation": "none", "method": "MODEL_DIRECT", "success": true, "recovery_reason": "not_requested"}
{"seed": 1, "perturbation": "none", "method": "MODEL_VERIFIED", "success": true, "recovery_reason": "not_requested"}
{"seed": 1, "perturbation": "post_grasp_slip", "method": "RETRY_SAME_SUFFIX", "success": false, "recovery_reason": "place expects held object 'red_cube_0', but executor holds None"}
{"seed": 1, "perturbation": "post_grasp_slip", "method": "OBSERVED_SEARCH", "success": true, "recovery_reason": "observed_goal_satisfied"}
{"seed": 1, "perturbation": "post_grasp_slip", "method": "MODEL_DIRECT", "success": true, "recovery_reason": "model_suffix_execution"}
{"seed": 1, "perturbation": "post_grasp_slip", "method": "MODEL_VERIFIED", "success": true, "recovery_reason": "model_suffix_execution"}
{"seed": 2, "perturbation": "none", "method": "RETRY_SAME_SUFFIX", "success": true, "recovery_reason": "not_requested"}
{"seed": 2, "perturbation": "none", "method": "OBSERVED_SEARCH", "success": true, "recovery_reason": "not_requested"}
{"seed": 2, "perturbation": "none", "method": "MODEL_DIRECT", "success": true, "recovery_reason": "not_requested"}
{"seed": 2, "perturbation": "none", "method": "MODEL_VERIFIED", "success": true, "recovery_reason": "not_requested"}
{"seed": 2, "perturbation": "post_grasp_slip", "method": "RETRY_SAME_SUFFIX", "success": false, "recovery_reason": "place expects held object 'red_cube_0', but executor holds None"}
{"seed": 2, "perturbation": "post_grasp_slip", "method": "OBSERVED_SEARCH", "success": true, "recovery_reason": "observed_goal_satisfied"}
{"seed": 2, "perturbation": "post_grasp_slip", "method": "MODEL_DIRECT", "success": true, "recovery_reason": "model_suffix_execution"}
{"seed": 2, "perturbation": "post_grasp_slip", "method": "MODEL_VERIFIED", "success": true, "recovery_reason": "model_suffix_execution"}
{"seed": 3, "perturbation": "none", "method": "RETRY_SAME_SUFFIX", "success": true, "recovery_reason": "not_requested"}
{"seed": 3, "perturbation": "none", "method": "OBSERVED_SEARCH", "success": true, "recovery_reason": "not_requested"}
{"seed": 3, "perturbation": "none", "method": "MODEL_DIRECT", "success": true, "recovery_reason": "not_requested"}
{"seed": 3, "perturbation": "none", "method": "MODEL_VERIFIED", "success": true, "recovery_reason": "not_requested"}
{"seed": 3, "perturbation": "post_grasp_slip", "method": "RETRY_SAME_SUFFIX", "success": false, "recovery_reason": "place expects held object 'red_cube_0', but executor holds None"}
{"seed": 3, "perturbation": "post_grasp_slip", "method": "OBSERVED_SEARCH", "success": true, "recovery_reason": "observed_goal_satisfied"}
{"seed": 3, "perturbation": "post_grasp_slip", "method": "MODEL_DIRECT", "success": true, "recovery_reason": "model_suffix_execution"}
{"seed": 3, "perturbation": "post_grasp_slip", "method": "MODEL_VERIFIED", "success": true, "recovery_reason": "model_suffix_execution"}
{"seed": 4, "perturbation": "none", "method": "RETRY_SAME_SUFFIX", "success": true, "recovery_reason": "not_requested"}
{"seed": 4, "perturbation": "none", "method": "OBSERVED_SEARCH", "success": true, "recovery_reason": "not_requested"}
{"seed": 4, "perturbation": "none", "method": "MODEL_DIRECT", "success": true, "recovery_reason": "not_requested"}
{"seed": 4, "perturbation": "none", "method": "MODEL_VERIFIED", "success": true, "recovery_reason": "not_requested"}
{"seed": 4, "perturbation": "post_grasp_slip", "method": "RETRY_SAME_SUFFIX", "success": false, "recovery_reason": "place expects held object 'red_cube_0', but executor holds None"}
{"seed": 4, "perturbation": "post_grasp_slip", "method": "OBSERVED_SEARCH", "success": true, "recovery_reason": "observed_goal_satisfied"}
{"seed": 4, "perturbation": "post_grasp_slip", "method": "MODEL_DIRECT", "success": true, "recovery_reason": "model_suffix_execution"}
{"seed": 4, "perturbation": "post_grasp_slip", "method": "MODEL_VERIFIED", "success": true, "recovery_reason": "model_suffix_execution"}
{"seed": 5, "perturbation": "none", "method": "RETRY_SAME_SUFFIX", "success": true, "recovery_reason": "not_requested"}
{"seed": 5, "perturbation": "none", "method": "OBSERVED_SEARCH", "success": true, "recovery_reason": "not_requested"}
{"seed": 5, "perturbation": "none", "method": "MODEL_DIRECT", "success": true, "recovery_reason": "not_requested"}
{"seed": 5, "perturbation": "none", "method": "MODEL_VERIFIED", "success": true, "recovery_reason": "not_requested"}
{"seed": 5, "perturbation": "post_grasp_slip", "method": "RETRY_SAME_SUFFIX", "success": false, "recovery_reason": "place expects held object 'red_cube_0', but executor holds None"}
{"seed": 5, "perturbation": "post_grasp_slip", "method": "OBSERVED_SEARCH", "success": true, "recovery_reason": "observed_goal_satisfied"}
{"seed": 5, "perturbation": "post_grasp_slip", "method": "MODEL_DIRECT", "success": true, "recovery_reason": "model_suffix_execution"}
{"seed": 5, "perturbation": "post_grasp_slip", "method": "MODEL_VERIFIED", "success": true, "recovery_reason": "model_suffix_execution"}
{"seed": 6, "perturbation": "none", "method": "RETRY_SAME_SUFFIX", "success": true, "recovery_reason": "not_requested"}
{"seed": 6, "perturbation": "none", "method": "OBSERVED_SEARCH", "success": true, "recovery_reason": "not_requested"}
{"seed": 6, "perturbation": "none", "method": "MODEL_DIRECT", "success": true, "recovery_reason": "not_requested"}
{"seed": 6, "perturbation": "none", "method": "MODEL_VERIFIED", "success": true, "recovery_reason": "not_requested"}
{"seed": 6, "perturbation": "post_grasp_slip", "method": "RETRY_SAME_SUFFIX", "success": false, "recovery_reason": "place expects held object 'red_cube_0', but executor holds None"}
{"seed": 6, "perturbation": "post_grasp_slip", "method": "OBSERVED_SEARCH", "success": true, "recovery_reason": "observed_goal_satisfied"}
{"seed": 6, "perturbation": "post_grasp_slip", "method": "MODEL_DIRECT", "success": true, "recovery_reason": "model_suffix_execution"}
{"seed": 6, "perturbation": "post_grasp_slip", "method": "MODEL_VERIFIED", "success": true, "recovery_reason": "model_suffix_execution"}
{"seed": 7, "perturbation": "none", "method": "RETRY_SAME_SUFFIX", "success": true, "recovery_reason": "not_requested"}
{"seed": 7, "perturbation": "none", "method": "OBSERVED_SEARCH", "success": true, "recovery_reason": "not_requested"}
{"seed": 7, "perturbation": "none", "method": "MODEL_DIRECT", "success": true, "recovery_reason": "not_requested"}
{"seed": 7, "perturbation": "none", "method": "MODEL_VERIFIED", "success": true, "recovery_reason": "not_requested"}
{"seed": 7, "perturbation": "post_grasp_slip", "method": "RETRY_SAME_SUFFIX", "success": false, "recovery_reason": "place expects held object 'red_cube_0', but executor holds None"}
{"seed": 7, "perturbation": "post_grasp_slip", "method": "OBSERVED_SEARCH", "success": true, "recovery_reason": "observed_goal_satisfied"}
{"seed": 7, "perturbation": "post_grasp_slip", "method": "MODEL_DIRECT", "success": true, "recovery_reason": "model_suffix_execution"}
{"seed": 7, "perturbation": "post_grasp_slip", "method": "MODEL_VERIFIED", "success": true, "recovery_reason": "model_suffix_execution"}
{"seed": 8, "perturbation": "none", "method": "RETRY_SAME_SUFFIX", "success": true, "recovery_reason": "not_requested"}
{"seed": 8, "perturbation": "none", "method": "OBSERVED_SEARCH", "success": true, "recovery_reason": "not_requested"}
{"seed": 8, "perturbation": "none", "method": "MODEL_DIRECT", "success": true, "recovery_reason": "not_requested"}
{"seed": 8, "perturbation": "none", "method": "MODEL_VERIFIED", "success": true, "recovery_reason": "not_requested"}
{"seed": 8, "perturbation": "post_grasp_slip", "method": "RETRY_SAME_SUFFIX", "success": false, "recovery_reason": "place expects held object 'red_cube_0', but executor holds None"}
{"seed": 8, "perturbation": "post_grasp_slip", "method": "OBSERVED_SEARCH", "success": true, "recovery_reason": "observed_goal_satisfied"}
{"seed": 8, "perturbation": "post_grasp_slip", "method": "MODEL_DIRECT", "success": true, "recovery_reason": "model_suffix_execution"}
{"seed": 8, "perturbation": "post_grasp_slip", "method": "MODEL_VERIFIED", "success": true, "recovery_reason": "model_suffix_execution"}
{"seed": 9, "perturbation": "none", "method": "RETRY_SAME_SUFFIX", "success": true, "recovery_reason": "not_requested"}
{"seed": 9, "perturbation": "none", "method": "OBSERVED_SEARCH", "success": true, "recovery_reason": "not_requested"}
{"seed": 9, "perturbation": "none", "method": "MODEL_DIRECT", "success": true, "recovery_reason": "not_requested"}
{"seed": 9, "perturbation": "none", "method": "MODEL_VERIFIED", "success": true, "recovery_reason": "not_requested"}
{"seed": 9, "perturbation": "post_grasp_slip", "method": "RETRY_SAME_SUFFIX", "success": false, "recovery_reason": "place expects held object 'red_cube_0', but executor holds None"}
{"seed": 9, "perturbation": "post_grasp_slip", "method": "OBSERVED_SEARCH", "success": true, "recovery_reason": "observed_goal_satisfied"}
{"seed": 9, "perturbation": "post_grasp_slip", "method": "MODEL_DIRECT", "success": true, "recovery_reason": "model_suffix_execution"}
{"seed": 9, "perturbation": "post_grasp_slip", "method": "MODEL_VERIFIED", "success": true, "recovery_reason": "model_suffix_execution"}
{"seed": 10, "perturbation": "none", "method": "RETRY_SAME_SUFFIX", "success": true, "recovery_reason": "not_requested"}
{"seed": 10, "perturbation": "none", "method": "OBSERVED_SEARCH", "success": true, "recovery_reason": "not_requested"}
{"seed": 10, "perturbation": "none", "method": "MODEL_DIRECT", "success": true, "recovery_reason": "not_requested"}
{"seed": 10, "perturbation": "none", "method": "MODEL_VERIFIED", "success": true, "recovery_reason": "not_requested"}
{"seed": 10, "perturbation": "post_grasp_slip", "method": "RETRY_SAME_SUFFIX", "success": false, "recovery_reason": "place expects held object 'red_cube_0', but executor holds None"}
{"seed": 10, "perturbation": "post_grasp_slip", "method": "OBSERVED_SEARCH", "success": true, "recovery_reason": "observed_goal_satisfied"}
{"seed": 10, "perturbation": "post_grasp_slip", "method": "MODEL_DIRECT", "success": true, "recovery_reason": "model_suffix_execution"}
{"seed": 10, "perturbation": "post_grasp_slip", "method": "MODEL_VERIFIED", "success": true, "recovery_reason": "model_suffix_execution"}
{"seed": 11, "perturbation": "none", "method": "RETRY_SAME_SUFFIX", "success": true, "recovery_reason": "not_requested"}
{"seed": 11, "perturbation": "none", "method": "OBSERVED_SEARCH", "success": true, "recovery_reason": "not_requested"}
{"seed": 11, "perturbation": "none", "method": "MODEL_DIRECT", "success": true, "recovery_reason": "not_requested"}
{"seed": 11, "perturbation": "none", "method": "MODEL_VERIFIED", "success": true, "recovery_reason": "not_requested"}
{"seed": 11, "perturbation": "post_grasp_slip", "method": "RETRY_SAME_SUFFIX", "success": false, "recovery_reason": "place expects held object 'red_cube_0', but executor holds None"}
{"seed": 11, "perturbation": "post_grasp_slip", "method": "OBSERVED_SEARCH", "success": true, "recovery_reason": "observed_goal_satisfied"}
{"seed": 11, "perturbation": "post_grasp_slip", "method": "MODEL_DIRECT", "success": true, "recovery_reason": "model_suffix_execution"}
{"seed": 11, "perturbation": "post_grasp_slip", "method": "MODEL_VERIFIED", "success": true, "recovery_reason": "model_suffix_execution"}
{"seed": 12, "perturbation": "none", "method": "RETRY_SAME_SUFFIX", "success": true, "recovery_reason": "not_requested"}
{"seed": 12, "perturbation": "none", "method": "OBSERVED_SEARCH", "success": true, "recovery_reason": "not_requested"}
{"seed": 12, "perturbation": "none", "method": "MODEL_DIRECT", "success": true, "recovery_reason": "not_requested"}
{"seed": 12, "perturbation": "none", "method": "MODEL_VERIFIED", "success": true, "recovery_reason": "not_requested"}
{"seed": 12, "perturbation": "post_grasp_slip", "method": "RETRY_SAME_SUFFIX", "success": false, "recovery_reason": "place expects held object 'red_cube_0', but executor holds None"}
{"seed": 12, "perturbation": "post_grasp_slip", "method": "OBSERVED_SEARCH", "success": true, "recovery_reason": "observed_goal_satisfied"}
{"seed": 12, "perturbation": "post_grasp_slip", "method": "MODEL_DIRECT", "success": true, "recovery_reason": "model_suffix_execution"}
{"seed": 12, "perturbation": "post_grasp_slip", "method": "MODEL_VERIFIED", "success": true, "recovery_reason": "model_suffix_execution"}
{"seed": 13, "perturbation": "none", "method": "RETRY_SAME_SUFFIX", "success": true, "recovery_reason": "not_requested"}
{"seed": 13, "perturbation": "none", "method": "OBSERVED_SEARCH", "success": true, "recovery_reason": "not_requested"}
{"seed": 13, "perturbation": "none", "method": "MODEL_DIRECT", "success": true, "recovery_reason": "not_requested"}
{"seed": 13, "perturbation": "none", "method": "MODEL_VERIFIED", "success": true, "recovery_reason": "not_requested"}
{"seed": 13, "perturbation": "post_grasp_slip", "method": "RETRY_SAME_SUFFIX", "success": false, "recovery_reason": "place expects held object 'red_cube_0', but executor holds None"}
{"seed": 13, "perturbation": "post_grasp_slip", "method": "OBSERVED_SEARCH", "success": true, "recovery_reason": "observed_goal_satisfied"}
{"seed": 13, "perturbation": "post_grasp_slip", "method": "MODEL_DIRECT", "success": true, "recovery_reason": "model_suffix_execution"}
{"seed": 13, "perturbation": "post_grasp_slip", "method": "MODEL_VERIFIED", "success": true, "recovery_reason": "model_suffix_execution"}
{"seed": 14, "perturbation": "none", "method": "RETRY_SAME_SUFFIX", "success": true, "recovery_reason": "not_requested"}
{"seed": 14, "perturbation": "none", "method": "OBSERVED_SEARCH", "success": true, "recovery_reason": "not_requested"}
{"seed": 14, "perturbation": "none", "method": "MODEL_DIRECT", "success": true, "recovery_reason": "not_requested"}
{"seed": 14, "perturbation": "none", "method": "MODEL_VERIFIED", "success": true, "recovery_reason": "not_requested"}
{"seed": 14, "perturbation": "post_grasp_slip", "method": "RETRY_SAME_SUFFIX", "success": false, "recovery_reason": "place expects held object 'red_cube_0', but executor holds None"}
{"seed": 14, "perturbation": "post_grasp_slip", "method": "OBSERVED_SEARCH", "success": true, "recovery_reason": "observed_goal_satisfied"}
{"seed": 14, "perturbation": "post_grasp_slip", "method": "MODEL_DIRECT", "success": true, "recovery_reason": "model_suffix_execution"}
{"seed": 14, "perturbation": "post_grasp_slip", "method": "MODEL_VERIFIED", "success": true, "recovery_reason": "model_suffix_execution"}
{"seed": 15, "perturbation": "none", "method": "RETRY_SAME_SUFFIX", "success": true, "recovery_reason": "not_requested"}
{"seed": 15, "perturbation": "none", "method": "OBSERVED_SEARCH", "success": true, "recovery_reason": "not_requested"}
{"seed": 15, "perturbation": "none", "method": "MODEL_DIRECT", "success": true, "recovery_reason": "not_requested"}
{"seed": 15, "perturbation": "none", "method": "MODEL_VERIFIED", "success": true, "recovery_reason": "not_requested"}
{"seed": 15, "perturbation": "post_grasp_slip", "method": "RETRY_SAME_SUFFIX", "success": false, "recovery_reason": "place expects held object 'red_cube_0', but executor holds None"}
{"seed": 15, "perturbation": "post_grasp_slip", "method": "OBSERVED_SEARCH", "success": true, "recovery_reason": "observed_goal_satisfied"}
{"seed": 15, "perturbation": "post_grasp_slip", "method": "MODEL_DIRECT", "success": true, "recovery_reason": "model_suffix_execution"}
{"seed": 15, "perturbation": "post_grasp_slip", "method": "MODEL_VERIFIED", "success": true, "recovery_reason": "model_suffix_execution"}
{"seed": 16, "perturbation": "none", "method": "RETRY_SAME_SUFFIX", "success": true, "recovery_reason": "not_requested"}
{"seed": 16, "perturbation": "none", "method": "OBSERVED_SEARCH", "success": true, "recovery_reason": "not_requested"}
{"seed": 16, "perturbation": "none", "method": "MODEL_DIRECT", "success": true, "recovery_reason": "not_requested"}
{"seed": 16, "perturbation": "none", "method": "MODEL_VERIFIED", "success": true, "recovery_reason": "not_requested"}
{"seed": 16, "perturbation": "post_grasp_slip", "method": "RETRY_SAME_SUFFIX", "success": false, "recovery_reason": "place expects held object 'red_cube_0', but executor holds None"}
{"seed": 16, "perturbation": "post_grasp_slip", "method": "OBSERVED_SEARCH", "success": true, "recovery_reason": "observed_goal_satisfied"}
{"seed": 16, "perturbation": "post_grasp_slip", "method": "MODEL_DIRECT", "success": true, "recovery_reason": "model_suffix_execution"}
{"seed": 16, "perturbation": "post_grasp_slip", "method": "MODEL_VERIFIED", "success": true, "recovery_reason": "model_suffix_execution"}
{"seed": 17, "perturbation": "none", "method": "RETRY_SAME_SUFFIX", "success": true, "recovery_reason": "not_requested"}
{"seed": 17, "perturbation": "none", "method": "OBSERVED_SEARCH", "success": true, "recovery_reason": "not_requested"}
{"seed": 17, "perturbation": "none", "method": "MODEL_DIRECT", "success": true, "recovery_reason": "not_requested"}
{"seed": 17, "perturbation": "none", "method": "MODEL_VERIFIED", "success": true, "recovery_reason": "not_requested"}
{"seed": 17, "perturbation": "post_grasp_slip", "method": "RETRY_SAME_SUFFIX", "success": false, "recovery_reason": "place expects held object 'red_cube_0', but executor holds None"}
{"seed": 17, "perturbation": "post_grasp_slip", "method": "OBSERVED_SEARCH", "success": true, "recovery_reason": "observed_goal_satisfied"}
{"seed": 17, "perturbation": "post_grasp_slip", "method": "MODEL_DIRECT", "success": true, "recovery_reason": "model_suffix_execution"}
{"seed": 17, "perturbation": "post_grasp_slip", "method": "MODEL_VERIFIED", "success": true, "recovery_reason": "model_suffix_execution"}
{"seed": 18, "perturbation": "none", "method": "RETRY_SAME_SUFFIX", "success": true, "recovery_reason": "not_requested"}
{"seed": 18, "perturbation": "none", "method": "OBSERVED_SEARCH", "success": true, "recovery_reason": "not_requested"}
{"seed": 18, "perturbation": "none", "method": "MODEL_DIRECT", "success": true, "recovery_reason": "not_requested"}
{"seed": 18, "perturbation": "none", "method": "MODEL_VERIFIED", "success": true, "recovery_reason": "not_requested"}
{"seed": 18, "perturbation": "post_grasp_slip", "method": "RETRY_SAME_SUFFIX", "success": false, "recovery_reason": "place expects held object 'red_cube_0', but executor holds None"}
{"seed": 18, "perturbation": "post_grasp_slip", "method": "OBSERVED_SEARCH", "success": true, "recovery_reason": "observed_goal_satisfied"}
{"seed": 18, "perturbation": "post_grasp_slip", "method": "MODEL_DIRECT", "success": true, "recovery_reason": "model_suffix_execution"}
{"seed": 18, "perturbation": "post_grasp_slip", "method": "MODEL_VERIFIED", "success": true, "recovery_reason": "model_suffix_execution"}
{"seed": 19, "perturbation": "none", "method": "RETRY_SAME_SUFFIX", "success": true, "recovery_reason": "not_requested"}
{"seed": 19, "perturbation": "none", "method": "OBSERVED_SEARCH", "success": true, "recovery_reason": "not_requested"}
{"seed": 19, "perturbation": "none", "method": "MODEL_DIRECT", "success": true, "recovery_reason": "not_requested"}
{"seed": 19, "perturbation": "none", "method": "MODEL_VERIFIED", "success": true, "recovery_reason": "not_requested"}
{"seed": 19, "perturbation": "post_grasp_slip", "method": "RETRY_SAME_SUFFIX", "success": false, "recovery_reason": "place expects held object 'red_cube_0', but executor holds None"}
{"seed": 19, "perturbation": "post_grasp_slip", "method": "OBSERVED_SEARCH", "success": true, "recovery_reason": "observed_goal_satisfied"}
{"seed": 19, "perturbation": "post_grasp_slip", "method": "MODEL_DIRECT", "success": true, "recovery_reason": "model_suffix_execution"}
{"seed": 19, "perturbation": "post_grasp_slip", "method": "MODEL_VERIFIED", "success": true, "recovery_reason": "model_suffix_execution"}
{"seed": 20, "perturbation": "none", "method": "RETRY_SAME_SUFFIX", "success": true, "recovery_reason": "not_requested"}
{"seed": 20, "perturbation": "none", "method": "OBSERVED_SEARCH", "success": true, "recovery_reason": "not_requested"}
{"seed": 20, "perturbation": "none", "method": "MODEL_DIRECT", "success": true, "recovery_reason": "not_requested"}
{"seed": 20, "perturbation": "none", "method": "MODEL_VERIFIED", "success": true, "recovery_reason": "not_requested"}
{"seed": 20, "perturbation": "post_grasp_slip", "method": "RETRY_SAME_SUFFIX", "success": false, "recovery_reason": "place expects held object 'red_cube_0', but executor holds None"}
{"seed": 20, "perturbation": "post_grasp_slip", "method": "OBSERVED_SEARCH", "success": true, "recovery_reason": "observed_goal_satisfied"}
{"seed": 20, "perturbation": "post_grasp_slip", "method": "MODEL_DIRECT", "success": true, "recovery_reason": "model_suffix_execution"}
{"seed": 20, "perturbation": "post_grasp_slip", "method": "MODEL_VERIFIED", "success": true, "recovery_reason": "model_suffix_execution"}
{"seed": 21, "perturbation": "none", "method": "RETRY_SAME_SUFFIX", "success": false, "recovery_reason": "not_requested"}
{"seed": 21, "perturbation": "none", "method": "OBSERVED_SEARCH", "success": false, "recovery_reason": "not_requested"}
{"seed": 21, "perturbation": "none", "method": "MODEL_DIRECT", "success": false, "recovery_reason": "not_requested"}
{"seed": 21, "perturbation": "none", "method": "MODEL_VERIFIED", "success": false, "recovery_reason": "not_requested"}
{"seed": 21, "perturbation": "post_grasp_slip", "method": "RETRY_SAME_SUFFIX", "success": false, "recovery_reason": "place expects held object 'red_cube_0', but executor holds None"}
{"seed": 21, "perturbation": "post_grasp_slip", "method": "OBSERVED_SEARCH", "success": true, "recovery_reason": "observed_goal_satisfied"}
{"seed": 21, "perturbation": "post_grasp_slip", "method": "MODEL_DIRECT", "success": true, "recovery_reason": "model_suffix_execution"}
{"seed": 21, "perturbation": "post_grasp_slip", "method": "MODEL_VERIFIED", "success": true, "recovery_reason": "model_suffix_execution"}
{"seed": 22, "perturbation": "none", "method": "RETRY_SAME_SUFFIX", "success": false, "recovery_reason": "not_requested"}
{"seed": 22, "perturbation": "none", "method": "OBSERVED_SEARCH", "success": false, "recovery_reason": "not_requested"}
{"seed": 22, "perturbation": "none", "method": "MODEL_DIRECT", "success": false, "recovery_reason": "not_requested"}
{"seed": 22, "perturbation": "none", "method": "MODEL_VERIFIED", "success": false, "recovery_reason": "not_requested"}
{"seed": 22, "perturbation": "post_grasp_slip", "method": "RETRY_SAME_SUFFIX", "success": false, "recovery_reason": "place expects held object 'red_cube_0', but executor holds None"}
{"seed": 22, "perturbation": "post_grasp_slip", "method": "OBSERVED_SEARCH", "success": false, "recovery_reason": "observed_goal_satisfied"}
{"seed": 22, "perturbation": "post_grasp_slip", "method": "MODEL_DIRECT", "success": false, "recovery_reason": "model_suffix_execution"}
{"seed": 22, "perturbation": "post_grasp_slip", "method": "MODEL_VERIFIED", "success": false, "recovery_reason": "model_suffix_execution"}
{"seed": 23, "perturbation": "none", "method": "RETRY_SAME_SUFFIX", "success": true, "recovery_reason": "not_requested"}
{"seed": 23, "perturbation": "none", "method": "OBSERVED_SEARCH", "success": true, "recovery_reason": "not_requested"}
{"seed": 23, "perturbation": "none", "method": "MODEL_DIRECT", "success": true, "recovery_reason": "not_requested"}
{"seed": 23, "perturbation": "none", "method": "MODEL_VERIFIED", "success": true, "recovery_reason": "not_requested"}
{"seed": 23, "perturbation": "post_grasp_slip", "method": "RETRY_SAME_SUFFIX", "success": false, "recovery_reason": "place expects held object 'red_cube_0', but executor holds None"}
{"seed": 23, "perturbation": "post_grasp_slip", "method": "OBSERVED_SEARCH", "success": true, "recovery_reason": "observed_goal_satisfied"}
{"seed": 23, "perturbation": "post_grasp_slip", "method": "MODEL_DIRECT", "success": true, "recovery_reason": "model_suffix_execution"}
{"seed": 23, "perturbation": "post_grasp_slip", "method": "MODEL_VERIFIED", "success": true, "recovery_reason": "model_suffix_execution"}
{"seed": 24, "perturbation": "none", "method": "RETRY_SAME_SUFFIX", "success": true, "recovery_reason": "not_requested"}
{"seed": 24, "perturbation": "none", "method": "OBSERVED_SEARCH", "success": true, "recovery_reason": "not_requested"}
{"seed": 24, "perturbation": "none", "method": "MODEL_DIRECT", "success": true, "recovery_reason": "not_requested"}
{"seed": 24, "perturbation": "none", "method": "MODEL_VERIFIED", "success": true, "recovery_reason": "not_requested"}
{"seed": 24, "perturbation": "post_grasp_slip", "method": "RETRY_SAME_SUFFIX", "success": false, "recovery_reason": "place expects held object 'red_cube_0', but executor holds None"}
{"seed": 24, "perturbation": "post_grasp_slip", "method": "OBSERVED_SEARCH", "success": true, "recovery_reason": "observed_goal_satisfied"}
{"seed": 24, "perturbation": "post_grasp_slip", "method": "MODEL_DIRECT", "success": true, "recovery_reason": "model_suffix_execution"}
{"seed": 24, "perturbation": "post_grasp_slip", "method": "MODEL_VERIFIED", "success": true, "recovery_reason": "model_suffix_execution"}
{"seed": 25, "perturbation": "none", "method": "RETRY_SAME_SUFFIX", "success": true, "recovery_reason": "not_requested"}
{"seed": 25, "perturbation": "none", "method": "OBSERVED_SEARCH", "success": true, "recovery_reason": "not_requested"}
{"seed": 25, "perturbation": "none", "method": "MODEL_DIRECT", "success": true, "recovery_reason": "not_requested"}
{"seed": 25, "perturbation": "none", "method": "MODEL_VERIFIED", "success": true, "recovery_reason": "not_requested"}
{"seed": 25, "perturbation": "post_grasp_slip", "method": "RETRY_SAME_SUFFIX", "success": false, "recovery_reason": "place expects held object 'red_cube_0', but executor holds None"}
{"seed": 25, "perturbation": "post_grasp_slip", "method": "OBSERVED_SEARCH", "success": true, "recovery_reason": "observed_goal_satisfied"}
{"seed": 25, "perturbation": "post_grasp_slip", "method": "MODEL_DIRECT", "success": true, "recovery_reason": "model_suffix_execution"}
{"seed": 25, "perturbation": "post_grasp_slip", "method": "MODEL_VERIFIED", "success": true, "recovery_reason": "model_suffix_execution"}
{"seed": 26, "perturbation": "none", "method": "RETRY_SAME_SUFFIX", "success": true, "recovery_reason": "not_requested"}
{"seed": 26, "perturbation": "none", "method": "OBSERVED_SEARCH", "success": true, "recovery_reason": "not_requested"}
{"seed": 26, "perturbation": "none", "method": "MODEL_DIRECT", "success": true, "recovery_reason": "not_requested"}
{"seed": 26, "perturbation": "none", "method": "MODEL_VERIFIED", "success": true, "recovery_reason": "not_requested"}
{"seed": 26, "perturbation": "post_grasp_slip", "method": "RETRY_SAME_SUFFIX", "success": false, "recovery_reason": "place expects held object 'red_cube_0', but executor holds None"}
{"seed": 26, "perturbation": "post_grasp_slip", "method": "OBSERVED_SEARCH", "success": true, "recovery_reason": "observed_goal_satisfied"}
{"seed": 26, "perturbation": "post_grasp_slip", "method": "MODEL_DIRECT", "success": true, "recovery_reason": "model_suffix_execution"}
{"seed": 26, "perturbation": "post_grasp_slip", "method": "MODEL_VERIFIED", "success": true, "recovery_reason": "model_suffix_execution"}
{"seed": 27, "perturbation": "none", "method": "RETRY_SAME_SUFFIX", "success": true, "recovery_reason": "not_requested"}
{"seed": 27, "perturbation": "none", "method": "OBSERVED_SEARCH", "success": true, "recovery_reason": "not_requested"}
{"seed": 27, "perturbation": "none", "method": "MODEL_DIRECT", "success": true, "recovery_reason": "not_requested"}
{"seed": 27, "perturbation": "none", "method": "MODEL_VERIFIED", "success": true, "recovery_reason": "not_requested"}
{"seed": 27, "perturbation": "post_grasp_slip", "method": "RETRY_SAME_SUFFIX", "success": false, "recovery_reason": "place expects held object 'red_cube_0', but executor holds None"}
{"seed": 27, "perturbation": "post_grasp_slip", "method": "OBSERVED_SEARCH", "success": true, "recovery_reason": "observed_goal_satisfied"}
{"seed": 27, "perturbation": "post_grasp_slip", "method": "MODEL_DIRECT", "success": true, "recovery_reason": "model_suffix_execution"}
{"seed": 27, "perturbation": "post_grasp_slip", "method": "MODEL_VERIFIED", "success": true, "recovery_reason": "model_suffix_execution"}
{"seed": 28, "perturbation": "none", "method": "RETRY_SAME_SUFFIX", "success": true, "recovery_reason": "not_requested"}
{"seed": 28, "perturbation": "none", "method": "OBSERVED_SEARCH", "success": true, "recovery_reason": "not_requested"}
{"seed": 28, "perturbation": "none", "method": "MODEL_DIRECT", "success": true, "recovery_reason": "not_requested"}
{"seed": 28, "perturbation": "none", "method": "MODEL_VERIFIED", "success": true, "recovery_reason": "not_requested"}
{"seed": 28, "perturbation": "post_grasp_slip", "method": "RETRY_SAME_SUFFIX", "success": false, "recovery_reason": "place expects held object 'red_cube_0', but executor holds None"}
{"seed": 28, "perturbation": "post_grasp_slip", "method": "OBSERVED_SEARCH", "success": true, "recovery_reason": "observed_goal_satisfied"}
{"seed": 28, "perturbation": "post_grasp_slip", "method": "MODEL_DIRECT", "success": true, "recovery_reason": "model_suffix_execution"}
{"seed": 28, "perturbation": "post_grasp_slip", "method": "MODEL_VERIFIED", "success": true, "recovery_reason": "model_suffix_execution"}
{"seed": 29, "perturbation": "none", "method": "RETRY_SAME_SUFFIX", "success": true, "recovery_reason": "not_requested"}
{"seed": 29, "perturbation": "none", "method": "OBSERVED_SEARCH", "success": true, "recovery_reason": "not_requested"}
{"seed": 29, "perturbation": "none", "method": "MODEL_DIRECT", "success": true, "recovery_reason": "not_requested"}
{"seed": 29, "perturbation": "none", "method": "MODEL_VERIFIED", "success": true, "recovery_reason": "not_requested"}
{"seed": 29, "perturbation": "post_grasp_slip", "method": "RETRY_SAME_SUFFIX", "success": false, "recovery_reason": "place expects held object 'red_cube_0', but executor holds None"}
{"seed": 29, "perturbation": "post_grasp_slip", "method": "OBSERVED_SEARCH", "success": true, "recovery_reason": "observed_goal_satisfied"}
{"seed": 29, "perturbation": "post_grasp_slip", "method": "MODEL_DIRECT", "success": true, "recovery_reason": "model_suffix_execution"}
{"seed": 29, "perturbation": "post_grasp_slip", "method": "MODEL_VERIFIED", "success": true, "recovery_reason": "model_suffix_execution"}
{"completed_at_utc": "2026-10-02T13:03:48.487125+00:00", "cases": 240, "output": "data/collections/persistent_model_recovery_formal_20261002_125626.jsonl", "supported_table_goal": true, "phased_grasp_after_failure": true, "protocol": "single_puck_same_episode_simulator_state_feedback"}
{
  "source": "data/collections/persistent_model_recovery_formal_20261002_125626.jsonl",
  "tasks": 240,
  "expected_tasks": 240,
  "protocol_complete": true,
  "gate_errors": [],
  "scope": "simulator_state_feedback_not_visual_full_ROUTED",
  "groups": [
    {
      "perturbation": "none",
      "method": "MODEL_DIRECT",
      "tasks": 30,
      "actual_success": 28,
      "calls": 0,
      "tokens": 0
    },
    {
      "perturbation": "none",
      "method": "MODEL_VERIFIED",
      "tasks": 30,
      "actual_success": 28,
      "calls": 0,
      "tokens": 0
    },
    {
      "perturbation": "none",
      "method": "OBSERVED_SEARCH",
      "tasks": 30,
      "actual_success": 28,
      "calls": 0,
      "tokens": 0
    },
    {
      "perturbation": "none",
      "method": "RETRY_SAME_SUFFIX",
      "tasks": 30,
      "actual_success": 28,
      "calls": 0,
      "tokens": 0
    },
    {
      "perturbation": "post_grasp_slip",
      "method": "MODEL_DIRECT",
      "tasks": 30,
      "actual_success": 29,
      "calls": 30,
      "tokens": 11070
    },
    {
      "perturbation": "post_grasp_slip",
      "method": "MODEL_VERIFIED",
      "tasks": 30,
      "actual_success": 29,
      "calls": 30,
      "tokens": 11070
    },
    {
      "perturbation": "post_grasp_slip",
      "method": "OBSERVED_SEARCH",
      "tasks": 30,
      "actual_success": 29,
      "calls": 0,
      "tokens": 0
    },
    {
      "perturbation": "post_grasp_slip",
      "method": "RETRY_SAME_SUFFIX",
      "tasks": 30,
      "actual_success": 0,
      "calls": 0,
      "tokens": 0
    }
  ]
}
