=== OPEN_LOOP start 2026-09-14T11:54:17Z ===
[sim-closed-loop] episode=1/100 task=multiskill_pick_place_000 family=pick_place seed=0 start
/root/autodl-tmp/.venvs/metaworld-lerobot/lib/python3.10/site-packages/transformers/utils/hub.py:110: FutureWarning: Using `TRANSFORMERS_CACHE` is deprecated and will be removed in v5 of Transformers. Use `HF_HOME` instead.
  warnings.warn(
[sim-closed-loop] episode=1/100 success=False vlm_calls=1 replans=0 reason=metaworld_execution_failure
[sim-closed-loop] episode=2/100 task=multiskill_push_012 family=push seed=0 start
/root/autodl-tmp/.venvs/metaworld-lerobot/lib/python3.10/site-packages/metaworld/policies/policy.py:49: UserWarning: Constant(s) may be too high. Environments clip response to [-1, 1]
  warnings.warn(
[sim-closed-loop] episode=2/100 success=False vlm_calls=1 replans=0 reason=metaworld_execution_failure
[sim-closed-loop] episode=3/100 task=multiskill_press_024 family=press seed=0 start
[sim-closed-loop] episode=3/100 success=False vlm_calls=1 replans=0 reason=metaworld_execution_failure
[sim-closed-loop] episode=4/100 task=multiskill_pick_place_001 family=pick_place seed=1 start
[sim-closed-loop] episode=4/100 success=False vlm_calls=1 replans=0 reason=metaworld_execution_failure
[sim-closed-loop] episode=5/100 task=multiskill_push_013 family=push seed=1 start
[sim-closed-loop] episode=5/100 success=False vlm_calls=1 replans=0 reason=metaworld_execution_failure
[sim-closed-loop] episode=6/100 task=multiskill_press_025 family=press seed=1 start
[sim-closed-loop] episode=6/100 success=False vlm_calls=1 replans=0 reason=metaworld_execution_failure
[sim-closed-loop] episode=7/100 task=multiskill_pick_place_002 family=pick_place seed=2 start
[sim-closed-loop] episode=7/100 success=False vlm_calls=1 replans=0 reason=metaworld_execution_failure
[sim-closed-loop] episode=8/100 task=multiskill_push_014 family=push seed=2 start
[sim-closed-loop] episode=8/100 success=False vlm_calls=1 replans=0 reason=metaworld_execution_failure
[sim-closed-loop] episode=9/100 task=multiskill_press_026 family=press seed=2 start
[sim-closed-loop] episode=9/100 success=False vlm_calls=1 replans=0 reason=metaworld_execution_failure
[sim-closed-loop] episode=10/100 task=multiskill_pick_place_003 family=pick_place seed=3 start
[sim-closed-loop] episode=10/100 success=False vlm_calls=1 replans=0 reason=metaworld_execution_failure
[sim-closed-loop] episode=11/100 task=multiskill_push_015 family=push seed=3 start
[sim-closed-loop] episode=11/100 success=False vlm_calls=1 replans=0 reason=metaworld_execution_failure
[sim-closed-loop] episode=12/100 task=multiskill_press_027 family=press seed=3 start
[sim-closed-loop] episode=12/100 success=False vlm_calls=1 replans=0 reason=metaworld_execution_failure
[sim-closed-loop] episode=13/100 task=multiskill_pick_place_004 family=pick_place seed=4 start
[sim-closed-loop] episode=13/100 success=False vlm_calls=1 replans=0 reason=metaworld_execution_failure
[sim-closed-loop] episode=14/100 task=multiskill_push_016 family=push seed=4 start
[sim-closed-loop] episode=14/100 success=False vlm_calls=1 replans=0 reason=metaworld_execution_failure
[sim-closed-loop] episode=15/100 task=multiskill_press_028 family=press seed=4 start
[sim-closed-loop] episode=15/100 success=False vlm_calls=1 replans=0 reason=metaworld_execution_failure
[sim-closed-loop] episode=16/100 task=multiskill_pick_place_005 family=pick_place seed=5 start
[sim-closed-loop] episode=16/100 success=False vlm_calls=1 replans=0 reason=metaworld_execution_failure
[sim-closed-loop] episode=17/100 task=multiskill_push_017 family=push seed=5 start
[sim-closed-loop] episode=17/100 success=False vlm_calls=1 replans=0 reason=metaworld_execution_failure
[sim-closed-loop] episode=18/100 task=multiskill_press_029 family=press seed=5 start
[sim-closed-loop] episode=18/100 success=False vlm_calls=1 replans=0 reason=metaworld_execution_failure
[sim-closed-loop] episode=19/100 task=multiskill_pick_place_006 family=pick_place seed=6 start
[sim-closed-loop] episode=19/100 success=False vlm_calls=1 replans=0 reason=metaworld_execution_failure
[sim-closed-loop] episode=20/100 task=multiskill_push_018 family=push seed=6 start
[sim-closed-loop] episode=20/100 success=False vlm_calls=1 replans=0 reason=metaworld_execution_failure
[sim-closed-loop] episode=21/100 task=multiskill_press_030 family=press seed=6 start
[sim-closed-loop] episode=21/100 success=False vlm_calls=1 replans=0 reason=metaworld_execution_failure
[sim-closed-loop] episode=22/100 task=multiskill_pick_place_007 family=pick_place seed=7 start
[sim-closed-loop] episode=22/100 success=False vlm_calls=1 replans=0 reason=metaworld_execution_failure
[sim-closed-loop] episode=23/100 task=multiskill_push_019 family=push seed=7 start
[sim-closed-loop] episode=23/100 success=False vlm_calls=1 replans=0 reason=metaworld_execution_failure
[sim-closed-loop] episode=24/100 task=multiskill_press_031 family=press seed=7 start
[sim-closed-loop] episode=24/100 success=False vlm_calls=1 replans=0 reason=metaworld_execution_failure
[sim-closed-loop] episode=25/100 task=multiskill_pick_place_008 family=pick_place seed=8 start
[sim-closed-loop] episode=25/100 success=False vlm_calls=1 replans=0 reason=metaworld_execution_failure
[sim-closed-loop] episode=26/100 task=multiskill_push_020 family=push seed=8 start
[sim-closed-loop] episode=26/100 success=False vlm_calls=1 replans=0 reason=metaworld_execution_failure
[sim-closed-loop] episode=27/100 task=multiskill_press_032 family=press seed=8 start
[sim-closed-loop] episode=27/100 success=False vlm_calls=1 replans=0 reason=metaworld_execution_failure
[sim-closed-loop] episode=28/100 task=multiskill_pick_place_009 family=pick_place seed=9 start
[sim-closed-loop] episode=28/100 success=False vlm_calls=1 replans=0 reason=metaworld_execution_failure
[sim-closed-loop] episode=29/100 task=multiskill_push_021 family=push seed=9 start
[sim-closed-loop] episode=29/100 success=False vlm_calls=1 replans=0 reason=metaworld_execution_failure
[sim-closed-loop] episode=30/100 task=multiskill_press_033 family=press seed=9 start
[sim-closed-loop] episode=30/100 success=False vlm_calls=1 replans=0 reason=metaworld_execution_failure
[sim-closed-loop] episode=31/100 task=multiskill_pick_place_010 family=pick_place seed=10 start
[sim-closed-loop] episode=31/100 success=False vlm_calls=1 replans=0 reason=metaworld_execution_failure
[sim-closed-loop] episode=32/100 task=multiskill_push_022 family=push seed=10 start
[sim-closed-loop] episode=32/100 success=False vlm_calls=1 replans=0 reason=metaworld_execution_failure
[sim-closed-loop] episode=33/100 task=multiskill_press_034 family=press seed=10 start
[sim-closed-loop] episode=33/100 success=False vlm_calls=1 replans=0 reason=metaworld_execution_failure
[sim-closed-loop] episode=34/100 task=multiskill_pick_place_011 family=pick_place seed=11 start
[sim-closed-loop] episode=34/100 success=False vlm_calls=1 replans=0 reason=metaworld_execution_failure
[sim-closed-loop] episode=35/100 task=multiskill_push_023 family=push seed=11 start
[sim-closed-loop] episode=35/100 success=False vlm_calls=1 replans=0 reason=metaworld_execution_failure
[sim-closed-loop] episode=36/100 task=multiskill_press_035 family=press seed=11 start
[sim-closed-loop] episode=36/100 success=False vlm_calls=1 replans=0 reason=metaworld_execution_failure
[sim-closed-loop] episode=37/100 task=multiskill_pick_place_000 family=pick_place seed=12 start
[sim-closed-loop] episode=37/100 success=False vlm_calls=1 replans=0 reason=metaworld_execution_failure
[sim-closed-loop] episode=38/100 task=multiskill_push_012 family=push seed=12 start
[sim-closed-loop] episode=38/100 success=False vlm_calls=1 replans=0 reason=metaworld_execution_failure
[sim-closed-loop] episode=39/100 task=multiskill_press_024 family=press seed=12 start
[sim-closed-loop] episode=39/100 success=False vlm_calls=1 replans=0 reason=metaworld_execution_failure
[sim-closed-loop] episode=40/100 task=multiskill_pick_place_001 family=pick_place seed=13 start
[sim-closed-loop] episode=40/100 success=False vlm_calls=1 replans=0 reason=metaworld_execution_failure
[sim-closed-loop] episode=41/100 task=multiskill_push_013 family=push seed=13 start
[sim-closed-loop] episode=41/100 success=False vlm_calls=1 replans=0 reason=metaworld_execution_failure
[sim-closed-loop] episode=42/100 task=multiskill_press_025 family=press seed=13 start
[sim-closed-loop] episode=42/100 success=False vlm_calls=1 replans=0 reason=metaworld_execution_failure
[sim-closed-loop] episode=43/100 task=multiskill_pick_place_002 family=pick_place seed=14 start
[sim-closed-loop] episode=43/100 success=False vlm_calls=1 replans=0 reason=metaworld_execution_failure
[sim-closed-loop] episode=44/100 task=multiskill_push_014 family=push seed=14 start
[sim-closed-loop] episode=44/100 success=False vlm_calls=1 replans=0 reason=metaworld_execution_failure
[sim-closed-loop] episode=45/100 task=multiskill_press_026 family=press seed=14 start
[sim-closed-loop] episode=45/100 success=False vlm_calls=1 replans=0 reason=metaworld_execution_failure
[sim-closed-loop] episode=46/100 task=multiskill_pick_place_003 family=pick_place seed=15 start
[sim-closed-loop] episode=46/100 success=False vlm_calls=1 replans=0 reason=metaworld_execution_failure
[sim-closed-loop] episode=47/100 task=multiskill_push_015 family=push seed=15 start
[sim-closed-loop] episode=47/100 success=False vlm_calls=1 replans=0 reason=metaworld_execution_failure
[sim-closed-loop] episode=48/100 task=multiskill_press_027 family=press seed=15 start
[sim-closed-loop] episode=48/100 success=False vlm_calls=1 replans=0 reason=metaworld_execution_failure
[sim-closed-loop] episode=49/100 task=multiskill_pick_place_004 family=pick_place seed=16 start
[sim-closed-loop] episode=49/100 success=False vlm_calls=1 replans=0 reason=metaworld_execution_failure
[sim-closed-loop] episode=50/100 task=multiskill_push_016 family=push seed=16 start
[sim-closed-loop] episode=50/100 success=False vlm_calls=1 replans=0 reason=metaworld_execution_failure
[sim-closed-loop] episode=51/100 task=multiskill_press_028 family=press seed=16 start
[sim-closed-loop] episode=51/100 success=False vlm_calls=1 replans=0 reason=metaworld_execution_failure
[sim-closed-loop] episode=52/100 task=multiskill_pick_place_005 family=pick_place seed=17 start
[sim-closed-loop] episode=52/100 success=False vlm_calls=1 replans=0 reason=metaworld_execution_failure
[sim-closed-loop] episode=53/100 task=multiskill_push_017 family=push seed=17 start
[sim-closed-loop] episode=53/100 success=False vlm_calls=1 replans=0 reason=metaworld_execution_failure
[sim-closed-loop] episode=54/100 task=multiskill_press_029 family=press seed=17 start
[sim-closed-loop] episode=54/100 success=False vlm_calls=1 replans=0 reason=metaworld_execution_failure
[sim-closed-loop] episode=55/100 task=multiskill_pick_place_006 family=pick_place seed=18 start
[sim-closed-loop] episode=55/100 success=False vlm_calls=1 replans=0 reason=metaworld_execution_failure
[sim-closed-loop] episode=56/100 task=multiskill_push_018 family=push seed=18 start
[sim-closed-loop] episode=56/100 success=False vlm_calls=1 replans=0 reason=metaworld_execution_failure
[sim-closed-loop] episode=57/100 task=multiskill_press_030 family=press seed=18 start
[sim-closed-loop] episode=57/100 success=False vlm_calls=1 replans=0 reason=metaworld_execution_failure
[sim-closed-loop] episode=58/100 task=multiskill_pick_place_007 family=pick_place seed=19 start
[sim-closed-loop] episode=58/100 success=False vlm_calls=1 replans=0 reason=metaworld_execution_failure
[sim-closed-loop] episode=59/100 task=multiskill_push_019 family=push seed=19 start
[sim-closed-loop] episode=59/100 success=False vlm_calls=1 replans=0 reason=metaworld_execution_failure
[sim-closed-loop] episode=60/100 task=multiskill_press_031 family=press seed=19 start
[sim-closed-loop] episode=60/100 success=False vlm_calls=1 replans=0 reason=metaworld_execution_failure
[sim-closed-loop] episode=61/100 task=multiskill_pick_place_008 family=pick_place seed=20 start
[sim-closed-loop] episode=61/100 success=False vlm_calls=1 replans=0 reason=metaworld_execution_failure
[sim-closed-loop] episode=62/100 task=multiskill_push_020 family=push seed=20 start
[sim-closed-loop] episode=62/100 success=False vlm_calls=1 replans=0 reason=metaworld_execution_failure
[sim-closed-loop] episode=63/100 task=multiskill_press_032 family=press seed=20 start
[sim-closed-loop] episode=63/100 success=False vlm_calls=1 replans=0 reason=metaworld_execution_failure
[sim-closed-loop] episode=64/100 task=multiskill_pick_place_009 family=pick_place seed=21 start
[sim-closed-loop] episode=64/100 success=False vlm_calls=1 replans=0 reason=metaworld_execution_failure
[sim-closed-loop] episode=65/100 task=multiskill_push_021 family=push seed=21 start
[sim-closed-loop] episode=65/100 success=False vlm_calls=1 replans=0 reason=metaworld_execution_failure
[sim-closed-loop] episode=66/100 task=multiskill_press_033 family=press seed=21 start
[sim-closed-loop] episode=66/100 success=False vlm_calls=1 replans=0 reason=metaworld_execution_failure
[sim-closed-loop] episode=67/100 task=multiskill_pick_place_010 family=pick_place seed=22 start
[sim-closed-loop] episode=67/100 success=False vlm_calls=1 replans=0 reason=metaworld_execution_failure
[sim-closed-loop] episode=68/100 task=multiskill_push_022 family=push seed=22 start
[sim-closed-loop] episode=68/100 success=False vlm_calls=1 replans=0 reason=metaworld_execution_failure
[sim-closed-loop] episode=69/100 task=multiskill_press_034 family=press seed=22 start
[sim-closed-loop] episode=69/100 success=False vlm_calls=1 replans=0 reason=metaworld_execution_failure
[sim-closed-loop] episode=70/100 task=multiskill_pick_place_011 family=pick_place seed=23 start
[sim-closed-loop] episode=70/100 success=False vlm_calls=1 replans=0 reason=metaworld_execution_failure
[sim-closed-loop] episode=71/100 task=multiskill_push_023 family=push seed=23 start
[sim-closed-loop] episode=71/100 success=False vlm_calls=1 replans=0 reason=metaworld_execution_failure
[sim-closed-loop] episode=72/100 task=multiskill_press_035 family=press seed=23 start
[sim-closed-loop] episode=72/100 success=False vlm_calls=1 replans=0 reason=metaworld_execution_failure
[sim-closed-loop] episode=73/100 task=multiskill_pick_place_000 family=pick_place seed=24 start
[sim-closed-loop] episode=73/100 success=False vlm_calls=1 replans=0 reason=metaworld_execution_failure
[sim-closed-loop] episode=74/100 task=multiskill_push_012 family=push seed=24 start
[sim-closed-loop] episode=74/100 success=False vlm_calls=1 replans=0 reason=metaworld_execution_failure
[sim-closed-loop] episode=75/100 task=multiskill_press_024 family=press seed=24 start
[sim-closed-loop] episode=75/100 success=False vlm_calls=1 replans=0 reason=metaworld_execution_failure
[sim-closed-loop] episode=76/100 task=multiskill_pick_place_001 family=pick_place seed=25 start
[sim-closed-loop] episode=76/100 success=False vlm_calls=1 replans=0 reason=metaworld_execution_failure
[sim-closed-loop] episode=77/100 task=multiskill_push_013 family=push seed=25 start
[sim-closed-loop] episode=77/100 success=False vlm_calls=1 replans=0 reason=metaworld_execution_failure
[sim-closed-loop] episode=78/100 task=multiskill_press_025 family=press seed=25 start
[sim-closed-loop] episode=78/100 success=False vlm_calls=1 replans=0 reason=metaworld_execution_failure
[sim-closed-loop] episode=79/100 task=multiskill_pick_place_002 family=pick_place seed=26 start
[sim-closed-loop] episode=79/100 success=False vlm_calls=1 replans=0 reason=metaworld_execution_failure
[sim-closed-loop] episode=80/100 task=multiskill_push_014 family=push seed=26 start
[sim-closed-loop] episode=80/100 success=False vlm_calls=1 replans=0 reason=metaworld_execution_failure
[sim-closed-loop] episode=81/100 task=multiskill_press_026 family=press seed=26 start
[sim-closed-loop] episode=81/100 success=False vlm_calls=1 replans=0 reason=metaworld_execution_failure
[sim-closed-loop] episode=82/100 task=multiskill_pick_place_003 family=pick_place seed=27 start
[sim-closed-loop] episode=82/100 success=False vlm_calls=1 replans=0 reason=metaworld_execution_failure
[sim-closed-loop] episode=83/100 task=multiskill_push_015 family=push seed=27 start
[sim-closed-loop] episode=83/100 success=False vlm_calls=1 replans=0 reason=metaworld_execution_failure
[sim-closed-loop] episode=84/100 task=multiskill_press_027 family=press seed=27 start
[sim-closed-loop] episode=84/100 success=False vlm_calls=1 replans=0 reason=metaworld_execution_failure
[sim-closed-loop] episode=85/100 task=multiskill_pick_place_004 family=pick_place seed=28 start
[sim-closed-loop] episode=85/100 success=False vlm_calls=1 replans=0 reason=metaworld_execution_failure
[sim-closed-loop] episode=86/100 task=multiskill_push_016 family=push seed=28 start
[sim-closed-loop] episode=86/100 success=False vlm_calls=1 replans=0 reason=metaworld_execution_failure
[sim-closed-loop] episode=87/100 task=multiskill_press_028 family=press seed=28 start
[sim-closed-loop] episode=87/100 success=False vlm_calls=1 replans=0 reason=metaworld_execution_failure
[sim-closed-loop] episode=88/100 task=multiskill_pick_place_005 family=pick_place seed=29 start
[sim-closed-loop] episode=88/100 success=False vlm_calls=1 replans=0 reason=metaworld_execution_failure
[sim-closed-loop] episode=89/100 task=multiskill_push_017 family=push seed=29 start
[sim-closed-loop] episode=89/100 success=False vlm_calls=1 replans=0 reason=metaworld_execution_failure
[sim-closed-loop] episode=90/100 task=multiskill_press_029 family=press seed=29 start
[sim-closed-loop] episode=90/100 success=False vlm_calls=1 replans=0 reason=metaworld_execution_failure
[sim-closed-loop] episode=91/100 task=multiskill_pick_place_006 family=pick_place seed=30 start
[sim-closed-loop] episode=91/100 success=False vlm_calls=1 replans=0 reason=metaworld_execution_failure
[sim-closed-loop] episode=92/100 task=multiskill_push_018 family=push seed=30 start
[sim-closed-loop] episode=92/100 success=False vlm_calls=1 replans=0 reason=metaworld_execution_failure
[sim-closed-loop] episode=93/100 task=multiskill_press_030 family=press seed=30 start
[sim-closed-loop] episode=93/100 success=False vlm_calls=1 replans=0 reason=metaworld_execution_failure
[sim-closed-loop] episode=94/100 task=multiskill_pick_place_007 family=pick_place seed=31 start
[sim-closed-loop] episode=94/100 success=False vlm_calls=1 replans=0 reason=metaworld_execution_failure
[sim-closed-loop] episode=95/100 task=multiskill_push_019 family=push seed=31 start
[sim-closed-loop] episode=95/100 success=False vlm_calls=1 replans=0 reason=metaworld_execution_failure
[sim-closed-loop] episode=96/100 task=multiskill_press_031 family=press seed=31 start
[sim-closed-loop] episode=96/100 success=False vlm_calls=1 replans=0 reason=metaworld_execution_failure
[sim-closed-loop] episode=97/100 task=multiskill_pick_place_008 family=pick_place seed=32 start
[sim-closed-loop] episode=97/100 success=False vlm_calls=1 replans=0 reason=metaworld_execution_failure
[sim-closed-loop] episode=98/100 task=multiskill_push_020 family=push seed=32 start
[sim-closed-loop] episode=98/100 success=False vlm_calls=1 replans=0 reason=metaworld_execution_failure
[sim-closed-loop] episode=99/100 task=multiskill_press_032 family=press seed=32 start
[sim-closed-loop] episode=99/100 success=False vlm_calls=1 replans=0 reason=metaworld_execution_failure
[sim-closed-loop] episode=100/100 task=multiskill_pick_place_009 family=pick_place seed=33 start
[sim-closed-loop] episode=100/100 success=False vlm_calls=1 replans=0 reason=metaworld_execution_failure
{"completed_at_utc": "2026-09-14T11:58:23.712266+00:00", "record_type": "sim_closed_loop_summary", "benchmark": "sim_closed_loop_pilot_v1", "episodes": 100, "successes": 0, "success_rate": 0.0, "vlm_calls": 100, "replan_rounds": 0, "summary_by_family": {"pick_place": {"episodes": 34, "successes": 0, "success_rate": 0.0, "vlm_calls": 34, "replan_rounds": 0}, "push": {"episodes": 33, "successes": 0, "success_rate": 0.0, "vlm_calls": 33, "replan_rounds": 0}, "press": {"episodes": 33, "successes": 0, "success_rate": 0.0, "vlm_calls": 33, "replan_rounds": 0}}, "visual_feedback": false, "execution_perturbation": {"enabled": true, "initial_max_steps_per_primitive": 25, "repair_max_steps_per_primitive": 300}, "execution_protocol": "VLM task plan -> deterministic validator -> homogeneous MetaWorld segment -> state feedback -> R1/R1_FROM_STATE repair", "limitation": "State-feedback closed loop, not visual closed loop; homogeneous segments use fresh episodes under the current MetaWorld adapter.", "elapsed_s": 245.597, "output": "data/collections/sim_closed_loop_openloop_perturbed100_20260914_115417.json"}
=== STATE_FEEDBACK start 2026-09-14T11:58:24Z ===
[sim-closed-loop] episode=1/100 task=multiskill_pick_place_000 family=pick_place seed=0 start
/root/autodl-tmp/.venvs/metaworld-lerobot/lib/python3.10/site-packages/transformers/utils/hub.py:110: FutureWarning: Using `TRANSFORMERS_CACHE` is deprecated and will be removed in v5 of Transformers. Use `HF_HOME` instead.
  warnings.warn(
/root/autodl-tmp/.venvs/metaworld-lerobot/lib/python3.10/site-packages/metaworld/policies/policy.py:49: UserWarning: Constant(s) may be too high. Environments clip response to [-1, 1]
  warnings.warn(
[sim-closed-loop] episode=1/100 success=True vlm_calls=2 replans=1 reason=None
[sim-closed-loop] episode=2/100 task=multiskill_push_012 family=push seed=0 start
[sim-closed-loop] episode=2/100 success=False vlm_calls=2 replans=1 reason=symbolic_validation:SCHEMA_ERROR
[sim-closed-loop] episode=3/100 task=multiskill_press_024 family=press seed=0 start
[sim-closed-loop] episode=3/100 success=False vlm_calls=2 replans=1 reason=symbolic_validation:SCHEMA_ERROR
[sim-closed-loop] episode=4/100 task=multiskill_pick_place_001 family=pick_place seed=1 start
[sim-closed-loop] episode=4/100 success=True vlm_calls=2 replans=1 reason=None
[sim-closed-loop] episode=5/100 task=multiskill_push_013 family=push seed=1 start
[sim-closed-loop] episode=5/100 success=False vlm_calls=2 replans=1 reason=symbolic_validation:SCHEMA_ERROR
[sim-closed-loop] episode=6/100 task=multiskill_press_025 family=press seed=1 start
[sim-closed-loop] episode=6/100 success=True vlm_calls=2 replans=1 reason=None
[sim-closed-loop] episode=7/100 task=multiskill_pick_place_002 family=pick_place seed=2 start
[sim-closed-loop] episode=7/100 success=False vlm_calls=2 replans=1 reason=metaworld_execution_failure
[sim-closed-loop] episode=8/100 task=multiskill_push_014 family=push seed=2 start
[sim-closed-loop] episode=8/100 success=False vlm_calls=2 replans=1 reason=symbolic_validation:SCHEMA_ERROR
[sim-closed-loop] episode=9/100 task=multiskill_press_026 family=press seed=2 start
[sim-closed-loop] episode=9/100 success=True vlm_calls=2 replans=1 reason=None
[sim-closed-loop] episode=10/100 task=multiskill_pick_place_003 family=pick_place seed=3 start
[sim-closed-loop] episode=10/100 success=True vlm_calls=2 replans=1 reason=None
[sim-closed-loop] episode=11/100 task=multiskill_push_015 family=push seed=3 start
[sim-closed-loop] episode=11/100 success=False vlm_calls=2 replans=1 reason=symbolic_validation:SCHEMA_ERROR
[sim-closed-loop] episode=12/100 task=multiskill_press_027 family=press seed=3 start
[sim-closed-loop] episode=12/100 success=False vlm_calls=2 replans=1 reason=symbolic_validation:SCHEMA_ERROR
[sim-closed-loop] episode=13/100 task=multiskill_pick_place_004 family=pick_place seed=4 start
[sim-closed-loop] episode=13/100 success=True vlm_calls=2 replans=1 reason=None
[sim-closed-loop] episode=14/100 task=multiskill_push_016 family=push seed=4 start
[sim-closed-loop] episode=14/100 success=False vlm_calls=2 replans=1 reason=symbolic_validation:SCHEMA_ERROR
[sim-closed-loop] episode=15/100 task=multiskill_press_028 family=press seed=4 start
[sim-closed-loop] episode=15/100 success=True vlm_calls=2 replans=1 reason=None
[sim-closed-loop] episode=16/100 task=multiskill_pick_place_005 family=pick_place seed=5 start
[sim-closed-loop] episode=16/100 success=True vlm_calls=2 replans=1 reason=None
[sim-closed-loop] episode=17/100 task=multiskill_push_017 family=push seed=5 start
[sim-closed-loop] episode=17/100 success=True vlm_calls=2 replans=1 reason=None
[sim-closed-loop] episode=18/100 task=multiskill_press_029 family=press seed=5 start
[sim-closed-loop] episode=18/100 success=True vlm_calls=2 replans=1 reason=None
[sim-closed-loop] episode=19/100 task=multiskill_pick_place_006 family=pick_place seed=6 start
[sim-closed-loop] episode=19/100 success=True vlm_calls=2 replans=1 reason=None
[sim-closed-loop] episode=20/100 task=multiskill_push_018 family=push seed=6 start
[sim-closed-loop] episode=20/100 success=False vlm_calls=2 replans=1 reason=symbolic_validation:SCHEMA_ERROR
[sim-closed-loop] episode=21/100 task=multiskill_press_030 family=press seed=6 start
[sim-closed-loop] episode=21/100 success=True vlm_calls=2 replans=1 reason=None
[sim-closed-loop] episode=22/100 task=multiskill_pick_place_007 family=pick_place seed=7 start
[sim-closed-loop] episode=22/100 success=True vlm_calls=2 replans=1 reason=None
[sim-closed-loop] episode=23/100 task=multiskill_push_019 family=push seed=7 start
[sim-closed-loop] episode=23/100 success=False vlm_calls=2 replans=1 reason=symbolic_validation:SCHEMA_ERROR
[sim-closed-loop] episode=24/100 task=multiskill_press_031 family=press seed=7 start
[sim-closed-loop] episode=24/100 success=True vlm_calls=2 replans=1 reason=None
[sim-closed-loop] episode=25/100 task=multiskill_pick_place_008 family=pick_place seed=8 start
[sim-closed-loop] episode=25/100 success=True vlm_calls=2 replans=1 reason=None
[sim-closed-loop] episode=26/100 task=multiskill_push_020 family=push seed=8 start
[sim-closed-loop] episode=26/100 success=False vlm_calls=2 replans=1 reason=symbolic_validation:SCHEMA_ERROR
[sim-closed-loop] episode=27/100 task=multiskill_press_032 family=press seed=8 start
[sim-closed-loop] episode=27/100 success=False vlm_calls=2 replans=1 reason=symbolic_validation:SCHEMA_ERROR
[sim-closed-loop] episode=28/100 task=multiskill_pick_place_009 family=pick_place seed=9 start
[sim-closed-loop] episode=28/100 success=True vlm_calls=2 replans=1 reason=None
[sim-closed-loop] episode=29/100 task=multiskill_push_021 family=push seed=9 start
[sim-closed-loop] episode=29/100 success=False vlm_calls=2 replans=1 reason=symbolic_validation:SCHEMA_ERROR
[sim-closed-loop] episode=30/100 task=multiskill_press_033 family=press seed=9 start
[sim-closed-loop] episode=30/100 success=True vlm_calls=2 replans=1 reason=None
[sim-closed-loop] episode=31/100 task=multiskill_pick_place_010 family=pick_place seed=10 start
[sim-closed-loop] episode=31/100 success=True vlm_calls=2 replans=1 reason=None
[sim-closed-loop] episode=32/100 task=multiskill_push_022 family=push seed=10 start
[sim-closed-loop] episode=32/100 success=False vlm_calls=2 replans=1 reason=symbolic_validation:SCHEMA_ERROR
[sim-closed-loop] episode=33/100 task=multiskill_press_034 family=press seed=10 start
[sim-closed-loop] episode=33/100 success=False vlm_calls=2 replans=1 reason=symbolic_validation:SCHEMA_ERROR
[sim-closed-loop] episode=34/100 task=multiskill_pick_place_011 family=pick_place seed=11 start
[sim-closed-loop] episode=34/100 success=True vlm_calls=2 replans=1 reason=None
[sim-closed-loop] episode=35/100 task=multiskill_push_023 family=push seed=11 start
[sim-closed-loop] episode=35/100 success=True vlm_calls=2 replans=1 reason=None
[sim-closed-loop] episode=36/100 task=multiskill_press_035 family=press seed=11 start
[sim-closed-loop] episode=36/100 success=True vlm_calls=2 replans=1 reason=None
[sim-closed-loop] episode=37/100 task=multiskill_pick_place_000 family=pick_place seed=12 start
[sim-closed-loop] episode=37/100 success=True vlm_calls=2 replans=1 reason=None
[sim-closed-loop] episode=38/100 task=multiskill_push_012 family=push seed=12 start
[sim-closed-loop] episode=38/100 success=False vlm_calls=2 replans=1 reason=symbolic_validation:SCHEMA_ERROR
[sim-closed-loop] episode=39/100 task=multiskill_press_024 family=press seed=12 start
[sim-closed-loop] episode=39/100 success=False vlm_calls=2 replans=1 reason=symbolic_validation:SCHEMA_ERROR
[sim-closed-loop] episode=40/100 task=multiskill_pick_place_001 family=pick_place seed=13 start
[sim-closed-loop] episode=40/100 success=False vlm_calls=2 replans=1 reason=metaworld_execution_failure
[sim-closed-loop] episode=41/100 task=multiskill_push_013 family=push seed=13 start
[sim-closed-loop] episode=41/100 success=False vlm_calls=2 replans=1 reason=symbolic_validation:SCHEMA_ERROR
[sim-closed-loop] episode=42/100 task=multiskill_press_025 family=press seed=13 start
[sim-closed-loop] episode=42/100 success=True vlm_calls=2 replans=1 reason=None
[sim-closed-loop] episode=43/100 task=multiskill_pick_place_002 family=pick_place seed=14 start
[sim-closed-loop] episode=43/100 success=True vlm_calls=2 replans=1 reason=None
[sim-closed-loop] episode=44/100 task=multiskill_push_014 family=push seed=14 start
[sim-closed-loop] episode=44/100 success=False vlm_calls=2 replans=1 reason=symbolic_validation:SCHEMA_ERROR
[sim-closed-loop] episode=45/100 task=multiskill_press_026 family=press seed=14 start
[sim-closed-loop] episode=45/100 success=True vlm_calls=2 replans=1 reason=None
[sim-closed-loop] episode=46/100 task=multiskill_pick_place_003 family=pick_place seed=15 start
[sim-closed-loop] episode=46/100 success=True vlm_calls=2 replans=1 reason=None
[sim-closed-loop] episode=47/100 task=multiskill_push_015 family=push seed=15 start
[sim-closed-loop] episode=47/100 success=False vlm_calls=2 replans=1 reason=symbolic_validation:SCHEMA_ERROR
[sim-closed-loop] episode=48/100 task=multiskill_press_027 family=press seed=15 start
[sim-closed-loop] episode=48/100 success=False vlm_calls=2 replans=1 reason=symbolic_validation:SCHEMA_ERROR
[sim-closed-loop] episode=49/100 task=multiskill_pick_place_004 family=pick_place seed=16 start
[sim-closed-loop] episode=49/100 success=True vlm_calls=2 replans=1 reason=None
[sim-closed-loop] episode=50/100 task=multiskill_push_016 family=push seed=16 start
[sim-closed-loop] episode=50/100 success=False vlm_calls=2 replans=1 reason=symbolic_validation:SCHEMA_ERROR
[sim-closed-loop] episode=51/100 task=multiskill_press_028 family=press seed=16 start
[sim-closed-loop] episode=51/100 success=True vlm_calls=2 replans=1 reason=None
[sim-closed-loop] episode=52/100 task=multiskill_pick_place_005 family=pick_place seed=17 start
[sim-closed-loop] episode=52/100 success=True vlm_calls=2 replans=1 reason=None
[sim-closed-loop] episode=53/100 task=multiskill_push_017 family=push seed=17 start
[sim-closed-loop] episode=53/100 success=True vlm_calls=2 replans=1 reason=None
[sim-closed-loop] episode=54/100 task=multiskill_press_029 family=press seed=17 start
[sim-closed-loop] episode=54/100 success=True vlm_calls=2 replans=1 reason=None
[sim-closed-loop] episode=55/100 task=multiskill_pick_place_006 family=pick_place seed=18 start
[sim-closed-loop] episode=55/100 success=True vlm_calls=2 replans=1 reason=None
[sim-closed-loop] episode=56/100 task=multiskill_push_018 family=push seed=18 start
[sim-closed-loop] episode=56/100 success=False vlm_calls=2 replans=1 reason=symbolic_validation:SCHEMA_ERROR
[sim-closed-loop] episode=57/100 task=multiskill_press_030 family=press seed=18 start
[sim-closed-loop] episode=57/100 success=True vlm_calls=2 replans=1 reason=None
[sim-closed-loop] episode=58/100 task=multiskill_pick_place_007 family=pick_place seed=19 start
[sim-closed-loop] episode=58/100 success=False vlm_calls=2 replans=1 reason=metaworld_execution_failure
[sim-closed-loop] episode=59/100 task=multiskill_push_019 family=push seed=19 start
[sim-closed-loop] episode=59/100 success=False vlm_calls=2 replans=1 reason=symbolic_validation:SCHEMA_ERROR
[sim-closed-loop] episode=60/100 task=multiskill_press_031 family=press seed=19 start
[sim-closed-loop] episode=60/100 success=True vlm_calls=2 replans=1 reason=None
[sim-closed-loop] episode=61/100 task=multiskill_pick_place_008 family=pick_place seed=20 start
[sim-closed-loop] episode=61/100 success=True vlm_calls=2 replans=1 reason=None
[sim-closed-loop] episode=62/100 task=multiskill_push_020 family=push seed=20 start
[sim-closed-loop] episode=62/100 success=False vlm_calls=2 replans=1 reason=symbolic_validation:SCHEMA_ERROR
[sim-closed-loop] episode=63/100 task=multiskill_press_032 family=press seed=20 start
[sim-closed-loop] episode=63/100 success=False vlm_calls=2 replans=1 reason=symbolic_validation:SCHEMA_ERROR
[sim-closed-loop] episode=64/100 task=multiskill_pick_place_009 family=pick_place seed=21 start
[sim-closed-loop] episode=64/100 success=False vlm_calls=2 replans=1 reason=metaworld_execution_failure
[sim-closed-loop] episode=65/100 task=multiskill_push_021 family=push seed=21 start
[sim-closed-loop] episode=65/100 success=False vlm_calls=2 replans=1 reason=symbolic_validation:SCHEMA_ERROR
[sim-closed-loop] episode=66/100 task=multiskill_press_033 family=press seed=21 start
[sim-closed-loop] episode=66/100 success=False vlm_calls=2 replans=1 reason=symbolic_validation:SCHEMA_ERROR
[sim-closed-loop] episode=67/100 task=multiskill_pick_place_010 family=pick_place seed=22 start
[sim-closed-loop] episode=67/100 success=True vlm_calls=2 replans=1 reason=None
[sim-closed-loop] episode=68/100 task=multiskill_push_022 family=push seed=22 start
[sim-closed-loop] episode=68/100 success=False vlm_calls=2 replans=1 reason=symbolic_validation:SCHEMA_ERROR
[sim-closed-loop] episode=69/100 task=multiskill_press_034 family=press seed=22 start
[sim-closed-loop] episode=69/100 success=False vlm_calls=2 replans=1 reason=symbolic_validation:SCHEMA_ERROR
[sim-closed-loop] episode=70/100 task=multiskill_pick_place_011 family=pick_place seed=23 start
[sim-closed-loop] episode=70/100 success=False vlm_calls=2 replans=1 reason=metaworld_execution_failure
[sim-closed-loop] episode=71/100 task=multiskill_push_023 family=push seed=23 start
[sim-closed-loop] episode=71/100 success=True vlm_calls=2 replans=1 reason=None
[sim-closed-loop] episode=72/100 task=multiskill_press_035 family=press seed=23 start
[sim-closed-loop] episode=72/100 success=False vlm_calls=2 replans=1 reason=symbolic_validation:SCHEMA_ERROR
[sim-closed-loop] episode=73/100 task=multiskill_pick_place_000 family=pick_place seed=24 start
[sim-closed-loop] episode=73/100 success=True vlm_calls=2 replans=1 reason=None
[sim-closed-loop] episode=74/100 task=multiskill_push_012 family=push seed=24 start
[sim-closed-loop] episode=74/100 success=False vlm_calls=2 replans=1 reason=symbolic_validation:SCHEMA_ERROR
[sim-closed-loop] episode=75/100 task=multiskill_press_024 family=press seed=24 start
[sim-closed-loop] episode=75/100 success=False vlm_calls=2 replans=1 reason=symbolic_validation:SCHEMA_ERROR
[sim-closed-loop] episode=76/100 task=multiskill_pick_place_001 family=pick_place seed=25 start
[sim-closed-loop] episode=76/100 success=True vlm_calls=2 replans=1 reason=None
[sim-closed-loop] episode=77/100 task=multiskill_push_013 family=push seed=25 start
[sim-closed-loop] episode=77/100 success=False vlm_calls=2 replans=1 reason=symbolic_validation:SCHEMA_ERROR
[sim-closed-loop] episode=78/100 task=multiskill_press_025 family=press seed=25 start
[sim-closed-loop] episode=78/100 success=True vlm_calls=2 replans=1 reason=None
[sim-closed-loop] episode=79/100 task=multiskill_pick_place_002 family=pick_place seed=26 start
[sim-closed-loop] episode=79/100 success=True vlm_calls=2 replans=1 reason=None
[sim-closed-loop] episode=80/100 task=multiskill_push_014 family=push seed=26 start
[sim-closed-loop] episode=80/100 success=False vlm_calls=2 replans=1 reason=symbolic_validation:SCHEMA_ERROR
[sim-closed-loop] episode=81/100 task=multiskill_press_026 family=press seed=26 start
[sim-closed-loop] episode=81/100 success=False vlm_calls=2 replans=1 reason=symbolic_validation:SCHEMA_ERROR
[sim-closed-loop] episode=82/100 task=multiskill_pick_place_003 family=pick_place seed=27 start
[sim-closed-loop] episode=82/100 success=True vlm_calls=2 replans=1 reason=None
[sim-closed-loop] episode=83/100 task=multiskill_push_015 family=push seed=27 start
[sim-closed-loop] episode=83/100 success=False vlm_calls=2 replans=1 reason=symbolic_validation:SCHEMA_ERROR
[sim-closed-loop] episode=84/100 task=multiskill_press_027 family=press seed=27 start
[sim-closed-loop] episode=84/100 success=False vlm_calls=2 replans=1 reason=symbolic_validation:SCHEMA_ERROR
[sim-closed-loop] episode=85/100 task=multiskill_pick_place_004 family=pick_place seed=28 start
[sim-closed-loop] episode=85/100 success=True vlm_calls=2 replans=1 reason=None
[sim-closed-loop] episode=86/100 task=multiskill_push_016 family=push seed=28 start
[sim-closed-loop] episode=86/100 success=False vlm_calls=2 replans=1 reason=symbolic_validation:SCHEMA_ERROR
[sim-closed-loop] episode=87/100 task=multiskill_press_028 family=press seed=28 start
[sim-closed-loop] episode=87/100 success=True vlm_calls=2 replans=1 reason=None
[sim-closed-loop] episode=88/100 task=multiskill_pick_place_005 family=pick_place seed=29 start
[sim-closed-loop] episode=88/100 success=True vlm_calls=2 replans=1 reason=None
[sim-closed-loop] episode=89/100 task=multiskill_push_017 family=push seed=29 start
[sim-closed-loop] episode=89/100 success=True vlm_calls=2 replans=1 reason=None
[sim-closed-loop] episode=90/100 task=multiskill_press_029 family=press seed=29 start
[sim-closed-loop] episode=90/100 success=True vlm_calls=2 replans=1 reason=None
[sim-closed-loop] episode=91/100 task=multiskill_pick_place_006 family=pick_place seed=30 start
[sim-closed-loop] episode=91/100 success=True vlm_calls=2 replans=1 reason=None
[sim-closed-loop] episode=92/100 task=multiskill_push_018 family=push seed=30 start
[sim-closed-loop] episode=92/100 success=False vlm_calls=2 replans=1 reason=symbolic_validation:SCHEMA_ERROR
[sim-closed-loop] episode=93/100 task=multiskill_press_030 family=press seed=30 start
[sim-closed-loop] episode=93/100 success=True vlm_calls=2 replans=1 reason=None
[sim-closed-loop] episode=94/100 task=multiskill_pick_place_007 family=pick_place seed=31 start
[sim-closed-loop] episode=94/100 success=True vlm_calls=2 replans=1 reason=None
[sim-closed-loop] episode=95/100 task=multiskill_push_019 family=push seed=31 start
[sim-closed-loop] episode=95/100 success=False vlm_calls=2 replans=1 reason=symbolic_validation:SCHEMA_ERROR
[sim-closed-loop] episode=96/100 task=multiskill_press_031 family=press seed=31 start
[sim-closed-loop] episode=96/100 success=True vlm_calls=2 replans=1 reason=None
[sim-closed-loop] episode=97/100 task=multiskill_pick_place_008 family=pick_place seed=32 start
[sim-closed-loop] episode=97/100 success=True vlm_calls=2 replans=1 reason=None
[sim-closed-loop] episode=98/100 task=multiskill_push_020 family=push seed=32 start
[sim-closed-loop] episode=98/100 success=False vlm_calls=2 replans=1 reason=symbolic_validation:SCHEMA_ERROR
[sim-closed-loop] episode=99/100 task=multiskill_press_032 family=press seed=32 start
[sim-closed-loop] episode=99/100 success=False vlm_calls=2 replans=1 reason=symbolic_validation:SCHEMA_ERROR
[sim-closed-loop] episode=100/100 task=multiskill_pick_place_009 family=pick_place seed=33 start
[sim-closed-loop] episode=100/100 success=True vlm_calls=2 replans=1 reason=None
{"completed_at_utc": "2026-09-14T12:05:39.534832+00:00", "record_type": "sim_closed_loop_summary", "benchmark": "sim_closed_loop_pilot_v1", "episodes": 100, "successes": 53, "success_rate": 0.53, "vlm_calls": 200, "replan_rounds": 100, "summary_by_family": {"pick_place": {"episodes": 34, "successes": 29, "success_rate": 0.8529411764705882, "vlm_calls": 68, "replan_rounds": 34}, "push": {"episodes": 33, "successes": 5, "success_rate": 0.15151515151515152, "vlm_calls": 66, "replan_rounds": 33}, "press": {"episodes": 33, "successes": 19, "success_rate": 0.5757575757575758, "vlm_calls": 66, "replan_rounds": 33}}, "visual_feedback": false, "execution_perturbation": {"enabled": true, "initial_max_steps_per_primitive": 25, "repair_max_steps_per_primitive": 300}, "execution_protocol": "VLM task plan -> deterministic validator -> homogeneous MetaWorld segment -> state feedback -> R1/R1_FROM_STATE repair", "limitation": "State-feedback closed loop, not visual closed loop; homogeneous segments use fresh episodes under the current MetaWorld adapter.", "elapsed_s": 434.365, "output": "data/collections/sim_closed_loop_statefeedback_perturbed100_20260914_115417.json"}
=== VISUAL_STATE_FEEDBACK start 2026-09-14T12:05:40Z ===
[sim-closed-loop] episode=1/100 task=multiskill_pick_place_000 family=pick_place seed=0 start
/root/autodl-tmp/.venvs/metaworld-lerobot/lib/python3.10/site-packages/transformers/utils/hub.py:110: FutureWarning: Using `TRANSFORMERS_CACHE` is deprecated and will be removed in v5 of Transformers. Use `HF_HOME` instead.
  warnings.warn(
/root/autodl-tmp/.venvs/metaworld-lerobot/lib/python3.10/site-packages/metaworld/policies/policy.py:49: UserWarning: Constant(s) may be too high. Environments clip response to [-1, 1]
  warnings.warn(
[sim-closed-loop] episode=1/100 success=True vlm_calls=2 replans=1 reason=None
[sim-closed-loop] episode=2/100 task=multiskill_push_012 family=push seed=0 start
[sim-closed-loop] episode=2/100 success=False vlm_calls=2 replans=1 reason=symbolic_validation:SCHEMA_ERROR
[sim-closed-loop] episode=3/100 task=multiskill_press_024 family=press seed=0 start
[sim-closed-loop] episode=3/100 success=False vlm_calls=2 replans=1 reason=symbolic_validation:SCHEMA_ERROR
[sim-closed-loop] episode=4/100 task=multiskill_pick_place_001 family=pick_place seed=1 start
[sim-closed-loop] episode=4/100 success=False vlm_calls=2 replans=1 reason=symbolic_validation:SCHEMA_ERROR
[sim-closed-loop] episode=5/100 task=multiskill_push_013 family=push seed=1 start
[sim-closed-loop] episode=5/100 success=False vlm_calls=2 replans=1 reason=symbolic_validation:SCHEMA_ERROR
[sim-closed-loop] episode=6/100 task=multiskill_press_025 family=press seed=1 start
[sim-closed-loop] episode=6/100 success=False vlm_calls=2 replans=1 reason=symbolic_validation:SCHEMA_ERROR
[sim-closed-loop] episode=7/100 task=multiskill_pick_place_002 family=pick_place seed=2 start
[sim-closed-loop] episode=7/100 success=False vlm_calls=2 replans=1 reason=symbolic_validation:SCHEMA_ERROR
[sim-closed-loop] episode=8/100 task=multiskill_push_014 family=push seed=2 start
[sim-closed-loop] episode=8/100 success=False vlm_calls=2 replans=1 reason=symbolic_validation:SCHEMA_ERROR
[sim-closed-loop] episode=9/100 task=multiskill_press_026 family=press seed=2 start
[sim-closed-loop] episode=9/100 success=False vlm_calls=2 replans=1 reason=symbolic_validation:SCHEMA_ERROR
[sim-closed-loop] episode=10/100 task=multiskill_pick_place_003 family=pick_place seed=3 start
[sim-closed-loop] episode=10/100 success=False vlm_calls=2 replans=1 reason=symbolic_validation:SCHEMA_ERROR
[sim-closed-loop] episode=11/100 task=multiskill_push_015 family=push seed=3 start
[sim-closed-loop] episode=11/100 success=False vlm_calls=2 replans=1 reason=symbolic_validation:SCHEMA_ERROR
[sim-closed-loop] episode=12/100 task=multiskill_press_027 family=press seed=3 start
[sim-closed-loop] episode=12/100 success=False vlm_calls=2 replans=1 reason=symbolic_validation:SCHEMA_ERROR
[sim-closed-loop] episode=13/100 task=multiskill_pick_place_004 family=pick_place seed=4 start
[sim-closed-loop] episode=13/100 success=False vlm_calls=2 replans=1 reason=symbolic_validation:SCHEMA_ERROR
[sim-closed-loop] episode=14/100 task=multiskill_push_016 family=push seed=4 start
[sim-closed-loop] episode=14/100 success=False vlm_calls=2 replans=1 reason=symbolic_validation:SCHEMA_ERROR
[sim-closed-loop] episode=15/100 task=multiskill_press_028 family=press seed=4 start
[sim-closed-loop] episode=15/100 success=True vlm_calls=2 replans=1 reason=None
[sim-closed-loop] episode=16/100 task=multiskill_pick_place_005 family=pick_place seed=5 start
[sim-closed-loop] episode=16/100 success=True vlm_calls=2 replans=1 reason=None
[sim-closed-loop] episode=17/100 task=multiskill_push_017 family=push seed=5 start
[sim-closed-loop] episode=17/100 success=False vlm_calls=2 replans=1 reason=symbolic_validation:SCHEMA_ERROR
[sim-closed-loop] episode=18/100 task=multiskill_press_029 family=press seed=5 start
[sim-closed-loop] episode=18/100 success=True vlm_calls=2 replans=1 reason=None
[sim-closed-loop] episode=19/100 task=multiskill_pick_place_006 family=pick_place seed=6 start
[sim-closed-loop] episode=19/100 success=False vlm_calls=2 replans=1 reason=symbolic_validation:SCHEMA_ERROR
[sim-closed-loop] episode=20/100 task=multiskill_push_018 family=push seed=6 start
[sim-closed-loop] episode=20/100 success=False vlm_calls=2 replans=1 reason=symbolic_validation:SCHEMA_ERROR
[sim-closed-loop] episode=21/100 task=multiskill_press_030 family=press seed=6 start
[sim-closed-loop] episode=21/100 success=True vlm_calls=2 replans=1 reason=None
[sim-closed-loop] episode=22/100 task=multiskill_pick_place_007 family=pick_place seed=7 start
[sim-closed-loop] episode=22/100 success=True vlm_calls=2 replans=1 reason=None
[sim-closed-loop] episode=23/100 task=multiskill_push_019 family=push seed=7 start
[sim-closed-loop] episode=23/100 success=False vlm_calls=2 replans=1 reason=symbolic_validation:SCHEMA_ERROR
[sim-closed-loop] episode=24/100 task=multiskill_press_031 family=press seed=7 start
[sim-closed-loop] episode=24/100 success=False vlm_calls=2 replans=1 reason=symbolic_validation:SCHEMA_ERROR
[sim-closed-loop] episode=25/100 task=multiskill_pick_place_008 family=pick_place seed=8 start
[sim-closed-loop] episode=25/100 success=True vlm_calls=2 replans=1 reason=None
[sim-closed-loop] episode=26/100 task=multiskill_push_020 family=push seed=8 start
[sim-closed-loop] episode=26/100 success=False vlm_calls=2 replans=1 reason=symbolic_validation:SCHEMA_ERROR
[sim-closed-loop] episode=27/100 task=multiskill_press_032 family=press seed=8 start
[sim-closed-loop] episode=27/100 success=True vlm_calls=2 replans=1 reason=None
[sim-closed-loop] episode=28/100 task=multiskill_pick_place_009 family=pick_place seed=9 start
[sim-closed-loop] episode=28/100 success=True vlm_calls=2 replans=1 reason=None
[sim-closed-loop] episode=29/100 task=multiskill_push_021 family=push seed=9 start
[sim-closed-loop] episode=29/100 success=False vlm_calls=2 replans=1 reason=symbolic_validation:SCHEMA_ERROR
[sim-closed-loop] episode=30/100 task=multiskill_press_033 family=press seed=9 start
[sim-closed-loop] episode=30/100 success=True vlm_calls=2 replans=1 reason=None
[sim-closed-loop] episode=31/100 task=multiskill_pick_place_010 family=pick_place seed=10 start
[sim-closed-loop] episode=31/100 success=False vlm_calls=2 replans=1 reason=symbolic_validation:SCHEMA_ERROR
[sim-closed-loop] episode=32/100 task=multiskill_push_022 family=push seed=10 start
[sim-closed-loop] episode=32/100 success=False vlm_calls=2 replans=1 reason=symbolic_validation:SCHEMA_ERROR
[sim-closed-loop] episode=33/100 task=multiskill_press_034 family=press seed=10 start
[sim-closed-loop] episode=33/100 success=False vlm_calls=2 replans=1 reason=symbolic_validation:SCHEMA_ERROR
[sim-closed-loop] episode=34/100 task=multiskill_pick_place_011 family=pick_place seed=11 start
[sim-closed-loop] episode=34/100 success=True vlm_calls=2 replans=1 reason=None
[sim-closed-loop] episode=35/100 task=multiskill_push_023 family=push seed=11 start
[sim-closed-loop] episode=35/100 success=True vlm_calls=2 replans=1 reason=None
[sim-closed-loop] episode=36/100 task=multiskill_press_035 family=press seed=11 start
[sim-closed-loop] episode=36/100 success=True vlm_calls=2 replans=1 reason=None
[sim-closed-loop] episode=37/100 task=multiskill_pick_place_000 family=pick_place seed=12 start
[sim-closed-loop] episode=37/100 success=True vlm_calls=2 replans=1 reason=None
[sim-closed-loop] episode=38/100 task=multiskill_push_012 family=push seed=12 start
[sim-closed-loop] episode=38/100 success=False vlm_calls=2 replans=1 reason=symbolic_validation:SCHEMA_ERROR
[sim-closed-loop] episode=39/100 task=multiskill_press_024 family=press seed=12 start
[sim-closed-loop] episode=39/100 success=True vlm_calls=2 replans=1 reason=None
[sim-closed-loop] episode=40/100 task=multiskill_pick_place_001 family=pick_place seed=13 start
[sim-closed-loop] episode=40/100 success=False vlm_calls=2 replans=1 reason=symbolic_validation:SCHEMA_ERROR
[sim-closed-loop] episode=41/100 task=multiskill_push_013 family=push seed=13 start
[sim-closed-loop] episode=41/100 success=False vlm_calls=2 replans=1 reason=symbolic_validation:SCHEMA_ERROR
[sim-closed-loop] episode=42/100 task=multiskill_press_025 family=press seed=13 start
[sim-closed-loop] episode=42/100 success=True vlm_calls=2 replans=1 reason=None
[sim-closed-loop] episode=43/100 task=multiskill_pick_place_002 family=pick_place seed=14 start
[sim-closed-loop] episode=43/100 success=True vlm_calls=2 replans=1 reason=None
[sim-closed-loop] episode=44/100 task=multiskill_push_014 family=push seed=14 start
[sim-closed-loop] episode=44/100 success=False vlm_calls=2 replans=1 reason=symbolic_validation:SCHEMA_ERROR
[sim-closed-loop] episode=45/100 task=multiskill_press_026 family=press seed=14 start
[sim-closed-loop] episode=45/100 success=False vlm_calls=2 replans=1 reason=symbolic_validation:SCHEMA_ERROR
[sim-closed-loop] episode=46/100 task=multiskill_pick_place_003 family=pick_place seed=15 start
[sim-closed-loop] episode=46/100 success=False vlm_calls=2 replans=1 reason=symbolic_validation:SCHEMA_ERROR
[sim-closed-loop] episode=47/100 task=multiskill_push_015 family=push seed=15 start
[sim-closed-loop] episode=47/100 success=False vlm_calls=2 replans=1 reason=symbolic_validation:SCHEMA_ERROR
[sim-closed-loop] episode=48/100 task=multiskill_press_027 family=press seed=15 start
[sim-closed-loop] episode=48/100 success=False vlm_calls=2 replans=1 reason=symbolic_validation:SCHEMA_ERROR
[sim-closed-loop] episode=49/100 task=multiskill_pick_place_004 family=pick_place seed=16 start
[sim-closed-loop] episode=49/100 success=False vlm_calls=2 replans=1 reason=symbolic_validation:SCHEMA_ERROR
[sim-closed-loop] episode=50/100 task=multiskill_push_016 family=push seed=16 start
[sim-closed-loop] episode=50/100 success=False vlm_calls=2 replans=1 reason=symbolic_validation:SCHEMA_ERROR
[sim-closed-loop] episode=51/100 task=multiskill_press_028 family=press seed=16 start
[sim-closed-loop] episode=51/100 success=True vlm_calls=2 replans=1 reason=None
[sim-closed-loop] episode=52/100 task=multiskill_pick_place_005 family=pick_place seed=17 start
[sim-closed-loop] episode=52/100 success=True vlm_calls=2 replans=1 reason=None
[sim-closed-loop] episode=53/100 task=multiskill_push_017 family=push seed=17 start
[sim-closed-loop] episode=53/100 success=False vlm_calls=2 replans=1 reason=symbolic_validation:SCHEMA_ERROR
[sim-closed-loop] episode=54/100 task=multiskill_press_029 family=press seed=17 start
[sim-closed-loop] episode=54/100 success=True vlm_calls=2 replans=1 reason=None
[sim-closed-loop] episode=55/100 task=multiskill_pick_place_006 family=pick_place seed=18 start
[sim-closed-loop] episode=55/100 success=True vlm_calls=2 replans=1 reason=None
[sim-closed-loop] episode=56/100 task=multiskill_push_018 family=push seed=18 start
[sim-closed-loop] episode=56/100 success=False vlm_calls=2 replans=1 reason=symbolic_validation:SCHEMA_ERROR
[sim-closed-loop] episode=57/100 task=multiskill_press_030 family=press seed=18 start
[sim-closed-loop] episode=57/100 success=True vlm_calls=2 replans=1 reason=None
[sim-closed-loop] episode=58/100 task=multiskill_pick_place_007 family=pick_place seed=19 start
[sim-closed-loop] episode=58/100 success=False vlm_calls=2 replans=1 reason=symbolic_validation:SCHEMA_ERROR
[sim-closed-loop] episode=59/100 task=multiskill_push_019 family=push seed=19 start
[sim-closed-loop] episode=59/100 success=False vlm_calls=2 replans=1 reason=symbolic_validation:SCHEMA_ERROR
[sim-closed-loop] episode=60/100 task=multiskill_press_031 family=press seed=19 start
[sim-closed-loop] episode=60/100 success=False vlm_calls=2 replans=1 reason=symbolic_validation:SCHEMA_ERROR
[sim-closed-loop] episode=61/100 task=multiskill_pick_place_008 family=pick_place seed=20 start
[sim-closed-loop] episode=61/100 success=True vlm_calls=2 replans=1 reason=None
[sim-closed-loop] episode=62/100 task=multiskill_push_020 family=push seed=20 start
[sim-closed-loop] episode=62/100 success=False vlm_calls=2 replans=1 reason=symbolic_validation:SCHEMA_ERROR
[sim-closed-loop] episode=63/100 task=multiskill_press_032 family=press seed=20 start
[sim-closed-loop] episode=63/100 success=True vlm_calls=2 replans=1 reason=None
[sim-closed-loop] episode=64/100 task=multiskill_pick_place_009 family=pick_place seed=21 start
[sim-closed-loop] episode=64/100 success=False vlm_calls=2 replans=1 reason=symbolic_validation:SCHEMA_ERROR
[sim-closed-loop] episode=65/100 task=multiskill_push_021 family=push seed=21 start
[sim-closed-loop] episode=65/100 success=False vlm_calls=2 replans=1 reason=symbolic_validation:SCHEMA_ERROR
[sim-closed-loop] episode=66/100 task=multiskill_press_033 family=press seed=21 start
[sim-closed-loop] episode=66/100 success=True vlm_calls=2 replans=1 reason=None
[sim-closed-loop] episode=67/100 task=multiskill_pick_place_010 family=pick_place seed=22 start
[sim-closed-loop] episode=67/100 success=False vlm_calls=2 replans=1 reason=symbolic_validation:SCHEMA_ERROR
[sim-closed-loop] episode=68/100 task=multiskill_push_022 family=push seed=22 start
[sim-closed-loop] episode=68/100 success=False vlm_calls=2 replans=1 reason=symbolic_validation:SCHEMA_ERROR
[sim-closed-loop] episode=69/100 task=multiskill_press_034 family=press seed=22 start
[sim-closed-loop] episode=69/100 success=False vlm_calls=2 replans=1 reason=symbolic_validation:SCHEMA_ERROR
[sim-closed-loop] episode=70/100 task=multiskill_pick_place_011 family=pick_place seed=23 start
[sim-closed-loop] episode=70/100 success=False vlm_calls=2 replans=1 reason=metaworld_execution_failure
[sim-closed-loop] episode=71/100 task=multiskill_push_023 family=push seed=23 start
[sim-closed-loop] episode=71/100 success=True vlm_calls=2 replans=1 reason=None
[sim-closed-loop] episode=72/100 task=multiskill_press_035 family=press seed=23 start
[sim-closed-loop] episode=72/100 success=True vlm_calls=2 replans=1 reason=None
[sim-closed-loop] episode=73/100 task=multiskill_pick_place_000 family=pick_place seed=24 start
[sim-closed-loop] episode=73/100 success=True vlm_calls=2 replans=1 reason=None
[sim-closed-loop] episode=74/100 task=multiskill_push_012 family=push seed=24 start
[sim-closed-loop] episode=74/100 success=False vlm_calls=2 replans=1 reason=symbolic_validation:SCHEMA_ERROR
[sim-closed-loop] episode=75/100 task=multiskill_press_024 family=press seed=24 start
[sim-closed-loop] episode=75/100 success=False vlm_calls=2 replans=1 reason=symbolic_validation:SCHEMA_ERROR
[sim-closed-loop] episode=76/100 task=multiskill_pick_place_001 family=pick_place seed=25 start
[sim-closed-loop] episode=76/100 success=False vlm_calls=2 replans=1 reason=symbolic_validation:SCHEMA_ERROR
[sim-closed-loop] episode=77/100 task=multiskill_push_013 family=push seed=25 start
[sim-closed-loop] episode=77/100 success=False vlm_calls=2 replans=1 reason=symbolic_validation:SCHEMA_ERROR
[sim-closed-loop] episode=78/100 task=multiskill_press_025 family=press seed=25 start
[sim-closed-loop] episode=78/100 success=True vlm_calls=2 replans=1 reason=None
[sim-closed-loop] episode=79/100 task=multiskill_pick_place_002 family=pick_place seed=26 start
[sim-closed-loop] episode=79/100 success=False vlm_calls=2 replans=1 reason=symbolic_validation:SCHEMA_ERROR
[sim-closed-loop] episode=80/100 task=multiskill_push_014 family=push seed=26 start
[sim-closed-loop] episode=80/100 success=False vlm_calls=2 replans=1 reason=symbolic_validation:SCHEMA_ERROR
[sim-closed-loop] episode=81/100 task=multiskill_press_026 family=press seed=26 start
[sim-closed-loop] episode=81/100 success=False vlm_calls=2 replans=1 reason=symbolic_validation:SCHEMA_ERROR
[sim-closed-loop] episode=82/100 task=multiskill_pick_place_003 family=pick_place seed=27 start
[sim-closed-loop] episode=82/100 success=False vlm_calls=2 replans=1 reason=symbolic_validation:SCHEMA_ERROR
[sim-closed-loop] episode=83/100 task=multiskill_push_015 family=push seed=27 start
[sim-closed-loop] episode=83/100 success=False vlm_calls=2 replans=1 reason=symbolic_validation:SCHEMA_ERROR
[sim-closed-loop] episode=84/100 task=multiskill_press_027 family=press seed=27 start
[sim-closed-loop] episode=84/100 success=False vlm_calls=2 replans=1 reason=symbolic_validation:SCHEMA_ERROR
[sim-closed-loop] episode=85/100 task=multiskill_pick_place_004 family=pick_place seed=28 start
[sim-closed-loop] episode=85/100 success=False vlm_calls=2 replans=1 reason=symbolic_validation:SCHEMA_ERROR
[sim-closed-loop] episode=86/100 task=multiskill_push_016 family=push seed=28 start
[sim-closed-loop] episode=86/100 success=False vlm_calls=2 replans=1 reason=symbolic_validation:SCHEMA_ERROR
[sim-closed-loop] episode=87/100 task=multiskill_press_028 family=press seed=28 start
[sim-closed-loop] episode=87/100 success=True vlm_calls=2 replans=1 reason=None
[sim-closed-loop] episode=88/100 task=multiskill_pick_place_005 family=pick_place seed=29 start
[sim-closed-loop] episode=88/100 success=False vlm_calls=2 replans=1 reason=symbolic_validation:SCHEMA_ERROR
[sim-closed-loop] episode=89/100 task=multiskill_push_017 family=push seed=29 start
[sim-closed-loop] episode=89/100 success=False vlm_calls=2 replans=1 reason=symbolic_validation:SCHEMA_ERROR
[sim-closed-loop] episode=90/100 task=multiskill_press_029 family=press seed=29 start
[sim-closed-loop] episode=90/100 success=False vlm_calls=2 replans=1 reason=symbolic_validation:SCHEMA_ERROR
[sim-closed-loop] episode=91/100 task=multiskill_pick_place_006 family=pick_place seed=30 start
[sim-closed-loop] episode=91/100 success=True vlm_calls=2 replans=1 reason=None
[sim-closed-loop] episode=92/100 task=multiskill_push_018 family=push seed=30 start
[sim-closed-loop] episode=92/100 success=False vlm_calls=2 replans=1 reason=symbolic_validation:SCHEMA_ERROR
[sim-closed-loop] episode=93/100 task=multiskill_press_030 family=press seed=30 start
[sim-closed-loop] episode=93/100 success=True vlm_calls=2 replans=1 reason=None
[sim-closed-loop] episode=94/100 task=multiskill_pick_place_007 family=pick_place seed=31 start
[sim-closed-loop] episode=94/100 success=False vlm_calls=2 replans=1 reason=symbolic_validation:SCHEMA_ERROR
[sim-closed-loop] episode=95/100 task=multiskill_push_019 family=push seed=31 start
[sim-closed-loop] episode=95/100 success=False vlm_calls=2 replans=1 reason=symbolic_validation:SCHEMA_ERROR
[sim-closed-loop] episode=96/100 task=multiskill_press_031 family=press seed=31 start
[sim-closed-loop] episode=96/100 success=False vlm_calls=2 replans=1 reason=symbolic_validation:SCHEMA_ERROR
[sim-closed-loop] episode=97/100 task=multiskill_pick_place_008 family=pick_place seed=32 start
[sim-closed-loop] episode=97/100 success=True vlm_calls=2 replans=1 reason=None
[sim-closed-loop] episode=98/100 task=multiskill_push_020 family=push seed=32 start
[sim-closed-loop] episode=98/100 success=False vlm_calls=2 replans=1 reason=symbolic_validation:SCHEMA_ERROR
[sim-closed-loop] episode=99/100 task=multiskill_press_032 family=press seed=32 start
[sim-closed-loop] episode=99/100 success=True vlm_calls=2 replans=1 reason=None
[sim-closed-loop] episode=100/100 task=multiskill_pick_place_009 family=pick_place seed=33 start
[sim-closed-loop] episode=100/100 success=True vlm_calls=2 replans=1 reason=None
{"completed_at_utc": "2026-09-14T12:12:50.461623+00:00", "record_type": "sim_closed_loop_summary", "benchmark": "sim_closed_loop_pilot_v1", "episodes": 100, "successes": 35, "success_rate": 0.35, "vlm_calls": 200, "replan_rounds": 100, "summary_by_family": {"pick_place": {"episodes": 34, "successes": 15, "success_rate": 0.4411764705882353, "vlm_calls": 68, "replan_rounds": 34}, "push": {"episodes": 33, "successes": 2, "success_rate": 0.06060606060606061, "vlm_calls": 66, "replan_rounds": 33}, "press": {"episodes": 33, "successes": 18, "success_rate": 0.5454545454545454, "vlm_calls": 66, "replan_rounds": 33}}, "visual_feedback": true, "execution_perturbation": {"enabled": true, "initial_max_steps_per_primitive": 25, "repair_max_steps_per_primitive": 300}, "execution_protocol": "VLM task plan -> deterministic validator -> homogeneous MetaWorld segment -> state feedback + current rendered frame -> R1/R1_FROM_STATE repair", "limitation": "Online visual-state feedback closed loop; symbolic state is still provided by the simulator adapter, so this is not a vision-only state-estimation benchmark. Homogeneous segments use fresh episodes under the current MetaWorld adapter.", "elapsed_s": 429.295, "output": "data/collections/sim_closed_loop_visualstate_perturbed100_20260914_115417.json"}
=== ALL_ARMS_COMPLETED 2026-09-14T12:12:51Z ===
