{"case_id": "simple_00", "method": "SYMBOLIC_SEARCH", "symbolic_ready": true, "calls": 0}
{"case_id": "simple_00", "method": "MODEL_RESAMPLE", "symbolic_ready": false, "calls": 2}
{"case_id": "simple_00", "method": "MODEL_FEEDBACK", "symbolic_ready": true, "calls": 2}
{"case_id": "simple_01", "method": "SYMBOLIC_SEARCH", "symbolic_ready": true, "calls": 0}
{"case_id": "simple_01", "method": "MODEL_RESAMPLE", "symbolic_ready": false, "calls": 2}
{"case_id": "simple_01", "method": "MODEL_FEEDBACK", "symbolic_ready": false, "calls": 2}
{"case_id": "simple_02", "method": "SYMBOLIC_SEARCH", "symbolic_ready": true, "calls": 0}
{"case_id": "simple_02", "method": "MODEL_RESAMPLE", "symbolic_ready": false, "calls": 2}
{"case_id": "simple_02", "method": "MODEL_FEEDBACK", "symbolic_ready": true, "calls": 2}
{"case_id": "simple_03", "method": "SYMBOLIC_SEARCH", "symbolic_ready": true, "calls": 0}
{"case_id": "simple_03", "method": "MODEL_RESAMPLE", "symbolic_ready": false, "calls": 2}
{"case_id": "simple_03", "method": "MODEL_FEEDBACK", "symbolic_ready": false, "calls": 2}
{"case_id": "simple_04", "method": "SYMBOLIC_SEARCH", "symbolic_ready": true, "calls": 0}
{"case_id": "simple_04", "method": "MODEL_RESAMPLE", "symbolic_ready": false, "calls": 2}
{"case_id": "simple_04", "method": "MODEL_FEEDBACK", "symbolic_ready": false, "calls": 2}
{"case_id": "partial_00", "method": "SYMBOLIC_SEARCH", "symbolic_ready": true, "calls": 0}
{"case_id": "partial_00", "method": "MODEL_RESAMPLE", "symbolic_ready": false, "calls": 2}
{"case_id": "partial_00", "method": "MODEL_FEEDBACK", "symbolic_ready": false, "calls": 2}
{"case_id": "partial_01", "method": "SYMBOLIC_SEARCH", "symbolic_ready": true, "calls": 0}
{"case_id": "partial_01", "method": "MODEL_RESAMPLE", "symbolic_ready": false, "calls": 2}
{"case_id": "partial_01", "method": "MODEL_FEEDBACK", "symbolic_ready": true, "calls": 2}
{"case_id": "partial_02", "method": "SYMBOLIC_SEARCH", "symbolic_ready": true, "calls": 0}
{"case_id": "partial_02", "method": "MODEL_RESAMPLE", "symbolic_ready": false, "calls": 2}
{"case_id": "partial_02", "method": "MODEL_FEEDBACK", "symbolic_ready": false, "calls": 2}
{"case_id": "partial_03", "method": "SYMBOLIC_SEARCH", "symbolic_ready": true, "calls": 0}
{"case_id": "partial_03", "method": "MODEL_RESAMPLE", "symbolic_ready": false, "calls": 2}
{"case_id": "partial_03", "method": "MODEL_FEEDBACK", "symbolic_ready": true, "calls": 2}
{"case_id": "partial_04", "method": "SYMBOLIC_SEARCH", "symbolic_ready": true, "calls": 0}
{"case_id": "partial_04", "method": "MODEL_RESAMPLE", "symbolic_ready": false, "calls": 2}
{"case_id": "partial_04", "method": "MODEL_FEEDBACK", "symbolic_ready": false, "calls": 2}
{"case_id": "constrained_00", "method": "SYMBOLIC_SEARCH", "symbolic_ready": true, "calls": 0}
{"case_id": "constrained_00", "method": "MODEL_RESAMPLE", "symbolic_ready": false, "calls": 2}
{"case_id": "constrained_00", "method": "MODEL_FEEDBACK", "symbolic_ready": true, "calls": 2}
{"case_id": "constrained_01", "method": "SYMBOLIC_SEARCH", "symbolic_ready": true, "calls": 0}
{"case_id": "constrained_01", "method": "MODEL_RESAMPLE", "symbolic_ready": false, "calls": 2}
{"case_id": "constrained_01", "method": "MODEL_FEEDBACK", "symbolic_ready": false, "calls": 2}
{"case_id": "constrained_02", "method": "SYMBOLIC_SEARCH", "symbolic_ready": true, "calls": 0}
{"case_id": "constrained_02", "method": "MODEL_RESAMPLE", "symbolic_ready": false, "calls": 2}
{"case_id": "constrained_02", "method": "MODEL_FEEDBACK", "symbolic_ready": true, "calls": 2}
{"case_id": "constrained_03", "method": "SYMBOLIC_SEARCH", "symbolic_ready": true, "calls": 0}
{"case_id": "constrained_03", "method": "MODEL_RESAMPLE", "symbolic_ready": false, "calls": 2}
{"case_id": "constrained_03", "method": "MODEL_FEEDBACK", "symbolic_ready": false, "calls": 2}
{"case_id": "constrained_04", "method": "SYMBOLIC_SEARCH", "symbolic_ready": true, "calls": 0}
{"case_id": "constrained_04", "method": "MODEL_RESAMPLE", "symbolic_ready": false, "calls": 2}
{"case_id": "constrained_04", "method": "MODEL_FEEDBACK", "symbolic_ready": true, "calls": 2}
{"completed_cases": 45, "scope": "symbolic_only_not_physical"}
