[pressure] loaded 48 frozen baseline plans from data/collections/repair_pressure_formal_v8_no_oracle_20260911_153655.jsonl
[pressure] attribute_grouped_000 seed=0
{"task_id": "attribute_grouped_000", "seed": 0, "baseline_valid": true, "pressure_calls": 2, "repairs": {"unknown_object_after_prefix": {"R2": {"accepted": true, "reject_reason": null, "valid": false, "goal_satisfied": false, "pass_but_wrong": false}}, "duplicate_pick_after_prefix": {"R2": {"accepted": true, "reject_reason": null, "valid": true, "goal_satisfied": false, "pass_but_wrong": true}}}}
[pressure] attribute_grouped_000 seed=1
{"task_id": "attribute_grouped_000", "seed": 1, "baseline_valid": true, "pressure_calls": 2, "repairs": {"unknown_object_after_prefix": {"R2": {"accepted": true, "reject_reason": null, "valid": false, "goal_satisfied": false, "pass_but_wrong": false}}, "duplicate_pick_after_prefix": {"R2": {"accepted": true, "reject_reason": null, "valid": true, "goal_satisfied": false, "pass_but_wrong": true}}}}
[pressure] attribute_grouped_000 seed=2
{"task_id": "attribute_grouped_000", "seed": 2, "baseline_valid": true, "pressure_calls": 2, "repairs": {"unknown_object_after_prefix": {"R2": {"accepted": true, "reject_reason": null, "valid": false, "goal_satisfied": false, "pass_but_wrong": false}}, "duplicate_pick_after_prefix": {"R2": {"accepted": true, "reject_reason": null, "valid": true, "goal_satisfied": false, "pass_but_wrong": true}}}}
[pressure] attribute_grouped_002 seed=0
{"task_id": "attribute_grouped_002", "seed": 0, "baseline_valid": true, "pressure_calls": 2, "repairs": {"unknown_object_after_prefix": {"R2": {"accepted": true, "reject_reason": null, "valid": false, "goal_satisfied": false, "pass_but_wrong": false}}, "duplicate_pick_after_prefix": {"R2": {"accepted": true, "reject_reason": null, "valid": true, "goal_satisfied": true, "pass_but_wrong": false}}}}
[pressure] attribute_grouped_002 seed=1
{"task_id": "attribute_grouped_002", "seed": 1, "baseline_valid": true, "pressure_calls": 2, "repairs": {"unknown_object_after_prefix": {"R2": {"accepted": true, "reject_reason": null, "valid": false, "goal_satisfied": false, "pass_but_wrong": false}}, "duplicate_pick_after_prefix": {"R2": {"accepted": true, "reject_reason": null, "valid": true, "goal_satisfied": true, "pass_but_wrong": false}}}}
[pressure] attribute_grouped_002 seed=2
{"task_id": "attribute_grouped_002", "seed": 2, "baseline_valid": true, "pressure_calls": 2, "repairs": {"unknown_object_after_prefix": {"R2": {"accepted": true, "reject_reason": null, "valid": false, "goal_satisfied": false, "pass_but_wrong": false}}, "duplicate_pick_after_prefix": {"R2": {"accepted": true, "reject_reason": null, "valid": true, "goal_satisfied": true, "pass_but_wrong": false}}}}
[pressure] attribute_grouped_003 seed=0
{"task_id": "attribute_grouped_003", "seed": 0, "baseline_valid": true, "pressure_calls": 2, "repairs": {"unknown_object_after_prefix": {"R2": {"accepted": true, "reject_reason": null, "valid": false, "goal_satisfied": false, "pass_but_wrong": false}}, "duplicate_pick_after_prefix": {"R2": {"accepted": true, "reject_reason": null, "valid": true, "goal_satisfied": true, "pass_but_wrong": false}}}}
[pressure] attribute_grouped_003 seed=1
{"task_id": "attribute_grouped_003", "seed": 1, "baseline_valid": true, "pressure_calls": 2, "repairs": {"unknown_object_after_prefix": {"R2": {"accepted": true, "reject_reason": null, "valid": false, "goal_satisfied": false, "pass_but_wrong": false}}, "duplicate_pick_after_prefix": {"R2": {"accepted": true, "reject_reason": null, "valid": true, "goal_satisfied": true, "pass_but_wrong": false}}}}
[pressure] attribute_grouped_003 seed=2
{"task_id": "attribute_grouped_003", "seed": 2, "baseline_valid": true, "pressure_calls": 2, "repairs": {"unknown_object_after_prefix": {"R2": {"accepted": true, "reject_reason": null, "valid": false, "goal_satisfied": false, "pass_but_wrong": false}}, "duplicate_pick_after_prefix": {"R2": {"accepted": true, "reject_reason": null, "valid": true, "goal_satisfied": true, "pass_but_wrong": false}}}}
[pressure] attribute_grouped_004 seed=0
{"task_id": "attribute_grouped_004", "seed": 0, "baseline_valid": true, "pressure_calls": 2, "repairs": {"unknown_object_after_prefix": {"R2": {"accepted": true, "reject_reason": null, "valid": false, "goal_satisfied": false, "pass_but_wrong": false}}, "duplicate_pick_after_prefix": {"R2": {"accepted": true, "reject_reason": null, "valid": true, "goal_satisfied": true, "pass_but_wrong": false}}}}
[pressure] attribute_grouped_004 seed=1
{"task_id": "attribute_grouped_004", "seed": 1, "baseline_valid": true, "pressure_calls": 2, "repairs": {"unknown_object_after_prefix": {"R2": {"accepted": true, "reject_reason": null, "valid": false, "goal_satisfied": false, "pass_but_wrong": false}}, "duplicate_pick_after_prefix": {"R2": {"accepted": true, "reject_reason": null, "valid": true, "goal_satisfied": true, "pass_but_wrong": false}}}}
[pressure] attribute_grouped_004 seed=2
{"task_id": "attribute_grouped_004", "seed": 2, "baseline_valid": true, "pressure_calls": 2, "repairs": {"unknown_object_after_prefix": {"R2": {"accepted": true, "reject_reason": null, "valid": false, "goal_satisfied": false, "pass_but_wrong": false}}, "duplicate_pick_after_prefix": {"R2": {"accepted": true, "reject_reason": null, "valid": true, "goal_satisfied": true, "pass_but_wrong": false}}}}
[pressure] attribute_grouped_007 seed=0
{"task_id": "attribute_grouped_007", "seed": 0, "baseline_valid": true, "pressure_calls": 2, "repairs": {"unknown_object_after_prefix": {"R2": {"accepted": true, "reject_reason": null, "valid": false, "goal_satisfied": false, "pass_but_wrong": false}}, "duplicate_pick_after_prefix": {"R2": {"accepted": true, "reject_reason": null, "valid": true, "goal_satisfied": true, "pass_but_wrong": false}}}}
[pressure] attribute_grouped_007 seed=1
{"task_id": "attribute_grouped_007", "seed": 1, "baseline_valid": true, "pressure_calls": 2, "repairs": {"unknown_object_after_prefix": {"R2": {"accepted": true, "reject_reason": null, "valid": false, "goal_satisfied": false, "pass_but_wrong": false}}, "duplicate_pick_after_prefix": {"R2": {"accepted": true, "reject_reason": null, "valid": true, "goal_satisfied": true, "pass_but_wrong": false}}}}
[pressure] attribute_grouped_007 seed=2
{"task_id": "attribute_grouped_007", "seed": 2, "baseline_valid": true, "pressure_calls": 2, "repairs": {"unknown_object_after_prefix": {"R2": {"accepted": true, "reject_reason": null, "valid": false, "goal_satisfied": false, "pass_but_wrong": false}}, "duplicate_pick_after_prefix": {"R2": {"accepted": true, "reject_reason": null, "valid": true, "goal_satisfied": true, "pass_but_wrong": false}}}}
[pressure] exclusion_constraint_010 seed=0
{"task_id": "exclusion_constraint_010", "seed": 0, "baseline_valid": true, "pressure_calls": 2, "repairs": {"unknown_object_after_prefix": {"R2": {"accepted": true, "reject_reason": null, "valid": false, "goal_satisfied": false, "pass_but_wrong": false}}, "duplicate_pick_after_prefix": {"R2": {"accepted": true, "reject_reason": null, "valid": true, "goal_satisfied": true, "pass_but_wrong": false}}}}
[pressure] exclusion_constraint_010 seed=1
{"task_id": "exclusion_constraint_010", "seed": 1, "baseline_valid": true, "pressure_calls": 2, "repairs": {"unknown_object_after_prefix": {"R2": {"accepted": true, "reject_reason": null, "valid": false, "goal_satisfied": false, "pass_but_wrong": false}}, "duplicate_pick_after_prefix": {"R2": {"accepted": true, "reject_reason": null, "valid": true, "goal_satisfied": true, "pass_but_wrong": false}}}}
[pressure] exclusion_constraint_010 seed=2
{"task_id": "exclusion_constraint_010", "seed": 2, "baseline_valid": true, "pressure_calls": 2, "repairs": {"unknown_object_after_prefix": {"R2": {"accepted": true, "reject_reason": null, "valid": false, "goal_satisfied": false, "pass_but_wrong": false}}, "duplicate_pick_after_prefix": {"R2": {"accepted": true, "reject_reason": null, "valid": true, "goal_satisfied": true, "pass_but_wrong": false}}}}
{"completed_slices": 18, "valid_baseline_slices": 18, "elapsed_s": 84.641, "output": "data/collections/repair_pressure_r2_state_aware_pilot_20260912_132529.jsonl"}
