[pressure] loaded 48 frozen baseline plans from data/collections/repair_pressure_formal_v8_no_oracle_20260911_153655.jsonl
[pressure] attribute_grouped_000 seed=0
{"task_id": "attribute_grouped_000", "seed": 0, "baseline_valid": true, "pressure_calls": 1, "repairs": {"repeat_pick_after_valid_plan": {"ROUTED": {"accepted": true, "reject_reason": null, "valid": true, "goal_satisfied": true, "pass_but_wrong": false, "route_taken": ["DETERMINISTIC_TRUNCATION"], "fallback_triggered": false, "r2_skipped": true, "r2_valid": null, "r2_goal_ok": null, "r2_pbw": null, "deterministic_truncation": true}}}}
[pressure] attribute_grouped_000 seed=1
{"task_id": "attribute_grouped_000", "seed": 1, "baseline_valid": true, "pressure_calls": 1, "repairs": {"repeat_pick_after_valid_plan": {"ROUTED": {"accepted": true, "reject_reason": null, "valid": true, "goal_satisfied": true, "pass_but_wrong": false, "route_taken": ["DETERMINISTIC_TRUNCATION"], "fallback_triggered": false, "r2_skipped": true, "r2_valid": null, "r2_goal_ok": null, "r2_pbw": null, "deterministic_truncation": true}}}}
[pressure] attribute_grouped_000 seed=2
{"task_id": "attribute_grouped_000", "seed": 2, "baseline_valid": true, "pressure_calls": 1, "repairs": {"repeat_pick_after_valid_plan": {"ROUTED": {"accepted": true, "reject_reason": null, "valid": true, "goal_satisfied": true, "pass_but_wrong": false, "route_taken": ["DETERMINISTIC_TRUNCATION"], "fallback_triggered": false, "r2_skipped": true, "r2_valid": null, "r2_goal_ok": null, "r2_pbw": null, "deterministic_truncation": true}}}}
[pressure] attribute_grouped_001 seed=0
{"task_id": "attribute_grouped_001", "seed": 0, "baseline_valid": true, "pressure_calls": 1, "repairs": {"repeat_pick_after_valid_plan": {"ROUTED": {"accepted": true, "reject_reason": null, "valid": true, "goal_satisfied": true, "pass_but_wrong": false, "route_taken": ["DETERMINISTIC_TRUNCATION"], "fallback_triggered": false, "r2_skipped": true, "r2_valid": null, "r2_goal_ok": null, "r2_pbw": null, "deterministic_truncation": true}}}}
[pressure] attribute_grouped_001 seed=1
{"task_id": "attribute_grouped_001", "seed": 1, "baseline_valid": true, "pressure_calls": 1, "repairs": {"repeat_pick_after_valid_plan": {"ROUTED": {"accepted": true, "reject_reason": null, "valid": true, "goal_satisfied": true, "pass_but_wrong": false, "route_taken": ["DETERMINISTIC_TRUNCATION"], "fallback_triggered": false, "r2_skipped": true, "r2_valid": null, "r2_goal_ok": null, "r2_pbw": null, "deterministic_truncation": true}}}}
[pressure] attribute_grouped_001 seed=2
{"task_id": "attribute_grouped_001", "seed": 2, "baseline_valid": true, "pressure_calls": 1, "repairs": {"repeat_pick_after_valid_plan": {"ROUTED": {"accepted": true, "reject_reason": null, "valid": true, "goal_satisfied": true, "pass_but_wrong": false, "route_taken": ["DETERMINISTIC_TRUNCATION"], "fallback_triggered": false, "r2_skipped": true, "r2_valid": null, "r2_goal_ok": null, "r2_pbw": null, "deterministic_truncation": true}}}}
[pressure] attribute_grouped_002 seed=0
{"task_id": "attribute_grouped_002", "seed": 0, "baseline_valid": true, "pressure_calls": 1, "repairs": {"repeat_pick_after_valid_plan": {"ROUTED": {"accepted": true, "reject_reason": null, "valid": true, "goal_satisfied": true, "pass_but_wrong": false, "route_taken": ["DETERMINISTIC_TRUNCATION"], "fallback_triggered": false, "r2_skipped": true, "r2_valid": null, "r2_goal_ok": null, "r2_pbw": null, "deterministic_truncation": true}}}}
[pressure] attribute_grouped_002 seed=1
{"task_id": "attribute_grouped_002", "seed": 1, "baseline_valid": true, "pressure_calls": 1, "repairs": {"repeat_pick_after_valid_plan": {"ROUTED": {"accepted": true, "reject_reason": null, "valid": true, "goal_satisfied": true, "pass_but_wrong": false, "route_taken": ["DETERMINISTIC_TRUNCATION"], "fallback_triggered": false, "r2_skipped": true, "r2_valid": null, "r2_goal_ok": null, "r2_pbw": null, "deterministic_truncation": true}}}}
[pressure] attribute_grouped_002 seed=2
{"task_id": "attribute_grouped_002", "seed": 2, "baseline_valid": true, "pressure_calls": 1, "repairs": {"repeat_pick_after_valid_plan": {"ROUTED": {"accepted": true, "reject_reason": null, "valid": true, "goal_satisfied": true, "pass_but_wrong": false, "route_taken": ["DETERMINISTIC_TRUNCATION"], "fallback_triggered": false, "r2_skipped": true, "r2_valid": null, "r2_goal_ok": null, "r2_pbw": null, "deterministic_truncation": true}}}}
[pressure] attribute_grouped_003 seed=0
{"task_id": "attribute_grouped_003", "seed": 0, "baseline_valid": true, "pressure_calls": 1, "repairs": {"repeat_pick_after_valid_plan": {"ROUTED": {"accepted": true, "reject_reason": null, "valid": true, "goal_satisfied": true, "pass_but_wrong": false, "route_taken": ["DETERMINISTIC_TRUNCATION"], "fallback_triggered": false, "r2_skipped": true, "r2_valid": null, "r2_goal_ok": null, "r2_pbw": null, "deterministic_truncation": true}}}}
[pressure] attribute_grouped_003 seed=1
{"task_id": "attribute_grouped_003", "seed": 1, "baseline_valid": true, "pressure_calls": 1, "repairs": {"repeat_pick_after_valid_plan": {"ROUTED": {"accepted": true, "reject_reason": null, "valid": true, "goal_satisfied": true, "pass_but_wrong": false, "route_taken": ["DETERMINISTIC_TRUNCATION"], "fallback_triggered": false, "r2_skipped": true, "r2_valid": null, "r2_goal_ok": null, "r2_pbw": null, "deterministic_truncation": true}}}}
[pressure] attribute_grouped_003 seed=2
{"task_id": "attribute_grouped_003", "seed": 2, "baseline_valid": true, "pressure_calls": 1, "repairs": {"repeat_pick_after_valid_plan": {"ROUTED": {"accepted": true, "reject_reason": null, "valid": true, "goal_satisfied": true, "pass_but_wrong": false, "route_taken": ["DETERMINISTIC_TRUNCATION"], "fallback_triggered": false, "r2_skipped": true, "r2_valid": null, "r2_goal_ok": null, "r2_pbw": null, "deterministic_truncation": true}}}}
[pressure] attribute_grouped_004 seed=0
{"task_id": "attribute_grouped_004", "seed": 0, "baseline_valid": true, "pressure_calls": 1, "repairs": {"repeat_pick_after_valid_plan": {"ROUTED": {"accepted": true, "reject_reason": null, "valid": true, "goal_satisfied": true, "pass_but_wrong": false, "route_taken": ["DETERMINISTIC_TRUNCATION"], "fallback_triggered": false, "r2_skipped": true, "r2_valid": null, "r2_goal_ok": null, "r2_pbw": null, "deterministic_truncation": true}}}}
[pressure] attribute_grouped_004 seed=1
{"task_id": "attribute_grouped_004", "seed": 1, "baseline_valid": true, "pressure_calls": 1, "repairs": {"repeat_pick_after_valid_plan": {"ROUTED": {"accepted": true, "reject_reason": null, "valid": true, "goal_satisfied": true, "pass_but_wrong": false, "route_taken": ["DETERMINISTIC_TRUNCATION"], "fallback_triggered": false, "r2_skipped": true, "r2_valid": null, "r2_goal_ok": null, "r2_pbw": null, "deterministic_truncation": true}}}}
[pressure] attribute_grouped_004 seed=2
{"task_id": "attribute_grouped_004", "seed": 2, "baseline_valid": true, "pressure_calls": 1, "repairs": {"repeat_pick_after_valid_plan": {"ROUTED": {"accepted": true, "reject_reason": null, "valid": true, "goal_satisfied": true, "pass_but_wrong": false, "route_taken": ["DETERMINISTIC_TRUNCATION"], "fallback_triggered": false, "r2_skipped": true, "r2_valid": null, "r2_goal_ok": null, "r2_pbw": null, "deterministic_truncation": true}}}}
[pressure] attribute_grouped_005 seed=0
{"task_id": "attribute_grouped_005", "seed": 0, "baseline_valid": true, "pressure_calls": 1, "repairs": {"repeat_pick_after_valid_plan": {"ROUTED": {"accepted": true, "reject_reason": null, "valid": true, "goal_satisfied": true, "pass_but_wrong": false, "route_taken": ["DETERMINISTIC_TRUNCATION"], "fallback_triggered": false, "r2_skipped": true, "r2_valid": null, "r2_goal_ok": null, "r2_pbw": null, "deterministic_truncation": true}}}}
[pressure] attribute_grouped_005 seed=1
{"task_id": "attribute_grouped_005", "seed": 1, "baseline_valid": true, "pressure_calls": 1, "repairs": {"repeat_pick_after_valid_plan": {"ROUTED": {"accepted": true, "reject_reason": null, "valid": true, "goal_satisfied": true, "pass_but_wrong": false, "route_taken": ["DETERMINISTIC_TRUNCATION"], "fallback_triggered": false, "r2_skipped": true, "r2_valid": null, "r2_goal_ok": null, "r2_pbw": null, "deterministic_truncation": true}}}}
[pressure] attribute_grouped_005 seed=2
{"task_id": "attribute_grouped_005", "seed": 2, "baseline_valid": true, "pressure_calls": 1, "repairs": {"repeat_pick_after_valid_plan": {"ROUTED": {"accepted": true, "reject_reason": null, "valid": true, "goal_satisfied": true, "pass_but_wrong": false, "route_taken": ["DETERMINISTIC_TRUNCATION"], "fallback_triggered": false, "r2_skipped": true, "r2_valid": null, "r2_goal_ok": null, "r2_pbw": null, "deterministic_truncation": true}}}}
[pressure] attribute_grouped_006 seed=0
{"task_id": "attribute_grouped_006", "seed": 0, "baseline_valid": true, "pressure_calls": 1, "repairs": {"repeat_pick_after_valid_plan": {"ROUTED": {"accepted": true, "reject_reason": null, "valid": true, "goal_satisfied": true, "pass_but_wrong": false, "route_taken": ["DETERMINISTIC_TRUNCATION"], "fallback_triggered": false, "r2_skipped": true, "r2_valid": null, "r2_goal_ok": null, "r2_pbw": null, "deterministic_truncation": true}}}}
[pressure] attribute_grouped_006 seed=1
{"task_id": "attribute_grouped_006", "seed": 1, "baseline_valid": true, "pressure_calls": 1, "repairs": {"repeat_pick_after_valid_plan": {"ROUTED": {"accepted": true, "reject_reason": null, "valid": true, "goal_satisfied": true, "pass_but_wrong": false, "route_taken": ["DETERMINISTIC_TRUNCATION"], "fallback_triggered": false, "r2_skipped": true, "r2_valid": null, "r2_goal_ok": null, "r2_pbw": null, "deterministic_truncation": true}}}}
[pressure] attribute_grouped_006 seed=2
{"task_id": "attribute_grouped_006", "seed": 2, "baseline_valid": true, "pressure_calls": 1, "repairs": {"repeat_pick_after_valid_plan": {"ROUTED": {"accepted": true, "reject_reason": null, "valid": true, "goal_satisfied": true, "pass_but_wrong": false, "route_taken": ["DETERMINISTIC_TRUNCATION"], "fallback_triggered": false, "r2_skipped": true, "r2_valid": null, "r2_goal_ok": null, "r2_pbw": null, "deterministic_truncation": true}}}}
[pressure] attribute_grouped_007 seed=0
{"task_id": "attribute_grouped_007", "seed": 0, "baseline_valid": true, "pressure_calls": 1, "repairs": {"repeat_pick_after_valid_plan": {"ROUTED": {"accepted": true, "reject_reason": null, "valid": true, "goal_satisfied": true, "pass_but_wrong": false, "route_taken": ["DETERMINISTIC_TRUNCATION"], "fallback_triggered": false, "r2_skipped": true, "r2_valid": null, "r2_goal_ok": null, "r2_pbw": null, "deterministic_truncation": true}}}}
[pressure] attribute_grouped_007 seed=1
{"task_id": "attribute_grouped_007", "seed": 1, "baseline_valid": true, "pressure_calls": 1, "repairs": {"repeat_pick_after_valid_plan": {"ROUTED": {"accepted": true, "reject_reason": null, "valid": true, "goal_satisfied": true, "pass_but_wrong": false, "route_taken": ["DETERMINISTIC_TRUNCATION"], "fallback_triggered": false, "r2_skipped": true, "r2_valid": null, "r2_goal_ok": null, "r2_pbw": null, "deterministic_truncation": true}}}}
[pressure] attribute_grouped_007 seed=2
{"task_id": "attribute_grouped_007", "seed": 2, "baseline_valid": true, "pressure_calls": 1, "repairs": {"repeat_pick_after_valid_plan": {"ROUTED": {"accepted": true, "reject_reason": null, "valid": true, "goal_satisfied": true, "pass_but_wrong": false, "route_taken": ["DETERMINISTIC_TRUNCATION"], "fallback_triggered": false, "r2_skipped": true, "r2_valid": null, "r2_goal_ok": null, "r2_pbw": null, "deterministic_truncation": true}}}}
[pressure] exclusion_constraint_008 seed=0
{"task_id": "exclusion_constraint_008", "seed": 0, "baseline_valid": true, "pressure_calls": 1, "repairs": {"repeat_pick_after_valid_plan": {"ROUTED": {"accepted": true, "reject_reason": null, "valid": true, "goal_satisfied": true, "pass_but_wrong": false, "route_taken": ["DETERMINISTIC_TRUNCATION"], "fallback_triggered": false, "r2_skipped": true, "r2_valid": null, "r2_goal_ok": null, "r2_pbw": null, "deterministic_truncation": true}}}}
[pressure] exclusion_constraint_008 seed=1
{"task_id": "exclusion_constraint_008", "seed": 1, "baseline_valid": true, "pressure_calls": 1, "repairs": {"repeat_pick_after_valid_plan": {"ROUTED": {"accepted": true, "reject_reason": null, "valid": true, "goal_satisfied": true, "pass_but_wrong": false, "route_taken": ["DETERMINISTIC_TRUNCATION"], "fallback_triggered": false, "r2_skipped": true, "r2_valid": null, "r2_goal_ok": null, "r2_pbw": null, "deterministic_truncation": true}}}}
[pressure] exclusion_constraint_008 seed=2
{"task_id": "exclusion_constraint_008", "seed": 2, "baseline_valid": true, "pressure_calls": 1, "repairs": {"repeat_pick_after_valid_plan": {"ROUTED": {"accepted": true, "reject_reason": null, "valid": true, "goal_satisfied": true, "pass_but_wrong": false, "route_taken": ["DETERMINISTIC_TRUNCATION"], "fallback_triggered": false, "r2_skipped": true, "r2_valid": null, "r2_goal_ok": null, "r2_pbw": null, "deterministic_truncation": true}}}}
[pressure] exclusion_constraint_009 seed=0
{"task_id": "exclusion_constraint_009", "seed": 0, "baseline_valid": true, "pressure_calls": 1, "repairs": {"repeat_pick_after_valid_plan": {"ROUTED": {"accepted": true, "reject_reason": null, "valid": true, "goal_satisfied": true, "pass_but_wrong": false, "route_taken": ["DETERMINISTIC_TRUNCATION"], "fallback_triggered": false, "r2_skipped": true, "r2_valid": null, "r2_goal_ok": null, "r2_pbw": null, "deterministic_truncation": true}}}}
[pressure] exclusion_constraint_009 seed=1
{"task_id": "exclusion_constraint_009", "seed": 1, "baseline_valid": true, "pressure_calls": 1, "repairs": {"repeat_pick_after_valid_plan": {"ROUTED": {"accepted": true, "reject_reason": null, "valid": true, "goal_satisfied": true, "pass_but_wrong": false, "route_taken": ["DETERMINISTIC_TRUNCATION"], "fallback_triggered": false, "r2_skipped": true, "r2_valid": null, "r2_goal_ok": null, "r2_pbw": null, "deterministic_truncation": true}}}}
[pressure] exclusion_constraint_009 seed=2
{"task_id": "exclusion_constraint_009", "seed": 2, "baseline_valid": true, "pressure_calls": 1, "repairs": {"repeat_pick_after_valid_plan": {"ROUTED": {"accepted": true, "reject_reason": null, "valid": true, "goal_satisfied": true, "pass_but_wrong": false, "route_taken": ["DETERMINISTIC_TRUNCATION"], "fallback_triggered": false, "r2_skipped": true, "r2_valid": null, "r2_goal_ok": null, "r2_pbw": null, "deterministic_truncation": true}}}}
[pressure] exclusion_constraint_010 seed=0
{"task_id": "exclusion_constraint_010", "seed": 0, "baseline_valid": true, "pressure_calls": 1, "repairs": {"repeat_pick_after_valid_plan": {"ROUTED": {"accepted": true, "reject_reason": null, "valid": true, "goal_satisfied": true, "pass_but_wrong": false, "route_taken": ["DETERMINISTIC_TRUNCATION"], "fallback_triggered": false, "r2_skipped": true, "r2_valid": null, "r2_goal_ok": null, "r2_pbw": null, "deterministic_truncation": true}}}}
[pressure] exclusion_constraint_010 seed=1
{"task_id": "exclusion_constraint_010", "seed": 1, "baseline_valid": true, "pressure_calls": 1, "repairs": {"repeat_pick_after_valid_plan": {"ROUTED": {"accepted": true, "reject_reason": null, "valid": true, "goal_satisfied": true, "pass_but_wrong": false, "route_taken": ["DETERMINISTIC_TRUNCATION"], "fallback_triggered": false, "r2_skipped": true, "r2_valid": null, "r2_goal_ok": null, "r2_pbw": null, "deterministic_truncation": true}}}}
[pressure] exclusion_constraint_010 seed=2
{"task_id": "exclusion_constraint_010", "seed": 2, "baseline_valid": true, "pressure_calls": 1, "repairs": {"repeat_pick_after_valid_plan": {"ROUTED": {"accepted": true, "reject_reason": null, "valid": true, "goal_satisfied": true, "pass_but_wrong": false, "route_taken": ["DETERMINISTIC_TRUNCATION"], "fallback_triggered": false, "r2_skipped": true, "r2_valid": null, "r2_goal_ok": null, "r2_pbw": null, "deterministic_truncation": true}}}}
[pressure] exclusion_constraint_011 seed=0
{"task_id": "exclusion_constraint_011", "seed": 0, "baseline_valid": true, "pressure_calls": 1, "repairs": {"repeat_pick_after_valid_plan": {"ROUTED": {"accepted": true, "reject_reason": null, "valid": true, "goal_satisfied": true, "pass_but_wrong": false, "route_taken": ["DETERMINISTIC_TRUNCATION"], "fallback_triggered": false, "r2_skipped": true, "r2_valid": null, "r2_goal_ok": null, "r2_pbw": null, "deterministic_truncation": true}}}}
[pressure] exclusion_constraint_011 seed=1
{"task_id": "exclusion_constraint_011", "seed": 1, "baseline_valid": true, "pressure_calls": 1, "repairs": {"repeat_pick_after_valid_plan": {"ROUTED": {"accepted": true, "reject_reason": null, "valid": true, "goal_satisfied": true, "pass_but_wrong": false, "route_taken": ["DETERMINISTIC_TRUNCATION"], "fallback_triggered": false, "r2_skipped": true, "r2_valid": null, "r2_goal_ok": null, "r2_pbw": null, "deterministic_truncation": true}}}}
[pressure] exclusion_constraint_011 seed=2
{"task_id": "exclusion_constraint_011", "seed": 2, "baseline_valid": true, "pressure_calls": 1, "repairs": {"repeat_pick_after_valid_plan": {"ROUTED": {"accepted": true, "reject_reason": null, "valid": true, "goal_satisfied": true, "pass_but_wrong": false, "route_taken": ["DETERMINISTIC_TRUNCATION"], "fallback_triggered": false, "r2_skipped": true, "r2_valid": null, "r2_goal_ok": null, "r2_pbw": null, "deterministic_truncation": true}}}}
[pressure] exclusion_constraint_012 seed=0
{"task_id": "exclusion_constraint_012", "seed": 0, "baseline_valid": true, "pressure_calls": 1, "repairs": {"repeat_pick_after_valid_plan": {"ROUTED": {"accepted": true, "reject_reason": null, "valid": false, "goal_satisfied": false, "pass_but_wrong": false, "route_taken": ["R2", "R1_FROM_STATE"], "fallback_triggered": true, "r2_valid": false, "r2_goal_ok": false, "r2_pbw": false, "fallback_mode": "R1_FROM_STATE"}}}}
[pressure] exclusion_constraint_012 seed=1
{"task_id": "exclusion_constraint_012", "seed": 1, "baseline_valid": true, "pressure_calls": 1, "repairs": {"repeat_pick_after_valid_plan": {"ROUTED": {"accepted": true, "reject_reason": null, "valid": false, "goal_satisfied": false, "pass_but_wrong": false, "route_taken": ["R2", "R1_FROM_STATE"], "fallback_triggered": true, "r2_valid": false, "r2_goal_ok": false, "r2_pbw": false, "fallback_mode": "R1_FROM_STATE"}}}}
[pressure] exclusion_constraint_012 seed=2
{"task_id": "exclusion_constraint_012", "seed": 2, "baseline_valid": true, "pressure_calls": 1, "repairs": {"repeat_pick_after_valid_plan": {"ROUTED": {"accepted": true, "reject_reason": null, "valid": false, "goal_satisfied": false, "pass_but_wrong": false, "route_taken": ["R2", "R1_FROM_STATE"], "fallback_triggered": true, "r2_valid": false, "r2_goal_ok": false, "r2_pbw": false, "fallback_mode": "R1_FROM_STATE"}}}}
[pressure] exclusion_constraint_013 seed=0
{"task_id": "exclusion_constraint_013", "seed": 0, "baseline_valid": true, "pressure_calls": 1, "repairs": {"repeat_pick_after_valid_plan": {"ROUTED": {"accepted": true, "reject_reason": null, "valid": true, "goal_satisfied": true, "pass_but_wrong": false, "route_taken": ["DETERMINISTIC_TRUNCATION"], "fallback_triggered": false, "r2_skipped": true, "r2_valid": null, "r2_goal_ok": null, "r2_pbw": null, "deterministic_truncation": true}}}}
[pressure] exclusion_constraint_013 seed=1
{"task_id": "exclusion_constraint_013", "seed": 1, "baseline_valid": true, "pressure_calls": 1, "repairs": {"repeat_pick_after_valid_plan": {"ROUTED": {"accepted": true, "reject_reason": null, "valid": true, "goal_satisfied": true, "pass_but_wrong": false, "route_taken": ["DETERMINISTIC_TRUNCATION"], "fallback_triggered": false, "r2_skipped": true, "r2_valid": null, "r2_goal_ok": null, "r2_pbw": null, "deterministic_truncation": true}}}}
[pressure] exclusion_constraint_013 seed=2
{"task_id": "exclusion_constraint_013", "seed": 2, "baseline_valid": true, "pressure_calls": 1, "repairs": {"repeat_pick_after_valid_plan": {"ROUTED": {"accepted": true, "reject_reason": null, "valid": true, "goal_satisfied": true, "pass_but_wrong": false, "route_taken": ["DETERMINISTIC_TRUNCATION"], "fallback_triggered": false, "r2_skipped": true, "r2_valid": null, "r2_goal_ok": null, "r2_pbw": null, "deterministic_truncation": true}}}}
[pressure] exclusion_constraint_014 seed=0
{"task_id": "exclusion_constraint_014", "seed": 0, "baseline_valid": true, "pressure_calls": 1, "repairs": {"repeat_pick_after_valid_plan": {"ROUTED": {"accepted": true, "reject_reason": null, "valid": true, "goal_satisfied": true, "pass_but_wrong": false, "route_taken": ["DETERMINISTIC_TRUNCATION"], "fallback_triggered": false, "r2_skipped": true, "r2_valid": null, "r2_goal_ok": null, "r2_pbw": null, "deterministic_truncation": true}}}}
[pressure] exclusion_constraint_014 seed=1
{"task_id": "exclusion_constraint_014", "seed": 1, "baseline_valid": true, "pressure_calls": 1, "repairs": {"repeat_pick_after_valid_plan": {"ROUTED": {"accepted": true, "reject_reason": null, "valid": true, "goal_satisfied": true, "pass_but_wrong": false, "route_taken": ["DETERMINISTIC_TRUNCATION"], "fallback_triggered": false, "r2_skipped": true, "r2_valid": null, "r2_goal_ok": null, "r2_pbw": null, "deterministic_truncation": true}}}}
[pressure] exclusion_constraint_014 seed=2
{"task_id": "exclusion_constraint_014", "seed": 2, "baseline_valid": true, "pressure_calls": 1, "repairs": {"repeat_pick_after_valid_plan": {"ROUTED": {"accepted": true, "reject_reason": null, "valid": true, "goal_satisfied": true, "pass_but_wrong": false, "route_taken": ["DETERMINISTIC_TRUNCATION"], "fallback_triggered": false, "r2_skipped": true, "r2_valid": null, "r2_goal_ok": null, "r2_pbw": null, "deterministic_truncation": true}}}}
[pressure] exclusion_constraint_015 seed=0
{"task_id": "exclusion_constraint_015", "seed": 0, "baseline_valid": true, "pressure_calls": 1, "repairs": {"repeat_pick_after_valid_plan": {"ROUTED": {"accepted": true, "reject_reason": null, "valid": true, "goal_satisfied": true, "pass_but_wrong": false, "route_taken": ["DETERMINISTIC_TRUNCATION"], "fallback_triggered": false, "r2_skipped": true, "r2_valid": null, "r2_goal_ok": null, "r2_pbw": null, "deterministic_truncation": true}}}}
[pressure] exclusion_constraint_015 seed=1
{"task_id": "exclusion_constraint_015", "seed": 1, "baseline_valid": true, "pressure_calls": 1, "repairs": {"repeat_pick_after_valid_plan": {"ROUTED": {"accepted": true, "reject_reason": null, "valid": true, "goal_satisfied": true, "pass_but_wrong": false, "route_taken": ["DETERMINISTIC_TRUNCATION"], "fallback_triggered": false, "r2_skipped": true, "r2_valid": null, "r2_goal_ok": null, "r2_pbw": null, "deterministic_truncation": true}}}}
[pressure] exclusion_constraint_015 seed=2
{"task_id": "exclusion_constraint_015", "seed": 2, "baseline_valid": true, "pressure_calls": 1, "repairs": {"repeat_pick_after_valid_plan": {"ROUTED": {"accepted": true, "reject_reason": null, "valid": true, "goal_satisfied": true, "pass_but_wrong": false, "route_taken": ["DETERMINISTIC_TRUNCATION"], "fallback_triggered": false, "r2_skipped": true, "r2_valid": null, "r2_goal_ok": null, "r2_pbw": null, "deterministic_truncation": true}}}}
{"completed_slices": 48, "valid_baseline_slices": 48, "elapsed_s": 5.655, "output": "data/collections/repair_pressure_v10_truncation_pilot_full_20260912_150318.jsonl"}
