[sim-compare] point=1/20 pressure=duplicate_pick_after_prefix task=attribute_grouped_000 seed=0 start
[sim-compare] point=1/20 arm=NO_REPAIR symbolic=False/False sim=None final=False
[sim-compare] point=1/20 arm=R2_ONLY symbolic=False/False sim=None final=False
/root/autodl-tmp/.venvs/metaworld-lerobot/lib/python3.10/site-packages/transformers/utils/hub.py:110: FutureWarning: Using `TRANSFORMERS_CACHE` is deprecated and will be removed in v5 of Transformers. Use `HF_HOME` instead.
  warnings.warn(
/root/autodl-tmp/.venvs/metaworld-lerobot/lib/python3.10/site-packages/metaworld/policies/policy.py:49: UserWarning: Constant(s) may be too high. Environments clip response to [-1, 1]
  warnings.warn(
[sim-compare] point=1/20 arm=CHECKER_LOOP symbolic=True/True sim=True final=True
[sim-compare] point=1/20 arm=ROUTED symbolic=True/True sim=True final=True
[sim-compare] point=2/20 pressure=duplicate_pick_after_prefix task=attribute_grouped_001 seed=0 start
[sim-compare] point=2/20 arm=NO_REPAIR symbolic=False/False sim=None final=False
[sim-compare] point=2/20 arm=R2_ONLY symbolic=True/True sim=False final=False
[sim-compare] point=2/20 arm=CHECKER_LOOP symbolic=True/True sim=True final=True
[sim-compare] point=2/20 arm=ROUTED symbolic=True/True sim=True final=True
[sim-compare] point=3/20 pressure=duplicate_pick_after_prefix task=attribute_grouped_002 seed=0 start
[sim-compare] point=3/20 arm=NO_REPAIR symbolic=False/False sim=None final=False
[sim-compare] point=3/20 arm=R2_ONLY symbolic=False/False sim=None final=False
[sim-compare] point=3/20 arm=CHECKER_LOOP symbolic=True/True sim=False final=False
[sim-compare] point=3/20 arm=ROUTED symbolic=True/True sim=False final=False
[sim-compare] point=4/20 pressure=duplicate_pick_after_prefix task=attribute_grouped_003 seed=0 start
[sim-compare] point=4/20 arm=NO_REPAIR symbolic=False/False sim=None final=False
[sim-compare] point=4/20 arm=R2_ONLY symbolic=False/False sim=None final=False
[sim-compare] point=4/20 arm=CHECKER_LOOP symbolic=True/True sim=True final=True
[sim-compare] point=4/20 arm=ROUTED symbolic=True/True sim=False final=False
[sim-compare] point=5/20 pressure=unknown_object_after_prefix task=attribute_grouped_000 seed=0 start
[sim-compare] point=5/20 arm=NO_REPAIR symbolic=False/False sim=None final=False
[sim-compare] point=5/20 arm=R2_ONLY symbolic=False/False sim=None final=False
[sim-compare] point=5/20 arm=CHECKER_LOOP symbolic=True/True sim=False final=False
[sim-compare] point=5/20 arm=ROUTED symbolic=True/True sim=True final=True
[sim-compare] point=6/20 pressure=unknown_object_after_prefix task=attribute_grouped_001 seed=0 start
[sim-compare] point=6/20 arm=NO_REPAIR symbolic=False/False sim=None final=False
[sim-compare] point=6/20 arm=R2_ONLY symbolic=False/False sim=None final=False
[sim-compare] point=6/20 arm=CHECKER_LOOP symbolic=True/True sim=True final=True
