[sim-compare] point=1/240 pressure=duplicate_pick_after_prefix task=attribute_grouped_000 seed=0 start
[sim-compare] point=1/240 arm=NO_REPAIR symbolic=False/False sim=None final=False
[sim-compare] point=1/240 arm=R2_ONLY symbolic=False/False sim=None final=False
/root/autodl-tmp/.venvs/metaworld-lerobot/lib/python3.10/site-packages/transformers/utils/hub.py:110: FutureWarning: Using `TRANSFORMERS_CACHE` is deprecated and will be removed in v5 of Transformers. Use `HF_HOME` instead.
  warnings.warn(
/root/autodl-tmp/.venvs/metaworld-lerobot/lib/python3.10/site-packages/metaworld/policies/policy.py:49: UserWarning: Constant(s) may be too high. Environments clip response to [-1, 1]
  warnings.warn(
[sim-compare] point=1/240 arm=SELF_REFINE symbolic=True/True sim=True final=True
[sim-compare] point=1/240 arm=CHECKER_LOOP symbolic=True/True sim=True final=True
[sim-compare] point=1/240 arm=ROUTED symbolic=True/True sim=True final=True
[sim-compare] point=2/240 pressure=duplicate_pick_after_prefix task=attribute_grouped_000 seed=1 start
[sim-compare] point=2/240 arm=NO_REPAIR symbolic=False/False sim=None final=False
[sim-compare] point=2/240 arm=R2_ONLY symbolic=True/True sim=True final=True
[sim-compare] point=2/240 arm=SELF_REFINE symbolic=True/True sim=True final=True
[sim-compare] point=2/240 arm=CHECKER_LOOP symbolic=True/True sim=False final=False
[sim-compare] point=2/240 arm=ROUTED symbolic=True/True sim=True final=True
[sim-compare] point=3/240 pressure=duplicate_pick_after_prefix task=attribute_grouped_000 seed=2 start
[sim-compare] point=3/240 arm=NO_REPAIR symbolic=False/False sim=None final=False
[sim-compare] point=3/240 arm=R2_ONLY symbolic=False/False sim=None final=False
[sim-compare] point=3/240 arm=SELF_REFINE symbolic=True/True sim=True final=True
[sim-compare] point=3/240 arm=CHECKER_LOOP symbolic=True/True sim=True final=True
[sim-compare] point=3/240 arm=ROUTED symbolic=True/True sim=True final=True
[sim-compare] point=4/240 pressure=duplicate_pick_after_prefix task=attribute_grouped_001 seed=0 start
[sim-compare] point=4/240 arm=NO_REPAIR symbolic=False/False sim=None final=False
[sim-compare] point=4/240 arm=R2_ONLY symbolic=True/True sim=False final=False
[sim-compare] point=4/240 arm=SELF_REFINE symbolic=True/True sim=True final=True
[sim-compare] point=4/240 arm=CHECKER_LOOP symbolic=True/True sim=True final=True
[sim-compare] point=4/240 arm=ROUTED symbolic=True/True sim=True final=True
[sim-compare] point=5/240 pressure=duplicate_pick_after_prefix task=attribute_grouped_001 seed=1 start
[sim-compare] point=5/240 arm=NO_REPAIR symbolic=False/False sim=None final=False
[sim-compare] point=5/240 arm=R2_ONLY symbolic=True/True sim=True final=True
[sim-compare] point=5/240 arm=SELF_REFINE symbolic=True/True sim=True final=True
[sim-compare] point=5/240 arm=CHECKER_LOOP symbolic=True/True sim=True final=True
[sim-compare] point=5/240 arm=ROUTED symbolic=True/True sim=True final=True
[sim-compare] point=6/240 pressure=duplicate_pick_after_prefix task=attribute_grouped_001 seed=2 start
[sim-compare] point=6/240 arm=NO_REPAIR symbolic=False/False sim=None final=False
[sim-compare] point=6/240 arm=R2_ONLY symbolic=False/False sim=None final=False
[sim-compare] point=6/240 arm=SELF_REFINE symbolic=True/True sim=True final=True
[sim-compare] point=6/240 arm=CHECKER_LOOP symbolic=True/True sim=True final=True
[sim-compare] point=6/240 arm=ROUTED symbolic=True/True sim=True final=True
[sim-compare] point=7/240 pressure=duplicate_pick_after_prefix task=attribute_grouped_002 seed=0 start
[sim-compare] point=7/240 arm=NO_REPAIR symbolic=False/False sim=None final=False
[sim-compare] point=7/240 arm=R2_ONLY symbolic=False/False sim=None final=False
[sim-compare] point=7/240 arm=SELF_REFINE symbolic=True/True sim=True final=True
[sim-compare] point=7/240 arm=CHECKER_LOOP symbolic=True/True sim=False final=False
[sim-compare] point=7/240 arm=ROUTED symbolic=True/True sim=False final=False
[sim-compare] point=8/240 pressure=duplicate_pick_after_prefix task=attribute_grouped_002 seed=1 start
[sim-compare] point=8/240 arm=NO_REPAIR symbolic=False/False sim=None final=False
[sim-compare] point=8/240 arm=R2_ONLY symbolic=False/False sim=None final=False
[sim-compare] point=8/240 arm=SELF_REFINE symbolic=True/True sim=False final=False
[sim-compare] point=8/240 arm=CHECKER_LOOP symbolic=True/True sim=False final=False
[sim-compare] point=8/240 arm=ROUTED symbolic=True/True sim=False final=False
[sim-compare] point=9/240 pressure=duplicate_pick_after_prefix task=attribute_grouped_002 seed=2 start
[sim-compare] point=9/240 arm=NO_REPAIR symbolic=False/False sim=None final=False
[sim-compare] point=9/240 arm=R2_ONLY symbolic=False/False sim=None final=False
[sim-compare] point=9/240 arm=SELF_REFINE symbolic=True/True sim=True final=True
[sim-compare] point=9/240 arm=CHECKER_LOOP symbolic=True/True sim=False final=False
[sim-compare] point=9/240 arm=ROUTED symbolic=True/True sim=False final=False
[sim-compare] point=10/240 pressure=duplicate_pick_after_prefix task=attribute_grouped_003 seed=0 start
[sim-compare] point=10/240 arm=NO_REPAIR symbolic=False/False sim=None final=False
[sim-compare] point=10/240 arm=R2_ONLY symbolic=False/False sim=None final=False
[sim-compare] point=10/240 arm=SELF_REFINE symbolic=True/True sim=True final=True
[sim-compare] point=10/240 arm=CHECKER_LOOP symbolic=True/True sim=True final=True
[sim-compare] point=10/240 arm=ROUTED symbolic=True/True sim=False final=False
[sim-compare] point=11/240 pressure=duplicate_pick_after_prefix task=attribute_grouped_003 seed=1 start
[sim-compare] point=11/240 arm=NO_REPAIR symbolic=False/False sim=None final=False
[sim-compare] point=11/240 arm=R2_ONLY symbolic=False/False sim=None final=False
[sim-compare] point=11/240 arm=SELF_REFINE symbolic=True/True sim=True final=True
[sim-compare] point=11/240 arm=CHECKER_LOOP symbolic=True/True sim=True final=True
[sim-compare] point=11/240 arm=ROUTED symbolic=True/True sim=True final=True
[sim-compare] point=12/240 pressure=duplicate_pick_after_prefix task=attribute_grouped_003 seed=2 start
[sim-compare] point=12/240 arm=NO_REPAIR symbolic=False/False sim=None final=False
[sim-compare] point=12/240 arm=R2_ONLY symbolic=False/False sim=None final=False
[sim-compare] point=12/240 arm=SELF_REFINE symbolic=True/True sim=True final=True
[sim-compare] point=12/240 arm=CHECKER_LOOP symbolic=True/True sim=True final=True
[sim-compare] point=12/240 arm=ROUTED symbolic=True/True sim=True final=True
[sim-compare] point=13/240 pressure=duplicate_pick_after_prefix task=attribute_grouped_004 seed=0 start
[sim-compare] point=13/240 arm=NO_REPAIR symbolic=False/False sim=None final=False
[sim-compare] point=13/240 arm=R2_ONLY symbolic=False/False sim=None final=False
[sim-compare] point=13/240 arm=SELF_REFINE symbolic=True/True sim=False final=False
[sim-compare] point=13/240 arm=CHECKER_LOOP symbolic=True/True sim=True final=True
[sim-compare] point=13/240 arm=ROUTED symbolic=True/True sim=True final=True
[sim-compare] point=14/240 pressure=duplicate_pick_after_prefix task=attribute_grouped_004 seed=1 start
[sim-compare] point=14/240 arm=NO_REPAIR symbolic=False/False sim=None final=False
[sim-compare] point=14/240 arm=R2_ONLY symbolic=False/False sim=None final=False
[sim-compare] point=14/240 arm=SELF_REFINE symbolic=True/True sim=True final=True
[sim-compare] point=14/240 arm=CHECKER_LOOP symbolic=True/True sim=True final=True
[sim-compare] point=14/240 arm=ROUTED symbolic=True/True sim=True final=True
[sim-compare] point=15/240 pressure=duplicate_pick_after_prefix task=attribute_grouped_004 seed=2 start
[sim-compare] point=15/240 arm=NO_REPAIR symbolic=False/False sim=None final=False
[sim-compare] point=15/240 arm=R2_ONLY symbolic=True/True sim=True final=True
[sim-compare] point=15/240 arm=SELF_REFINE symbolic=True/True sim=False final=False
[sim-compare] point=15/240 arm=CHECKER_LOOP symbolic=True/True sim=True final=True
[sim-compare] point=15/240 arm=ROUTED symbolic=True/True sim=True final=True
[sim-compare] point=16/240 pressure=duplicate_pick_after_prefix task=attribute_grouped_005 seed=0 start
[sim-compare] point=16/240 arm=NO_REPAIR symbolic=False/False sim=None final=False
[sim-compare] point=16/240 arm=R2_ONLY symbolic=False/False sim=None final=False
[sim-compare] point=16/240 arm=SELF_REFINE symbolic=True/True sim=False final=False
[sim-compare] point=16/240 arm=CHECKER_LOOP symbolic=True/True sim=False final=False
[sim-compare] point=16/240 arm=ROUTED symbolic=True/True sim=True final=True
[sim-compare] point=17/240 pressure=duplicate_pick_after_prefix task=attribute_grouped_005 seed=1 start
[sim-compare] point=17/240 arm=NO_REPAIR symbolic=False/False sim=None final=False
[sim-compare] point=17/240 arm=R2_ONLY symbolic=True/True sim=True final=True
[sim-compare] point=17/240 arm=SELF_REFINE symbolic=True/True sim=True final=True
[sim-compare] point=17/240 arm=CHECKER_LOOP symbolic=True/True sim=False final=False
[sim-compare] point=17/240 arm=ROUTED symbolic=True/True sim=True final=True
[sim-compare] point=18/240 pressure=duplicate_pick_after_prefix task=attribute_grouped_005 seed=2 start
[sim-compare] point=18/240 arm=NO_REPAIR symbolic=False/False sim=None final=False
[sim-compare] point=18/240 arm=R2_ONLY symbolic=False/False sim=None final=False
[sim-compare] point=18/240 arm=SELF_REFINE symbolic=True/True sim=True final=True
[sim-compare] point=18/240 arm=CHECKER_LOOP symbolic=True/True sim=True final=True
[sim-compare] point=18/240 arm=ROUTED symbolic=True/True sim=True final=True
[sim-compare] point=19/240 pressure=duplicate_pick_after_prefix task=attribute_grouped_006 seed=0 start
[sim-compare] point=19/240 arm=NO_REPAIR symbolic=False/False sim=None final=False
[sim-compare] point=19/240 arm=R2_ONLY symbolic=True/True sim=False final=False
[sim-compare] point=19/240 arm=SELF_REFINE symbolic=False/False sim=None final=False
[sim-compare] point=19/240 arm=CHECKER_LOOP symbolic=True/True sim=True final=True
[sim-compare] point=19/240 arm=ROUTED symbolic=True/True sim=True final=True
[sim-compare] point=20/240 pressure=duplicate_pick_after_prefix task=attribute_grouped_006 seed=1 start
[sim-compare] point=20/240 arm=NO_REPAIR symbolic=False/False sim=None final=False
[sim-compare] point=20/240 arm=R2_ONLY symbolic=True/True sim=True final=True
[sim-compare] point=20/240 arm=SELF_REFINE symbolic=True/True sim=False final=False
[sim-compare] point=20/240 arm=CHECKER_LOOP symbolic=True/True sim=True final=True
[sim-compare] point=20/240 arm=ROUTED symbolic=True/True sim=True final=True
[sim-compare] point=21/240 pressure=duplicate_pick_after_prefix task=attribute_grouped_006 seed=2 start
[sim-compare] point=21/240 arm=NO_REPAIR symbolic=False/False sim=None final=False
[sim-compare] point=21/240 arm=R2_ONLY symbolic=True/True sim=True final=True
[sim-compare] point=21/240 arm=SELF_REFINE symbolic=True/True sim=False final=False
[sim-compare] point=21/240 arm=CHECKER_LOOP symbolic=True/True sim=False final=False
[sim-compare] point=21/240 arm=ROUTED symbolic=True/True sim=True final=True
[sim-compare] point=22/240 pressure=duplicate_pick_after_prefix task=attribute_grouped_007 seed=0 start
[sim-compare] point=22/240 arm=NO_REPAIR symbolic=False/False sim=None final=False
[sim-compare] point=22/240 arm=R2_ONLY symbolic=False/False sim=None final=False
[sim-compare] point=22/240 arm=SELF_REFINE symbolic=True/True sim=False final=False
[sim-compare] point=22/240 arm=CHECKER_LOOP symbolic=True/True sim=True final=True
[sim-compare] point=22/240 arm=ROUTED symbolic=True/True sim=True final=True
[sim-compare] point=23/240 pressure=duplicate_pick_after_prefix task=attribute_grouped_007 seed=1 start
[sim-compare] point=23/240 arm=NO_REPAIR symbolic=False/False sim=None final=False
[sim-compare] point=23/240 arm=R2_ONLY symbolic=False/False sim=None final=False
[sim-compare] point=23/240 arm=SELF_REFINE symbolic=True/True sim=True final=True
[sim-compare] point=23/240 arm=CHECKER_LOOP symbolic=True/True sim=True final=True
[sim-compare] point=23/240 arm=ROUTED symbolic=True/True sim=False final=False
[sim-compare] point=24/240 pressure=duplicate_pick_after_prefix task=attribute_grouped_007 seed=2 start
[sim-compare] point=24/240 arm=NO_REPAIR symbolic=False/False sim=None final=False
[sim-compare] point=24/240 arm=R2_ONLY symbolic=False/False sim=None final=False
[sim-compare] point=24/240 arm=SELF_REFINE symbolic=True/True sim=True final=True
[sim-compare] point=24/240 arm=CHECKER_LOOP symbolic=True/True sim=True final=True
[sim-compare] point=24/240 arm=ROUTED symbolic=True/True sim=True final=True
[sim-compare] point=25/240 pressure=duplicate_pick_after_prefix task=exclusion_constraint_008 seed=0 start
[sim-compare] point=25/240 arm=NO_REPAIR symbolic=False/False sim=None final=False
[sim-compare] point=25/240 arm=R2_ONLY symbolic=True/True sim=True final=True
[sim-compare] point=25/240 arm=SELF_REFINE symbolic=False/False sim=None final=False
[sim-compare] point=25/240 arm=CHECKER_LOOP symbolic=True/True sim=True final=True
[sim-compare] point=25/240 arm=ROUTED symbolic=True/True sim=True final=True
[sim-compare] point=26/240 pressure=duplicate_pick_after_prefix task=exclusion_constraint_008 seed=1 start
[sim-compare] point=26/240 arm=NO_REPAIR symbolic=False/False sim=None final=False
[sim-compare] point=26/240 arm=R2_ONLY symbolic=True/True sim=True final=True
[sim-compare] point=26/240 arm=SELF_REFINE symbolic=False/False sim=None final=False
[sim-compare] point=26/240 arm=CHECKER_LOOP symbolic=True/True sim=True final=True
