[sim-compare] point=1/50 pressure=duplicate_pick_after_prefix task=attribute_grouped_000 seed=0 start
[sim-compare] point=1/50 arm=NO_REPAIR symbolic=False/False sim=None final=False
[sim-compare] point=1/50 arm=R2_ONLY symbolic=False/False sim=None final=False
/root/autodl-tmp/.venvs/metaworld-lerobot/lib/python3.10/site-packages/transformers/utils/hub.py:110: FutureWarning: Using `TRANSFORMERS_CACHE` is deprecated and will be removed in v5 of Transformers. Use `HF_HOME` instead.
  warnings.warn(
/root/autodl-tmp/.venvs/metaworld-lerobot/lib/python3.10/site-packages/metaworld/policies/policy.py:49: UserWarning: Constant(s) may be too high. Environments clip response to [-1, 1]
  warnings.warn(
[sim-compare] point=1/50 arm=CHECKER_LOOP symbolic=True/True sim=True final=True
[sim-compare] point=1/50 arm=ROUTED symbolic=True/True sim=True final=True
[sim-compare] point=2/50 pressure=duplicate_pick_after_prefix task=attribute_grouped_001 seed=0 start
[sim-compare] point=2/50 arm=NO_REPAIR symbolic=False/False sim=None final=False
[sim-compare] point=2/50 arm=R2_ONLY symbolic=True/True sim=False final=False
[sim-compare] point=2/50 arm=CHECKER_LOOP symbolic=True/True sim=True final=True
[sim-compare] point=2/50 arm=ROUTED symbolic=True/True sim=True final=True
[sim-compare] point=3/50 pressure=duplicate_pick_after_prefix task=attribute_grouped_002 seed=0 start
[sim-compare] point=3/50 arm=NO_REPAIR symbolic=False/False sim=None final=False
[sim-compare] point=3/50 arm=R2_ONLY symbolic=False/False sim=None final=False
[sim-compare] point=3/50 arm=CHECKER_LOOP symbolic=True/True sim=False final=False
[sim-compare] point=3/50 arm=ROUTED symbolic=True/True sim=False final=False
[sim-compare] point=4/50 pressure=duplicate_pick_after_prefix task=attribute_grouped_003 seed=0 start
[sim-compare] point=4/50 arm=NO_REPAIR symbolic=False/False sim=None final=False
[sim-compare] point=4/50 arm=R2_ONLY symbolic=False/False sim=None final=False
[sim-compare] point=4/50 arm=CHECKER_LOOP symbolic=True/True sim=True final=True
[sim-compare] point=4/50 arm=ROUTED symbolic=True/True sim=False final=False
[sim-compare] point=5/50 pressure=duplicate_pick_after_prefix task=attribute_grouped_004 seed=0 start
[sim-compare] point=5/50 arm=NO_REPAIR symbolic=False/False sim=None final=False
[sim-compare] point=5/50 arm=R2_ONLY symbolic=False/False sim=None final=False
[sim-compare] point=5/50 arm=CHECKER_LOOP symbolic=True/True sim=True final=True
[sim-compare] point=5/50 arm=ROUTED symbolic=True/True sim=True final=True
[sim-compare] point=6/50 pressure=duplicate_pick_after_prefix task=attribute_grouped_005 seed=0 start
[sim-compare] point=6/50 arm=NO_REPAIR symbolic=False/False sim=None final=False
[sim-compare] point=6/50 arm=R2_ONLY symbolic=False/False sim=None final=False
[sim-compare] point=6/50 arm=CHECKER_LOOP symbolic=True/True sim=False final=False
[sim-compare] point=6/50 arm=ROUTED symbolic=True/True sim=True final=True
[sim-compare] point=7/50 pressure=duplicate_pick_after_prefix task=attribute_grouped_006 seed=0 start
[sim-compare] point=7/50 arm=NO_REPAIR symbolic=False/False sim=None final=False
[sim-compare] point=7/50 arm=R2_ONLY symbolic=True/True sim=False final=False
[sim-compare] point=7/50 arm=CHECKER_LOOP symbolic=True/True sim=True final=True
[sim-compare] point=7/50 arm=ROUTED symbolic=True/True sim=True final=True
[sim-compare] point=8/50 pressure=duplicate_pick_after_prefix task=attribute_grouped_007 seed=0 start
[sim-compare] point=8/50 arm=NO_REPAIR symbolic=False/False sim=None final=False
[sim-compare] point=8/50 arm=R2_ONLY symbolic=False/False sim=None final=False
[sim-compare] point=8/50 arm=CHECKER_LOOP symbolic=True/True sim=True final=True
[sim-compare] point=8/50 arm=ROUTED symbolic=True/True sim=True final=True
[sim-compare] point=9/50 pressure=duplicate_pick_after_prefix task=exclusion_constraint_008 seed=0 start
[sim-compare] point=9/50 arm=NO_REPAIR symbolic=False/False sim=None final=False
[sim-compare] point=9/50 arm=R2_ONLY symbolic=True/True sim=True final=True
[sim-compare] point=9/50 arm=CHECKER_LOOP symbolic=True/True sim=True final=True
[sim-compare] point=9/50 arm=ROUTED symbolic=True/True sim=True final=True
[sim-compare] point=10/50 pressure=duplicate_pick_after_prefix task=exclusion_constraint_009 seed=0 start
[sim-compare] point=10/50 arm=NO_REPAIR symbolic=False/False sim=None final=False
[sim-compare] point=10/50 arm=R2_ONLY symbolic=True/True sim=True final=True
[sim-compare] point=10/50 arm=CHECKER_LOOP symbolic=False/False sim=None final=False
[sim-compare] point=10/50 arm=ROUTED symbolic=True/True sim=True final=True
[sim-compare] point=11/50 pressure=unknown_object_after_prefix task=attribute_grouped_000 seed=0 start
[sim-compare] point=11/50 arm=NO_REPAIR symbolic=False/False sim=None final=False
[sim-compare] point=11/50 arm=R2_ONLY symbolic=False/False sim=None final=False
[sim-compare] point=11/50 arm=CHECKER_LOOP symbolic=True/True sim=False final=False
[sim-compare] point=11/50 arm=ROUTED symbolic=True/True sim=True final=True
[sim-compare] point=12/50 pressure=unknown_object_after_prefix task=attribute_grouped_001 seed=0 start
[sim-compare] point=12/50 arm=NO_REPAIR symbolic=False/False sim=None final=False
[sim-compare] point=12/50 arm=R2_ONLY symbolic=False/False sim=None final=False
[sim-compare] point=12/50 arm=CHECKER_LOOP symbolic=True/True sim=True final=True
[sim-compare] point=12/50 arm=ROUTED symbolic=True/True sim=True final=True
[sim-compare] point=13/50 pressure=unknown_object_after_prefix task=attribute_grouped_002 seed=0 start
[sim-compare] point=13/50 arm=NO_REPAIR symbolic=False/False sim=None final=False
[sim-compare] point=13/50 arm=R2_ONLY symbolic=False/False sim=None final=False
[sim-compare] point=13/50 arm=CHECKER_LOOP symbolic=True/True sim=True final=True
[sim-compare] point=13/50 arm=ROUTED symbolic=True/True sim=True final=True
[sim-compare] point=14/50 pressure=unknown_object_after_prefix task=attribute_grouped_003 seed=0 start
[sim-compare] point=14/50 arm=NO_REPAIR symbolic=False/False sim=None final=False
[sim-compare] point=14/50 arm=R2_ONLY symbolic=False/False sim=None final=False
[sim-compare] point=14/50 arm=CHECKER_LOOP symbolic=True/True sim=True final=True
[sim-compare] point=14/50 arm=ROUTED symbolic=True/True sim=True final=True
[sim-compare] point=15/50 pressure=unknown_object_after_prefix task=attribute_grouped_004 seed=0 start
[sim-compare] point=15/50 arm=NO_REPAIR symbolic=False/False sim=None final=False
[sim-compare] point=15/50 arm=R2_ONLY symbolic=False/False sim=None final=False
[sim-compare] point=15/50 arm=CHECKER_LOOP symbolic=True/True sim=True final=True
[sim-compare] point=15/50 arm=ROUTED symbolic=True/True sim=True final=True
[sim-compare] point=16/50 pressure=unknown_object_after_prefix task=attribute_grouped_005 seed=0 start
[sim-compare] point=16/50 arm=NO_REPAIR symbolic=False/False sim=None final=False
[sim-compare] point=16/50 arm=R2_ONLY symbolic=False/False sim=None final=False
[sim-compare] point=16/50 arm=CHECKER_LOOP symbolic=False/False sim=None final=False
[sim-compare] point=16/50 arm=ROUTED symbolic=True/True sim=True final=True
[sim-compare] point=17/50 pressure=unknown_object_after_prefix task=attribute_grouped_006 seed=0 start
[sim-compare] point=17/50 arm=NO_REPAIR symbolic=False/False sim=None final=False
[sim-compare] point=17/50 arm=R2_ONLY symbolic=False/False sim=None final=False
[sim-compare] point=17/50 arm=CHECKER_LOOP symbolic=False/False sim=None final=False
[sim-compare] point=17/50 arm=ROUTED symbolic=True/True sim=True final=True
[sim-compare] point=18/50 pressure=unknown_object_after_prefix task=attribute_grouped_007 seed=0 start
[sim-compare] point=18/50 arm=NO_REPAIR symbolic=False/False sim=None final=False
[sim-compare] point=18/50 arm=R2_ONLY symbolic=False/False sim=None final=False
[sim-compare] point=18/50 arm=CHECKER_LOOP symbolic=False/False sim=None final=False
[sim-compare] point=18/50 arm=ROUTED symbolic=True/True sim=True final=True
[sim-compare] point=19/50 pressure=unknown_object_after_prefix task=exclusion_constraint_008 seed=0 start
[sim-compare] point=19/50 arm=NO_REPAIR symbolic=False/False sim=None final=False
[sim-compare] point=19/50 arm=R2_ONLY symbolic=False/False sim=None final=False
[sim-compare] point=19/50 arm=CHECKER_LOOP symbolic=True/True sim=True final=True
[sim-compare] point=19/50 arm=ROUTED symbolic=True/True sim=True final=True
[sim-compare] point=20/50 pressure=unknown_object_after_prefix task=exclusion_constraint_009 seed=0 start
[sim-compare] point=20/50 arm=NO_REPAIR symbolic=False/False sim=None final=False
[sim-compare] point=20/50 arm=R2_ONLY symbolic=False/False sim=None final=False
[sim-compare] point=20/50 arm=CHECKER_LOOP symbolic=False/False sim=None final=False
[sim-compare] point=20/50 arm=ROUTED symbolic=True/True sim=True final=True
[sim-compare] point=21/50 pressure=invalid_target_after_prefix task=attribute_grouped_000 seed=0 start
[sim-compare] point=21/50 arm=NO_REPAIR symbolic=False/False sim=None final=False
[sim-compare] point=21/50 arm=R2_ONLY symbolic=True/True sim=False final=False
[sim-compare] point=21/50 arm=CHECKER_LOOP symbolic=True/True sim=True final=True
[sim-compare] point=21/50 arm=ROUTED symbolic=True/True sim=True final=True
[sim-compare] point=22/50 pressure=invalid_target_after_prefix task=attribute_grouped_001 seed=0 start
[sim-compare] point=22/50 arm=NO_REPAIR symbolic=False/False sim=None final=False
[sim-compare] point=22/50 arm=R2_ONLY symbolic=True/True sim=True final=True
[sim-compare] point=22/50 arm=CHECKER_LOOP symbolic=True/True sim=False final=False
[sim-compare] point=22/50 arm=ROUTED symbolic=True/True sim=False final=False
[sim-compare] point=23/50 pressure=invalid_target_after_prefix task=attribute_grouped_002 seed=0 start
[sim-compare] point=23/50 arm=NO_REPAIR symbolic=False/False sim=None final=False
[sim-compare] point=23/50 arm=R2_ONLY symbolic=True/True sim=True final=True
[sim-compare] point=23/50 arm=CHECKER_LOOP symbolic=True/True sim=True final=True
[sim-compare] point=23/50 arm=ROUTED symbolic=True/True sim=True final=True
[sim-compare] point=24/50 pressure=invalid_target_after_prefix task=attribute_grouped_003 seed=0 start
[sim-compare] point=24/50 arm=NO_REPAIR symbolic=False/False sim=None final=False
[sim-compare] point=24/50 arm=R2_ONLY symbolic=True/True sim=False final=False
[sim-compare] point=24/50 arm=CHECKER_LOOP symbolic=True/True sim=True final=True
[sim-compare] point=24/50 arm=ROUTED symbolic=True/True sim=True final=True
[sim-compare] point=25/50 pressure=invalid_target_after_prefix task=attribute_grouped_004 seed=0 start
[sim-compare] point=25/50 arm=NO_REPAIR symbolic=False/False sim=None final=False
[sim-compare] point=25/50 arm=R2_ONLY symbolic=True/True sim=True final=True
[sim-compare] point=25/50 arm=CHECKER_LOOP symbolic=True/True sim=True final=True
[sim-compare] point=25/50 arm=ROUTED symbolic=True/True sim=True final=True
[sim-compare] point=26/50 pressure=invalid_target_after_prefix task=attribute_grouped_005 seed=0 start
[sim-compare] point=26/50 arm=NO_REPAIR symbolic=False/False sim=None final=False
[sim-compare] point=26/50 arm=R2_ONLY symbolic=True/True sim=False final=False
[sim-compare] point=26/50 arm=CHECKER_LOOP symbolic=True/True sim=False final=False
[sim-compare] point=26/50 arm=ROUTED symbolic=True/True sim=True final=True
[sim-compare] point=27/50 pressure=invalid_target_after_prefix task=attribute_grouped_006 seed=0 start
[sim-compare] point=27/50 arm=NO_REPAIR symbolic=False/False sim=None final=False
[sim-compare] point=27/50 arm=R2_ONLY symbolic=True/True sim=True final=True
[sim-compare] point=27/50 arm=CHECKER_LOOP symbolic=True/True sim=True final=True
[sim-compare] point=27/50 arm=ROUTED symbolic=True/True sim=True final=True
[sim-compare] point=28/50 pressure=invalid_target_after_prefix task=attribute_grouped_007 seed=0 start
[sim-compare] point=28/50 arm=NO_REPAIR symbolic=False/False sim=None final=False
[sim-compare] point=28/50 arm=R2_ONLY symbolic=True/True sim=False final=False
[sim-compare] point=28/50 arm=CHECKER_LOOP symbolic=False/False sim=None final=False
[sim-compare] point=28/50 arm=ROUTED symbolic=True/True sim=True final=True
[sim-compare] point=29/50 pressure=invalid_target_after_prefix task=exclusion_constraint_008 seed=0 start
[sim-compare] point=29/50 arm=NO_REPAIR symbolic=False/False sim=None final=False
[sim-compare] point=29/50 arm=R2_ONLY symbolic=True/True sim=True final=True
[sim-compare] point=29/50 arm=CHECKER_LOOP symbolic=True/True sim=True final=True
[sim-compare] point=29/50 arm=ROUTED symbolic=True/True sim=True final=True
[sim-compare] point=30/50 pressure=invalid_target_after_prefix task=exclusion_constraint_009 seed=0 start
[sim-compare] point=30/50 arm=NO_REPAIR symbolic=False/False sim=None final=False
[sim-compare] point=30/50 arm=R2_ONLY symbolic=True/True sim=False final=False
[sim-compare] point=30/50 arm=CHECKER_LOOP symbolic=True/True sim=True final=True
[sim-compare] point=30/50 arm=ROUTED symbolic=True/True sim=True final=True
[sim-compare] point=31/50 pressure=place_before_pick task=attribute_grouped_000 seed=0 start
[sim-compare] point=31/50 arm=NO_REPAIR symbolic=False/False sim=None final=False
[sim-compare] point=31/50 arm=R2_ONLY symbolic=True/True sim=True final=True
[sim-compare] point=31/50 arm=CHECKER_LOOP symbolic=True/True sim=True final=True
[sim-compare] point=31/50 arm=ROUTED symbolic=True/True sim=False final=False
[sim-compare] point=32/50 pressure=place_before_pick task=attribute_grouped_001 seed=0 start
[sim-compare] point=32/50 arm=NO_REPAIR symbolic=False/False sim=None final=False
[sim-compare] point=32/50 arm=R2_ONLY symbolic=True/True sim=False final=False
[sim-compare] point=32/50 arm=CHECKER_LOOP symbolic=True/True sim=True final=True
[sim-compare] point=32/50 arm=ROUTED symbolic=True/True sim=True final=True
[sim-compare] point=33/50 pressure=place_before_pick task=attribute_grouped_002 seed=0 start
[sim-compare] point=33/50 arm=NO_REPAIR symbolic=False/False sim=None final=False
[sim-compare] point=33/50 arm=R2_ONLY symbolic=True/True sim=False final=False
[sim-compare] point=33/50 arm=CHECKER_LOOP symbolic=True/True sim=True final=True
[sim-compare] point=33/50 arm=ROUTED symbolic=True/True sim=True final=True
[sim-compare] point=34/50 pressure=place_before_pick task=attribute_grouped_003 seed=0 start
[sim-compare] point=34/50 arm=NO_REPAIR symbolic=False/False sim=None final=False
[sim-compare] point=34/50 arm=R2_ONLY symbolic=False/False sim=None final=False
[sim-compare] point=34/50 arm=CHECKER_LOOP symbolic=False/False sim=None final=False
[sim-compare] point=34/50 arm=ROUTED symbolic=False/False sim=None final=False
[sim-compare] point=35/50 pressure=place_before_pick task=attribute_grouped_004 seed=0 start
[sim-compare] point=35/50 arm=NO_REPAIR symbolic=False/False sim=None final=False
[sim-compare] point=35/50 arm=R2_ONLY symbolic=True/True sim=False final=False
[sim-compare] point=35/50 arm=CHECKER_LOOP symbolic=True/True sim=True final=True
[sim-compare] point=35/50 arm=ROUTED symbolic=True/True sim=True final=True
[sim-compare] point=36/50 pressure=place_before_pick task=attribute_grouped_005 seed=0 start
[sim-compare] point=36/50 arm=NO_REPAIR symbolic=False/False sim=None final=False
[sim-compare] point=36/50 arm=R2_ONLY symbolic=True/True sim=False final=False
[sim-compare] point=36/50 arm=CHECKER_LOOP symbolic=True/True sim=True final=True
[sim-compare] point=36/50 arm=ROUTED symbolic=True/True sim=True final=True
[sim-compare] point=37/50 pressure=place_before_pick task=attribute_grouped_006 seed=0 start
[sim-compare] point=37/50 arm=NO_REPAIR symbolic=False/False sim=None final=False
[sim-compare] point=37/50 arm=R2_ONLY symbolic=True/True sim=True final=True
[sim-compare] point=37/50 arm=CHECKER_LOOP symbolic=True/True sim=True final=True
[sim-compare] point=37/50 arm=ROUTED symbolic=True/True sim=True final=True
[sim-compare] point=38/50 pressure=place_before_pick task=attribute_grouped_007 seed=0 start
[sim-compare] point=38/50 arm=NO_REPAIR symbolic=False/False sim=None final=False
[sim-compare] point=38/50 arm=R2_ONLY symbolic=True/True sim=False final=False
[sim-compare] point=38/50 arm=CHECKER_LOOP symbolic=True/True sim=True final=True
[sim-compare] point=38/50 arm=ROUTED symbolic=True/True sim=True final=True
[sim-compare] point=39/50 pressure=place_before_pick task=exclusion_constraint_008 seed=0 start
[sim-compare] point=39/50 arm=NO_REPAIR symbolic=False/False sim=None final=False
[sim-compare] point=39/50 arm=R2_ONLY symbolic=True/True sim=True final=True
[sim-compare] point=39/50 arm=CHECKER_LOOP symbolic=True/True sim=True final=True
[sim-compare] point=39/50 arm=ROUTED symbolic=True/True sim=True final=True
[sim-compare] point=40/50 pressure=place_before_pick task=exclusion_constraint_009 seed=0 start
[sim-compare] point=40/50 arm=NO_REPAIR symbolic=False/False sim=None final=False
[sim-compare] point=40/50 arm=R2_ONLY symbolic=True/True sim=True final=True
[sim-compare] point=40/50 arm=CHECKER_LOOP symbolic=True/True sim=True final=True
[sim-compare] point=40/50 arm=ROUTED symbolic=True/True sim=True final=True
[sim-compare] point=41/50 pressure=repeat_pick_after_valid_plan task=attribute_grouped_000 seed=0 start
[sim-compare] point=41/50 arm=NO_REPAIR symbolic=False/False sim=None final=False
[sim-compare] point=41/50 arm=R2_ONLY symbolic=True/True sim=True final=True
[sim-compare] point=41/50 arm=CHECKER_LOOP symbolic=True/True sim=True final=True
[sim-compare] point=41/50 arm=ROUTED symbolic=True/True sim=True final=True
[sim-compare] point=42/50 pressure=repeat_pick_after_valid_plan task=attribute_grouped_001 seed=0 start
[sim-compare] point=42/50 arm=NO_REPAIR symbolic=False/False sim=None final=False
[sim-compare] point=42/50 arm=R2_ONLY symbolic=True/True sim=True final=True
[sim-compare] point=42/50 arm=CHECKER_LOOP symbolic=True/True sim=True final=True
[sim-compare] point=42/50 arm=ROUTED symbolic=True/True sim=True final=True
[sim-compare] point=43/50 pressure=repeat_pick_after_valid_plan task=attribute_grouped_002 seed=0 start
[sim-compare] point=43/50 arm=NO_REPAIR symbolic=False/False sim=None final=False
[sim-compare] point=43/50 arm=R2_ONLY symbolic=True/True sim=True final=True
[sim-compare] point=43/50 arm=CHECKER_LOOP symbolic=True/True sim=True final=True
[sim-compare] point=43/50 arm=ROUTED symbolic=True/True sim=True final=True
[sim-compare] point=44/50 pressure=repeat_pick_after_valid_plan task=attribute_grouped_003 seed=0 start
[sim-compare] point=44/50 arm=NO_REPAIR symbolic=False/False sim=None final=False
[sim-compare] point=44/50 arm=R2_ONLY symbolic=False/False sim=None final=False
[sim-compare] point=44/50 arm=CHECKER_LOOP symbolic=True/True sim=True final=True
[sim-compare] point=44/50 arm=ROUTED symbolic=True/True sim=True final=True
[sim-compare] point=45/50 pressure=repeat_pick_after_valid_plan task=attribute_grouped_004 seed=0 start
[sim-compare] point=45/50 arm=NO_REPAIR symbolic=False/False sim=None final=False
[sim-compare] point=45/50 arm=R2_ONLY symbolic=False/False sim=None final=False
[sim-compare] point=45/50 arm=CHECKER_LOOP symbolic=True/True sim=True final=True
[sim-compare] point=45/50 arm=ROUTED symbolic=True/True sim=True final=True
[sim-compare] point=46/50 pressure=repeat_pick_after_valid_plan task=attribute_grouped_005 seed=0 start
[sim-compare] point=46/50 arm=NO_REPAIR symbolic=False/False sim=None final=False
[sim-compare] point=46/50 arm=R2_ONLY symbolic=True/True sim=False final=False
[sim-compare] point=46/50 arm=CHECKER_LOOP symbolic=True/True sim=False final=False
[sim-compare] point=46/50 arm=ROUTED symbolic=True/True sim=True final=True
[sim-compare] point=47/50 pressure=repeat_pick_after_valid_plan task=attribute_grouped_006 seed=0 start
[sim-compare] point=47/50 arm=NO_REPAIR symbolic=False/False sim=None final=False
[sim-compare] point=47/50 arm=R2_ONLY symbolic=True/True sim=True final=True
[sim-compare] point=47/50 arm=CHECKER_LOOP symbolic=True/True sim=False final=False
