[sim-closed-loop] episode=1/1 task=multiskill_pick_place_000 family=pick_place seed=0 start
/root/autodl-tmp/.venvs/metaworld-lerobot/lib/python3.10/site-packages/transformers/utils/hub.py:110: FutureWarning: Using `TRANSFORMERS_CACHE` is deprecated and will be removed in v5 of Transformers. Use `HF_HOME` instead.
  warnings.warn(
/root/autodl-tmp/.venvs/metaworld-lerobot/lib/python3.10/site-packages/metaworld/policies/policy.py:49: UserWarning: Constant(s) may be too high. Environments clip response to [-1, 1]
  warnings.warn(
[sim-closed-loop] episode=1/1 success=True vlm_calls=1 replans=0 reason=None
Traceback (most recent call last):
  File "/root/autodl-tmp/ch3-planning/scripts/sim_closed_loop.py", line 430, in <module>
    main()
  File "/root/autodl-tmp/ch3-planning/scripts/sim_closed_loop.py", line 424, in main
    json.dumps(summary, ensure_ascii=False, indent=2), encoding="utf-8"
  File "/root/autodl-tmp/.venvs/metaworld-lerobot/lib/python3.10/json/__init__.py", line 238, in dumps
    **kw).encode(obj)
  File "/root/autodl-tmp/.venvs/metaworld-lerobot/lib/python3.10/json/encoder.py", line 201, in encode
    chunks = list(chunks)
  File "/root/autodl-tmp/.venvs/metaworld-lerobot/lib/python3.10/json/encoder.py", line 431, in _iterencode
    yield from _iterencode_dict(o, _current_indent_level)
  File "/root/autodl-tmp/.venvs/metaworld-lerobot/lib/python3.10/json/encoder.py", line 405, in _iterencode_dict
    yield from chunks
  File "/root/autodl-tmp/.venvs/metaworld-lerobot/lib/python3.10/json/encoder.py", line 325, in _iterencode_list
    yield from chunks
  File "/root/autodl-tmp/.venvs/metaworld-lerobot/lib/python3.10/json/encoder.py", line 405, in _iterencode_dict
    yield from chunks
  File "/root/autodl-tmp/.venvs/metaworld-lerobot/lib/python3.10/json/encoder.py", line 325, in _iterencode_list
    yield from chunks
  File "/root/autodl-tmp/.venvs/metaworld-lerobot/lib/python3.10/json/encoder.py", line 405, in _iterencode_dict
    yield from chunks
  File "/root/autodl-tmp/.venvs/metaworld-lerobot/lib/python3.10/json/encoder.py", line 325, in _iterencode_list
    yield from chunks
  File "/root/autodl-tmp/.venvs/metaworld-lerobot/lib/python3.10/json/encoder.py", line 438, in _iterencode
    o = _default(o)
  File "/root/autodl-tmp/.venvs/metaworld-lerobot/lib/python3.10/json/encoder.py", line 179, in default
    raise TypeError(f'Object of type {o.__class__.__name__} '
TypeError: Object of type ModelPlanAction is not JSON serializable
