[sim-compare] point=1/321 pressure=duplicate_skill_after_prefix task=multiskill_pick_place_000 seed=0 start
[sim-compare] point=1/321 arm=NO_REPAIR symbolic=False/False sim=None final=False
/root/autodl-tmp/.venvs/metaworld-lerobot/lib/python3.10/site-packages/transformers/utils/hub.py:110: FutureWarning: Using `TRANSFORMERS_CACHE` is deprecated and will be removed in v5 of Transformers. Use `HF_HOME` instead.
  warnings.warn(
/root/autodl-tmp/.venvs/metaworld-lerobot/lib/python3.10/site-packages/metaworld/policies/policy.py:49: UserWarning: Constant(s) may be too high. Environments clip response to [-1, 1]
  warnings.warn(
[sim-compare] point=1/321 arm=ROUTED symbolic=True/True sim=True final=True
[sim-compare] point=2/321 pressure=duplicate_skill_after_prefix task=multiskill_pick_place_000 seed=1 start
[sim-compare] point=2/321 arm=NO_REPAIR symbolic=False/False sim=None final=False
[sim-compare] point=2/321 arm=ROUTED symbolic=True/True sim=True final=True
[sim-compare] point=3/321 pressure=duplicate_skill_after_prefix task=multiskill_pick_place_000 seed=2 start
[sim-compare] point=3/321 arm=NO_REPAIR symbolic=False/False sim=None final=False
[sim-compare] point=3/321 arm=ROUTED symbolic=True/True sim=True final=True
[sim-compare] point=4/321 pressure=duplicate_skill_after_prefix task=multiskill_pick_place_001 seed=0 start
[sim-compare] point=4/321 arm=NO_REPAIR symbolic=False/False sim=None final=False
[sim-compare] point=4/321 arm=ROUTED symbolic=True/True sim=True final=True
[sim-compare] point=5/321 pressure=duplicate_skill_after_prefix task=multiskill_pick_place_001 seed=1 start
[sim-compare] point=5/321 arm=NO_REPAIR symbolic=False/False sim=None final=False
[sim-compare] point=5/321 arm=ROUTED symbolic=True/True sim=True final=True
[sim-compare] point=6/321 pressure=duplicate_skill_after_prefix task=multiskill_pick_place_001 seed=2 start
[sim-compare] point=6/321 arm=NO_REPAIR symbolic=False/False sim=None final=False
[sim-compare] point=6/321 arm=ROUTED symbolic=True/True sim=True final=True
[sim-compare] point=7/321 pressure=duplicate_skill_after_prefix task=multiskill_pick_place_002 seed=0 start
[sim-compare] point=7/321 arm=NO_REPAIR symbolic=False/False sim=None final=False
[sim-compare] point=7/321 arm=ROUTED symbolic=True/True sim=True final=True
[sim-compare] point=8/321 pressure=duplicate_skill_after_prefix task=multiskill_pick_place_002 seed=1 start
[sim-compare] point=8/321 arm=NO_REPAIR symbolic=False/False sim=None final=False
[sim-compare] point=8/321 arm=ROUTED symbolic=True/True sim=True final=True
[sim-compare] point=9/321 pressure=duplicate_skill_after_prefix task=multiskill_pick_place_002 seed=2 start
[sim-compare] point=9/321 arm=NO_REPAIR symbolic=False/False sim=None final=False
[sim-compare] point=9/321 arm=ROUTED symbolic=True/True sim=True final=True
[sim-compare] point=10/321 pressure=duplicate_skill_after_prefix task=multiskill_pick_place_003 seed=0 start
[sim-compare] point=10/321 arm=NO_REPAIR symbolic=False/False sim=None final=False
[sim-compare] point=10/321 arm=ROUTED symbolic=True/True sim=True final=True
[sim-compare] point=11/321 pressure=duplicate_skill_after_prefix task=multiskill_pick_place_003 seed=1 start
[sim-compare] point=11/321 arm=NO_REPAIR symbolic=False/False sim=None final=False
[sim-compare] point=11/321 arm=ROUTED symbolic=True/True sim=True final=True
[sim-compare] point=12/321 pressure=duplicate_skill_after_prefix task=multiskill_pick_place_003 seed=2 start
[sim-compare] point=12/321 arm=NO_REPAIR symbolic=False/False sim=None final=False
[sim-compare] point=12/321 arm=ROUTED symbolic=True/True sim=True final=True
[sim-compare] point=13/321 pressure=duplicate_skill_after_prefix task=multiskill_pick_place_004 seed=0 start
[sim-compare] point=13/321 arm=NO_REPAIR symbolic=False/False sim=None final=False
[sim-compare] point=13/321 arm=ROUTED symbolic=True/True sim=True final=True
[sim-compare] point=14/321 pressure=duplicate_skill_after_prefix task=multiskill_pick_place_004 seed=1 start
[sim-compare] point=14/321 arm=NO_REPAIR symbolic=False/False sim=None final=False
[sim-compare] point=14/321 arm=ROUTED symbolic=True/True sim=True final=True
[sim-compare] point=15/321 pressure=duplicate_skill_after_prefix task=multiskill_pick_place_004 seed=2 start
[sim-compare] point=15/321 arm=NO_REPAIR symbolic=False/False sim=None final=False
[sim-compare] point=15/321 arm=ROUTED symbolic=True/True sim=True final=True
[sim-compare] point=16/321 pressure=duplicate_skill_after_prefix task=multiskill_pick_place_005 seed=0 start
[sim-compare] point=16/321 arm=NO_REPAIR symbolic=False/False sim=None final=False
[sim-compare] point=16/321 arm=ROUTED symbolic=True/True sim=True final=True
[sim-compare] point=17/321 pressure=duplicate_skill_after_prefix task=multiskill_pick_place_005 seed=1 start
[sim-compare] point=17/321 arm=NO_REPAIR symbolic=False/False sim=None final=False
[sim-compare] point=17/321 arm=ROUTED symbolic=True/True sim=True final=True
[sim-compare] point=18/321 pressure=duplicate_skill_after_prefix task=multiskill_pick_place_005 seed=2 start
[sim-compare] point=18/321 arm=NO_REPAIR symbolic=False/False sim=None final=False
[sim-compare] point=18/321 arm=ROUTED symbolic=True/True sim=True final=True
[sim-compare] point=19/321 pressure=duplicate_skill_after_prefix task=multiskill_pick_place_006 seed=0 start
[sim-compare] point=19/321 arm=NO_REPAIR symbolic=False/False sim=None final=False
[sim-compare] point=19/321 arm=ROUTED symbolic=True/True sim=True final=True
[sim-compare] point=20/321 pressure=duplicate_skill_after_prefix task=multiskill_pick_place_006 seed=1 start
[sim-compare] point=20/321 arm=NO_REPAIR symbolic=False/False sim=None final=False
[sim-compare] point=20/321 arm=ROUTED symbolic=True/True sim=True final=True
[sim-compare] point=21/321 pressure=duplicate_skill_after_prefix task=multiskill_pick_place_006 seed=2 start
[sim-compare] point=21/321 arm=NO_REPAIR symbolic=False/False sim=None final=False
[sim-compare] point=21/321 arm=ROUTED symbolic=True/True sim=True final=True
[sim-compare] point=22/321 pressure=duplicate_skill_after_prefix task=multiskill_pick_place_007 seed=0 start
[sim-compare] point=22/321 arm=NO_REPAIR symbolic=False/False sim=None final=False
[sim-compare] point=22/321 arm=ROUTED symbolic=True/True sim=True final=True
[sim-compare] point=23/321 pressure=duplicate_skill_after_prefix task=multiskill_pick_place_007 seed=1 start
[sim-compare] point=23/321 arm=NO_REPAIR symbolic=False/False sim=None final=False
[sim-compare] point=23/321 arm=ROUTED symbolic=True/True sim=True final=True
[sim-compare] point=24/321 pressure=duplicate_skill_after_prefix task=multiskill_pick_place_007 seed=2 start
[sim-compare] point=24/321 arm=NO_REPAIR symbolic=False/False sim=None final=False
[sim-compare] point=24/321 arm=ROUTED symbolic=True/True sim=True final=True
[sim-compare] point=25/321 pressure=duplicate_skill_after_prefix task=multiskill_pick_place_008 seed=0 start
[sim-compare] point=25/321 arm=NO_REPAIR symbolic=False/False sim=None final=False
[sim-compare] point=25/321 arm=ROUTED symbolic=True/True sim=True final=True
[sim-compare] point=26/321 pressure=duplicate_skill_after_prefix task=multiskill_pick_place_008 seed=1 start
[sim-compare] point=26/321 arm=NO_REPAIR symbolic=False/False sim=None final=False
[sim-compare] point=26/321 arm=ROUTED symbolic=True/True sim=True final=True
[sim-compare] point=27/321 pressure=duplicate_skill_after_prefix task=multiskill_pick_place_008 seed=2 start
[sim-compare] point=27/321 arm=NO_REPAIR symbolic=False/False sim=None final=False
[sim-compare] point=27/321 arm=ROUTED symbolic=True/True sim=True final=True
[sim-compare] point=28/321 pressure=duplicate_skill_after_prefix task=multiskill_pick_place_009 seed=0 start
[sim-compare] point=28/321 arm=NO_REPAIR symbolic=False/False sim=None final=False
[sim-compare] point=28/321 arm=ROUTED symbolic=True/True sim=True final=True
[sim-compare] point=29/321 pressure=duplicate_skill_after_prefix task=multiskill_pick_place_009 seed=1 start
[sim-compare] point=29/321 arm=NO_REPAIR symbolic=False/False sim=None final=False
[sim-compare] point=29/321 arm=ROUTED symbolic=True/True sim=False final=False
[sim-compare] point=30/321 pressure=duplicate_skill_after_prefix task=multiskill_pick_place_009 seed=2 start
[sim-compare] point=30/321 arm=NO_REPAIR symbolic=False/False sim=None final=False
[sim-compare] point=30/321 arm=ROUTED symbolic=True/True sim=True final=True
[sim-compare] point=31/321 pressure=duplicate_skill_after_prefix task=multiskill_pick_place_010 seed=0 start
[sim-compare] point=31/321 arm=NO_REPAIR symbolic=False/False sim=None final=False
[sim-compare] point=31/321 arm=ROUTED symbolic=True/True sim=False final=False
[sim-compare] point=32/321 pressure=duplicate_skill_after_prefix task=multiskill_pick_place_010 seed=1 start
[sim-compare] point=32/321 arm=NO_REPAIR symbolic=False/False sim=None final=False
[sim-compare] point=32/321 arm=ROUTED symbolic=True/True sim=True final=True
[sim-compare] point=33/321 pressure=duplicate_skill_after_prefix task=multiskill_pick_place_010 seed=2 start
[sim-compare] point=33/321 arm=NO_REPAIR symbolic=False/False sim=None final=False
[sim-compare] point=33/321 arm=ROUTED symbolic=True/True sim=True final=True
[sim-compare] point=34/321 pressure=duplicate_skill_after_prefix task=multiskill_pick_place_011 seed=0 start
[sim-compare] point=34/321 arm=NO_REPAIR symbolic=False/False sim=None final=False
[sim-compare] point=34/321 arm=ROUTED symbolic=True/True sim=True final=True
[sim-compare] point=35/321 pressure=duplicate_skill_after_prefix task=multiskill_pick_place_011 seed=1 start
[sim-compare] point=35/321 arm=NO_REPAIR symbolic=False/False sim=None final=False
[sim-compare] point=35/321 arm=ROUTED symbolic=True/True sim=True final=True
[sim-compare] point=36/321 pressure=duplicate_skill_after_prefix task=multiskill_pick_place_011 seed=2 start
[sim-compare] point=36/321 arm=NO_REPAIR symbolic=False/False sim=None final=False
[sim-compare] point=36/321 arm=ROUTED symbolic=True/True sim=True final=True
[sim-compare] point=37/321 pressure=duplicate_skill_after_prefix task=multiskill_press_024 seed=0 start
[sim-compare] point=37/321 arm=NO_REPAIR symbolic=False/False sim=None final=False
[sim-compare] point=37/321 arm=ROUTED symbolic=True/True sim=True final=True
[sim-compare] point=38/321 pressure=duplicate_skill_after_prefix task=multiskill_press_024 seed=1 start
[sim-compare] point=38/321 arm=NO_REPAIR symbolic=False/False sim=None final=False
[sim-compare] point=38/321 arm=ROUTED symbolic=True/True sim=True final=True
[sim-compare] point=39/321 pressure=duplicate_skill_after_prefix task=multiskill_press_024 seed=2 start
[sim-compare] point=39/321 arm=NO_REPAIR symbolic=False/False sim=None final=False
[sim-compare] point=39/321 arm=ROUTED symbolic=True/True sim=True final=True
[sim-compare] point=40/321 pressure=duplicate_skill_after_prefix task=multiskill_press_025 seed=0 start
[sim-compare] point=40/321 arm=NO_REPAIR symbolic=False/False sim=None final=False
[sim-compare] point=40/321 arm=ROUTED symbolic=True/True sim=True final=True
[sim-compare] point=41/321 pressure=duplicate_skill_after_prefix task=multiskill_press_025 seed=1 start
[sim-compare] point=41/321 arm=NO_REPAIR symbolic=False/False sim=None final=False
[sim-compare] point=41/321 arm=ROUTED symbolic=True/True sim=True final=True
[sim-compare] point=42/321 pressure=duplicate_skill_after_prefix task=multiskill_press_025 seed=2 start
[sim-compare] point=42/321 arm=NO_REPAIR symbolic=False/False sim=None final=False
[sim-compare] point=42/321 arm=ROUTED symbolic=True/True sim=True final=True
[sim-compare] point=43/321 pressure=duplicate_skill_after_prefix task=multiskill_press_026 seed=0 start
[sim-compare] point=43/321 arm=NO_REPAIR symbolic=False/False sim=None final=False
[sim-compare] point=43/321 arm=ROUTED symbolic=True/True sim=True final=True
[sim-compare] point=44/321 pressure=duplicate_skill_after_prefix task=multiskill_press_026 seed=1 start
[sim-compare] point=44/321 arm=NO_REPAIR symbolic=False/False sim=None final=False
[sim-compare] point=44/321 arm=ROUTED symbolic=True/True sim=True final=True
[sim-compare] point=45/321 pressure=duplicate_skill_after_prefix task=multiskill_press_027 seed=0 start
[sim-compare] point=45/321 arm=NO_REPAIR symbolic=False/False sim=None final=False
[sim-compare] point=45/321 arm=ROUTED symbolic=True/True sim=True final=True
[sim-compare] point=46/321 pressure=duplicate_skill_after_prefix task=multiskill_press_027 seed=1 start
[sim-compare] point=46/321 arm=NO_REPAIR symbolic=False/False sim=None final=False
[sim-compare] point=46/321 arm=ROUTED symbolic=True/True sim=True final=True
[sim-compare] point=47/321 pressure=duplicate_skill_after_prefix task=multiskill_press_027 seed=2 start
[sim-compare] point=47/321 arm=NO_REPAIR symbolic=False/False sim=None final=False
[sim-compare] point=47/321 arm=ROUTED symbolic=True/True sim=True final=True
[sim-compare] point=48/321 pressure=duplicate_skill_after_prefix task=multiskill_press_028 seed=0 start
[sim-compare] point=48/321 arm=NO_REPAIR symbolic=False/False sim=None final=False
[sim-compare] point=48/321 arm=ROUTED symbolic=True/True sim=True final=True
[sim-compare] point=49/321 pressure=duplicate_skill_after_prefix task=multiskill_press_028 seed=1 start
[sim-compare] point=49/321 arm=NO_REPAIR symbolic=False/False sim=None final=False
[sim-compare] point=49/321 arm=ROUTED symbolic=True/True sim=True final=True
[sim-compare] point=50/321 pressure=duplicate_skill_after_prefix task=multiskill_press_028 seed=2 start
[sim-compare] point=50/321 arm=NO_REPAIR symbolic=False/False sim=None final=False
[sim-compare] point=50/321 arm=ROUTED symbolic=True/True sim=True final=True
[sim-compare] point=51/321 pressure=duplicate_skill_after_prefix task=multiskill_press_029 seed=0 start
[sim-compare] point=51/321 arm=NO_REPAIR symbolic=False/False sim=None final=False
[sim-compare] point=51/321 arm=ROUTED symbolic=True/True sim=True final=True
[sim-compare] point=52/321 pressure=duplicate_skill_after_prefix task=multiskill_press_029 seed=1 start
[sim-compare] point=52/321 arm=NO_REPAIR symbolic=False/False sim=None final=False
[sim-compare] point=52/321 arm=ROUTED symbolic=True/True sim=True final=True
[sim-compare] point=53/321 pressure=duplicate_skill_after_prefix task=multiskill_press_029 seed=2 start
[sim-compare] point=53/321 arm=NO_REPAIR symbolic=False/False sim=None final=False
[sim-compare] point=53/321 arm=ROUTED symbolic=True/True sim=True final=True
[sim-compare] point=54/321 pressure=duplicate_skill_after_prefix task=multiskill_press_030 seed=0 start
[sim-compare] point=54/321 arm=NO_REPAIR symbolic=False/False sim=None final=False
[sim-compare] point=54/321 arm=ROUTED symbolic=True/True sim=True final=True
[sim-compare] point=55/321 pressure=duplicate_skill_after_prefix task=multiskill_press_030 seed=1 start
[sim-compare] point=55/321 arm=NO_REPAIR symbolic=False/False sim=None final=False
[sim-compare] point=55/321 arm=ROUTED symbolic=True/True sim=True final=True
[sim-compare] point=56/321 pressure=duplicate_skill_after_prefix task=multiskill_press_030 seed=2 start
[sim-compare] point=56/321 arm=NO_REPAIR symbolic=False/False sim=None final=False
[sim-compare] point=56/321 arm=ROUTED symbolic=True/True sim=True final=True
[sim-compare] point=57/321 pressure=duplicate_skill_after_prefix task=multiskill_press_031 seed=0 start
[sim-compare] point=57/321 arm=NO_REPAIR symbolic=False/False sim=None final=False
[sim-compare] point=57/321 arm=ROUTED symbolic=True/True sim=True final=True
[sim-compare] point=58/321 pressure=duplicate_skill_after_prefix task=multiskill_press_031 seed=1 start
[sim-compare] point=58/321 arm=NO_REPAIR symbolic=False/False sim=None final=False
[sim-compare] point=58/321 arm=ROUTED symbolic=True/True sim=True final=True
[sim-compare] point=59/321 pressure=duplicate_skill_after_prefix task=multiskill_press_031 seed=2 start
[sim-compare] point=59/321 arm=NO_REPAIR symbolic=False/False sim=None final=False
[sim-compare] point=59/321 arm=ROUTED symbolic=True/True sim=True final=True
[sim-compare] point=60/321 pressure=duplicate_skill_after_prefix task=multiskill_press_032 seed=0 start
[sim-compare] point=60/321 arm=NO_REPAIR symbolic=False/False sim=None final=False
[sim-compare] point=60/321 arm=ROUTED symbolic=True/True sim=True final=True
[sim-compare] point=61/321 pressure=duplicate_skill_after_prefix task=multiskill_press_032 seed=1 start
[sim-compare] point=61/321 arm=NO_REPAIR symbolic=False/False sim=None final=False
[sim-compare] point=61/321 arm=ROUTED symbolic=True/True sim=True final=True
[sim-compare] point=62/321 pressure=duplicate_skill_after_prefix task=multiskill_press_032 seed=2 start
[sim-compare] point=62/321 arm=NO_REPAIR symbolic=False/False sim=None final=False
[sim-compare] point=62/321 arm=ROUTED symbolic=True/True sim=True final=True
[sim-compare] point=63/321 pressure=duplicate_skill_after_prefix task=multiskill_press_033 seed=0 start
[sim-compare] point=63/321 arm=NO_REPAIR symbolic=False/False sim=None final=False
[sim-compare] point=63/321 arm=ROUTED symbolic=True/True sim=True final=True
[sim-compare] point=64/321 pressure=duplicate_skill_after_prefix task=multiskill_press_033 seed=1 start
[sim-compare] point=64/321 arm=NO_REPAIR symbolic=False/False sim=None final=False
[sim-compare] point=64/321 arm=ROUTED symbolic=True/True sim=True final=True
[sim-compare] point=65/321 pressure=duplicate_skill_after_prefix task=multiskill_press_033 seed=2 start
[sim-compare] point=65/321 arm=NO_REPAIR symbolic=False/False sim=None final=False
[sim-compare] point=65/321 arm=ROUTED symbolic=True/True sim=True final=True
[sim-compare] point=66/321 pressure=duplicate_skill_after_prefix task=multiskill_press_034 seed=0 start
[sim-compare] point=66/321 arm=NO_REPAIR symbolic=False/False sim=None final=False
[sim-compare] point=66/321 arm=ROUTED symbolic=True/True sim=True final=True
[sim-compare] point=67/321 pressure=duplicate_skill_after_prefix task=multiskill_press_034 seed=1 start
[sim-compare] point=67/321 arm=NO_REPAIR symbolic=False/False sim=None final=False
[sim-compare] point=67/321 arm=ROUTED symbolic=True/True sim=True final=True
[sim-compare] point=68/321 pressure=duplicate_skill_after_prefix task=multiskill_press_034 seed=2 start
[sim-compare] point=68/321 arm=NO_REPAIR symbolic=False/False sim=None final=False
[sim-compare] point=68/321 arm=ROUTED symbolic=True/True sim=True final=True
[sim-compare] point=69/321 pressure=duplicate_skill_after_prefix task=multiskill_press_035 seed=0 start
[sim-compare] point=69/321 arm=NO_REPAIR symbolic=False/False sim=None final=False
[sim-compare] point=69/321 arm=ROUTED symbolic=True/True sim=True final=True
[sim-compare] point=70/321 pressure=duplicate_skill_after_prefix task=multiskill_press_035 seed=1 start
[sim-compare] point=70/321 arm=NO_REPAIR symbolic=False/False sim=None final=False
[sim-compare] point=70/321 arm=ROUTED symbolic=True/True sim=True final=True
[sim-compare] point=71/321 pressure=duplicate_skill_after_prefix task=multiskill_press_035 seed=2 start
[sim-compare] point=71/321 arm=NO_REPAIR symbolic=False/False sim=None final=False
[sim-compare] point=71/321 arm=ROUTED symbolic=True/True sim=True final=True
[sim-compare] point=72/321 pressure=duplicate_skill_after_prefix task=multiskill_push_012 seed=0 start
[sim-compare] point=72/321 arm=NO_REPAIR symbolic=False/False sim=None final=False
[sim-compare] point=72/321 arm=ROUTED symbolic=True/True sim=True final=True
[sim-compare] point=73/321 pressure=duplicate_skill_after_prefix task=multiskill_push_012 seed=1 start
[sim-compare] point=73/321 arm=NO_REPAIR symbolic=False/False sim=None final=False
[sim-compare] point=73/321 arm=ROUTED symbolic=True/True sim=True final=True
[sim-compare] point=74/321 pressure=duplicate_skill_after_prefix task=multiskill_push_012 seed=2 start
[sim-compare] point=74/321 arm=NO_REPAIR symbolic=False/False sim=None final=False
[sim-compare] point=74/321 arm=ROUTED symbolic=True/True sim=True final=True
[sim-compare] point=75/321 pressure=duplicate_skill_after_prefix task=multiskill_push_013 seed=0 start
[sim-compare] point=75/321 arm=NO_REPAIR symbolic=False/False sim=None final=False
[sim-compare] point=75/321 arm=ROUTED symbolic=True/True sim=True final=True
[sim-compare] point=76/321 pressure=duplicate_skill_after_prefix task=multiskill_push_013 seed=1 start
[sim-compare] point=76/321 arm=NO_REPAIR symbolic=False/False sim=None final=False
[sim-compare] point=76/321 arm=ROUTED symbolic=True/True sim=True final=True
[sim-compare] point=77/321 pressure=duplicate_skill_after_prefix task=multiskill_push_013 seed=2 start
[sim-compare] point=77/321 arm=NO_REPAIR symbolic=False/False sim=None final=False
[sim-compare] point=77/321 arm=ROUTED symbolic=True/True sim=True final=True
[sim-compare] point=78/321 pressure=duplicate_skill_after_prefix task=multiskill_push_014 seed=0 start
[sim-compare] point=78/321 arm=NO_REPAIR symbolic=False/False sim=None final=False
[sim-compare] point=78/321 arm=ROUTED symbolic=True/True sim=True final=True
[sim-compare] point=79/321 pressure=duplicate_skill_after_prefix task=multiskill_push_014 seed=1 start
[sim-compare] point=79/321 arm=NO_REPAIR symbolic=False/False sim=None final=False
[sim-compare] point=79/321 arm=ROUTED symbolic=True/True sim=True final=True
[sim-compare] point=80/321 pressure=duplicate_skill_after_prefix task=multiskill_push_014 seed=2 start
[sim-compare] point=80/321 arm=NO_REPAIR symbolic=False/False sim=None final=False
[sim-compare] point=80/321 arm=ROUTED symbolic=True/True sim=True final=True
[sim-compare] point=81/321 pressure=duplicate_skill_after_prefix task=multiskill_push_015 seed=0 start
[sim-compare] point=81/321 arm=NO_REPAIR symbolic=False/False sim=None final=False
[sim-compare] point=81/321 arm=ROUTED symbolic=True/True sim=True final=True
[sim-compare] point=82/321 pressure=duplicate_skill_after_prefix task=multiskill_push_015 seed=1 start
[sim-compare] point=82/321 arm=NO_REPAIR symbolic=False/False sim=None final=False
[sim-compare] point=82/321 arm=ROUTED symbolic=True/True sim=True final=True
[sim-compare] point=83/321 pressure=duplicate_skill_after_prefix task=multiskill_push_015 seed=2 start
[sim-compare] point=83/321 arm=NO_REPAIR symbolic=False/False sim=None final=False
[sim-compare] point=83/321 arm=ROUTED symbolic=True/True sim=True final=True
[sim-compare] point=84/321 pressure=duplicate_skill_after_prefix task=multiskill_push_016 seed=0 start
[sim-compare] point=84/321 arm=NO_REPAIR symbolic=False/False sim=None final=False
[sim-compare] point=84/321 arm=ROUTED symbolic=True/True sim=True final=True
[sim-compare] point=85/321 pressure=duplicate_skill_after_prefix task=multiskill_push_016 seed=1 start
[sim-compare] point=85/321 arm=NO_REPAIR symbolic=False/False sim=None final=False
[sim-compare] point=85/321 arm=ROUTED symbolic=True/True sim=True final=True
[sim-compare] point=86/321 pressure=duplicate_skill_after_prefix task=multiskill_push_016 seed=2 start
[sim-compare] point=86/321 arm=NO_REPAIR symbolic=False/False sim=None final=False
[sim-compare] point=86/321 arm=ROUTED symbolic=True/True sim=True final=True
[sim-compare] point=87/321 pressure=duplicate_skill_after_prefix task=multiskill_push_017 seed=0 start
[sim-compare] point=87/321 arm=NO_REPAIR symbolic=False/False sim=None final=False
[sim-compare] point=87/321 arm=ROUTED symbolic=True/True sim=True final=True
[sim-compare] point=88/321 pressure=duplicate_skill_after_prefix task=multiskill_push_017 seed=1 start
[sim-compare] point=88/321 arm=NO_REPAIR symbolic=False/False sim=None final=False
[sim-compare] point=88/321 arm=ROUTED symbolic=True/True sim=True final=True
[sim-compare] point=89/321 pressure=duplicate_skill_after_prefix task=multiskill_push_017 seed=2 start
[sim-compare] point=89/321 arm=NO_REPAIR symbolic=False/False sim=None final=False
[sim-compare] point=89/321 arm=ROUTED symbolic=True/True sim=True final=True
[sim-compare] point=90/321 pressure=duplicate_skill_after_prefix task=multiskill_push_018 seed=0 start
[sim-compare] point=90/321 arm=NO_REPAIR symbolic=False/False sim=None final=False
[sim-compare] point=90/321 arm=ROUTED symbolic=True/True sim=True final=True
[sim-compare] point=91/321 pressure=duplicate_skill_after_prefix task=multiskill_push_018 seed=1 start
[sim-compare] point=91/321 arm=NO_REPAIR symbolic=False/False sim=None final=False
[sim-compare] point=91/321 arm=ROUTED symbolic=True/True sim=True final=True
[sim-compare] point=92/321 pressure=duplicate_skill_after_prefix task=multiskill_push_018 seed=2 start
[sim-compare] point=92/321 arm=NO_REPAIR symbolic=False/False sim=None final=False
[sim-compare] point=92/321 arm=ROUTED symbolic=True/True sim=True final=True
[sim-compare] point=93/321 pressure=duplicate_skill_after_prefix task=multiskill_push_019 seed=0 start
[sim-compare] point=93/321 arm=NO_REPAIR symbolic=False/False sim=None final=False
[sim-compare] point=93/321 arm=ROUTED symbolic=True/True sim=True final=True
[sim-compare] point=94/321 pressure=duplicate_skill_after_prefix task=multiskill_push_019 seed=1 start
[sim-compare] point=94/321 arm=NO_REPAIR symbolic=False/False sim=None final=False
[sim-compare] point=94/321 arm=ROUTED symbolic=True/True sim=True final=True
[sim-compare] point=95/321 pressure=duplicate_skill_after_prefix task=multiskill_push_019 seed=2 start
[sim-compare] point=95/321 arm=NO_REPAIR symbolic=False/False sim=None final=False
[sim-compare] point=95/321 arm=ROUTED symbolic=True/True sim=True final=True
[sim-compare] point=96/321 pressure=duplicate_skill_after_prefix task=multiskill_push_020 seed=0 start
[sim-compare] point=96/321 arm=NO_REPAIR symbolic=False/False sim=None final=False
[sim-compare] point=96/321 arm=ROUTED symbolic=True/True sim=True final=True
[sim-compare] point=97/321 pressure=duplicate_skill_after_prefix task=multiskill_push_020 seed=1 start
[sim-compare] point=97/321 arm=NO_REPAIR symbolic=False/False sim=None final=False
[sim-compare] point=97/321 arm=ROUTED symbolic=True/True sim=True final=True
[sim-compare] point=98/321 pressure=duplicate_skill_after_prefix task=multiskill_push_020 seed=2 start
[sim-compare] point=98/321 arm=NO_REPAIR symbolic=False/False sim=None final=False
[sim-compare] point=98/321 arm=ROUTED symbolic=True/True sim=True final=True
[sim-compare] point=99/321 pressure=duplicate_skill_after_prefix task=multiskill_push_021 seed=0 start
[sim-compare] point=99/321 arm=NO_REPAIR symbolic=False/False sim=None final=False
[sim-compare] point=99/321 arm=ROUTED symbolic=True/True sim=True final=True
[sim-compare] point=100/321 pressure=duplicate_skill_after_prefix task=multiskill_push_021 seed=1 start
[sim-compare] point=100/321 arm=NO_REPAIR symbolic=False/False sim=None final=False
[sim-compare] point=100/321 arm=ROUTED symbolic=True/True sim=True final=True
[sim-compare] point=101/321 pressure=duplicate_skill_after_prefix task=multiskill_push_021 seed=2 start
[sim-compare] point=101/321 arm=NO_REPAIR symbolic=False/False sim=None final=False
[sim-compare] point=101/321 arm=ROUTED symbolic=True/True sim=True final=True
[sim-compare] point=102/321 pressure=duplicate_skill_after_prefix task=multiskill_push_022 seed=0 start
[sim-compare] point=102/321 arm=NO_REPAIR symbolic=False/False sim=None final=False
[sim-compare] point=102/321 arm=ROUTED symbolic=True/True sim=True final=True
[sim-compare] point=103/321 pressure=duplicate_skill_after_prefix task=multiskill_push_022 seed=1 start
[sim-compare] point=103/321 arm=NO_REPAIR symbolic=False/False sim=None final=False
[sim-compare] point=103/321 arm=ROUTED symbolic=True/True sim=True final=True
[sim-compare] point=104/321 pressure=duplicate_skill_after_prefix task=multiskill_push_022 seed=2 start
[sim-compare] point=104/321 arm=NO_REPAIR symbolic=False/False sim=None final=False
[sim-compare] point=104/321 arm=ROUTED symbolic=True/True sim=True final=True
[sim-compare] point=105/321 pressure=duplicate_skill_after_prefix task=multiskill_push_023 seed=0 start
[sim-compare] point=105/321 arm=NO_REPAIR symbolic=False/False sim=None final=False
[sim-compare] point=105/321 arm=ROUTED symbolic=True/True sim=True final=True
[sim-compare] point=106/321 pressure=duplicate_skill_after_prefix task=multiskill_push_023 seed=1 start
[sim-compare] point=106/321 arm=NO_REPAIR symbolic=False/False sim=None final=False
[sim-compare] point=106/321 arm=ROUTED symbolic=True/True sim=True final=True
[sim-compare] point=107/321 pressure=duplicate_skill_after_prefix task=multiskill_push_023 seed=2 start
[sim-compare] point=107/321 arm=NO_REPAIR symbolic=False/False sim=None final=False
[sim-compare] point=107/321 arm=ROUTED symbolic=True/True sim=True final=True
[sim-compare] point=108/321 pressure=unknown_object_after_generic_prefix task=multiskill_pick_place_000 seed=0 start
[sim-compare] point=108/321 arm=NO_REPAIR symbolic=False/False sim=None final=False
[sim-compare] point=108/321 arm=ROUTED symbolic=True/True sim=True final=True
[sim-compare] point=109/321 pressure=unknown_object_after_generic_prefix task=multiskill_pick_place_000 seed=1 start
[sim-compare] point=109/321 arm=NO_REPAIR symbolic=False/False sim=None final=False
[sim-compare] point=109/321 arm=ROUTED symbolic=True/True sim=True final=True
[sim-compare] point=110/321 pressure=unknown_object_after_generic_prefix task=multiskill_pick_place_000 seed=2 start
[sim-compare] point=110/321 arm=NO_REPAIR symbolic=False/False sim=None final=False
[sim-compare] point=110/321 arm=ROUTED symbolic=True/True sim=True final=True
[sim-compare] point=111/321 pressure=unknown_object_after_generic_prefix task=multiskill_pick_place_001 seed=0 start
[sim-compare] point=111/321 arm=NO_REPAIR symbolic=False/False sim=None final=False
[sim-compare] point=111/321 arm=ROUTED symbolic=True/True sim=True final=True
[sim-compare] point=112/321 pressure=unknown_object_after_generic_prefix task=multiskill_pick_place_001 seed=1 start
[sim-compare] point=112/321 arm=NO_REPAIR symbolic=False/False sim=None final=False
[sim-compare] point=112/321 arm=ROUTED symbolic=True/True sim=True final=True
[sim-compare] point=113/321 pressure=unknown_object_after_generic_prefix task=multiskill_pick_place_001 seed=2 start
[sim-compare] point=113/321 arm=NO_REPAIR symbolic=False/False sim=None final=False
[sim-compare] point=113/321 arm=ROUTED symbolic=True/True sim=False final=False
[sim-compare] point=114/321 pressure=unknown_object_after_generic_prefix task=multiskill_pick_place_002 seed=0 start
[sim-compare] point=114/321 arm=NO_REPAIR symbolic=False/False sim=None final=False
[sim-compare] point=114/321 arm=ROUTED symbolic=True/True sim=True final=True
[sim-compare] point=115/321 pressure=unknown_object_after_generic_prefix task=multiskill_pick_place_002 seed=1 start
[sim-compare] point=115/321 arm=NO_REPAIR symbolic=False/False sim=None final=False
[sim-compare] point=115/321 arm=ROUTED symbolic=True/True sim=True final=True
[sim-compare] point=116/321 pressure=unknown_object_after_generic_prefix task=multiskill_pick_place_002 seed=2 start
[sim-compare] point=116/321 arm=NO_REPAIR symbolic=False/False sim=None final=False
[sim-compare] point=116/321 arm=ROUTED symbolic=True/True sim=True final=True
[sim-compare] point=117/321 pressure=unknown_object_after_generic_prefix task=multiskill_pick_place_003 seed=0 start
[sim-compare] point=117/321 arm=NO_REPAIR symbolic=False/False sim=None final=False
[sim-compare] point=117/321 arm=ROUTED symbolic=True/True sim=True final=True
[sim-compare] point=118/321 pressure=unknown_object_after_generic_prefix task=multiskill_pick_place_003 seed=1 start
[sim-compare] point=118/321 arm=NO_REPAIR symbolic=False/False sim=None final=False
[sim-compare] point=118/321 arm=ROUTED symbolic=True/True sim=True final=True
[sim-compare] point=119/321 pressure=unknown_object_after_generic_prefix task=multiskill_pick_place_003 seed=2 start
[sim-compare] point=119/321 arm=NO_REPAIR symbolic=False/False sim=None final=False
[sim-compare] point=119/321 arm=ROUTED symbolic=True/True sim=True final=True
[sim-compare] point=120/321 pressure=unknown_object_after_generic_prefix task=multiskill_pick_place_004 seed=0 start
[sim-compare] point=120/321 arm=NO_REPAIR symbolic=False/False sim=None final=False
[sim-compare] point=120/321 arm=ROUTED symbolic=True/True sim=True final=True
[sim-compare] point=121/321 pressure=unknown_object_after_generic_prefix task=multiskill_pick_place_004 seed=1 start
[sim-compare] point=121/321 arm=NO_REPAIR symbolic=False/False sim=None final=False
[sim-compare] point=121/321 arm=ROUTED symbolic=True/True sim=True final=True
[sim-compare] point=122/321 pressure=unknown_object_after_generic_prefix task=multiskill_pick_place_004 seed=2 start
[sim-compare] point=122/321 arm=NO_REPAIR symbolic=False/False sim=None final=False
[sim-compare] point=122/321 arm=ROUTED symbolic=True/True sim=True final=True
[sim-compare] point=123/321 pressure=unknown_object_after_generic_prefix task=multiskill_pick_place_005 seed=0 start
[sim-compare] point=123/321 arm=NO_REPAIR symbolic=False/False sim=None final=False
[sim-compare] point=123/321 arm=ROUTED symbolic=True/True sim=True final=True
[sim-compare] point=124/321 pressure=unknown_object_after_generic_prefix task=multiskill_pick_place_005 seed=1 start
[sim-compare] point=124/321 arm=NO_REPAIR symbolic=False/False sim=None final=False
[sim-compare] point=124/321 arm=ROUTED symbolic=True/True sim=True final=True
[sim-compare] point=125/321 pressure=unknown_object_after_generic_prefix task=multiskill_pick_place_005 seed=2 start
[sim-compare] point=125/321 arm=NO_REPAIR symbolic=False/False sim=None final=False
[sim-compare] point=125/321 arm=ROUTED symbolic=True/True sim=True final=True
[sim-compare] point=126/321 pressure=unknown_object_after_generic_prefix task=multiskill_pick_place_006 seed=0 start
[sim-compare] point=126/321 arm=NO_REPAIR symbolic=False/False sim=None final=False
[sim-compare] point=126/321 arm=ROUTED symbolic=True/True sim=True final=True
[sim-compare] point=127/321 pressure=unknown_object_after_generic_prefix task=multiskill_pick_place_006 seed=1 start
[sim-compare] point=127/321 arm=NO_REPAIR symbolic=False/False sim=None final=False
[sim-compare] point=127/321 arm=ROUTED symbolic=True/True sim=True final=True
[sim-compare] point=128/321 pressure=unknown_object_after_generic_prefix task=multiskill_pick_place_006 seed=2 start
[sim-compare] point=128/321 arm=NO_REPAIR symbolic=False/False sim=None final=False
[sim-compare] point=128/321 arm=ROUTED symbolic=True/True sim=False final=False
[sim-compare] point=129/321 pressure=unknown_object_after_generic_prefix task=multiskill_pick_place_007 seed=0 start
[sim-compare] point=129/321 arm=NO_REPAIR symbolic=False/False sim=None final=False
[sim-compare] point=129/321 arm=ROUTED symbolic=True/True sim=False final=False
[sim-compare] point=130/321 pressure=unknown_object_after_generic_prefix task=multiskill_pick_place_007 seed=1 start
[sim-compare] point=130/321 arm=NO_REPAIR symbolic=False/False sim=None final=False
[sim-compare] point=130/321 arm=ROUTED symbolic=True/True sim=True final=True
[sim-compare] point=131/321 pressure=unknown_object_after_generic_prefix task=multiskill_pick_place_007 seed=2 start
[sim-compare] point=131/321 arm=NO_REPAIR symbolic=False/False sim=None final=False
[sim-compare] point=131/321 arm=ROUTED symbolic=True/True sim=True final=True
[sim-compare] point=132/321 pressure=unknown_object_after_generic_prefix task=multiskill_pick_place_008 seed=0 start
[sim-compare] point=132/321 arm=NO_REPAIR symbolic=False/False sim=None final=False
[sim-compare] point=132/321 arm=ROUTED symbolic=True/True sim=True final=True
[sim-compare] point=133/321 pressure=unknown_object_after_generic_prefix task=multiskill_pick_place_008 seed=1 start
[sim-compare] point=133/321 arm=NO_REPAIR symbolic=False/False sim=None final=False
[sim-compare] point=133/321 arm=ROUTED symbolic=True/True sim=True final=True
[sim-compare] point=134/321 pressure=unknown_object_after_generic_prefix task=multiskill_pick_place_008 seed=2 start
[sim-compare] point=134/321 arm=NO_REPAIR symbolic=False/False sim=None final=False
[sim-compare] point=134/321 arm=ROUTED symbolic=True/True sim=True final=True
[sim-compare] point=135/321 pressure=unknown_object_after_generic_prefix task=multiskill_pick_place_009 seed=0 start
[sim-compare] point=135/321 arm=NO_REPAIR symbolic=False/False sim=None final=False
[sim-compare] point=135/321 arm=ROUTED symbolic=True/True sim=True final=True
[sim-compare] point=136/321 pressure=unknown_object_after_generic_prefix task=multiskill_pick_place_009 seed=1 start
[sim-compare] point=136/321 arm=NO_REPAIR symbolic=False/False sim=None final=False
[sim-compare] point=136/321 arm=ROUTED symbolic=True/True sim=True final=True
[sim-compare] point=137/321 pressure=unknown_object_after_generic_prefix task=multiskill_pick_place_009 seed=2 start
[sim-compare] point=137/321 arm=NO_REPAIR symbolic=False/False sim=None final=False
[sim-compare] point=137/321 arm=ROUTED symbolic=True/True sim=True final=True
[sim-compare] point=138/321 pressure=unknown_object_after_generic_prefix task=multiskill_pick_place_010 seed=0 start
[sim-compare] point=138/321 arm=NO_REPAIR symbolic=False/False sim=None final=False
[sim-compare] point=138/321 arm=ROUTED symbolic=True/True sim=True final=True
[sim-compare] point=139/321 pressure=unknown_object_after_generic_prefix task=multiskill_pick_place_010 seed=1 start
[sim-compare] point=139/321 arm=NO_REPAIR symbolic=False/False sim=None final=False
[sim-compare] point=139/321 arm=ROUTED symbolic=True/True sim=True final=True
[sim-compare] point=140/321 pressure=unknown_object_after_generic_prefix task=multiskill_pick_place_010 seed=2 start
[sim-compare] point=140/321 arm=NO_REPAIR symbolic=False/False sim=None final=False
[sim-compare] point=140/321 arm=ROUTED symbolic=True/True sim=True final=True
[sim-compare] point=141/321 pressure=unknown_object_after_generic_prefix task=multiskill_pick_place_011 seed=0 start
[sim-compare] point=141/321 arm=NO_REPAIR symbolic=False/False sim=None final=False
[sim-compare] point=141/321 arm=ROUTED symbolic=True/True sim=True final=True
[sim-compare] point=142/321 pressure=unknown_object_after_generic_prefix task=multiskill_pick_place_011 seed=1 start
[sim-compare] point=142/321 arm=NO_REPAIR symbolic=False/False sim=None final=False
[sim-compare] point=142/321 arm=ROUTED symbolic=True/True sim=True final=True
[sim-compare] point=143/321 pressure=unknown_object_after_generic_prefix task=multiskill_pick_place_011 seed=2 start
[sim-compare] point=143/321 arm=NO_REPAIR symbolic=False/False sim=None final=False
[sim-compare] point=143/321 arm=ROUTED symbolic=True/True sim=True final=True
[sim-compare] point=144/321 pressure=unknown_object_after_generic_prefix task=multiskill_press_024 seed=0 start
[sim-compare] point=144/321 arm=NO_REPAIR symbolic=False/False sim=None final=False
[sim-compare] point=144/321 arm=ROUTED symbolic=True/True sim=True final=True
[sim-compare] point=145/321 pressure=unknown_object_after_generic_prefix task=multiskill_press_024 seed=1 start
[sim-compare] point=145/321 arm=NO_REPAIR symbolic=False/False sim=None final=False
[sim-compare] point=145/321 arm=ROUTED symbolic=True/True sim=True final=True
[sim-compare] point=146/321 pressure=unknown_object_after_generic_prefix task=multiskill_press_024 seed=2 start
[sim-compare] point=146/321 arm=NO_REPAIR symbolic=False/False sim=None final=False
[sim-compare] point=146/321 arm=ROUTED symbolic=True/True sim=True final=True
[sim-compare] point=147/321 pressure=unknown_object_after_generic_prefix task=multiskill_press_025 seed=0 start
[sim-compare] point=147/321 arm=NO_REPAIR symbolic=False/False sim=None final=False
[sim-compare] point=147/321 arm=ROUTED symbolic=True/True sim=True final=True
[sim-compare] point=148/321 pressure=unknown_object_after_generic_prefix task=multiskill_press_025 seed=1 start
[sim-compare] point=148/321 arm=NO_REPAIR symbolic=False/False sim=None final=False
[sim-compare] point=148/321 arm=ROUTED symbolic=True/True sim=True final=True
[sim-compare] point=149/321 pressure=unknown_object_after_generic_prefix task=multiskill_press_025 seed=2 start
[sim-compare] point=149/321 arm=NO_REPAIR symbolic=False/False sim=None final=False
[sim-compare] point=149/321 arm=ROUTED symbolic=True/True sim=True final=True
[sim-compare] point=150/321 pressure=unknown_object_after_generic_prefix task=multiskill_press_026 seed=0 start
[sim-compare] point=150/321 arm=NO_REPAIR symbolic=False/False sim=None final=False
[sim-compare] point=150/321 arm=ROUTED symbolic=True/True sim=True final=True
[sim-compare] point=151/321 pressure=unknown_object_after_generic_prefix task=multiskill_press_026 seed=1 start
[sim-compare] point=151/321 arm=NO_REPAIR symbolic=False/False sim=None final=False
[sim-compare] point=151/321 arm=ROUTED symbolic=True/True sim=True final=True
[sim-compare] point=152/321 pressure=unknown_object_after_generic_prefix task=multiskill_press_027 seed=0 start
[sim-compare] point=152/321 arm=NO_REPAIR symbolic=False/False sim=None final=False
[sim-compare] point=152/321 arm=ROUTED symbolic=True/True sim=True final=True
[sim-compare] point=153/321 pressure=unknown_object_after_generic_prefix task=multiskill_press_027 seed=1 start
[sim-compare] point=153/321 arm=NO_REPAIR symbolic=False/False sim=None final=False
[sim-compare] point=153/321 arm=ROUTED symbolic=True/True sim=True final=True
[sim-compare] point=154/321 pressure=unknown_object_after_generic_prefix task=multiskill_press_027 seed=2 start
[sim-compare] point=154/321 arm=NO_REPAIR symbolic=False/False sim=None final=False
[sim-compare] point=154/321 arm=ROUTED symbolic=True/True sim=True final=True
[sim-compare] point=155/321 pressure=unknown_object_after_generic_prefix task=multiskill_press_028 seed=0 start
[sim-compare] point=155/321 arm=NO_REPAIR symbolic=False/False sim=None final=False
[sim-compare] point=155/321 arm=ROUTED symbolic=True/True sim=True final=True
[sim-compare] point=156/321 pressure=unknown_object_after_generic_prefix task=multiskill_press_028 seed=1 start
[sim-compare] point=156/321 arm=NO_REPAIR symbolic=False/False sim=None final=False
[sim-compare] point=156/321 arm=ROUTED symbolic=True/True sim=True final=True
[sim-compare] point=157/321 pressure=unknown_object_after_generic_prefix task=multiskill_press_028 seed=2 start
[sim-compare] point=157/321 arm=NO_REPAIR symbolic=False/False sim=None final=False
[sim-compare] point=157/321 arm=ROUTED symbolic=True/True sim=True final=True
[sim-compare] point=158/321 pressure=unknown_object_after_generic_prefix task=multiskill_press_029 seed=0 start
[sim-compare] point=158/321 arm=NO_REPAIR symbolic=False/False sim=None final=False
[sim-compare] point=158/321 arm=ROUTED symbolic=True/True sim=True final=True
[sim-compare] point=159/321 pressure=unknown_object_after_generic_prefix task=multiskill_press_029 seed=1 start
[sim-compare] point=159/321 arm=NO_REPAIR symbolic=False/False sim=None final=False
[sim-compare] point=159/321 arm=ROUTED symbolic=True/True sim=True final=True
[sim-compare] point=160/321 pressure=unknown_object_after_generic_prefix task=multiskill_press_029 seed=2 start
[sim-compare] point=160/321 arm=NO_REPAIR symbolic=False/False sim=None final=False
[sim-compare] point=160/321 arm=ROUTED symbolic=True/True sim=True final=True
[sim-compare] point=161/321 pressure=unknown_object_after_generic_prefix task=multiskill_press_030 seed=0 start
[sim-compare] point=161/321 arm=NO_REPAIR symbolic=False/False sim=None final=False
[sim-compare] point=161/321 arm=ROUTED symbolic=True/True sim=True final=True
[sim-compare] point=162/321 pressure=unknown_object_after_generic_prefix task=multiskill_press_030 seed=1 start
[sim-compare] point=162/321 arm=NO_REPAIR symbolic=False/False sim=None final=False
[sim-compare] point=162/321 arm=ROUTED symbolic=True/True sim=True final=True
[sim-compare] point=163/321 pressure=unknown_object_after_generic_prefix task=multiskill_press_030 seed=2 start
[sim-compare] point=163/321 arm=NO_REPAIR symbolic=False/False sim=None final=False
[sim-compare] point=163/321 arm=ROUTED symbolic=True/True sim=True final=True
[sim-compare] point=164/321 pressure=unknown_object_after_generic_prefix task=multiskill_press_031 seed=0 start
[sim-compare] point=164/321 arm=NO_REPAIR symbolic=False/False sim=None final=False
[sim-compare] point=164/321 arm=ROUTED symbolic=True/True sim=True final=True
[sim-compare] point=165/321 pressure=unknown_object_after_generic_prefix task=multiskill_press_031 seed=1 start
[sim-compare] point=165/321 arm=NO_REPAIR symbolic=False/False sim=None final=False
[sim-compare] point=165/321 arm=ROUTED symbolic=True/True sim=True final=True
[sim-compare] point=166/321 pressure=unknown_object_after_generic_prefix task=multiskill_press_031 seed=2 start
[sim-compare] point=166/321 arm=NO_REPAIR symbolic=False/False sim=None final=False
[sim-compare] point=166/321 arm=ROUTED symbolic=True/True sim=True final=True
[sim-compare] point=167/321 pressure=unknown_object_after_generic_prefix task=multiskill_press_032 seed=0 start
[sim-compare] point=167/321 arm=NO_REPAIR symbolic=False/False sim=None final=False
[sim-compare] point=167/321 arm=ROUTED symbolic=True/True sim=True final=True
[sim-compare] point=168/321 pressure=unknown_object_after_generic_prefix task=multiskill_press_032 seed=1 start
[sim-compare] point=168/321 arm=NO_REPAIR symbolic=False/False sim=None final=False
[sim-compare] point=168/321 arm=ROUTED symbolic=True/True sim=True final=True
[sim-compare] point=169/321 pressure=unknown_object_after_generic_prefix task=multiskill_press_032 seed=2 start
[sim-compare] point=169/321 arm=NO_REPAIR symbolic=False/False sim=None final=False
[sim-compare] point=169/321 arm=ROUTED symbolic=True/True sim=True final=True
[sim-compare] point=170/321 pressure=unknown_object_after_generic_prefix task=multiskill_press_033 seed=0 start
[sim-compare] point=170/321 arm=NO_REPAIR symbolic=False/False sim=None final=False
[sim-compare] point=170/321 arm=ROUTED symbolic=True/True sim=True final=True
[sim-compare] point=171/321 pressure=unknown_object_after_generic_prefix task=multiskill_press_033 seed=1 start
[sim-compare] point=171/321 arm=NO_REPAIR symbolic=False/False sim=None final=False
[sim-compare] point=171/321 arm=ROUTED symbolic=True/True sim=True final=True
[sim-compare] point=172/321 pressure=unknown_object_after_generic_prefix task=multiskill_press_033 seed=2 start
[sim-compare] point=172/321 arm=NO_REPAIR symbolic=False/False sim=None final=False
[sim-compare] point=172/321 arm=ROUTED symbolic=True/True sim=True final=True
[sim-compare] point=173/321 pressure=unknown_object_after_generic_prefix task=multiskill_press_034 seed=0 start
[sim-compare] point=173/321 arm=NO_REPAIR symbolic=False/False sim=None final=False
[sim-compare] point=173/321 arm=ROUTED symbolic=True/True sim=True final=True
[sim-compare] point=174/321 pressure=unknown_object_after_generic_prefix task=multiskill_press_034 seed=1 start
[sim-compare] point=174/321 arm=NO_REPAIR symbolic=False/False sim=None final=False
[sim-compare] point=174/321 arm=ROUTED symbolic=True/True sim=True final=True
[sim-compare] point=175/321 pressure=unknown_object_after_generic_prefix task=multiskill_press_034 seed=2 start
[sim-compare] point=175/321 arm=NO_REPAIR symbolic=False/False sim=None final=False
[sim-compare] point=175/321 arm=ROUTED symbolic=True/True sim=True final=True
[sim-compare] point=176/321 pressure=unknown_object_after_generic_prefix task=multiskill_press_035 seed=0 start
[sim-compare] point=176/321 arm=NO_REPAIR symbolic=False/False sim=None final=False
[sim-compare] point=176/321 arm=ROUTED symbolic=True/True sim=True final=True
[sim-compare] point=177/321 pressure=unknown_object_after_generic_prefix task=multiskill_press_035 seed=1 start
[sim-compare] point=177/321 arm=NO_REPAIR symbolic=False/False sim=None final=False
[sim-compare] point=177/321 arm=ROUTED symbolic=True/True sim=True final=True
[sim-compare] point=178/321 pressure=unknown_object_after_generic_prefix task=multiskill_press_035 seed=2 start
[sim-compare] point=178/321 arm=NO_REPAIR symbolic=False/False sim=None final=False
[sim-compare] point=178/321 arm=ROUTED symbolic=True/True sim=True final=True
[sim-compare] point=179/321 pressure=unknown_object_after_generic_prefix task=multiskill_push_012 seed=0 start
[sim-compare] point=179/321 arm=NO_REPAIR symbolic=False/False sim=None final=False
[sim-compare] point=179/321 arm=ROUTED symbolic=True/True sim=True final=True
[sim-compare] point=180/321 pressure=unknown_object_after_generic_prefix task=multiskill_push_012 seed=1 start
[sim-compare] point=180/321 arm=NO_REPAIR symbolic=False/False sim=None final=False
[sim-compare] point=180/321 arm=ROUTED symbolic=True/True sim=True final=True
[sim-compare] point=181/321 pressure=unknown_object_after_generic_prefix task=multiskill_push_012 seed=2 start
[sim-compare] point=181/321 arm=NO_REPAIR symbolic=False/False sim=None final=False
[sim-compare] point=181/321 arm=ROUTED symbolic=True/True sim=True final=True
[sim-compare] point=182/321 pressure=unknown_object_after_generic_prefix task=multiskill_push_013 seed=0 start
[sim-compare] point=182/321 arm=NO_REPAIR symbolic=False/False sim=None final=False
[sim-compare] point=182/321 arm=ROUTED symbolic=True/True sim=True final=True
[sim-compare] point=183/321 pressure=unknown_object_after_generic_prefix task=multiskill_push_013 seed=1 start
[sim-compare] point=183/321 arm=NO_REPAIR symbolic=False/False sim=None final=False
[sim-compare] point=183/321 arm=ROUTED symbolic=True/True sim=True final=True
[sim-compare] point=184/321 pressure=unknown_object_after_generic_prefix task=multiskill_push_013 seed=2 start
[sim-compare] point=184/321 arm=NO_REPAIR symbolic=False/False sim=None final=False
[sim-compare] point=184/321 arm=ROUTED symbolic=True/True sim=True final=True
[sim-compare] point=185/321 pressure=unknown_object_after_generic_prefix task=multiskill_push_014 seed=0 start
[sim-compare] point=185/321 arm=NO_REPAIR symbolic=False/False sim=None final=False
[sim-compare] point=185/321 arm=ROUTED symbolic=True/True sim=True final=True
[sim-compare] point=186/321 pressure=unknown_object_after_generic_prefix task=multiskill_push_014 seed=1 start
[sim-compare] point=186/321 arm=NO_REPAIR symbolic=False/False sim=None final=False
[sim-compare] point=186/321 arm=ROUTED symbolic=True/True sim=True final=True
[sim-compare] point=187/321 pressure=unknown_object_after_generic_prefix task=multiskill_push_014 seed=2 start
[sim-compare] point=187/321 arm=NO_REPAIR symbolic=False/False sim=None final=False
[sim-compare] point=187/321 arm=ROUTED symbolic=True/True sim=True final=True
[sim-compare] point=188/321 pressure=unknown_object_after_generic_prefix task=multiskill_push_015 seed=0 start
[sim-compare] point=188/321 arm=NO_REPAIR symbolic=False/False sim=None final=False
[sim-compare] point=188/321 arm=ROUTED symbolic=True/True sim=True final=True
[sim-compare] point=189/321 pressure=unknown_object_after_generic_prefix task=multiskill_push_015 seed=1 start
[sim-compare] point=189/321 arm=NO_REPAIR symbolic=False/False sim=None final=False
[sim-compare] point=189/321 arm=ROUTED symbolic=True/True sim=True final=True
[sim-compare] point=190/321 pressure=unknown_object_after_generic_prefix task=multiskill_push_015 seed=2 start
[sim-compare] point=190/321 arm=NO_REPAIR symbolic=False/False sim=None final=False
[sim-compare] point=190/321 arm=ROUTED symbolic=True/True sim=True final=True
[sim-compare] point=191/321 pressure=unknown_object_after_generic_prefix task=multiskill_push_016 seed=0 start
[sim-compare] point=191/321 arm=NO_REPAIR symbolic=False/False sim=None final=False
[sim-compare] point=191/321 arm=ROUTED symbolic=True/True sim=True final=True
[sim-compare] point=192/321 pressure=unknown_object_after_generic_prefix task=multiskill_push_016 seed=1 start
[sim-compare] point=192/321 arm=NO_REPAIR symbolic=False/False sim=None final=False
[sim-compare] point=192/321 arm=ROUTED symbolic=True/True sim=True final=True
[sim-compare] point=193/321 pressure=unknown_object_after_generic_prefix task=multiskill_push_016 seed=2 start
[sim-compare] point=193/321 arm=NO_REPAIR symbolic=False/False sim=None final=False
[sim-compare] point=193/321 arm=ROUTED symbolic=True/True sim=True final=True
[sim-compare] point=194/321 pressure=unknown_object_after_generic_prefix task=multiskill_push_017 seed=0 start
[sim-compare] point=194/321 arm=NO_REPAIR symbolic=False/False sim=None final=False
[sim-compare] point=194/321 arm=ROUTED symbolic=True/True sim=True final=True
[sim-compare] point=195/321 pressure=unknown_object_after_generic_prefix task=multiskill_push_017 seed=1 start
[sim-compare] point=195/321 arm=NO_REPAIR symbolic=False/False sim=None final=False
[sim-compare] point=195/321 arm=ROUTED symbolic=True/True sim=True final=True
[sim-compare] point=196/321 pressure=unknown_object_after_generic_prefix task=multiskill_push_017 seed=2 start
[sim-compare] point=196/321 arm=NO_REPAIR symbolic=False/False sim=None final=False
[sim-compare] point=196/321 arm=ROUTED symbolic=True/True sim=True final=True
[sim-compare] point=197/321 pressure=unknown_object_after_generic_prefix task=multiskill_push_018 seed=0 start
[sim-compare] point=197/321 arm=NO_REPAIR symbolic=False/False sim=None final=False
[sim-compare] point=197/321 arm=ROUTED symbolic=True/True sim=True final=True
[sim-compare] point=198/321 pressure=unknown_object_after_generic_prefix task=multiskill_push_018 seed=1 start
[sim-compare] point=198/321 arm=NO_REPAIR symbolic=False/False sim=None final=False
[sim-compare] point=198/321 arm=ROUTED symbolic=True/True sim=True final=True
[sim-compare] point=199/321 pressure=unknown_object_after_generic_prefix task=multiskill_push_018 seed=2 start
[sim-compare] point=199/321 arm=NO_REPAIR symbolic=False/False sim=None final=False
[sim-compare] point=199/321 arm=ROUTED symbolic=True/True sim=True final=True
[sim-compare] point=200/321 pressure=unknown_object_after_generic_prefix task=multiskill_push_019 seed=0 start
[sim-compare] point=200/321 arm=NO_REPAIR symbolic=False/False sim=None final=False
[sim-compare] point=200/321 arm=ROUTED symbolic=True/True sim=True final=True
[sim-compare] point=201/321 pressure=unknown_object_after_generic_prefix task=multiskill_push_019 seed=1 start
[sim-compare] point=201/321 arm=NO_REPAIR symbolic=False/False sim=None final=False
[sim-compare] point=201/321 arm=ROUTED symbolic=True/True sim=True final=True
[sim-compare] point=202/321 pressure=unknown_object_after_generic_prefix task=multiskill_push_019 seed=2 start
[sim-compare] point=202/321 arm=NO_REPAIR symbolic=False/False sim=None final=False
[sim-compare] point=202/321 arm=ROUTED symbolic=True/True sim=True final=True
[sim-compare] point=203/321 pressure=unknown_object_after_generic_prefix task=multiskill_push_020 seed=0 start
[sim-compare] point=203/321 arm=NO_REPAIR symbolic=False/False sim=None final=False
[sim-compare] point=203/321 arm=ROUTED symbolic=True/True sim=True final=True
[sim-compare] point=204/321 pressure=unknown_object_after_generic_prefix task=multiskill_push_020 seed=1 start
[sim-compare] point=204/321 arm=NO_REPAIR symbolic=False/False sim=None final=False
[sim-compare] point=204/321 arm=ROUTED symbolic=True/True sim=True final=True
[sim-compare] point=205/321 pressure=unknown_object_after_generic_prefix task=multiskill_push_020 seed=2 start
[sim-compare] point=205/321 arm=NO_REPAIR symbolic=False/False sim=None final=False
[sim-compare] point=205/321 arm=ROUTED symbolic=True/True sim=True final=True
[sim-compare] point=206/321 pressure=unknown_object_after_generic_prefix task=multiskill_push_021 seed=0 start
[sim-compare] point=206/321 arm=NO_REPAIR symbolic=False/False sim=None final=False
[sim-compare] point=206/321 arm=ROUTED symbolic=True/True sim=True final=True
[sim-compare] point=207/321 pressure=unknown_object_after_generic_prefix task=multiskill_push_021 seed=1 start
[sim-compare] point=207/321 arm=NO_REPAIR symbolic=False/False sim=None final=False
[sim-compare] point=207/321 arm=ROUTED symbolic=True/True sim=True final=True
[sim-compare] point=208/321 pressure=unknown_object_after_generic_prefix task=multiskill_push_021 seed=2 start
[sim-compare] point=208/321 arm=NO_REPAIR symbolic=False/False sim=None final=False
[sim-compare] point=208/321 arm=ROUTED symbolic=True/True sim=True final=True
[sim-compare] point=209/321 pressure=unknown_object_after_generic_prefix task=multiskill_push_022 seed=0 start
[sim-compare] point=209/321 arm=NO_REPAIR symbolic=False/False sim=None final=False
[sim-compare] point=209/321 arm=ROUTED symbolic=True/True sim=True final=True
[sim-compare] point=210/321 pressure=unknown_object_after_generic_prefix task=multiskill_push_022 seed=1 start
[sim-compare] point=210/321 arm=NO_REPAIR symbolic=False/False sim=None final=False
[sim-compare] point=210/321 arm=ROUTED symbolic=True/True sim=True final=True
[sim-compare] point=211/321 pressure=unknown_object_after_generic_prefix task=multiskill_push_022 seed=2 start
[sim-compare] point=211/321 arm=NO_REPAIR symbolic=False/False sim=None final=False
[sim-compare] point=211/321 arm=ROUTED symbolic=True/True sim=True final=True
[sim-compare] point=212/321 pressure=unknown_object_after_generic_prefix task=multiskill_push_023 seed=0 start
[sim-compare] point=212/321 arm=NO_REPAIR symbolic=False/False sim=None final=False
[sim-compare] point=212/321 arm=ROUTED symbolic=True/True sim=True final=True
[sim-compare] point=213/321 pressure=unknown_object_after_generic_prefix task=multiskill_push_023 seed=1 start
[sim-compare] point=213/321 arm=NO_REPAIR symbolic=False/False sim=None final=False
[sim-compare] point=213/321 arm=ROUTED symbolic=True/True sim=True final=True
[sim-compare] point=214/321 pressure=unknown_object_after_generic_prefix task=multiskill_push_023 seed=2 start
[sim-compare] point=214/321 arm=NO_REPAIR symbolic=False/False sim=None final=False
[sim-compare] point=214/321 arm=ROUTED symbolic=True/True sim=True final=True
[sim-compare] point=215/321 pressure=invalid_action_after_prefix task=multiskill_pick_place_000 seed=0 start
[sim-compare] point=215/321 arm=NO_REPAIR symbolic=False/False sim=None final=False
[sim-compare] point=215/321 arm=ROUTED symbolic=True/True sim=True final=True
[sim-compare] point=216/321 pressure=invalid_action_after_prefix task=multiskill_pick_place_000 seed=1 start
[sim-compare] point=216/321 arm=NO_REPAIR symbolic=False/False sim=None final=False
[sim-compare] point=216/321 arm=ROUTED symbolic=True/True sim=False final=False
[sim-compare] point=217/321 pressure=invalid_action_after_prefix task=multiskill_pick_place_000 seed=2 start
[sim-compare] point=217/321 arm=NO_REPAIR symbolic=False/False sim=None final=False
[sim-compare] point=217/321 arm=ROUTED symbolic=True/True sim=True final=True
[sim-compare] point=218/321 pressure=invalid_action_after_prefix task=multiskill_pick_place_001 seed=0 start
[sim-compare] point=218/321 arm=NO_REPAIR symbolic=False/False sim=None final=False
[sim-compare] point=218/321 arm=ROUTED symbolic=True/True sim=True final=True
[sim-compare] point=219/321 pressure=invalid_action_after_prefix task=multiskill_pick_place_001 seed=1 start
[sim-compare] point=219/321 arm=NO_REPAIR symbolic=False/False sim=None final=False
[sim-compare] point=219/321 arm=ROUTED symbolic=True/True sim=True final=True
[sim-compare] point=220/321 pressure=invalid_action_after_prefix task=multiskill_pick_place_001 seed=2 start
[sim-compare] point=220/321 arm=NO_REPAIR symbolic=False/False sim=None final=False
[sim-compare] point=220/321 arm=ROUTED symbolic=True/True sim=True final=True
[sim-compare] point=221/321 pressure=invalid_action_after_prefix task=multiskill_pick_place_002 seed=0 start
[sim-compare] point=221/321 arm=NO_REPAIR symbolic=False/False sim=None final=False
[sim-compare] point=221/321 arm=ROUTED symbolic=True/True sim=True final=True
[sim-compare] point=222/321 pressure=invalid_action_after_prefix task=multiskill_pick_place_002 seed=1 start
[sim-compare] point=222/321 arm=NO_REPAIR symbolic=False/False sim=None final=False
[sim-compare] point=222/321 arm=ROUTED symbolic=True/True sim=True final=True
[sim-compare] point=223/321 pressure=invalid_action_after_prefix task=multiskill_pick_place_002 seed=2 start
[sim-compare] point=223/321 arm=NO_REPAIR symbolic=False/False sim=None final=False
[sim-compare] point=223/321 arm=ROUTED symbolic=True/True sim=True final=True
[sim-compare] point=224/321 pressure=invalid_action_after_prefix task=multiskill_pick_place_003 seed=0 start
[sim-compare] point=224/321 arm=NO_REPAIR symbolic=False/False sim=None final=False
[sim-compare] point=224/321 arm=ROUTED symbolic=True/True sim=True final=True
[sim-compare] point=225/321 pressure=invalid_action_after_prefix task=multiskill_pick_place_003 seed=1 start
[sim-compare] point=225/321 arm=NO_REPAIR symbolic=False/False sim=None final=False
[sim-compare] point=225/321 arm=ROUTED symbolic=True/True sim=True final=True
[sim-compare] point=226/321 pressure=invalid_action_after_prefix task=multiskill_pick_place_003 seed=2 start
[sim-compare] point=226/321 arm=NO_REPAIR symbolic=False/False sim=None final=False
[sim-compare] point=226/321 arm=ROUTED symbolic=True/True sim=True final=True
[sim-compare] point=227/321 pressure=invalid_action_after_prefix task=multiskill_pick_place_004 seed=0 start
[sim-compare] point=227/321 arm=NO_REPAIR symbolic=False/False sim=None final=False
[sim-compare] point=227/321 arm=ROUTED symbolic=True/True sim=True final=True
[sim-compare] point=228/321 pressure=invalid_action_after_prefix task=multiskill_pick_place_004 seed=1 start
[sim-compare] point=228/321 arm=NO_REPAIR symbolic=False/False sim=None final=False
[sim-compare] point=228/321 arm=ROUTED symbolic=True/True sim=True final=True
[sim-compare] point=229/321 pressure=invalid_action_after_prefix task=multiskill_pick_place_004 seed=2 start
[sim-compare] point=229/321 arm=NO_REPAIR symbolic=False/False sim=None final=False
[sim-compare] point=229/321 arm=ROUTED symbolic=True/True sim=True final=True
[sim-compare] point=230/321 pressure=invalid_action_after_prefix task=multiskill_pick_place_005 seed=0 start
[sim-compare] point=230/321 arm=NO_REPAIR symbolic=False/False sim=None final=False
[sim-compare] point=230/321 arm=ROUTED symbolic=True/True sim=True final=True
[sim-compare] point=231/321 pressure=invalid_action_after_prefix task=multiskill_pick_place_005 seed=1 start
[sim-compare] point=231/321 arm=NO_REPAIR symbolic=False/False sim=None final=False
[sim-compare] point=231/321 arm=ROUTED symbolic=True/True sim=True final=True
[sim-compare] point=232/321 pressure=invalid_action_after_prefix task=multiskill_pick_place_005 seed=2 start
[sim-compare] point=232/321 arm=NO_REPAIR symbolic=False/False sim=None final=False
[sim-compare] point=232/321 arm=ROUTED symbolic=True/True sim=True final=True
[sim-compare] point=233/321 pressure=invalid_action_after_prefix task=multiskill_pick_place_006 seed=0 start
[sim-compare] point=233/321 arm=NO_REPAIR symbolic=False/False sim=None final=False
[sim-compare] point=233/321 arm=ROUTED symbolic=True/True sim=True final=True
[sim-compare] point=234/321 pressure=invalid_action_after_prefix task=multiskill_pick_place_006 seed=1 start
[sim-compare] point=234/321 arm=NO_REPAIR symbolic=False/False sim=None final=False
[sim-compare] point=234/321 arm=ROUTED symbolic=True/True sim=True final=True
[sim-compare] point=235/321 pressure=invalid_action_after_prefix task=multiskill_pick_place_006 seed=2 start
[sim-compare] point=235/321 arm=NO_REPAIR symbolic=False/False sim=None final=False
[sim-compare] point=235/321 arm=ROUTED symbolic=True/True sim=True final=True
[sim-compare] point=236/321 pressure=invalid_action_after_prefix task=multiskill_pick_place_007 seed=0 start
[sim-compare] point=236/321 arm=NO_REPAIR symbolic=False/False sim=None final=False
[sim-compare] point=236/321 arm=ROUTED symbolic=True/True sim=True final=True
[sim-compare] point=237/321 pressure=invalid_action_after_prefix task=multiskill_pick_place_007 seed=1 start
[sim-compare] point=237/321 arm=NO_REPAIR symbolic=False/False sim=None final=False
[sim-compare] point=237/321 arm=ROUTED symbolic=True/True sim=True final=True
[sim-compare] point=238/321 pressure=invalid_action_after_prefix task=multiskill_pick_place_007 seed=2 start
[sim-compare] point=238/321 arm=NO_REPAIR symbolic=False/False sim=None final=False
[sim-compare] point=238/321 arm=ROUTED symbolic=True/True sim=True final=True
[sim-compare] point=239/321 pressure=invalid_action_after_prefix task=multiskill_pick_place_008 seed=0 start
[sim-compare] point=239/321 arm=NO_REPAIR symbolic=False/False sim=None final=False
[sim-compare] point=239/321 arm=ROUTED symbolic=True/True sim=True final=True
[sim-compare] point=240/321 pressure=invalid_action_after_prefix task=multiskill_pick_place_008 seed=1 start
[sim-compare] point=240/321 arm=NO_REPAIR symbolic=False/False sim=None final=False
[sim-compare] point=240/321 arm=ROUTED symbolic=True/True sim=True final=True
[sim-compare] point=241/321 pressure=invalid_action_after_prefix task=multiskill_pick_place_008 seed=2 start
[sim-compare] point=241/321 arm=NO_REPAIR symbolic=False/False sim=None final=False
[sim-compare] point=241/321 arm=ROUTED symbolic=True/True sim=True final=True
[sim-compare] point=242/321 pressure=invalid_action_after_prefix task=multiskill_pick_place_009 seed=0 start
[sim-compare] point=242/321 arm=NO_REPAIR symbolic=False/False sim=None final=False
[sim-compare] point=242/321 arm=ROUTED symbolic=True/True sim=True final=True
[sim-compare] point=243/321 pressure=invalid_action_after_prefix task=multiskill_pick_place_009 seed=1 start
[sim-compare] point=243/321 arm=NO_REPAIR symbolic=False/False sim=None final=False
[sim-compare] point=243/321 arm=ROUTED symbolic=True/True sim=True final=True
[sim-compare] point=244/321 pressure=invalid_action_after_prefix task=multiskill_pick_place_009 seed=2 start
[sim-compare] point=244/321 arm=NO_REPAIR symbolic=False/False sim=None final=False
[sim-compare] point=244/321 arm=ROUTED symbolic=True/True sim=True final=True
[sim-compare] point=245/321 pressure=invalid_action_after_prefix task=multiskill_pick_place_010 seed=0 start
[sim-compare] point=245/321 arm=NO_REPAIR symbolic=False/False sim=None final=False
[sim-compare] point=245/321 arm=ROUTED symbolic=True/True sim=True final=True
[sim-compare] point=246/321 pressure=invalid_action_after_prefix task=multiskill_pick_place_010 seed=1 start
[sim-compare] point=246/321 arm=NO_REPAIR symbolic=False/False sim=None final=False
[sim-compare] point=246/321 arm=ROUTED symbolic=True/True sim=True final=True
[sim-compare] point=247/321 pressure=invalid_action_after_prefix task=multiskill_pick_place_010 seed=2 start
[sim-compare] point=247/321 arm=NO_REPAIR symbolic=False/False sim=None final=False
[sim-compare] point=247/321 arm=ROUTED symbolic=True/True sim=True final=True
[sim-compare] point=248/321 pressure=invalid_action_after_prefix task=multiskill_pick_place_011 seed=0 start
[sim-compare] point=248/321 arm=NO_REPAIR symbolic=False/False sim=None final=False
[sim-compare] point=248/321 arm=ROUTED symbolic=True/True sim=True final=True
[sim-compare] point=249/321 pressure=invalid_action_after_prefix task=multiskill_pick_place_011 seed=1 start
[sim-compare] point=249/321 arm=NO_REPAIR symbolic=False/False sim=None final=False
[sim-compare] point=249/321 arm=ROUTED symbolic=True/True sim=True final=True
[sim-compare] point=250/321 pressure=invalid_action_after_prefix task=multiskill_pick_place_011 seed=2 start
[sim-compare] point=250/321 arm=NO_REPAIR symbolic=False/False sim=None final=False
[sim-compare] point=250/321 arm=ROUTED symbolic=True/True sim=True final=True
[sim-compare] point=251/321 pressure=invalid_action_after_prefix task=multiskill_press_024 seed=0 start
[sim-compare] point=251/321 arm=NO_REPAIR symbolic=False/False sim=None final=False
[sim-compare] point=251/321 arm=ROUTED symbolic=True/True sim=True final=True
[sim-compare] point=252/321 pressure=invalid_action_after_prefix task=multiskill_press_024 seed=1 start
[sim-compare] point=252/321 arm=NO_REPAIR symbolic=False/False sim=None final=False
[sim-compare] point=252/321 arm=ROUTED symbolic=True/True sim=True final=True
[sim-compare] point=253/321 pressure=invalid_action_after_prefix task=multiskill_press_024 seed=2 start
[sim-compare] point=253/321 arm=NO_REPAIR symbolic=False/False sim=None final=False
[sim-compare] point=253/321 arm=ROUTED symbolic=True/True sim=True final=True
[sim-compare] point=254/321 pressure=invalid_action_after_prefix task=multiskill_press_025 seed=0 start
[sim-compare] point=254/321 arm=NO_REPAIR symbolic=False/False sim=None final=False
[sim-compare] point=254/321 arm=ROUTED symbolic=True/True sim=True final=True
[sim-compare] point=255/321 pressure=invalid_action_after_prefix task=multiskill_press_025 seed=1 start
[sim-compare] point=255/321 arm=NO_REPAIR symbolic=False/False sim=None final=False
[sim-compare] point=255/321 arm=ROUTED symbolic=True/True sim=True final=True
[sim-compare] point=256/321 pressure=invalid_action_after_prefix task=multiskill_press_025 seed=2 start
[sim-compare] point=256/321 arm=NO_REPAIR symbolic=False/False sim=None final=False
[sim-compare] point=256/321 arm=ROUTED symbolic=True/True sim=True final=True
[sim-compare] point=257/321 pressure=invalid_action_after_prefix task=multiskill_press_026 seed=0 start
[sim-compare] point=257/321 arm=NO_REPAIR symbolic=False/False sim=None final=False
[sim-compare] point=257/321 arm=ROUTED symbolic=True/True sim=True final=True
[sim-compare] point=258/321 pressure=invalid_action_after_prefix task=multiskill_press_026 seed=1 start
[sim-compare] point=258/321 arm=NO_REPAIR symbolic=False/False sim=None final=False
[sim-compare] point=258/321 arm=ROUTED symbolic=True/True sim=True final=True
[sim-compare] point=259/321 pressure=invalid_action_after_prefix task=multiskill_press_027 seed=0 start
[sim-compare] point=259/321 arm=NO_REPAIR symbolic=False/False sim=None final=False
[sim-compare] point=259/321 arm=ROUTED symbolic=True/True sim=True final=True
[sim-compare] point=260/321 pressure=invalid_action_after_prefix task=multiskill_press_027 seed=1 start
[sim-compare] point=260/321 arm=NO_REPAIR symbolic=False/False sim=None final=False
[sim-compare] point=260/321 arm=ROUTED symbolic=True/True sim=True final=True
[sim-compare] point=261/321 pressure=invalid_action_after_prefix task=multiskill_press_027 seed=2 start
[sim-compare] point=261/321 arm=NO_REPAIR symbolic=False/False sim=None final=False
[sim-compare] point=261/321 arm=ROUTED symbolic=True/True sim=True final=True
[sim-compare] point=262/321 pressure=invalid_action_after_prefix task=multiskill_press_028 seed=0 start
[sim-compare] point=262/321 arm=NO_REPAIR symbolic=False/False sim=None final=False
[sim-compare] point=262/321 arm=ROUTED symbolic=True/True sim=True final=True
[sim-compare] point=263/321 pressure=invalid_action_after_prefix task=multiskill_press_028 seed=1 start
[sim-compare] point=263/321 arm=NO_REPAIR symbolic=False/False sim=None final=False
[sim-compare] point=263/321 arm=ROUTED symbolic=True/True sim=True final=True
[sim-compare] point=264/321 pressure=invalid_action_after_prefix task=multiskill_press_028 seed=2 start
[sim-compare] point=264/321 arm=NO_REPAIR symbolic=False/False sim=None final=False
[sim-compare] point=264/321 arm=ROUTED symbolic=True/True sim=True final=True
[sim-compare] point=265/321 pressure=invalid_action_after_prefix task=multiskill_press_029 seed=0 start
[sim-compare] point=265/321 arm=NO_REPAIR symbolic=False/False sim=None final=False
[sim-compare] point=265/321 arm=ROUTED symbolic=True/True sim=True final=True
[sim-compare] point=266/321 pressure=invalid_action_after_prefix task=multiskill_press_029 seed=1 start
[sim-compare] point=266/321 arm=NO_REPAIR symbolic=False/False sim=None final=False
[sim-compare] point=266/321 arm=ROUTED symbolic=True/True sim=True final=True
[sim-compare] point=267/321 pressure=invalid_action_after_prefix task=multiskill_press_029 seed=2 start
[sim-compare] point=267/321 arm=NO_REPAIR symbolic=False/False sim=None final=False
[sim-compare] point=267/321 arm=ROUTED symbolic=True/True sim=True final=True
[sim-compare] point=268/321 pressure=invalid_action_after_prefix task=multiskill_press_030 seed=0 start
[sim-compare] point=268/321 arm=NO_REPAIR symbolic=False/False sim=None final=False
[sim-compare] point=268/321 arm=ROUTED symbolic=True/True sim=True final=True
[sim-compare] point=269/321 pressure=invalid_action_after_prefix task=multiskill_press_030 seed=1 start
[sim-compare] point=269/321 arm=NO_REPAIR symbolic=False/False sim=None final=False
[sim-compare] point=269/321 arm=ROUTED symbolic=True/True sim=True final=True
[sim-compare] point=270/321 pressure=invalid_action_after_prefix task=multiskill_press_030 seed=2 start
[sim-compare] point=270/321 arm=NO_REPAIR symbolic=False/False sim=None final=False
[sim-compare] point=270/321 arm=ROUTED symbolic=True/True sim=True final=True
[sim-compare] point=271/321 pressure=invalid_action_after_prefix task=multiskill_press_031 seed=0 start
[sim-compare] point=271/321 arm=NO_REPAIR symbolic=False/False sim=None final=False
[sim-compare] point=271/321 arm=ROUTED symbolic=True/True sim=True final=True
[sim-compare] point=272/321 pressure=invalid_action_after_prefix task=multiskill_press_031 seed=1 start
[sim-compare] point=272/321 arm=NO_REPAIR symbolic=False/False sim=None final=False
[sim-compare] point=272/321 arm=ROUTED symbolic=True/True sim=True final=True
[sim-compare] point=273/321 pressure=invalid_action_after_prefix task=multiskill_press_031 seed=2 start
[sim-compare] point=273/321 arm=NO_REPAIR symbolic=False/False sim=None final=False
[sim-compare] point=273/321 arm=ROUTED symbolic=True/True sim=True final=True
[sim-compare] point=274/321 pressure=invalid_action_after_prefix task=multiskill_press_032 seed=0 start
[sim-compare] point=274/321 arm=NO_REPAIR symbolic=False/False sim=None final=False
[sim-compare] point=274/321 arm=ROUTED symbolic=True/True sim=True final=True
[sim-compare] point=275/321 pressure=invalid_action_after_prefix task=multiskill_press_032 seed=1 start
[sim-compare] point=275/321 arm=NO_REPAIR symbolic=False/False sim=None final=False
[sim-compare] point=275/321 arm=ROUTED symbolic=True/True sim=True final=True
[sim-compare] point=276/321 pressure=invalid_action_after_prefix task=multiskill_press_032 seed=2 start
[sim-compare] point=276/321 arm=NO_REPAIR symbolic=False/False sim=None final=False
[sim-compare] point=276/321 arm=ROUTED symbolic=True/True sim=True final=True
[sim-compare] point=277/321 pressure=invalid_action_after_prefix task=multiskill_press_033 seed=0 start
[sim-compare] point=277/321 arm=NO_REPAIR symbolic=False/False sim=None final=False
[sim-compare] point=277/321 arm=ROUTED symbolic=True/True sim=True final=True
[sim-compare] point=278/321 pressure=invalid_action_after_prefix task=multiskill_press_033 seed=1 start
[sim-compare] point=278/321 arm=NO_REPAIR symbolic=False/False sim=None final=False
[sim-compare] point=278/321 arm=ROUTED symbolic=True/True sim=True final=True
[sim-compare] point=279/321 pressure=invalid_action_after_prefix task=multiskill_press_033 seed=2 start
[sim-compare] point=279/321 arm=NO_REPAIR symbolic=False/False sim=None final=False
[sim-compare] point=279/321 arm=ROUTED symbolic=True/True sim=True final=True
[sim-compare] point=280/321 pressure=invalid_action_after_prefix task=multiskill_press_034 seed=0 start
[sim-compare] point=280/321 arm=NO_REPAIR symbolic=False/False sim=None final=False
[sim-compare] point=280/321 arm=ROUTED symbolic=True/True sim=True final=True
[sim-compare] point=281/321 pressure=invalid_action_after_prefix task=multiskill_press_034 seed=1 start
[sim-compare] point=281/321 arm=NO_REPAIR symbolic=False/False sim=None final=False
[sim-compare] point=281/321 arm=ROUTED symbolic=True/True sim=True final=True
[sim-compare] point=282/321 pressure=invalid_action_after_prefix task=multiskill_press_034 seed=2 start
[sim-compare] point=282/321 arm=NO_REPAIR symbolic=False/False sim=None final=False
[sim-compare] point=282/321 arm=ROUTED symbolic=True/True sim=True final=True
[sim-compare] point=283/321 pressure=invalid_action_after_prefix task=multiskill_press_035 seed=0 start
[sim-compare] point=283/321 arm=NO_REPAIR symbolic=False/False sim=None final=False
[sim-compare] point=283/321 arm=ROUTED symbolic=True/True sim=True final=True
[sim-compare] point=284/321 pressure=invalid_action_after_prefix task=multiskill_press_035 seed=1 start
[sim-compare] point=284/321 arm=NO_REPAIR symbolic=False/False sim=None final=False
[sim-compare] point=284/321 arm=ROUTED symbolic=True/True sim=True final=True
[sim-compare] point=285/321 pressure=invalid_action_after_prefix task=multiskill_press_035 seed=2 start
[sim-compare] point=285/321 arm=NO_REPAIR symbolic=False/False sim=None final=False
[sim-compare] point=285/321 arm=ROUTED symbolic=True/True sim=True final=True
[sim-compare] point=286/321 pressure=invalid_action_after_prefix task=multiskill_push_012 seed=0 start
[sim-compare] point=286/321 arm=NO_REPAIR symbolic=False/False sim=None final=False
[sim-compare] point=286/321 arm=ROUTED symbolic=True/True sim=True final=True
[sim-compare] point=287/321 pressure=invalid_action_after_prefix task=multiskill_push_012 seed=1 start
[sim-compare] point=287/321 arm=NO_REPAIR symbolic=False/False sim=None final=False
[sim-compare] point=287/321 arm=ROUTED symbolic=True/True sim=True final=True
[sim-compare] point=288/321 pressure=invalid_action_after_prefix task=multiskill_push_012 seed=2 start
[sim-compare] point=288/321 arm=NO_REPAIR symbolic=False/False sim=None final=False
[sim-compare] point=288/321 arm=ROUTED symbolic=True/True sim=True final=True
[sim-compare] point=289/321 pressure=invalid_action_after_prefix task=multiskill_push_013 seed=0 start
[sim-compare] point=289/321 arm=NO_REPAIR symbolic=False/False sim=None final=False
[sim-compare] point=289/321 arm=ROUTED symbolic=True/True sim=True final=True
[sim-compare] point=290/321 pressure=invalid_action_after_prefix task=multiskill_push_013 seed=1 start
[sim-compare] point=290/321 arm=NO_REPAIR symbolic=False/False sim=None final=False
[sim-compare] point=290/321 arm=ROUTED symbolic=True/True sim=True final=True
[sim-compare] point=291/321 pressure=invalid_action_after_prefix task=multiskill_push_013 seed=2 start
[sim-compare] point=291/321 arm=NO_REPAIR symbolic=False/False sim=None final=False
[sim-compare] point=291/321 arm=ROUTED symbolic=True/True sim=True final=True
[sim-compare] point=292/321 pressure=invalid_action_after_prefix task=multiskill_push_014 seed=0 start
[sim-compare] point=292/321 arm=NO_REPAIR symbolic=False/False sim=None final=False
[sim-compare] point=292/321 arm=ROUTED symbolic=True/True sim=True final=True
[sim-compare] point=293/321 pressure=invalid_action_after_prefix task=multiskill_push_014 seed=1 start
[sim-compare] point=293/321 arm=NO_REPAIR symbolic=False/False sim=None final=False
[sim-compare] point=293/321 arm=ROUTED symbolic=True/True sim=True final=True
[sim-compare] point=294/321 pressure=invalid_action_after_prefix task=multiskill_push_014 seed=2 start
[sim-compare] point=294/321 arm=NO_REPAIR symbolic=False/False sim=None final=False
[sim-compare] point=294/321 arm=ROUTED symbolic=True/True sim=True final=True
[sim-compare] point=295/321 pressure=invalid_action_after_prefix task=multiskill_push_015 seed=0 start
[sim-compare] point=295/321 arm=NO_REPAIR symbolic=False/False sim=None final=False
[sim-compare] point=295/321 arm=ROUTED symbolic=True/True sim=True final=True
[sim-compare] point=296/321 pressure=invalid_action_after_prefix task=multiskill_push_015 seed=1 start
[sim-compare] point=296/321 arm=NO_REPAIR symbolic=False/False sim=None final=False
[sim-compare] point=296/321 arm=ROUTED symbolic=True/True sim=True final=True
[sim-compare] point=297/321 pressure=invalid_action_after_prefix task=multiskill_push_015 seed=2 start
[sim-compare] point=297/321 arm=NO_REPAIR symbolic=False/False sim=None final=False
[sim-compare] point=297/321 arm=ROUTED symbolic=True/True sim=True final=True
[sim-compare] point=298/321 pressure=invalid_action_after_prefix task=multiskill_push_016 seed=0 start
[sim-compare] point=298/321 arm=NO_REPAIR symbolic=False/False sim=None final=False
[sim-compare] point=298/321 arm=ROUTED symbolic=True/True sim=True final=True
[sim-compare] point=299/321 pressure=invalid_action_after_prefix task=multiskill_push_016 seed=1 start
[sim-compare] point=299/321 arm=NO_REPAIR symbolic=False/False sim=None final=False
[sim-compare] point=299/321 arm=ROUTED symbolic=True/True sim=True final=True
[sim-compare] point=300/321 pressure=invalid_action_after_prefix task=multiskill_push_016 seed=2 start
[sim-compare] point=300/321 arm=NO_REPAIR symbolic=False/False sim=None final=False
[sim-compare] point=300/321 arm=ROUTED symbolic=True/True sim=True final=True
[sim-compare] point=301/321 pressure=invalid_action_after_prefix task=multiskill_push_017 seed=0 start
[sim-compare] point=301/321 arm=NO_REPAIR symbolic=False/False sim=None final=False
[sim-compare] point=301/321 arm=ROUTED symbolic=True/True sim=True final=True
[sim-compare] point=302/321 pressure=invalid_action_after_prefix task=multiskill_push_017 seed=1 start
[sim-compare] point=302/321 arm=NO_REPAIR symbolic=False/False sim=None final=False
[sim-compare] point=302/321 arm=ROUTED symbolic=True/True sim=True final=True
[sim-compare] point=303/321 pressure=invalid_action_after_prefix task=multiskill_push_017 seed=2 start
[sim-compare] point=303/321 arm=NO_REPAIR symbolic=False/False sim=None final=False
[sim-compare] point=303/321 arm=ROUTED symbolic=True/True sim=True final=True
[sim-compare] point=304/321 pressure=invalid_action_after_prefix task=multiskill_push_018 seed=0 start
[sim-compare] point=304/321 arm=NO_REPAIR symbolic=False/False sim=None final=False
[sim-compare] point=304/321 arm=ROUTED symbolic=True/True sim=True final=True
[sim-compare] point=305/321 pressure=invalid_action_after_prefix task=multiskill_push_018 seed=1 start
[sim-compare] point=305/321 arm=NO_REPAIR symbolic=False/False sim=None final=False
[sim-compare] point=305/321 arm=ROUTED symbolic=True/True sim=True final=True
[sim-compare] point=306/321 pressure=invalid_action_after_prefix task=multiskill_push_018 seed=2 start
[sim-compare] point=306/321 arm=NO_REPAIR symbolic=False/False sim=None final=False
[sim-compare] point=306/321 arm=ROUTED symbolic=True/True sim=True final=True
[sim-compare] point=307/321 pressure=invalid_action_after_prefix task=multiskill_push_019 seed=0 start
[sim-compare] point=307/321 arm=NO_REPAIR symbolic=False/False sim=None final=False
[sim-compare] point=307/321 arm=ROUTED symbolic=True/True sim=True final=True
[sim-compare] point=308/321 pressure=invalid_action_after_prefix task=multiskill_push_019 seed=1 start
[sim-compare] point=308/321 arm=NO_REPAIR symbolic=False/False sim=None final=False
[sim-compare] point=308/321 arm=ROUTED symbolic=True/True sim=True final=True
[sim-compare] point=309/321 pressure=invalid_action_after_prefix task=multiskill_push_019 seed=2 start
[sim-compare] point=309/321 arm=NO_REPAIR symbolic=False/False sim=None final=False
[sim-compare] point=309/321 arm=ROUTED symbolic=True/True sim=True final=True
[sim-compare] point=310/321 pressure=invalid_action_after_prefix task=multiskill_push_020 seed=0 start
[sim-compare] point=310/321 arm=NO_REPAIR symbolic=False/False sim=None final=False
[sim-compare] point=310/321 arm=ROUTED symbolic=True/True sim=True final=True
[sim-compare] point=311/321 pressure=invalid_action_after_prefix task=multiskill_push_020 seed=1 start
[sim-compare] point=311/321 arm=NO_REPAIR symbolic=False/False sim=None final=False
[sim-compare] point=311/321 arm=ROUTED symbolic=True/True sim=True final=True
[sim-compare] point=312/321 pressure=invalid_action_after_prefix task=multiskill_push_020 seed=2 start
[sim-compare] point=312/321 arm=NO_REPAIR symbolic=False/False sim=None final=False
[sim-compare] point=312/321 arm=ROUTED symbolic=True/True sim=True final=True
[sim-compare] point=313/321 pressure=invalid_action_after_prefix task=multiskill_push_021 seed=0 start
[sim-compare] point=313/321 arm=NO_REPAIR symbolic=False/False sim=None final=False
[sim-compare] point=313/321 arm=ROUTED symbolic=True/True sim=True final=True
[sim-compare] point=314/321 pressure=invalid_action_after_prefix task=multiskill_push_021 seed=1 start
[sim-compare] point=314/321 arm=NO_REPAIR symbolic=False/False sim=None final=False
[sim-compare] point=314/321 arm=ROUTED symbolic=True/True sim=True final=True
[sim-compare] point=315/321 pressure=invalid_action_after_prefix task=multiskill_push_021 seed=2 start
[sim-compare] point=315/321 arm=NO_REPAIR symbolic=False/False sim=None final=False
[sim-compare] point=315/321 arm=ROUTED symbolic=True/True sim=True final=True
[sim-compare] point=316/321 pressure=invalid_action_after_prefix task=multiskill_push_022 seed=0 start
[sim-compare] point=316/321 arm=NO_REPAIR symbolic=False/False sim=None final=False
[sim-compare] point=316/321 arm=ROUTED symbolic=True/True sim=True final=True
[sim-compare] point=317/321 pressure=invalid_action_after_prefix task=multiskill_push_022 seed=1 start
[sim-compare] point=317/321 arm=NO_REPAIR symbolic=False/False sim=None final=False
[sim-compare] point=317/321 arm=ROUTED symbolic=True/True sim=True final=True
[sim-compare] point=318/321 pressure=invalid_action_after_prefix task=multiskill_push_022 seed=2 start
[sim-compare] point=318/321 arm=NO_REPAIR symbolic=False/False sim=None final=False
[sim-compare] point=318/321 arm=ROUTED symbolic=True/True sim=True final=True
[sim-compare] point=319/321 pressure=invalid_action_after_prefix task=multiskill_push_023 seed=0 start
[sim-compare] point=319/321 arm=NO_REPAIR symbolic=False/False sim=None final=False
[sim-compare] point=319/321 arm=ROUTED symbolic=True/True sim=True final=True
[sim-compare] point=320/321 pressure=invalid_action_after_prefix task=multiskill_push_023 seed=1 start
[sim-compare] point=320/321 arm=NO_REPAIR symbolic=False/False sim=None final=False
[sim-compare] point=320/321 arm=ROUTED symbolic=True/True sim=True final=True
[sim-compare] point=321/321 pressure=invalid_action_after_prefix task=multiskill_push_023 seed=2 start
[sim-compare] point=321/321 arm=NO_REPAIR symbolic=False/False sim=None final=False
[sim-compare] point=321/321 arm=ROUTED symbolic=True/True sim=True final=True
{"completed_at_utc": "2026-09-13T06:51:07.603585+00:00", "record_type": "sim_compare_baselines_summary", "benchmark_mode": "multiskill", "source_routed": "data/collections/repair_pressure_multiskill_formal_v1_20260913_140057.jsonl", "source_tasks": "data/scenarios/multiskill_tasks_v1.jsonl", "source_r2_only": null, "source_checker_loop": null, "points_per_pressure": 107, "pressures": ["duplicate_skill_after_prefix", "unknown_object_after_generic_prefix", "invalid_action_after_prefix"], "points": 321, "vlm_calls": 0, "execution_protocol": "one_homogeneous_symbolic_group_per_fresh_meta_world_episode:pick_place_pair/single_push/single_press", "summary_by_arm": {"NO_REPAIR": {"points": 321, "symbolic_valid": 0, "symbolic_goal_satisfied": 0, "sim_attempted": 0, "sim_success": 0, "final_success": 0, "final_success_rate": 0.0, "pair_total": 0, "pair_success": 0, "pair_success_rate": null}, "ROUTED": {"points": 321, "symbolic_valid": 321, "symbolic_goal_satisfied": 321, "sim_attempted": 321, "sim_success": 315, "final_success": 315, "final_success_rate": 0.9813084112149533, "pair_total": 321, "pair_success": 315, "pair_success_rate": 0.9813084112149533}}, "output": "data/collections/sim_compare_baselines_multiskill_20260913_065107.json"}
