[state-recovery] loaded 107 frozen source plans
[state-recovery] multiskill_pick_place_000__wrong_held_object seed=0
{"task_id": "multiskill_pick_place_000__wrong_held_object", "source_task_id": "multiskill_pick_place_000", "seed": 0, "perturbation_type": "wrong_held_object", "prefix_len": 1, "arms": ["ROUTED"], "model_calls": 2, "repairs": {"ROUTED": {"valid": true, "goal_satisfied": true, "pass_but_wrong": false, "recovery_success": true, "prefix_mutation": false, "model_calls": 2}}}
[state-recovery] multiskill_pick_place_000__wrong_held_object seed=1
{"task_id": "multiskill_pick_place_000__wrong_held_object", "source_task_id": "multiskill_pick_place_000", "seed": 1, "perturbation_type": "wrong_held_object", "prefix_len": 1, "arms": ["ROUTED"], "model_calls": 2, "repairs": {"ROUTED": {"valid": true, "goal_satisfied": true, "pass_but_wrong": false, "recovery_success": true, "prefix_mutation": false, "model_calls": 2}}}
[state-recovery] multiskill_pick_place_000__wrong_held_object seed=2
{"task_id": "multiskill_pick_place_000__wrong_held_object", "source_task_id": "multiskill_pick_place_000", "seed": 2, "perturbation_type": "wrong_held_object", "prefix_len": 1, "arms": ["ROUTED"], "model_calls": 2, "repairs": {"ROUTED": {"valid": true, "goal_satisfied": true, "pass_but_wrong": false, "recovery_success": true, "prefix_mutation": false, "model_calls": 2}}}
[state-recovery] multiskill_pick_place_001__wrong_held_object seed=0
{"task_id": "multiskill_pick_place_001__wrong_held_object", "source_task_id": "multiskill_pick_place_001", "seed": 0, "perturbation_type": "wrong_held_object", "prefix_len": 1, "arms": ["ROUTED"], "model_calls": 2, "repairs": {"ROUTED": {"valid": true, "goal_satisfied": true, "pass_but_wrong": false, "recovery_success": true, "prefix_mutation": false, "model_calls": 2}}}
[state-recovery] multiskill_pick_place_001__wrong_held_object seed=1
{"task_id": "multiskill_pick_place_001__wrong_held_object", "source_task_id": "multiskill_pick_place_001", "seed": 1, "perturbation_type": "wrong_held_object", "prefix_len": 1, "arms": ["ROUTED"], "model_calls": 2, "repairs": {"ROUTED": {"valid": true, "goal_satisfied": true, "pass_but_wrong": false, "recovery_success": true, "prefix_mutation": false, "model_calls": 2}}}
[state-recovery] multiskill_pick_place_001__wrong_held_object seed=2
{"task_id": "multiskill_pick_place_001__wrong_held_object", "source_task_id": "multiskill_pick_place_001", "seed": 2, "perturbation_type": "wrong_held_object", "prefix_len": 1, "arms": ["ROUTED"], "model_calls": 2, "repairs": {"ROUTED": {"valid": true, "goal_satisfied": true, "pass_but_wrong": false, "recovery_success": true, "prefix_mutation": false, "model_calls": 2}}}
[state-recovery] multiskill_pick_place_002__wrong_held_object seed=0
{"task_id": "multiskill_pick_place_002__wrong_held_object", "source_task_id": "multiskill_pick_place_002", "seed": 0, "perturbation_type": "wrong_held_object", "prefix_len": 1, "arms": ["ROUTED"], "model_calls": 2, "repairs": {"ROUTED": {"valid": true, "goal_satisfied": true, "pass_but_wrong": false, "recovery_success": true, "prefix_mutation": false, "model_calls": 2}}}
[state-recovery] multiskill_pick_place_002__wrong_held_object seed=1
{"task_id": "multiskill_pick_place_002__wrong_held_object", "source_task_id": "multiskill_pick_place_002", "seed": 1, "perturbation_type": "wrong_held_object", "prefix_len": 1, "arms": ["ROUTED"], "model_calls": 1, "repairs": {"ROUTED": {"valid": true, "goal_satisfied": true, "pass_but_wrong": false, "recovery_success": true, "prefix_mutation": false, "model_calls": 1}}}
[state-recovery] multiskill_pick_place_002__wrong_held_object seed=2
{"task_id": "multiskill_pick_place_002__wrong_held_object", "source_task_id": "multiskill_pick_place_002", "seed": 2, "perturbation_type": "wrong_held_object", "prefix_len": 1, "arms": ["ROUTED"], "model_calls": 2, "repairs": {"ROUTED": {"valid": true, "goal_satisfied": true, "pass_but_wrong": false, "recovery_success": true, "prefix_mutation": false, "model_calls": 2}}}
[state-recovery] multiskill_pick_place_003__wrong_held_object seed=0
{"task_id": "multiskill_pick_place_003__wrong_held_object", "source_task_id": "multiskill_pick_place_003", "seed": 0, "perturbation_type": "wrong_held_object", "prefix_len": 1, "arms": ["ROUTED"], "model_calls": 1, "repairs": {"ROUTED": {"valid": true, "goal_satisfied": true, "pass_but_wrong": false, "recovery_success": true, "prefix_mutation": false, "model_calls": 1}}}
[state-recovery] multiskill_pick_place_003__wrong_held_object seed=1
{"task_id": "multiskill_pick_place_003__wrong_held_object", "source_task_id": "multiskill_pick_place_003", "seed": 1, "perturbation_type": "wrong_held_object", "prefix_len": 1, "arms": ["ROUTED"], "model_calls": 2, "repairs": {"ROUTED": {"valid": true, "goal_satisfied": true, "pass_but_wrong": false, "recovery_success": true, "prefix_mutation": false, "model_calls": 2}}}
[state-recovery] multiskill_pick_place_003__wrong_held_object seed=2
{"task_id": "multiskill_pick_place_003__wrong_held_object", "source_task_id": "multiskill_pick_place_003", "seed": 2, "perturbation_type": "wrong_held_object", "prefix_len": 1, "arms": ["ROUTED"], "model_calls": 2, "repairs": {"ROUTED": {"valid": true, "goal_satisfied": true, "pass_but_wrong": false, "recovery_success": true, "prefix_mutation": false, "model_calls": 2}}}
[state-recovery] multiskill_pick_place_004__wrong_held_object seed=0
{"task_id": "multiskill_pick_place_004__wrong_held_object", "source_task_id": "multiskill_pick_place_004", "seed": 0, "perturbation_type": "wrong_held_object", "prefix_len": 1, "arms": ["ROUTED"], "model_calls": 2, "repairs": {"ROUTED": {"valid": true, "goal_satisfied": true, "pass_but_wrong": false, "recovery_success": true, "prefix_mutation": false, "model_calls": 2}}}
[state-recovery] multiskill_pick_place_004__wrong_held_object seed=1
{"task_id": "multiskill_pick_place_004__wrong_held_object", "source_task_id": "multiskill_pick_place_004", "seed": 1, "perturbation_type": "wrong_held_object", "prefix_len": 1, "arms": ["ROUTED"], "model_calls": 2, "repairs": {"ROUTED": {"valid": true, "goal_satisfied": true, "pass_but_wrong": false, "recovery_success": true, "prefix_mutation": false, "model_calls": 2}}}
[state-recovery] multiskill_pick_place_004__wrong_held_object seed=2
{"task_id": "multiskill_pick_place_004__wrong_held_object", "source_task_id": "multiskill_pick_place_004", "seed": 2, "perturbation_type": "wrong_held_object", "prefix_len": 1, "arms": ["ROUTED"], "model_calls": 2, "repairs": {"ROUTED": {"valid": true, "goal_satisfied": true, "pass_but_wrong": false, "recovery_success": true, "prefix_mutation": false, "model_calls": 2}}}
[state-recovery] multiskill_pick_place_005__wrong_held_object seed=0
{"task_id": "multiskill_pick_place_005__wrong_held_object", "source_task_id": "multiskill_pick_place_005", "seed": 0, "perturbation_type": "wrong_held_object", "prefix_len": 1, "arms": ["ROUTED"], "model_calls": 1, "repairs": {"ROUTED": {"valid": true, "goal_satisfied": true, "pass_but_wrong": false, "recovery_success": true, "prefix_mutation": false, "model_calls": 1}}}
[state-recovery] multiskill_pick_place_005__wrong_held_object seed=1
{"task_id": "multiskill_pick_place_005__wrong_held_object", "source_task_id": "multiskill_pick_place_005", "seed": 1, "perturbation_type": "wrong_held_object", "prefix_len": 1, "arms": ["ROUTED"], "model_calls": 1, "repairs": {"ROUTED": {"valid": true, "goal_satisfied": true, "pass_but_wrong": false, "recovery_success": true, "prefix_mutation": false, "model_calls": 1}}}
[state-recovery] multiskill_pick_place_005__wrong_held_object seed=2
{"task_id": "multiskill_pick_place_005__wrong_held_object", "source_task_id": "multiskill_pick_place_005", "seed": 2, "perturbation_type": "wrong_held_object", "prefix_len": 1, "arms": ["ROUTED"], "model_calls": 1, "repairs": {"ROUTED": {"valid": true, "goal_satisfied": true, "pass_but_wrong": false, "recovery_success": true, "prefix_mutation": false, "model_calls": 1}}}
[state-recovery] multiskill_pick_place_006__wrong_held_object seed=0
{"task_id": "multiskill_pick_place_006__wrong_held_object", "source_task_id": "multiskill_pick_place_006", "seed": 0, "perturbation_type": "wrong_held_object", "prefix_len": 1, "arms": ["ROUTED"], "model_calls": 2, "repairs": {"ROUTED": {"valid": true, "goal_satisfied": true, "pass_but_wrong": false, "recovery_success": true, "prefix_mutation": false, "model_calls": 2}}}
[state-recovery] multiskill_pick_place_006__wrong_held_object seed=1
{"task_id": "multiskill_pick_place_006__wrong_held_object", "source_task_id": "multiskill_pick_place_006", "seed": 1, "perturbation_type": "wrong_held_object", "prefix_len": 1, "arms": ["ROUTED"], "model_calls": 1, "repairs": {"ROUTED": {"valid": true, "goal_satisfied": true, "pass_but_wrong": false, "recovery_success": true, "prefix_mutation": false, "model_calls": 1}}}
[state-recovery] multiskill_pick_place_006__wrong_held_object seed=2
{"task_id": "multiskill_pick_place_006__wrong_held_object", "source_task_id": "multiskill_pick_place_006", "seed": 2, "perturbation_type": "wrong_held_object", "prefix_len": 1, "arms": ["ROUTED"], "model_calls": 2, "repairs": {"ROUTED": {"valid": true, "goal_satisfied": true, "pass_but_wrong": false, "recovery_success": true, "prefix_mutation": false, "model_calls": 2}}}
[state-recovery] multiskill_pick_place_007__wrong_held_object seed=0
{"task_id": "multiskill_pick_place_007__wrong_held_object", "source_task_id": "multiskill_pick_place_007", "seed": 0, "perturbation_type": "wrong_held_object", "prefix_len": 1, "arms": ["ROUTED"], "model_calls": 2, "repairs": {"ROUTED": {"valid": true, "goal_satisfied": true, "pass_but_wrong": false, "recovery_success": true, "prefix_mutation": false, "model_calls": 2}}}
[state-recovery] multiskill_pick_place_007__wrong_held_object seed=1
{"task_id": "multiskill_pick_place_007__wrong_held_object", "source_task_id": "multiskill_pick_place_007", "seed": 1, "perturbation_type": "wrong_held_object", "prefix_len": 1, "arms": ["ROUTED"], "model_calls": 2, "repairs": {"ROUTED": {"valid": true, "goal_satisfied": true, "pass_but_wrong": false, "recovery_success": true, "prefix_mutation": false, "model_calls": 2}}}
[state-recovery] multiskill_pick_place_007__wrong_held_object seed=2
{"task_id": "multiskill_pick_place_007__wrong_held_object", "source_task_id": "multiskill_pick_place_007", "seed": 2, "perturbation_type": "wrong_held_object", "prefix_len": 1, "arms": ["ROUTED"], "model_calls": 2, "repairs": {"ROUTED": {"valid": true, "goal_satisfied": true, "pass_but_wrong": false, "recovery_success": true, "prefix_mutation": false, "model_calls": 2}}}
[state-recovery] multiskill_pick_place_008__wrong_held_object seed=0
{"task_id": "multiskill_pick_place_008__wrong_held_object", "source_task_id": "multiskill_pick_place_008", "seed": 0, "perturbation_type": "wrong_held_object", "prefix_len": 1, "arms": ["ROUTED"], "model_calls": 1, "repairs": {"ROUTED": {"valid": true, "goal_satisfied": true, "pass_but_wrong": false, "recovery_success": true, "prefix_mutation": false, "model_calls": 1}}}
[state-recovery] multiskill_pick_place_008__wrong_held_object seed=1
{"task_id": "multiskill_pick_place_008__wrong_held_object", "source_task_id": "multiskill_pick_place_008", "seed": 1, "perturbation_type": "wrong_held_object", "prefix_len": 1, "arms": ["ROUTED"], "model_calls": 2, "repairs": {"ROUTED": {"valid": true, "goal_satisfied": true, "pass_but_wrong": false, "recovery_success": true, "prefix_mutation": false, "model_calls": 2}}}
[state-recovery] multiskill_pick_place_008__wrong_held_object seed=2
{"task_id": "multiskill_pick_place_008__wrong_held_object", "source_task_id": "multiskill_pick_place_008", "seed": 2, "perturbation_type": "wrong_held_object", "prefix_len": 1, "arms": ["ROUTED"], "model_calls": 2, "repairs": {"ROUTED": {"valid": true, "goal_satisfied": true, "pass_but_wrong": false, "recovery_success": true, "prefix_mutation": false, "model_calls": 2}}}
[state-recovery] multiskill_pick_place_009__wrong_held_object seed=0
{"task_id": "multiskill_pick_place_009__wrong_held_object", "source_task_id": "multiskill_pick_place_009", "seed": 0, "perturbation_type": "wrong_held_object", "prefix_len": 1, "arms": ["ROUTED"], "model_calls": 1, "repairs": {"ROUTED": {"valid": true, "goal_satisfied": true, "pass_but_wrong": false, "recovery_success": true, "prefix_mutation": false, "model_calls": 1}}}
[state-recovery] multiskill_pick_place_009__wrong_held_object seed=1
{"task_id": "multiskill_pick_place_009__wrong_held_object", "source_task_id": "multiskill_pick_place_009", "seed": 1, "perturbation_type": "wrong_held_object", "prefix_len": 1, "arms": ["ROUTED"], "model_calls": 2, "repairs": {"ROUTED": {"valid": true, "goal_satisfied": true, "pass_but_wrong": false, "recovery_success": true, "prefix_mutation": false, "model_calls": 2}}}
[state-recovery] multiskill_pick_place_009__wrong_held_object seed=2
{"task_id": "multiskill_pick_place_009__wrong_held_object", "source_task_id": "multiskill_pick_place_009", "seed": 2, "perturbation_type": "wrong_held_object", "prefix_len": 1, "arms": ["ROUTED"], "model_calls": 1, "repairs": {"ROUTED": {"valid": true, "goal_satisfied": true, "pass_but_wrong": false, "recovery_success": true, "prefix_mutation": false, "model_calls": 1}}}
[state-recovery] multiskill_pick_place_010__wrong_held_object seed=0
{"task_id": "multiskill_pick_place_010__wrong_held_object", "source_task_id": "multiskill_pick_place_010", "seed": 0, "perturbation_type": "wrong_held_object", "prefix_len": 1, "arms": ["ROUTED"], "model_calls": 1, "repairs": {"ROUTED": {"valid": true, "goal_satisfied": true, "pass_but_wrong": false, "recovery_success": true, "prefix_mutation": false, "model_calls": 1}}}
[state-recovery] multiskill_pick_place_010__wrong_held_object seed=1
{"task_id": "multiskill_pick_place_010__wrong_held_object", "source_task_id": "multiskill_pick_place_010", "seed": 1, "perturbation_type": "wrong_held_object", "prefix_len": 1, "arms": ["ROUTED"], "model_calls": 1, "repairs": {"ROUTED": {"valid": true, "goal_satisfied": true, "pass_but_wrong": false, "recovery_success": true, "prefix_mutation": false, "model_calls": 1}}}
[state-recovery] multiskill_pick_place_010__wrong_held_object seed=2
{"task_id": "multiskill_pick_place_010__wrong_held_object", "source_task_id": "multiskill_pick_place_010", "seed": 2, "perturbation_type": "wrong_held_object", "prefix_len": 1, "arms": ["ROUTED"], "model_calls": 1, "repairs": {"ROUTED": {"valid": true, "goal_satisfied": true, "pass_but_wrong": false, "recovery_success": true, "prefix_mutation": false, "model_calls": 1}}}
[state-recovery] multiskill_pick_place_011__wrong_held_object seed=0
{"task_id": "multiskill_pick_place_011__wrong_held_object", "source_task_id": "multiskill_pick_place_011", "seed": 0, "perturbation_type": "wrong_held_object", "prefix_len": 1, "arms": ["ROUTED"], "model_calls": 1, "repairs": {"ROUTED": {"valid": true, "goal_satisfied": true, "pass_but_wrong": false, "recovery_success": true, "prefix_mutation": false, "model_calls": 1}}}
[state-recovery] multiskill_pick_place_011__wrong_held_object seed=1
{"task_id": "multiskill_pick_place_011__wrong_held_object", "source_task_id": "multiskill_pick_place_011", "seed": 1, "perturbation_type": "wrong_held_object", "prefix_len": 1, "arms": ["ROUTED"], "model_calls": 2, "repairs": {"ROUTED": {"valid": true, "goal_satisfied": true, "pass_but_wrong": false, "recovery_success": true, "prefix_mutation": false, "model_calls": 2}}}
[state-recovery] multiskill_pick_place_011__wrong_held_object seed=2
{"task_id": "multiskill_pick_place_011__wrong_held_object", "source_task_id": "multiskill_pick_place_011", "seed": 2, "perturbation_type": "wrong_held_object", "prefix_len": 1, "arms": ["ROUTED"], "model_calls": 2, "repairs": {"ROUTED": {"valid": true, "goal_satisfied": true, "pass_but_wrong": false, "recovery_success": true, "prefix_mutation": false, "model_calls": 2}}}
[state-recovery] multiskill_push_012__wrong_held_object seed=0
{"task_id": "multiskill_push_012__wrong_held_object", "source_task_id": "multiskill_push_012", "seed": 0, "perturbation_type": "wrong_held_object", "prefix_len": 0, "arms": ["ROUTED"], "model_calls": 2, "repairs": {"ROUTED": {"valid": true, "goal_satisfied": true, "pass_but_wrong": false, "recovery_success": true, "prefix_mutation": false, "model_calls": 2}}}
[state-recovery] multiskill_push_012__wrong_held_object seed=1
{"task_id": "multiskill_push_012__wrong_held_object", "source_task_id": "multiskill_push_012", "seed": 1, "perturbation_type": "wrong_held_object", "prefix_len": 0, "arms": ["ROUTED"], "model_calls": 2, "repairs": {"ROUTED": {"valid": false, "goal_satisfied": false, "pass_but_wrong": false, "recovery_success": false, "prefix_mutation": false, "model_calls": 2}}}
[state-recovery] multiskill_push_012__wrong_held_object seed=2
{"task_id": "multiskill_push_012__wrong_held_object", "source_task_id": "multiskill_push_012", "seed": 2, "perturbation_type": "wrong_held_object", "prefix_len": 0, "arms": ["ROUTED"], "model_calls": 1, "repairs": {"ROUTED": {"valid": true, "goal_satisfied": true, "pass_but_wrong": false, "recovery_success": true, "prefix_mutation": false, "model_calls": 1}}}
[state-recovery] multiskill_push_013__wrong_held_object seed=0
{"task_id": "multiskill_push_013__wrong_held_object", "source_task_id": "multiskill_push_013", "seed": 0, "perturbation_type": "wrong_held_object", "prefix_len": 0, "arms": ["ROUTED"], "model_calls": 1, "repairs": {"ROUTED": {"valid": true, "goal_satisfied": true, "pass_but_wrong": false, "recovery_success": true, "prefix_mutation": false, "model_calls": 1}}}
[state-recovery] multiskill_push_013__wrong_held_object seed=1
{"task_id": "multiskill_push_013__wrong_held_object", "source_task_id": "multiskill_push_013", "seed": 1, "perturbation_type": "wrong_held_object", "prefix_len": 0, "arms": ["ROUTED"], "model_calls": 1, "repairs": {"ROUTED": {"valid": true, "goal_satisfied": true, "pass_but_wrong": false, "recovery_success": true, "prefix_mutation": false, "model_calls": 1}}}
[state-recovery] multiskill_push_013__wrong_held_object seed=2
{"task_id": "multiskill_push_013__wrong_held_object", "source_task_id": "multiskill_push_013", "seed": 2, "perturbation_type": "wrong_held_object", "prefix_len": 0, "arms": ["ROUTED"], "model_calls": 1, "repairs": {"ROUTED": {"valid": true, "goal_satisfied": true, "pass_but_wrong": false, "recovery_success": true, "prefix_mutation": false, "model_calls": 1}}}
[state-recovery] multiskill_push_014__wrong_held_object seed=0
{"task_id": "multiskill_push_014__wrong_held_object", "source_task_id": "multiskill_push_014", "seed": 0, "perturbation_type": "wrong_held_object", "prefix_len": 0, "arms": ["ROUTED"], "model_calls": 1, "repairs": {"ROUTED": {"valid": true, "goal_satisfied": true, "pass_but_wrong": false, "recovery_success": true, "prefix_mutation": false, "model_calls": 1}}}
[state-recovery] multiskill_push_014__wrong_held_object seed=1
{"task_id": "multiskill_push_014__wrong_held_object", "source_task_id": "multiskill_push_014", "seed": 1, "perturbation_type": "wrong_held_object", "prefix_len": 0, "arms": ["ROUTED"], "model_calls": 2, "repairs": {"ROUTED": {"valid": true, "goal_satisfied": true, "pass_but_wrong": false, "recovery_success": true, "prefix_mutation": false, "model_calls": 2}}}
[state-recovery] multiskill_push_014__wrong_held_object seed=2
{"task_id": "multiskill_push_014__wrong_held_object", "source_task_id": "multiskill_push_014", "seed": 2, "perturbation_type": "wrong_held_object", "prefix_len": 0, "arms": ["ROUTED"], "model_calls": 1, "repairs": {"ROUTED": {"valid": true, "goal_satisfied": true, "pass_but_wrong": false, "recovery_success": true, "prefix_mutation": false, "model_calls": 1}}}
[state-recovery] multiskill_push_015__wrong_held_object seed=0
{"task_id": "multiskill_push_015__wrong_held_object", "source_task_id": "multiskill_push_015", "seed": 0, "perturbation_type": "wrong_held_object", "prefix_len": 0, "arms": ["ROUTED"], "model_calls": 2, "repairs": {"ROUTED": {"valid": true, "goal_satisfied": true, "pass_but_wrong": false, "recovery_success": true, "prefix_mutation": false, "model_calls": 2}}}
[state-recovery] multiskill_push_015__wrong_held_object seed=1
{"task_id": "multiskill_push_015__wrong_held_object", "source_task_id": "multiskill_push_015", "seed": 1, "perturbation_type": "wrong_held_object", "prefix_len": 0, "arms": ["ROUTED"], "model_calls": 2, "repairs": {"ROUTED": {"valid": true, "goal_satisfied": true, "pass_but_wrong": false, "recovery_success": true, "prefix_mutation": false, "model_calls": 2}}}
[state-recovery] multiskill_push_015__wrong_held_object seed=2
{"task_id": "multiskill_push_015__wrong_held_object", "source_task_id": "multiskill_push_015", "seed": 2, "perturbation_type": "wrong_held_object", "prefix_len": 0, "arms": ["ROUTED"], "model_calls": 1, "repairs": {"ROUTED": {"valid": true, "goal_satisfied": true, "pass_but_wrong": false, "recovery_success": true, "prefix_mutation": false, "model_calls": 1}}}
[state-recovery] multiskill_push_016__wrong_held_object seed=0
{"task_id": "multiskill_push_016__wrong_held_object", "source_task_id": "multiskill_push_016", "seed": 0, "perturbation_type": "wrong_held_object", "prefix_len": 0, "arms": ["ROUTED"], "model_calls": 2, "repairs": {"ROUTED": {"valid": true, "goal_satisfied": true, "pass_but_wrong": false, "recovery_success": true, "prefix_mutation": false, "model_calls": 2}}}
[state-recovery] multiskill_push_016__wrong_held_object seed=1
{"task_id": "multiskill_push_016__wrong_held_object", "source_task_id": "multiskill_push_016", "seed": 1, "perturbation_type": "wrong_held_object", "prefix_len": 0, "arms": ["ROUTED"], "model_calls": 1, "repairs": {"ROUTED": {"valid": true, "goal_satisfied": true, "pass_but_wrong": false, "recovery_success": true, "prefix_mutation": false, "model_calls": 1}}}
[state-recovery] multiskill_push_016__wrong_held_object seed=2
{"task_id": "multiskill_push_016__wrong_held_object", "source_task_id": "multiskill_push_016", "seed": 2, "perturbation_type": "wrong_held_object", "prefix_len": 0, "arms": ["ROUTED"], "model_calls": 1, "repairs": {"ROUTED": {"valid": true, "goal_satisfied": true, "pass_but_wrong": false, "recovery_success": true, "prefix_mutation": false, "model_calls": 1}}}
[state-recovery] multiskill_push_017__wrong_held_object seed=0
{"task_id": "multiskill_push_017__wrong_held_object", "source_task_id": "multiskill_push_017", "seed": 0, "perturbation_type": "wrong_held_object", "prefix_len": 0, "arms": ["ROUTED"], "model_calls": 1, "repairs": {"ROUTED": {"valid": true, "goal_satisfied": true, "pass_but_wrong": false, "recovery_success": true, "prefix_mutation": false, "model_calls": 1}}}
[state-recovery] multiskill_push_017__wrong_held_object seed=1
{"task_id": "multiskill_push_017__wrong_held_object", "source_task_id": "multiskill_push_017", "seed": 1, "perturbation_type": "wrong_held_object", "prefix_len": 0, "arms": ["ROUTED"], "model_calls": 1, "repairs": {"ROUTED": {"valid": true, "goal_satisfied": true, "pass_but_wrong": false, "recovery_success": true, "prefix_mutation": false, "model_calls": 1}}}
[state-recovery] multiskill_push_017__wrong_held_object seed=2
{"task_id": "multiskill_push_017__wrong_held_object", "source_task_id": "multiskill_push_017", "seed": 2, "perturbation_type": "wrong_held_object", "prefix_len": 0, "arms": ["ROUTED"], "model_calls": 1, "repairs": {"ROUTED": {"valid": true, "goal_satisfied": true, "pass_but_wrong": false, "recovery_success": true, "prefix_mutation": false, "model_calls": 1}}}
[state-recovery] multiskill_push_018__wrong_held_object seed=0
{"task_id": "multiskill_push_018__wrong_held_object", "source_task_id": "multiskill_push_018", "seed": 0, "perturbation_type": "wrong_held_object", "prefix_len": 0, "arms": ["ROUTED"], "model_calls": 2, "repairs": {"ROUTED": {"valid": true, "goal_satisfied": true, "pass_but_wrong": false, "recovery_success": true, "prefix_mutation": false, "model_calls": 2}}}
[state-recovery] multiskill_push_018__wrong_held_object seed=1
{"task_id": "multiskill_push_018__wrong_held_object", "source_task_id": "multiskill_push_018", "seed": 1, "perturbation_type": "wrong_held_object", "prefix_len": 0, "arms": ["ROUTED"], "model_calls": 2, "repairs": {"ROUTED": {"valid": true, "goal_satisfied": true, "pass_but_wrong": false, "recovery_success": true, "prefix_mutation": false, "model_calls": 2}}}
[state-recovery] multiskill_push_018__wrong_held_object seed=2
{"task_id": "multiskill_push_018__wrong_held_object", "source_task_id": "multiskill_push_018", "seed": 2, "perturbation_type": "wrong_held_object", "prefix_len": 0, "arms": ["ROUTED"], "model_calls": 2, "repairs": {"ROUTED": {"valid": true, "goal_satisfied": true, "pass_but_wrong": false, "recovery_success": true, "prefix_mutation": false, "model_calls": 2}}}
[state-recovery] multiskill_push_019__wrong_held_object seed=0
{"task_id": "multiskill_push_019__wrong_held_object", "source_task_id": "multiskill_push_019", "seed": 0, "perturbation_type": "wrong_held_object", "prefix_len": 0, "arms": ["ROUTED"], "model_calls": 2, "repairs": {"ROUTED": {"valid": false, "goal_satisfied": false, "pass_but_wrong": false, "recovery_success": false, "prefix_mutation": false, "model_calls": 2}}}
[state-recovery] multiskill_push_019__wrong_held_object seed=1
{"task_id": "multiskill_push_019__wrong_held_object", "source_task_id": "multiskill_push_019", "seed": 1, "perturbation_type": "wrong_held_object", "prefix_len": 0, "arms": ["ROUTED"], "model_calls": 2, "repairs": {"ROUTED": {"valid": false, "goal_satisfied": false, "pass_but_wrong": false, "recovery_success": false, "prefix_mutation": false, "model_calls": 2}}}
[state-recovery] multiskill_push_019__wrong_held_object seed=2
{"task_id": "multiskill_push_019__wrong_held_object", "source_task_id": "multiskill_push_019", "seed": 2, "perturbation_type": "wrong_held_object", "prefix_len": 0, "arms": ["ROUTED"], "model_calls": 2, "repairs": {"ROUTED": {"valid": false, "goal_satisfied": false, "pass_but_wrong": false, "recovery_success": false, "prefix_mutation": false, "model_calls": 2}}}
[state-recovery] multiskill_push_020__wrong_held_object seed=0
{"task_id": "multiskill_push_020__wrong_held_object", "source_task_id": "multiskill_push_020", "seed": 0, "perturbation_type": "wrong_held_object", "prefix_len": 0, "arms": ["ROUTED"], "model_calls": 2, "repairs": {"ROUTED": {"valid": true, "goal_satisfied": true, "pass_but_wrong": false, "recovery_success": true, "prefix_mutation": false, "model_calls": 2}}}
[state-recovery] multiskill_push_020__wrong_held_object seed=1
{"task_id": "multiskill_push_020__wrong_held_object", "source_task_id": "multiskill_push_020", "seed": 1, "perturbation_type": "wrong_held_object", "prefix_len": 0, "arms": ["ROUTED"], "model_calls": 2, "repairs": {"ROUTED": {"valid": true, "goal_satisfied": true, "pass_but_wrong": false, "recovery_success": true, "prefix_mutation": false, "model_calls": 2}}}
[state-recovery] multiskill_push_020__wrong_held_object seed=2
{"task_id": "multiskill_push_020__wrong_held_object", "source_task_id": "multiskill_push_020", "seed": 2, "perturbation_type": "wrong_held_object", "prefix_len": 0, "arms": ["ROUTED"], "model_calls": 2, "repairs": {"ROUTED": {"valid": true, "goal_satisfied": true, "pass_but_wrong": false, "recovery_success": true, "prefix_mutation": false, "model_calls": 2}}}
[state-recovery] multiskill_push_021__wrong_held_object seed=0
{"task_id": "multiskill_push_021__wrong_held_object", "source_task_id": "multiskill_push_021", "seed": 0, "perturbation_type": "wrong_held_object", "prefix_len": 0, "arms": ["ROUTED"], "model_calls": 2, "repairs": {"ROUTED": {"valid": false, "goal_satisfied": false, "pass_but_wrong": false, "recovery_success": false, "prefix_mutation": false, "model_calls": 2}}}
[state-recovery] multiskill_push_021__wrong_held_object seed=1
{"task_id": "multiskill_push_021__wrong_held_object", "source_task_id": "multiskill_push_021", "seed": 1, "perturbation_type": "wrong_held_object", "prefix_len": 0, "arms": ["ROUTED"], "model_calls": 1, "repairs": {"ROUTED": {"valid": true, "goal_satisfied": true, "pass_but_wrong": false, "recovery_success": true, "prefix_mutation": false, "model_calls": 1}}}
[state-recovery] multiskill_push_021__wrong_held_object seed=2
{"task_id": "multiskill_push_021__wrong_held_object", "source_task_id": "multiskill_push_021", "seed": 2, "perturbation_type": "wrong_held_object", "prefix_len": 0, "arms": ["ROUTED"], "model_calls": 1, "repairs": {"ROUTED": {"valid": true, "goal_satisfied": true, "pass_but_wrong": false, "recovery_success": true, "prefix_mutation": false, "model_calls": 1}}}
[state-recovery] multiskill_push_022__wrong_held_object seed=0
{"task_id": "multiskill_push_022__wrong_held_object", "source_task_id": "multiskill_push_022", "seed": 0, "perturbation_type": "wrong_held_object", "prefix_len": 0, "arms": ["ROUTED"], "model_calls": 2, "repairs": {"ROUTED": {"valid": false, "goal_satisfied": false, "pass_but_wrong": false, "recovery_success": false, "prefix_mutation": false, "model_calls": 2}}}
[state-recovery] multiskill_push_022__wrong_held_object seed=1
{"task_id": "multiskill_push_022__wrong_held_object", "source_task_id": "multiskill_push_022", "seed": 1, "perturbation_type": "wrong_held_object", "prefix_len": 0, "arms": ["ROUTED"], "model_calls": 1, "repairs": {"ROUTED": {"valid": true, "goal_satisfied": true, "pass_but_wrong": false, "recovery_success": true, "prefix_mutation": false, "model_calls": 1}}}
[state-recovery] multiskill_push_022__wrong_held_object seed=2
{"task_id": "multiskill_push_022__wrong_held_object", "source_task_id": "multiskill_push_022", "seed": 2, "perturbation_type": "wrong_held_object", "prefix_len": 0, "arms": ["ROUTED"], "model_calls": 1, "repairs": {"ROUTED": {"valid": true, "goal_satisfied": true, "pass_but_wrong": false, "recovery_success": true, "prefix_mutation": false, "model_calls": 1}}}
[state-recovery] multiskill_push_023__wrong_held_object seed=0
{"task_id": "multiskill_push_023__wrong_held_object", "source_task_id": "multiskill_push_023", "seed": 0, "perturbation_type": "wrong_held_object", "prefix_len": 0, "arms": ["ROUTED"], "model_calls": 1, "repairs": {"ROUTED": {"valid": true, "goal_satisfied": true, "pass_but_wrong": false, "recovery_success": true, "prefix_mutation": false, "model_calls": 1}}}
[state-recovery] multiskill_push_023__wrong_held_object seed=1
{"task_id": "multiskill_push_023__wrong_held_object", "source_task_id": "multiskill_push_023", "seed": 1, "perturbation_type": "wrong_held_object", "prefix_len": 0, "arms": ["ROUTED"], "model_calls": 1, "repairs": {"ROUTED": {"valid": true, "goal_satisfied": true, "pass_but_wrong": false, "recovery_success": true, "prefix_mutation": false, "model_calls": 1}}}
[state-recovery] multiskill_push_023__wrong_held_object seed=2
{"task_id": "multiskill_push_023__wrong_held_object", "source_task_id": "multiskill_push_023", "seed": 2, "perturbation_type": "wrong_held_object", "prefix_len": 0, "arms": ["ROUTED"], "model_calls": 1, "repairs": {"ROUTED": {"valid": true, "goal_satisfied": true, "pass_but_wrong": false, "recovery_success": true, "prefix_mutation": false, "model_calls": 1}}}
[state-recovery] multiskill_press_024__wrong_held_object seed=0
{"task_id": "multiskill_press_024__wrong_held_object", "source_task_id": "multiskill_press_024", "seed": 0, "perturbation_type": "wrong_held_object", "prefix_len": 0, "arms": ["ROUTED"], "model_calls": 1, "repairs": {"ROUTED": {"valid": true, "goal_satisfied": true, "pass_but_wrong": false, "recovery_success": true, "prefix_mutation": false, "model_calls": 1}}}
[state-recovery] multiskill_press_024__wrong_held_object seed=1
{"task_id": "multiskill_press_024__wrong_held_object", "source_task_id": "multiskill_press_024", "seed": 1, "perturbation_type": "wrong_held_object", "prefix_len": 0, "arms": ["ROUTED"], "model_calls": 1, "repairs": {"ROUTED": {"valid": true, "goal_satisfied": true, "pass_but_wrong": false, "recovery_success": true, "prefix_mutation": false, "model_calls": 1}}}
[state-recovery] multiskill_press_024__wrong_held_object seed=2
{"task_id": "multiskill_press_024__wrong_held_object", "source_task_id": "multiskill_press_024", "seed": 2, "perturbation_type": "wrong_held_object", "prefix_len": 0, "arms": ["ROUTED"], "model_calls": 1, "repairs": {"ROUTED": {"valid": true, "goal_satisfied": true, "pass_but_wrong": false, "recovery_success": true, "prefix_mutation": false, "model_calls": 1}}}
[state-recovery] multiskill_press_025__wrong_held_object seed=0
{"task_id": "multiskill_press_025__wrong_held_object", "source_task_id": "multiskill_press_025", "seed": 0, "perturbation_type": "wrong_held_object", "prefix_len": 0, "arms": ["ROUTED"], "model_calls": 1, "repairs": {"ROUTED": {"valid": true, "goal_satisfied": true, "pass_but_wrong": false, "recovery_success": true, "prefix_mutation": false, "model_calls": 1}}}
[state-recovery] multiskill_press_025__wrong_held_object seed=1
{"task_id": "multiskill_press_025__wrong_held_object", "source_task_id": "multiskill_press_025", "seed": 1, "perturbation_type": "wrong_held_object", "prefix_len": 0, "arms": ["ROUTED"], "model_calls": 1, "repairs": {"ROUTED": {"valid": true, "goal_satisfied": true, "pass_but_wrong": false, "recovery_success": true, "prefix_mutation": false, "model_calls": 1}}}
[state-recovery] multiskill_press_025__wrong_held_object seed=2
{"task_id": "multiskill_press_025__wrong_held_object", "source_task_id": "multiskill_press_025", "seed": 2, "perturbation_type": "wrong_held_object", "prefix_len": 0, "arms": ["ROUTED"], "model_calls": 1, "repairs": {"ROUTED": {"valid": true, "goal_satisfied": true, "pass_but_wrong": false, "recovery_success": true, "prefix_mutation": false, "model_calls": 1}}}
[state-recovery] multiskill_press_026__wrong_held_object seed=0
{"task_id": "multiskill_press_026__wrong_held_object", "source_task_id": "multiskill_press_026", "seed": 0, "perturbation_type": "wrong_held_object", "prefix_len": 0, "arms": ["ROUTED"], "model_calls": 1, "repairs": {"ROUTED": {"valid": true, "goal_satisfied": true, "pass_but_wrong": false, "recovery_success": true, "prefix_mutation": false, "model_calls": 1}}}
[state-recovery] multiskill_press_026__wrong_held_object seed=1
{"task_id": "multiskill_press_026__wrong_held_object", "source_task_id": "multiskill_press_026", "seed": 1, "perturbation_type": "wrong_held_object", "prefix_len": 0, "arms": ["ROUTED"], "model_calls": 1, "repairs": {"ROUTED": {"valid": true, "goal_satisfied": true, "pass_but_wrong": false, "recovery_success": true, "prefix_mutation": false, "model_calls": 1}}}
[state-recovery] missing source multiskill_press_026 seed=2
[state-recovery] multiskill_press_027__wrong_held_object seed=0
{"task_id": "multiskill_press_027__wrong_held_object", "source_task_id": "multiskill_press_027", "seed": 0, "perturbation_type": "wrong_held_object", "prefix_len": 0, "arms": ["ROUTED"], "model_calls": 1, "repairs": {"ROUTED": {"valid": true, "goal_satisfied": true, "pass_but_wrong": false, "recovery_success": true, "prefix_mutation": false, "model_calls": 1}}}
[state-recovery] multiskill_press_027__wrong_held_object seed=1
{"task_id": "multiskill_press_027__wrong_held_object", "source_task_id": "multiskill_press_027", "seed": 1, "perturbation_type": "wrong_held_object", "prefix_len": 0, "arms": ["ROUTED"], "model_calls": 1, "repairs": {"ROUTED": {"valid": true, "goal_satisfied": true, "pass_but_wrong": false, "recovery_success": true, "prefix_mutation": false, "model_calls": 1}}}
[state-recovery] multiskill_press_027__wrong_held_object seed=2
{"task_id": "multiskill_press_027__wrong_held_object", "source_task_id": "multiskill_press_027", "seed": 2, "perturbation_type": "wrong_held_object", "prefix_len": 0, "arms": ["ROUTED"], "model_calls": 1, "repairs": {"ROUTED": {"valid": true, "goal_satisfied": true, "pass_but_wrong": false, "recovery_success": true, "prefix_mutation": false, "model_calls": 1}}}
[state-recovery] multiskill_press_028__wrong_held_object seed=0
{"task_id": "multiskill_press_028__wrong_held_object", "source_task_id": "multiskill_press_028", "seed": 0, "perturbation_type": "wrong_held_object", "prefix_len": 0, "arms": ["ROUTED"], "model_calls": 1, "repairs": {"ROUTED": {"valid": true, "goal_satisfied": true, "pass_but_wrong": false, "recovery_success": true, "prefix_mutation": false, "model_calls": 1}}}
[state-recovery] multiskill_press_028__wrong_held_object seed=1
{"task_id": "multiskill_press_028__wrong_held_object", "source_task_id": "multiskill_press_028", "seed": 1, "perturbation_type": "wrong_held_object", "prefix_len": 0, "arms": ["ROUTED"], "model_calls": 1, "repairs": {"ROUTED": {"valid": true, "goal_satisfied": true, "pass_but_wrong": false, "recovery_success": true, "prefix_mutation": false, "model_calls": 1}}}
[state-recovery] multiskill_press_028__wrong_held_object seed=2
{"task_id": "multiskill_press_028__wrong_held_object", "source_task_id": "multiskill_press_028", "seed": 2, "perturbation_type": "wrong_held_object", "prefix_len": 0, "arms": ["ROUTED"], "model_calls": 1, "repairs": {"ROUTED": {"valid": true, "goal_satisfied": true, "pass_but_wrong": false, "recovery_success": true, "prefix_mutation": false, "model_calls": 1}}}
[state-recovery] multiskill_press_029__wrong_held_object seed=0
{"task_id": "multiskill_press_029__wrong_held_object", "source_task_id": "multiskill_press_029", "seed": 0, "perturbation_type": "wrong_held_object", "prefix_len": 0, "arms": ["ROUTED"], "model_calls": 1, "repairs": {"ROUTED": {"valid": true, "goal_satisfied": true, "pass_but_wrong": false, "recovery_success": true, "prefix_mutation": false, "model_calls": 1}}}
[state-recovery] multiskill_press_029__wrong_held_object seed=1
{"task_id": "multiskill_press_029__wrong_held_object", "source_task_id": "multiskill_press_029", "seed": 1, "perturbation_type": "wrong_held_object", "prefix_len": 0, "arms": ["ROUTED"], "model_calls": 1, "repairs": {"ROUTED": {"valid": true, "goal_satisfied": true, "pass_but_wrong": false, "recovery_success": true, "prefix_mutation": false, "model_calls": 1}}}
[state-recovery] multiskill_press_029__wrong_held_object seed=2
{"task_id": "multiskill_press_029__wrong_held_object", "source_task_id": "multiskill_press_029", "seed": 2, "perturbation_type": "wrong_held_object", "prefix_len": 0, "arms": ["ROUTED"], "model_calls": 1, "repairs": {"ROUTED": {"valid": true, "goal_satisfied": true, "pass_but_wrong": false, "recovery_success": true, "prefix_mutation": false, "model_calls": 1}}}
[state-recovery] multiskill_press_030__wrong_held_object seed=0
{"task_id": "multiskill_press_030__wrong_held_object", "source_task_id": "multiskill_press_030", "seed": 0, "perturbation_type": "wrong_held_object", "prefix_len": 0, "arms": ["ROUTED"], "model_calls": 1, "repairs": {"ROUTED": {"valid": true, "goal_satisfied": true, "pass_but_wrong": false, "recovery_success": true, "prefix_mutation": false, "model_calls": 1}}}
[state-recovery] multiskill_press_030__wrong_held_object seed=1
{"task_id": "multiskill_press_030__wrong_held_object", "source_task_id": "multiskill_press_030", "seed": 1, "perturbation_type": "wrong_held_object", "prefix_len": 0, "arms": ["ROUTED"], "model_calls": 1, "repairs": {"ROUTED": {"valid": true, "goal_satisfied": true, "pass_but_wrong": false, "recovery_success": true, "prefix_mutation": false, "model_calls": 1}}}
[state-recovery] multiskill_press_030__wrong_held_object seed=2
{"task_id": "multiskill_press_030__wrong_held_object", "source_task_id": "multiskill_press_030", "seed": 2, "perturbation_type": "wrong_held_object", "prefix_len": 0, "arms": ["ROUTED"], "model_calls": 1, "repairs": {"ROUTED": {"valid": true, "goal_satisfied": true, "pass_but_wrong": false, "recovery_success": true, "prefix_mutation": false, "model_calls": 1}}}
[state-recovery] multiskill_press_031__wrong_held_object seed=0
{"task_id": "multiskill_press_031__wrong_held_object", "source_task_id": "multiskill_press_031", "seed": 0, "perturbation_type": "wrong_held_object", "prefix_len": 0, "arms": ["ROUTED"], "model_calls": 1, "repairs": {"ROUTED": {"valid": true, "goal_satisfied": true, "pass_but_wrong": false, "recovery_success": true, "prefix_mutation": false, "model_calls": 1}}}
[state-recovery] multiskill_press_031__wrong_held_object seed=1
{"task_id": "multiskill_press_031__wrong_held_object", "source_task_id": "multiskill_press_031", "seed": 1, "perturbation_type": "wrong_held_object", "prefix_len": 0, "arms": ["ROUTED"], "model_calls": 1, "repairs": {"ROUTED": {"valid": true, "goal_satisfied": true, "pass_but_wrong": false, "recovery_success": true, "prefix_mutation": false, "model_calls": 1}}}
[state-recovery] multiskill_press_031__wrong_held_object seed=2
{"task_id": "multiskill_press_031__wrong_held_object", "source_task_id": "multiskill_press_031", "seed": 2, "perturbation_type": "wrong_held_object", "prefix_len": 0, "arms": ["ROUTED"], "model_calls": 1, "repairs": {"ROUTED": {"valid": true, "goal_satisfied": true, "pass_but_wrong": false, "recovery_success": true, "prefix_mutation": false, "model_calls": 1}}}
[state-recovery] multiskill_press_032__wrong_held_object seed=0
{"task_id": "multiskill_press_032__wrong_held_object", "source_task_id": "multiskill_press_032", "seed": 0, "perturbation_type": "wrong_held_object", "prefix_len": 0, "arms": ["ROUTED"], "model_calls": 1, "repairs": {"ROUTED": {"valid": true, "goal_satisfied": true, "pass_but_wrong": false, "recovery_success": true, "prefix_mutation": false, "model_calls": 1}}}
[state-recovery] multiskill_press_032__wrong_held_object seed=1
{"task_id": "multiskill_press_032__wrong_held_object", "source_task_id": "multiskill_press_032", "seed": 1, "perturbation_type": "wrong_held_object", "prefix_len": 0, "arms": ["ROUTED"], "model_calls": 1, "repairs": {"ROUTED": {"valid": true, "goal_satisfied": true, "pass_but_wrong": false, "recovery_success": true, "prefix_mutation": false, "model_calls": 1}}}
[state-recovery] multiskill_press_032__wrong_held_object seed=2
{"task_id": "multiskill_press_032__wrong_held_object", "source_task_id": "multiskill_press_032", "seed": 2, "perturbation_type": "wrong_held_object", "prefix_len": 0, "arms": ["ROUTED"], "model_calls": 1, "repairs": {"ROUTED": {"valid": true, "goal_satisfied": true, "pass_but_wrong": false, "recovery_success": true, "prefix_mutation": false, "model_calls": 1}}}
[state-recovery] multiskill_press_033__wrong_held_object seed=0
{"task_id": "multiskill_press_033__wrong_held_object", "source_task_id": "multiskill_press_033", "seed": 0, "perturbation_type": "wrong_held_object", "prefix_len": 0, "arms": ["ROUTED"], "model_calls": 1, "repairs": {"ROUTED": {"valid": true, "goal_satisfied": true, "pass_but_wrong": false, "recovery_success": true, "prefix_mutation": false, "model_calls": 1}}}
[state-recovery] multiskill_press_033__wrong_held_object seed=1
{"task_id": "multiskill_press_033__wrong_held_object", "source_task_id": "multiskill_press_033", "seed": 1, "perturbation_type": "wrong_held_object", "prefix_len": 0, "arms": ["ROUTED"], "model_calls": 1, "repairs": {"ROUTED": {"valid": true, "goal_satisfied": true, "pass_but_wrong": false, "recovery_success": true, "prefix_mutation": false, "model_calls": 1}}}
[state-recovery] multiskill_press_033__wrong_held_object seed=2
{"task_id": "multiskill_press_033__wrong_held_object", "source_task_id": "multiskill_press_033", "seed": 2, "perturbation_type": "wrong_held_object", "prefix_len": 0, "arms": ["ROUTED"], "model_calls": 1, "repairs": {"ROUTED": {"valid": true, "goal_satisfied": true, "pass_but_wrong": false, "recovery_success": true, "prefix_mutation": false, "model_calls": 1}}}
[state-recovery] multiskill_press_034__wrong_held_object seed=0
{"task_id": "multiskill_press_034__wrong_held_object", "source_task_id": "multiskill_press_034", "seed": 0, "perturbation_type": "wrong_held_object", "prefix_len": 0, "arms": ["ROUTED"], "model_calls": 1, "repairs": {"ROUTED": {"valid": true, "goal_satisfied": true, "pass_but_wrong": false, "recovery_success": true, "prefix_mutation": false, "model_calls": 1}}}
[state-recovery] multiskill_press_034__wrong_held_object seed=1
{"task_id": "multiskill_press_034__wrong_held_object", "source_task_id": "multiskill_press_034", "seed": 1, "perturbation_type": "wrong_held_object", "prefix_len": 0, "arms": ["ROUTED"], "model_calls": 1, "repairs": {"ROUTED": {"valid": true, "goal_satisfied": true, "pass_but_wrong": false, "recovery_success": true, "prefix_mutation": false, "model_calls": 1}}}
[state-recovery] multiskill_press_034__wrong_held_object seed=2
{"task_id": "multiskill_press_034__wrong_held_object", "source_task_id": "multiskill_press_034", "seed": 2, "perturbation_type": "wrong_held_object", "prefix_len": 0, "arms": ["ROUTED"], "model_calls": 1, "repairs": {"ROUTED": {"valid": true, "goal_satisfied": true, "pass_but_wrong": false, "recovery_success": true, "prefix_mutation": false, "model_calls": 1}}}
[state-recovery] multiskill_press_035__wrong_held_object seed=0
{"task_id": "multiskill_press_035__wrong_held_object", "source_task_id": "multiskill_press_035", "seed": 0, "perturbation_type": "wrong_held_object", "prefix_len": 0, "arms": ["ROUTED"], "model_calls": 1, "repairs": {"ROUTED": {"valid": true, "goal_satisfied": true, "pass_but_wrong": false, "recovery_success": true, "prefix_mutation": false, "model_calls": 1}}}
[state-recovery] multiskill_press_035__wrong_held_object seed=1
{"task_id": "multiskill_press_035__wrong_held_object", "source_task_id": "multiskill_press_035", "seed": 1, "perturbation_type": "wrong_held_object", "prefix_len": 0, "arms": ["ROUTED"], "model_calls": 1, "repairs": {"ROUTED": {"valid": true, "goal_satisfied": true, "pass_but_wrong": false, "recovery_success": true, "prefix_mutation": false, "model_calls": 1}}}
[state-recovery] multiskill_press_035__wrong_held_object seed=2
{"task_id": "multiskill_press_035__wrong_held_object", "source_task_id": "multiskill_press_035", "seed": 2, "perturbation_type": "wrong_held_object", "prefix_len": 0, "arms": ["ROUTED"], "model_calls": 1, "repairs": {"ROUTED": {"valid": true, "goal_satisfied": true, "pass_but_wrong": false, "recovery_success": true, "prefix_mutation": false, "model_calls": 1}}}
{"completed_slices": 107, "elapsed_s": 272.009, "output": "data/collections/state_recovery_wrong_held_release_actions_full_20260914_133504.jsonl", "arms": ["ROUTED"]}
