{"record_type": "state_visibility_pilot_start", "source": "data/collections/sim_closed_loop_visualstate_perturbed100_20260914_115417.json", "manifest": "data/collections/state_visibility_pilot_manifest_20260915.json", "points": 30, "sparse_arms": ["SPARSE_STATE", "SPARSE_STATE_VISUAL"], "expected_vlm_calls": 60, "full_state_source": "data/collections/visual_prompt_v2_repair_rerun_20260914_210737.jsonl"}
[state-visibility] point=1/30 arm=SPARSE_STATE task=multiskill_pick_place_000 seed=0 start
/root/autodl-tmp/.venvs/metaworld-lerobot/lib/python3.10/site-packages/transformers/utils/hub.py:110: FutureWarning: Using `TRANSFORMERS_CACHE` is deprecated and will be removed in v5 of Transformers. Use `HF_HOME` instead.
  warnings.warn(
/root/autodl-tmp/.venvs/metaworld-lerobot/lib/python3.10/site-packages/metaworld/policies/policy.py:49: UserWarning: Constant(s) may be too high. Environments clip response to [-1, 1]
  warnings.warn(
{"task_id": "multiskill_pick_place_000", "seed": 0, "arm": "SPARSE_STATE", "symbolic_valid": true, "goal_satisfied": true, "sim_success": true, "final_success": true, "error_code": null}
[state-visibility] point=1/30 arm=SPARSE_STATE_VISUAL task=multiskill_pick_place_000 seed=0 start
{"task_id": "multiskill_pick_place_000", "seed": 0, "arm": "SPARSE_STATE_VISUAL", "symbolic_valid": true, "goal_satisfied": true, "sim_success": true, "final_success": true, "error_code": null}
[state-visibility] point=2/30 arm=SPARSE_STATE task=multiskill_pick_place_000 seed=12 start
{"task_id": "multiskill_pick_place_000", "seed": 12, "arm": "SPARSE_STATE", "symbolic_valid": true, "goal_satisfied": true, "sim_success": true, "final_success": true, "error_code": null}
[state-visibility] point=2/30 arm=SPARSE_STATE_VISUAL task=multiskill_pick_place_000 seed=12 start
{"task_id": "multiskill_pick_place_000", "seed": 12, "arm": "SPARSE_STATE_VISUAL", "symbolic_valid": true, "goal_satisfied": true, "sim_success": true, "final_success": true, "error_code": null}
[state-visibility] point=3/30 arm=SPARSE_STATE task=multiskill_pick_place_000 seed=24 start
{"task_id": "multiskill_pick_place_000", "seed": 24, "arm": "SPARSE_STATE", "symbolic_valid": true, "goal_satisfied": true, "sim_success": true, "final_success": true, "error_code": null}
[state-visibility] point=3/30 arm=SPARSE_STATE_VISUAL task=multiskill_pick_place_000 seed=24 start
{"task_id": "multiskill_pick_place_000", "seed": 24, "arm": "SPARSE_STATE_VISUAL", "symbolic_valid": true, "goal_satisfied": true, "sim_success": true, "final_success": true, "error_code": null}
[state-visibility] point=4/30 arm=SPARSE_STATE task=multiskill_pick_place_001 seed=1 start
{"task_id": "multiskill_pick_place_001", "seed": 1, "arm": "SPARSE_STATE", "symbolic_valid": true, "goal_satisfied": true, "sim_success": true, "final_success": true, "error_code": null}
[state-visibility] point=4/30 arm=SPARSE_STATE_VISUAL task=multiskill_pick_place_001 seed=1 start
{"task_id": "multiskill_pick_place_001", "seed": 1, "arm": "SPARSE_STATE_VISUAL", "symbolic_valid": true, "goal_satisfied": true, "sim_success": true, "final_success": true, "error_code": null}
[state-visibility] point=5/30 arm=SPARSE_STATE task=multiskill_pick_place_001 seed=13 start
{"task_id": "multiskill_pick_place_001", "seed": 13, "arm": "SPARSE_STATE", "symbolic_valid": true, "goal_satisfied": true, "sim_success": true, "final_success": true, "error_code": null}
[state-visibility] point=5/30 arm=SPARSE_STATE_VISUAL task=multiskill_pick_place_001 seed=13 start
{"task_id": "multiskill_pick_place_001", "seed": 13, "arm": "SPARSE_STATE_VISUAL", "symbolic_valid": true, "goal_satisfied": true, "sim_success": true, "final_success": true, "error_code": null}
[state-visibility] point=6/30 arm=SPARSE_STATE task=multiskill_pick_place_001 seed=25 start
{"task_id": "multiskill_pick_place_001", "seed": 25, "arm": "SPARSE_STATE", "symbolic_valid": true, "goal_satisfied": true, "sim_success": true, "final_success": true, "error_code": null}
[state-visibility] point=6/30 arm=SPARSE_STATE_VISUAL task=multiskill_pick_place_001 seed=25 start
{"task_id": "multiskill_pick_place_001", "seed": 25, "arm": "SPARSE_STATE_VISUAL", "symbolic_valid": true, "goal_satisfied": true, "sim_success": true, "final_success": true, "error_code": null}
[state-visibility] point=7/30 arm=SPARSE_STATE task=multiskill_pick_place_002 seed=2 start
{"task_id": "multiskill_pick_place_002", "seed": 2, "arm": "SPARSE_STATE", "symbolic_valid": true, "goal_satisfied": true, "sim_success": true, "final_success": true, "error_code": null}
[state-visibility] point=7/30 arm=SPARSE_STATE_VISUAL task=multiskill_pick_place_002 seed=2 start
{"task_id": "multiskill_pick_place_002", "seed": 2, "arm": "SPARSE_STATE_VISUAL", "symbolic_valid": true, "goal_satisfied": true, "sim_success": true, "final_success": true, "error_code": null}
[state-visibility] point=8/30 arm=SPARSE_STATE task=multiskill_pick_place_002 seed=14 start
{"task_id": "multiskill_pick_place_002", "seed": 14, "arm": "SPARSE_STATE", "symbolic_valid": true, "goal_satisfied": true, "sim_success": true, "final_success": true, "error_code": null}
[state-visibility] point=8/30 arm=SPARSE_STATE_VISUAL task=multiskill_pick_place_002 seed=14 start
{"task_id": "multiskill_pick_place_002", "seed": 14, "arm": "SPARSE_STATE_VISUAL", "symbolic_valid": true, "goal_satisfied": true, "sim_success": true, "final_success": true, "error_code": null}
[state-visibility] point=9/30 arm=SPARSE_STATE task=multiskill_pick_place_002 seed=26 start
{"task_id": "multiskill_pick_place_002", "seed": 26, "arm": "SPARSE_STATE", "symbolic_valid": true, "goal_satisfied": true, "sim_success": true, "final_success": true, "error_code": null}
[state-visibility] point=9/30 arm=SPARSE_STATE_VISUAL task=multiskill_pick_place_002 seed=26 start
{"task_id": "multiskill_pick_place_002", "seed": 26, "arm": "SPARSE_STATE_VISUAL", "symbolic_valid": true, "goal_satisfied": true, "sim_success": true, "final_success": true, "error_code": null}
[state-visibility] point=10/30 arm=SPARSE_STATE task=multiskill_pick_place_003 seed=3 start
{"task_id": "multiskill_pick_place_003", "seed": 3, "arm": "SPARSE_STATE", "symbolic_valid": true, "goal_satisfied": true, "sim_success": true, "final_success": true, "error_code": null}
[state-visibility] point=10/30 arm=SPARSE_STATE_VISUAL task=multiskill_pick_place_003 seed=3 start
{"task_id": "multiskill_pick_place_003", "seed": 3, "arm": "SPARSE_STATE_VISUAL", "symbolic_valid": true, "goal_satisfied": true, "sim_success": true, "final_success": true, "error_code": null}
[state-visibility] point=11/30 arm=SPARSE_STATE task=multiskill_pick_place_003 seed=15 start
{"task_id": "multiskill_pick_place_003", "seed": 15, "arm": "SPARSE_STATE", "symbolic_valid": true, "goal_satisfied": true, "sim_success": true, "final_success": true, "error_code": null}
[state-visibility] point=11/30 arm=SPARSE_STATE_VISUAL task=multiskill_pick_place_003 seed=15 start
{"task_id": "multiskill_pick_place_003", "seed": 15, "arm": "SPARSE_STATE_VISUAL", "symbolic_valid": true, "goal_satisfied": true, "sim_success": true, "final_success": true, "error_code": null}
[state-visibility] point=12/30 arm=SPARSE_STATE task=multiskill_pick_place_005 seed=17 start
{"task_id": "multiskill_pick_place_005", "seed": 17, "arm": "SPARSE_STATE", "symbolic_valid": true, "goal_satisfied": true, "sim_success": true, "final_success": true, "error_code": null}
[state-visibility] point=12/30 arm=SPARSE_STATE_VISUAL task=multiskill_pick_place_005 seed=17 start
{"task_id": "multiskill_pick_place_005", "seed": 17, "arm": "SPARSE_STATE_VISUAL", "symbolic_valid": true, "goal_satisfied": true, "sim_success": false, "final_success": false, "error_code": null}
[state-visibility] point=13/30 arm=SPARSE_STATE task=multiskill_pick_place_005 seed=29 start
{"task_id": "multiskill_pick_place_005", "seed": 29, "arm": "SPARSE_STATE", "symbolic_valid": true, "goal_satisfied": true, "sim_success": true, "final_success": true, "error_code": null}
[state-visibility] point=13/30 arm=SPARSE_STATE_VISUAL task=multiskill_pick_place_005 seed=29 start
{"task_id": "multiskill_pick_place_005", "seed": 29, "arm": "SPARSE_STATE_VISUAL", "symbolic_valid": true, "goal_satisfied": true, "sim_success": true, "final_success": true, "error_code": null}
[state-visibility] point=14/30 arm=SPARSE_STATE task=multiskill_pick_place_007 seed=19 start
{"task_id": "multiskill_pick_place_007", "seed": 19, "arm": "SPARSE_STATE", "symbolic_valid": true, "goal_satisfied": true, "sim_success": false, "final_success": false, "error_code": null}
[state-visibility] point=14/30 arm=SPARSE_STATE_VISUAL task=multiskill_pick_place_007 seed=19 start
{"task_id": "multiskill_pick_place_007", "seed": 19, "arm": "SPARSE_STATE_VISUAL", "symbolic_valid": true, "goal_satisfied": true, "sim_success": true, "final_success": true, "error_code": null}
[state-visibility] point=15/30 arm=SPARSE_STATE task=multiskill_pick_place_008 seed=8 start
{"task_id": "multiskill_pick_place_008", "seed": 8, "arm": "SPARSE_STATE", "symbolic_valid": true, "goal_satisfied": true, "sim_success": true, "final_success": true, "error_code": null}
[state-visibility] point=15/30 arm=SPARSE_STATE_VISUAL task=multiskill_pick_place_008 seed=8 start
{"task_id": "multiskill_pick_place_008", "seed": 8, "arm": "SPARSE_STATE_VISUAL", "symbolic_valid": true, "goal_satisfied": true, "sim_success": false, "final_success": false, "error_code": null}
[state-visibility] point=16/30 arm=SPARSE_STATE task=multiskill_press_024 seed=0 start
{"task_id": "multiskill_press_024", "seed": 0, "arm": "SPARSE_STATE", "symbolic_valid": true, "goal_satisfied": true, "sim_success": true, "final_success": true, "error_code": null}
[state-visibility] point=16/30 arm=SPARSE_STATE_VISUAL task=multiskill_press_024 seed=0 start
{"task_id": "multiskill_press_024", "seed": 0, "arm": "SPARSE_STATE_VISUAL", "symbolic_valid": true, "goal_satisfied": true, "sim_success": true, "final_success": true, "error_code": null}
[state-visibility] point=17/30 arm=SPARSE_STATE task=multiskill_press_024 seed=12 start
{"task_id": "multiskill_press_024", "seed": 12, "arm": "SPARSE_STATE", "symbolic_valid": true, "goal_satisfied": true, "sim_success": true, "final_success": true, "error_code": null}
[state-visibility] point=17/30 arm=SPARSE_STATE_VISUAL task=multiskill_press_024 seed=12 start
{"task_id": "multiskill_press_024", "seed": 12, "arm": "SPARSE_STATE_VISUAL", "symbolic_valid": true, "goal_satisfied": true, "sim_success": true, "final_success": true, "error_code": null}
[state-visibility] point=18/30 arm=SPARSE_STATE task=multiskill_press_024 seed=24 start
