[state-recovery] loaded 107 frozen source plans
[state-recovery] multiskill_pick_place_000__wrong_held_object seed=0
{"task_id": "multiskill_pick_place_000__wrong_held_object", "source_task_id": "multiskill_pick_place_000", "seed": 0, "perturbation_type": "wrong_held_object", "prefix_len": 1, "arms": ["ROUTED"], "model_calls": 2, "repairs": {"ROUTED": {"valid": false, "goal_satisfied": false, "pass_but_wrong": false, "recovery_success": false, "prefix_mutation": false, "model_calls": 2}}}
[state-recovery] multiskill_pick_place_000__wrong_held_object seed=1
{"task_id": "multiskill_pick_place_000__wrong_held_object", "source_task_id": "multiskill_pick_place_000", "seed": 1, "perturbation_type": "wrong_held_object", "prefix_len": 1, "arms": ["ROUTED"], "model_calls": 2, "repairs": {"ROUTED": {"valid": false, "goal_satisfied": false, "pass_but_wrong": false, "recovery_success": false, "prefix_mutation": false, "model_calls": 2}}}
[state-recovery] multiskill_pick_place_000__wrong_held_object seed=2
{"task_id": "multiskill_pick_place_000__wrong_held_object", "source_task_id": "multiskill_pick_place_000", "seed": 2, "perturbation_type": "wrong_held_object", "prefix_len": 1, "arms": ["ROUTED"], "model_calls": 2, "repairs": {"ROUTED": {"valid": false, "goal_satisfied": false, "pass_but_wrong": false, "recovery_success": false, "prefix_mutation": false, "model_calls": 2}}}
[state-recovery] multiskill_pick_place_001__wrong_held_object seed=0
{"task_id": "multiskill_pick_place_001__wrong_held_object", "source_task_id": "multiskill_pick_place_001", "seed": 0, "perturbation_type": "wrong_held_object", "prefix_len": 1, "arms": ["ROUTED"], "model_calls": 2, "repairs": {"ROUTED": {"valid": false, "goal_satisfied": false, "pass_but_wrong": false, "recovery_success": false, "prefix_mutation": false, "model_calls": 2}}}
[state-recovery] multiskill_pick_place_001__wrong_held_object seed=1
{"task_id": "multiskill_pick_place_001__wrong_held_object", "source_task_id": "multiskill_pick_place_001", "seed": 1, "perturbation_type": "wrong_held_object", "prefix_len": 1, "arms": ["ROUTED"], "model_calls": 2, "repairs": {"ROUTED": {"valid": false, "goal_satisfied": false, "pass_but_wrong": false, "recovery_success": false, "prefix_mutation": false, "model_calls": 2}}}
[state-recovery] multiskill_pick_place_001__wrong_held_object seed=2
{"task_id": "multiskill_pick_place_001__wrong_held_object", "source_task_id": "multiskill_pick_place_001", "seed": 2, "perturbation_type": "wrong_held_object", "prefix_len": 1, "arms": ["ROUTED"], "model_calls": 2, "repairs": {"ROUTED": {"valid": false, "goal_satisfied": false, "pass_but_wrong": false, "recovery_success": false, "prefix_mutation": false, "model_calls": 2}}}
[state-recovery] multiskill_pick_place_002__wrong_held_object seed=0
{"task_id": "multiskill_pick_place_002__wrong_held_object", "source_task_id": "multiskill_pick_place_002", "seed": 0, "perturbation_type": "wrong_held_object", "prefix_len": 1, "arms": ["ROUTED"], "model_calls": 2, "repairs": {"ROUTED": {"valid": false, "goal_satisfied": false, "pass_but_wrong": false, "recovery_success": false, "prefix_mutation": false, "model_calls": 2}}}
[state-recovery] multiskill_pick_place_002__wrong_held_object seed=1
{"task_id": "multiskill_pick_place_002__wrong_held_object", "source_task_id": "multiskill_pick_place_002", "seed": 1, "perturbation_type": "wrong_held_object", "prefix_len": 1, "arms": ["ROUTED"], "model_calls": 2, "repairs": {"ROUTED": {"valid": false, "goal_satisfied": false, "pass_but_wrong": false, "recovery_success": false, "prefix_mutation": false, "model_calls": 2}}}
[state-recovery] multiskill_pick_place_002__wrong_held_object seed=2
{"task_id": "multiskill_pick_place_002__wrong_held_object", "source_task_id": "multiskill_pick_place_002", "seed": 2, "perturbation_type": "wrong_held_object", "prefix_len": 1, "arms": ["ROUTED"], "model_calls": 2, "repairs": {"ROUTED": {"valid": false, "goal_satisfied": false, "pass_but_wrong": false, "recovery_success": false, "prefix_mutation": false, "model_calls": 2}}}
[state-recovery] multiskill_push_012__wrong_held_object seed=0
{"task_id": "multiskill_push_012__wrong_held_object", "source_task_id": "multiskill_push_012", "seed": 0, "perturbation_type": "wrong_held_object", "prefix_len": 0, "arms": ["ROUTED"], "model_calls": 1, "repairs": {"ROUTED": {"valid": true, "goal_satisfied": true, "pass_but_wrong": false, "recovery_success": true, "prefix_mutation": false, "model_calls": 1}}}
[state-recovery] multiskill_push_012__wrong_held_object seed=1
{"task_id": "multiskill_push_012__wrong_held_object", "source_task_id": "multiskill_push_012", "seed": 1, "perturbation_type": "wrong_held_object", "prefix_len": 0, "arms": ["ROUTED"], "model_calls": 2, "repairs": {"ROUTED": {"valid": true, "goal_satisfied": false, "pass_but_wrong": true, "recovery_success": false, "prefix_mutation": false, "model_calls": 2}}}
[state-recovery] multiskill_push_012__wrong_held_object seed=2
{"task_id": "multiskill_push_012__wrong_held_object", "source_task_id": "multiskill_push_012", "seed": 2, "perturbation_type": "wrong_held_object", "prefix_len": 0, "arms": ["ROUTED"], "model_calls": 1, "repairs": {"ROUTED": {"valid": true, "goal_satisfied": true, "pass_but_wrong": false, "recovery_success": true, "prefix_mutation": false, "model_calls": 1}}}
[state-recovery] multiskill_push_013__wrong_held_object seed=0
{"task_id": "multiskill_push_013__wrong_held_object", "source_task_id": "multiskill_push_013", "seed": 0, "perturbation_type": "wrong_held_object", "prefix_len": 0, "arms": ["ROUTED"], "model_calls": 2, "repairs": {"ROUTED": {"valid": true, "goal_satisfied": false, "pass_but_wrong": true, "recovery_success": false, "prefix_mutation": false, "model_calls": 2}}}
[state-recovery] multiskill_push_013__wrong_held_object seed=1
{"task_id": "multiskill_push_013__wrong_held_object", "source_task_id": "multiskill_push_013", "seed": 1, "perturbation_type": "wrong_held_object", "prefix_len": 0, "arms": ["ROUTED"], "model_calls": 2, "repairs": {"ROUTED": {"valid": true, "goal_satisfied": true, "pass_but_wrong": false, "recovery_success": true, "prefix_mutation": false, "model_calls": 2}}}
[state-recovery] multiskill_push_013__wrong_held_object seed=2
{"task_id": "multiskill_push_013__wrong_held_object", "source_task_id": "multiskill_push_013", "seed": 2, "perturbation_type": "wrong_held_object", "prefix_len": 0, "arms": ["ROUTED"], "model_calls": 2, "repairs": {"ROUTED": {"valid": true, "goal_satisfied": true, "pass_but_wrong": false, "recovery_success": true, "prefix_mutation": false, "model_calls": 2}}}
[state-recovery] multiskill_push_014__wrong_held_object seed=0
{"task_id": "multiskill_push_014__wrong_held_object", "source_task_id": "multiskill_push_014", "seed": 0, "perturbation_type": "wrong_held_object", "prefix_len": 0, "arms": ["ROUTED"], "model_calls": 2, "repairs": {"ROUTED": {"valid": true, "goal_satisfied": false, "pass_but_wrong": true, "recovery_success": false, "prefix_mutation": false, "model_calls": 2}}}
[state-recovery] multiskill_push_014__wrong_held_object seed=1
{"task_id": "multiskill_push_014__wrong_held_object", "source_task_id": "multiskill_push_014", "seed": 1, "perturbation_type": "wrong_held_object", "prefix_len": 0, "arms": ["ROUTED"], "model_calls": 2, "repairs": {"ROUTED": {"valid": true, "goal_satisfied": true, "pass_but_wrong": false, "recovery_success": true, "prefix_mutation": false, "model_calls": 2}}}
[state-recovery] multiskill_push_014__wrong_held_object seed=2
{"task_id": "multiskill_push_014__wrong_held_object", "source_task_id": "multiskill_push_014", "seed": 2, "perturbation_type": "wrong_held_object", "prefix_len": 0, "arms": ["ROUTED"], "model_calls": 2, "repairs": {"ROUTED": {"valid": true, "goal_satisfied": true, "pass_but_wrong": false, "recovery_success": true, "prefix_mutation": false, "model_calls": 2}}}
[state-recovery] multiskill_press_024__wrong_held_object seed=0
{"task_id": "multiskill_press_024__wrong_held_object", "source_task_id": "multiskill_press_024", "seed": 0, "perturbation_type": "wrong_held_object", "prefix_len": 0, "arms": ["ROUTED"], "model_calls": 2, "repairs": {"ROUTED": {"valid": true, "goal_satisfied": true, "pass_but_wrong": false, "recovery_success": true, "prefix_mutation": false, "model_calls": 2}}}
[state-recovery] multiskill_press_024__wrong_held_object seed=1
{"task_id": "multiskill_press_024__wrong_held_object", "source_task_id": "multiskill_press_024", "seed": 1, "perturbation_type": "wrong_held_object", "prefix_len": 0, "arms": ["ROUTED"], "model_calls": 2, "repairs": {"ROUTED": {"valid": true, "goal_satisfied": true, "pass_but_wrong": false, "recovery_success": true, "prefix_mutation": false, "model_calls": 2}}}
[state-recovery] multiskill_press_024__wrong_held_object seed=2
{"task_id": "multiskill_press_024__wrong_held_object", "source_task_id": "multiskill_press_024", "seed": 2, "perturbation_type": "wrong_held_object", "prefix_len": 0, "arms": ["ROUTED"], "model_calls": 2, "repairs": {"ROUTED": {"valid": true, "goal_satisfied": true, "pass_but_wrong": false, "recovery_success": true, "prefix_mutation": false, "model_calls": 2}}}
[state-recovery] multiskill_press_025__wrong_held_object seed=0
{"task_id": "multiskill_press_025__wrong_held_object", "source_task_id": "multiskill_press_025", "seed": 0, "perturbation_type": "wrong_held_object", "prefix_len": 0, "arms": ["ROUTED"], "model_calls": 2, "repairs": {"ROUTED": {"valid": true, "goal_satisfied": false, "pass_but_wrong": true, "recovery_success": false, "prefix_mutation": false, "model_calls": 2}}}
[state-recovery] multiskill_press_025__wrong_held_object seed=1
{"task_id": "multiskill_press_025__wrong_held_object", "source_task_id": "multiskill_press_025", "seed": 1, "perturbation_type": "wrong_held_object", "prefix_len": 0, "arms": ["ROUTED"], "model_calls": 2, "repairs": {"ROUTED": {"valid": true, "goal_satisfied": false, "pass_but_wrong": true, "recovery_success": false, "prefix_mutation": false, "model_calls": 2}}}
[state-recovery] multiskill_press_025__wrong_held_object seed=2
{"task_id": "multiskill_press_025__wrong_held_object", "source_task_id": "multiskill_press_025", "seed": 2, "perturbation_type": "wrong_held_object", "prefix_len": 0, "arms": ["ROUTED"], "model_calls": 2, "repairs": {"ROUTED": {"valid": true, "goal_satisfied": false, "pass_but_wrong": true, "recovery_success": false, "prefix_mutation": false, "model_calls": 2}}}
[state-recovery] multiskill_press_026__wrong_held_object seed=0
{"task_id": "multiskill_press_026__wrong_held_object", "source_task_id": "multiskill_press_026", "seed": 0, "perturbation_type": "wrong_held_object", "prefix_len": 0, "arms": ["ROUTED"], "model_calls": 2, "repairs": {"ROUTED": {"valid": true, "goal_satisfied": true, "pass_but_wrong": false, "recovery_success": true, "prefix_mutation": false, "model_calls": 2}}}
[state-recovery] multiskill_press_026__wrong_held_object seed=1
{"task_id": "multiskill_press_026__wrong_held_object", "source_task_id": "multiskill_press_026", "seed": 1, "perturbation_type": "wrong_held_object", "prefix_len": 0, "arms": ["ROUTED"], "model_calls": 2, "repairs": {"ROUTED": {"valid": true, "goal_satisfied": true, "pass_but_wrong": false, "recovery_success": true, "prefix_mutation": false, "model_calls": 2}}}
[state-recovery] missing source multiskill_press_026 seed=2
{"completed_slices": 26, "elapsed_s": 61.055, "output": "data/collections/state_recovery_wrong_held_postfix_pilot_20260914_130441.jsonl", "arms": ["ROUTED"]}
