/root/autodl-tmp/.venvs/metaworld-lerobot/lib/python3.10/site-packages/metaworld/policies/policy.py:49: UserWarning: Constant(s) may be too high. Environments clip response to [-1, 1]
  warnings.warn(
{"mode": "BFS_SHORT", "task_id": "multiskill_pick_place_000", "family": "pick_place", "n": 2, "valid": true, "goal": true, "shape": true, "sim_attempted": true, "sim_success": true, "final": true}
{"mode": "BFS_VALID", "task_id": "multiskill_pick_place_000", "family": "pick_place", "n": 2, "valid": true, "goal": true, "shape": true, "sim_attempted": true, "sim_success": true, "final": true}
{"mode": "BFS_EXEC", "task_id": "multiskill_pick_place_000", "family": "pick_place", "n": 2, "valid": true, "goal": true, "shape": true, "sim_attempted": true, "sim_success": true, "final": true}
{"mode": "BFS_SHORT", "task_id": "multiskill_push_012", "family": "push", "n": 1, "valid": true, "goal": true, "shape": true, "sim_attempted": true, "sim_success": true, "final": true}
{"mode": "BFS_VALID", "task_id": "multiskill_push_012", "family": "push", "n": 1, "valid": true, "goal": true, "shape": true, "sim_attempted": true, "sim_success": true, "final": true}
{"mode": "BFS_EXEC", "task_id": "multiskill_push_012", "family": "push", "n": 1, "valid": true, "goal": true, "shape": true, "sim_attempted": true, "sim_success": true, "final": true}
{"mode": "BFS_SHORT", "task_id": "multiskill_press_024", "family": "press", "n": 1, "valid": true, "goal": true, "shape": true, "sim_attempted": true, "sim_success": true, "final": true}
{"mode": "BFS_VALID", "task_id": "multiskill_press_024", "family": "press", "n": 1, "valid": true, "goal": true, "shape": true, "sim_attempted": true, "sim_success": true, "final": true}
{"mode": "BFS_EXEC", "task_id": "multiskill_press_024", "family": "press", "n": 1, "valid": true, "goal": true, "shape": true, "sim_attempted": true, "sim_success": true, "final": true}
{"mode": "BFS_SHORT", "task_id": "multiskill_pick_place_001", "family": "pick_place", "n": 2, "valid": true, "goal": true, "shape": true, "sim_attempted": true, "sim_success": true, "final": true}
{"mode": "BFS_VALID", "task_id": "multiskill_pick_place_001", "family": "pick_place", "n": 2, "valid": true, "goal": true, "shape": true, "sim_attempted": true, "sim_success": true, "final": true}
{"mode": "BFS_EXEC", "task_id": "multiskill_pick_place_001", "family": "pick_place", "n": 2, "valid": true, "goal": true, "shape": true, "sim_attempted": true, "sim_success": true, "final": true}
{"mode": "BFS_SHORT", "task_id": "multiskill_push_013", "family": "push", "n": 1, "valid": true, "goal": true, "shape": true, "sim_attempted": true, "sim_success": true, "final": true}
{"mode": "BFS_VALID", "task_id": "multiskill_push_013", "family": "push", "n": 1, "valid": true, "goal": true, "shape": true, "sim_attempted": true, "sim_success": true, "final": true}
{"mode": "BFS_EXEC", "task_id": "multiskill_push_013", "family": "push", "n": 1, "valid": true, "goal": true, "shape": true, "sim_attempted": true, "sim_success": true, "final": true}
{"mode": "BFS_SHORT", "task_id": "multiskill_press_025", "family": "press", "n": 1, "valid": true, "goal": true, "shape": true, "sim_attempted": true, "sim_success": true, "final": true}
{"mode": "BFS_VALID", "task_id": "multiskill_press_025", "family": "press", "n": 1, "valid": true, "goal": true, "shape": true, "sim_attempted": true, "sim_success": true, "final": true}
{"mode": "BFS_EXEC", "task_id": "multiskill_press_025", "family": "press", "n": 1, "valid": true, "goal": true, "shape": true, "sim_attempted": true, "sim_success": true, "final": true}
{"mode": "BFS_SHORT", "task_id": "multiskill_pick_place_002", "family": "pick_place", "n": 2, "valid": true, "goal": true, "shape": true, "sim_attempted": true, "sim_success": true, "final": true}
{"mode": "BFS_VALID", "task_id": "multiskill_pick_place_002", "family": "pick_place", "n": 2, "valid": true, "goal": true, "shape": true, "sim_attempted": true, "sim_success": true, "final": true}
{"mode": "BFS_EXEC", "task_id": "multiskill_pick_place_002", "family": "pick_place", "n": 2, "valid": true, "goal": true, "shape": true, "sim_attempted": true, "sim_success": true, "final": true}
{"mode": "BFS_SHORT", "task_id": "multiskill_push_014", "family": "push", "n": 1, "valid": true, "goal": true, "shape": true, "sim_attempted": true, "sim_success": true, "final": true}
{"mode": "BFS_VALID", "task_id": "multiskill_push_014", "family": "push", "n": 1, "valid": true, "goal": true, "shape": true, "sim_attempted": true, "sim_success": true, "final": true}
{"mode": "BFS_EXEC", "task_id": "multiskill_push_014", "family": "push", "n": 1, "valid": true, "goal": true, "shape": true, "sim_attempted": true, "sim_success": true, "final": true}
{"mode": "BFS_SHORT", "task_id": "multiskill_press_026", "family": "press", "n": 1, "valid": true, "goal": true, "shape": true, "sim_attempted": true, "sim_success": true, "final": true}
{"mode": "BFS_VALID", "task_id": "multiskill_press_026", "family": "press", "n": 1, "valid": true, "goal": true, "shape": true, "sim_attempted": true, "sim_success": true, "final": true}
{"mode": "BFS_EXEC", "task_id": "multiskill_press_026", "family": "press", "n": 1, "valid": true, "goal": true, "shape": true, "sim_attempted": true, "sim_success": true, "final": true}
{"mode": "BFS_SHORT", "task_id": "multiskill_pick_place_003", "family": "pick_place", "n": 2, "valid": true, "goal": true, "shape": true, "sim_attempted": true, "sim_success": true, "final": true}
{"mode": "BFS_VALID", "task_id": "multiskill_pick_place_003", "family": "pick_place", "n": 2, "valid": true, "goal": true, "shape": true, "sim_attempted": true, "sim_success": true, "final": true}
{"mode": "BFS_EXEC", "task_id": "multiskill_pick_place_003", "family": "pick_place", "n": 2, "valid": true, "goal": true, "shape": true, "sim_attempted": true, "sim_success": true, "final": true}
{"mode": "BFS_SHORT", "task_id": "multiskill_push_015", "family": "push", "n": 1, "valid": true, "goal": true, "shape": true, "sim_attempted": true, "sim_success": true, "final": true}
{"mode": "BFS_VALID", "task_id": "multiskill_push_015", "family": "push", "n": 1, "valid": true, "goal": true, "shape": true, "sim_attempted": true, "sim_success": true, "final": true}
{"mode": "BFS_EXEC", "task_id": "multiskill_push_015", "family": "push", "n": 1, "valid": true, "goal": true, "shape": true, "sim_attempted": true, "sim_success": true, "final": true}
{"mode": "BFS_SHORT", "task_id": "multiskill_press_027", "family": "press", "n": 1, "valid": true, "goal": true, "shape": true, "sim_attempted": true, "sim_success": true, "final": true}
{"mode": "BFS_VALID", "task_id": "multiskill_press_027", "family": "press", "n": 1, "valid": true, "goal": true, "shape": true, "sim_attempted": true, "sim_success": true, "final": true}
{"mode": "BFS_EXEC", "task_id": "multiskill_press_027", "family": "press", "n": 1, "valid": true, "goal": true, "shape": true, "sim_attempted": true, "sim_success": true, "final": true}
{"mode": "BFS_SHORT", "task_id": "multiskill_pick_place_004", "family": "pick_place", "n": 2, "valid": true, "goal": true, "shape": true, "sim_attempted": true, "sim_success": true, "final": true}
{"mode": "BFS_VALID", "task_id": "multiskill_pick_place_004", "family": "pick_place", "n": 2, "valid": true, "goal": true, "shape": true, "sim_attempted": true, "sim_success": true, "final": true}
{"mode": "BFS_EXEC", "task_id": "multiskill_pick_place_004", "family": "pick_place", "n": 2, "valid": true, "goal": true, "shape": true, "sim_attempted": true, "sim_success": true, "final": true}
{"mode": "BFS_SHORT", "task_id": "multiskill_push_016", "family": "push", "n": 1, "valid": true, "goal": true, "shape": true, "sim_attempted": true, "sim_success": true, "final": true}
{"mode": "BFS_VALID", "task_id": "multiskill_push_016", "family": "push", "n": 1, "valid": true, "goal": true, "shape": true, "sim_attempted": true, "sim_success": true, "final": true}
{"mode": "BFS_EXEC", "task_id": "multiskill_push_016", "family": "push", "n": 1, "valid": true, "goal": true, "shape": true, "sim_attempted": true, "sim_success": true, "final": true}
{"mode": "BFS_SHORT", "task_id": "multiskill_press_028", "family": "press", "n": 1, "valid": true, "goal": true, "shape": true, "sim_attempted": true, "sim_success": true, "final": true}
{"mode": "BFS_VALID", "task_id": "multiskill_press_028", "family": "press", "n": 1, "valid": true, "goal": true, "shape": true, "sim_attempted": true, "sim_success": true, "final": true}
{"mode": "BFS_EXEC", "task_id": "multiskill_press_028", "family": "press", "n": 1, "valid": true, "goal": true, "shape": true, "sim_attempted": true, "sim_success": true, "final": true}
{"mode": "BFS_SHORT", "task_id": "multiskill_pick_place_005", "family": "pick_place", "n": 2, "valid": true, "goal": true, "shape": true, "sim_attempted": true, "sim_success": true, "final": true}
{"mode": "BFS_VALID", "task_id": "multiskill_pick_place_005", "family": "pick_place", "n": 2, "valid": true, "goal": true, "shape": true, "sim_attempted": true, "sim_success": true, "final": true}
{"mode": "BFS_EXEC", "task_id": "multiskill_pick_place_005", "family": "pick_place", "n": 2, "valid": true, "goal": true, "shape": true, "sim_attempted": true, "sim_success": true, "final": true}
{"mode": "BFS_SHORT", "task_id": "multiskill_push_017", "family": "push", "n": 1, "valid": true, "goal": true, "shape": true, "sim_attempted": true, "sim_success": true, "final": true}
{"mode": "BFS_VALID", "task_id": "multiskill_push_017", "family": "push", "n": 1, "valid": true, "goal": true, "shape": true, "sim_attempted": true, "sim_success": true, "final": true}
{"mode": "BFS_EXEC", "task_id": "multiskill_push_017", "family": "push", "n": 1, "valid": true, "goal": true, "shape": true, "sim_attempted": true, "sim_success": true, "final": true}
{"mode": "BFS_SHORT", "task_id": "multiskill_press_029", "family": "press", "n": 1, "valid": true, "goal": true, "shape": true, "sim_attempted": true, "sim_success": true, "final": true}
{"mode": "BFS_VALID", "task_id": "multiskill_press_029", "family": "press", "n": 1, "valid": true, "goal": true, "shape": true, "sim_attempted": true, "sim_success": true, "final": true}
{"mode": "BFS_EXEC", "task_id": "multiskill_press_029", "family": "press", "n": 1, "valid": true, "goal": true, "shape": true, "sim_attempted": true, "sim_success": true, "final": true}
{"mode": "BFS_SHORT", "task_id": "multiskill_pick_place_006", "family": "pick_place", "n": 2, "valid": true, "goal": true, "shape": true, "sim_attempted": true, "sim_success": true, "final": true}
{"mode": "BFS_VALID", "task_id": "multiskill_pick_place_006", "family": "pick_place", "n": 2, "valid": true, "goal": true, "shape": true, "sim_attempted": true, "sim_success": true, "final": true}
{"mode": "BFS_EXEC", "task_id": "multiskill_pick_place_006", "family": "pick_place", "n": 2, "valid": true, "goal": true, "shape": true, "sim_attempted": true, "sim_success": true, "final": true}
{"mode": "BFS_SHORT", "task_id": "multiskill_push_018", "family": "push", "n": 1, "valid": true, "goal": true, "shape": true, "sim_attempted": true, "sim_success": true, "final": true}
{"mode": "BFS_VALID", "task_id": "multiskill_push_018", "family": "push", "n": 1, "valid": true, "goal": true, "shape": true, "sim_attempted": true, "sim_success": true, "final": true}
{"mode": "BFS_EXEC", "task_id": "multiskill_push_018", "family": "push", "n": 1, "valid": true, "goal": true, "shape": true, "sim_attempted": true, "sim_success": true, "final": true}
{"mode": "BFS_SHORT", "task_id": "multiskill_press_030", "family": "press", "n": 1, "valid": true, "goal": true, "shape": true, "sim_attempted": true, "sim_success": true, "final": true}
{"mode": "BFS_VALID", "task_id": "multiskill_press_030", "family": "press", "n": 1, "valid": true, "goal": true, "shape": true, "sim_attempted": true, "sim_success": true, "final": true}
{"mode": "BFS_EXEC", "task_id": "multiskill_press_030", "family": "press", "n": 1, "valid": true, "goal": true, "shape": true, "sim_attempted": true, "sim_success": true, "final": true}
{"mode": "BFS_SHORT", "task_id": "multiskill_pick_place_007", "family": "pick_place", "n": 2, "valid": true, "goal": true, "shape": true, "sim_attempted": true, "sim_success": true, "final": true}
{"mode": "BFS_VALID", "task_id": "multiskill_pick_place_007", "family": "pick_place", "n": 2, "valid": true, "goal": true, "shape": true, "sim_attempted": true, "sim_success": true, "final": true}
{"mode": "BFS_EXEC", "task_id": "multiskill_pick_place_007", "family": "pick_place", "n": 2, "valid": true, "goal": true, "shape": true, "sim_attempted": true, "sim_success": true, "final": true}
{"mode": "BFS_SHORT", "task_id": "multiskill_push_019", "family": "push", "n": 1, "valid": true, "goal": true, "shape": true, "sim_attempted": true, "sim_success": true, "final": true}
{"mode": "BFS_VALID", "task_id": "multiskill_push_019", "family": "push", "n": 1, "valid": true, "goal": true, "shape": true, "sim_attempted": true, "sim_success": true, "final": true}
{"mode": "BFS_EXEC", "task_id": "multiskill_push_019", "family": "push", "n": 1, "valid": true, "goal": true, "shape": true, "sim_attempted": true, "sim_success": true, "final": true}
{"mode": "BFS_SHORT", "task_id": "multiskill_press_031", "family": "press", "n": 1, "valid": true, "goal": true, "shape": true, "sim_attempted": true, "sim_success": true, "final": true}
{"mode": "BFS_VALID", "task_id": "multiskill_press_031", "family": "press", "n": 1, "valid": true, "goal": true, "shape": true, "sim_attempted": true, "sim_success": true, "final": true}
{"mode": "BFS_EXEC", "task_id": "multiskill_press_031", "family": "press", "n": 1, "valid": true, "goal": true, "shape": true, "sim_attempted": true, "sim_success": true, "final": true}
{"mode": "BFS_SHORT", "task_id": "multiskill_pick_place_008", "family": "pick_place", "n": 2, "valid": true, "goal": true, "shape": true, "sim_attempted": true, "sim_success": true, "final": true}
{"mode": "BFS_VALID", "task_id": "multiskill_pick_place_008", "family": "pick_place", "n": 2, "valid": true, "goal": true, "shape": true, "sim_attempted": true, "sim_success": true, "final": true}
{"mode": "BFS_EXEC", "task_id": "multiskill_pick_place_008", "family": "pick_place", "n": 2, "valid": true, "goal": true, "shape": true, "sim_attempted": true, "sim_success": true, "final": true}
{"mode": "BFS_SHORT", "task_id": "multiskill_push_020", "family": "push", "n": 1, "valid": true, "goal": true, "shape": true, "sim_attempted": true, "sim_success": true, "final": true}
{"mode": "BFS_VALID", "task_id": "multiskill_push_020", "family": "push", "n": 1, "valid": true, "goal": true, "shape": true, "sim_attempted": true, "sim_success": true, "final": true}
{"mode": "BFS_EXEC", "task_id": "multiskill_push_020", "family": "push", "n": 1, "valid": true, "goal": true, "shape": true, "sim_attempted": true, "sim_success": true, "final": true}
{"mode": "BFS_SHORT", "task_id": "multiskill_press_032", "family": "press", "n": 1, "valid": true, "goal": true, "shape": true, "sim_attempted": true, "sim_success": true, "final": true}
{"mode": "BFS_VALID", "task_id": "multiskill_press_032", "family": "press", "n": 1, "valid": true, "goal": true, "shape": true, "sim_attempted": true, "sim_success": true, "final": true}
{"mode": "BFS_EXEC", "task_id": "multiskill_press_032", "family": "press", "n": 1, "valid": true, "goal": true, "shape": true, "sim_attempted": true, "sim_success": true, "final": true}
{"mode": "BFS_SHORT", "task_id": "multiskill_pick_place_009", "family": "pick_place", "n": 2, "valid": true, "goal": true, "shape": true, "sim_attempted": true, "sim_success": true, "final": true}
{"mode": "BFS_VALID", "task_id": "multiskill_pick_place_009", "family": "pick_place", "n": 2, "valid": true, "goal": true, "shape": true, "sim_attempted": true, "sim_success": true, "final": true}
{"mode": "BFS_EXEC", "task_id": "multiskill_pick_place_009", "family": "pick_place", "n": 2, "valid": true, "goal": true, "shape": true, "sim_attempted": true, "sim_success": true, "final": true}
{"mode": "BFS_SHORT", "task_id": "multiskill_push_021", "family": "push", "n": 1, "valid": true, "goal": true, "shape": true, "sim_attempted": true, "sim_success": true, "final": true}
{"mode": "BFS_VALID", "task_id": "multiskill_push_021", "family": "push", "n": 1, "valid": true, "goal": true, "shape": true, "sim_attempted": true, "sim_success": true, "final": true}
{"mode": "BFS_EXEC", "task_id": "multiskill_push_021", "family": "push", "n": 1, "valid": true, "goal": true, "shape": true, "sim_attempted": true, "sim_success": true, "final": true}
{"mode": "BFS_SHORT", "task_id": "multiskill_press_033", "family": "press", "n": 1, "valid": true, "goal": true, "shape": true, "sim_attempted": true, "sim_success": true, "final": true}
{"mode": "BFS_VALID", "task_id": "multiskill_press_033", "family": "press", "n": 1, "valid": true, "goal": true, "shape": true, "sim_attempted": true, "sim_success": true, "final": true}
{"mode": "BFS_EXEC", "task_id": "multiskill_press_033", "family": "press", "n": 1, "valid": true, "goal": true, "shape": true, "sim_attempted": true, "sim_success": true, "final": true}
{"mode": "BFS_SHORT", "task_id": "multiskill_pick_place_010", "family": "pick_place", "n": 2, "valid": true, "goal": true, "shape": true, "sim_attempted": true, "sim_success": true, "final": true}
{"mode": "BFS_VALID", "task_id": "multiskill_pick_place_010", "family": "pick_place", "n": 2, "valid": true, "goal": true, "shape": true, "sim_attempted": true, "sim_success": true, "final": true}
{"mode": "BFS_EXEC", "task_id": "multiskill_pick_place_010", "family": "pick_place", "n": 2, "valid": true, "goal": true, "shape": true, "sim_attempted": true, "sim_success": true, "final": true}
{"mode": "BFS_SHORT", "task_id": "multiskill_push_022", "family": "push", "n": 1, "valid": true, "goal": true, "shape": true, "sim_attempted": true, "sim_success": true, "final": true}
{"mode": "BFS_VALID", "task_id": "multiskill_push_022", "family": "push", "n": 1, "valid": true, "goal": true, "shape": true, "sim_attempted": true, "sim_success": true, "final": true}
{"mode": "BFS_EXEC", "task_id": "multiskill_push_022", "family": "push", "n": 1, "valid": true, "goal": true, "shape": true, "sim_attempted": true, "sim_success": true, "final": true}
{"mode": "BFS_SHORT", "task_id": "multiskill_press_034", "family": "press", "n": 1, "valid": true, "goal": true, "shape": true, "sim_attempted": true, "sim_success": true, "final": true}
{"mode": "BFS_VALID", "task_id": "multiskill_press_034", "family": "press", "n": 1, "valid": true, "goal": true, "shape": true, "sim_attempted": true, "sim_success": true, "final": true}
{"mode": "BFS_EXEC", "task_id": "multiskill_press_034", "family": "press", "n": 1, "valid": true, "goal": true, "shape": true, "sim_attempted": true, "sim_success": true, "final": true}
{"mode": "BFS_SHORT", "task_id": "multiskill_pick_place_011", "family": "pick_place", "n": 2, "valid": true, "goal": true, "shape": true, "sim_attempted": true, "sim_success": false, "final": false}
{"mode": "BFS_VALID", "task_id": "multiskill_pick_place_011", "family": "pick_place", "n": 2, "valid": true, "goal": true, "shape": true, "sim_attempted": true, "sim_success": true, "final": true}
{"mode": "BFS_EXEC", "task_id": "multiskill_pick_place_011", "family": "pick_place", "n": 2, "valid": true, "goal": true, "shape": true, "sim_attempted": true, "sim_success": true, "final": true}
{"mode": "BFS_SHORT", "task_id": "multiskill_push_023", "family": "push", "n": 1, "valid": true, "goal": true, "shape": true, "sim_attempted": true, "sim_success": true, "final": true}
{"mode": "BFS_VALID", "task_id": "multiskill_push_023", "family": "push", "n": 1, "valid": true, "goal": true, "shape": true, "sim_attempted": true, "sim_success": true, "final": true}
{"mode": "BFS_EXEC", "task_id": "multiskill_push_023", "family": "push", "n": 1, "valid": true, "goal": true, "shape": true, "sim_attempted": true, "sim_success": true, "final": true}
{"mode": "BFS_SHORT", "task_id": "multiskill_press_035", "family": "press", "n": 1, "valid": true, "goal": true, "shape": true, "sim_attempted": true, "sim_success": true, "final": true}
{"mode": "BFS_VALID", "task_id": "multiskill_press_035", "family": "press", "n": 1, "valid": true, "goal": true, "shape": true, "sim_attempted": true, "sim_success": true, "final": true}
{"mode": "BFS_EXEC", "task_id": "multiskill_press_035", "family": "press", "n": 1, "valid": true, "goal": true, "shape": true, "sim_attempted": true, "sim_success": true, "final": true}
{"mode": "BFS_SHORT", "task_id": "multiskill_pick_place_000", "family": "pick_place", "n": 2, "valid": true, "goal": true, "shape": true, "sim_attempted": true, "sim_success": true, "final": true}
{"mode": "BFS_VALID", "task_id": "multiskill_pick_place_000", "family": "pick_place", "n": 2, "valid": true, "goal": true, "shape": true, "sim_attempted": true, "sim_success": true, "final": true}
{"mode": "BFS_EXEC", "task_id": "multiskill_pick_place_000", "family": "pick_place", "n": 2, "valid": true, "goal": true, "shape": true, "sim_attempted": true, "sim_success": true, "final": true}
{"mode": "BFS_SHORT", "task_id": "multiskill_push_012", "family": "push", "n": 1, "valid": true, "goal": true, "shape": true, "sim_attempted": true, "sim_success": true, "final": true}
{"mode": "BFS_VALID", "task_id": "multiskill_push_012", "family": "push", "n": 1, "valid": true, "goal": true, "shape": true, "sim_attempted": true, "sim_success": true, "final": true}
{"mode": "BFS_EXEC", "task_id": "multiskill_push_012", "family": "push", "n": 1, "valid": true, "goal": true, "shape": true, "sim_attempted": true, "sim_success": true, "final": true}
{"mode": "BFS_SHORT", "task_id": "multiskill_press_024", "family": "press", "n": 1, "valid": true, "goal": true, "shape": true, "sim_attempted": true, "sim_success": true, "final": true}
{"mode": "BFS_VALID", "task_id": "multiskill_press_024", "family": "press", "n": 1, "valid": true, "goal": true, "shape": true, "sim_attempted": true, "sim_success": true, "final": true}
{"mode": "BFS_EXEC", "task_id": "multiskill_press_024", "family": "press", "n": 1, "valid": true, "goal": true, "shape": true, "sim_attempted": true, "sim_success": true, "final": true}
{"mode": "BFS_SHORT", "task_id": "multiskill_pick_place_001", "family": "pick_place", "n": 2, "valid": true, "goal": true, "shape": true, "sim_attempted": true, "sim_success": true, "final": true}
{"mode": "BFS_VALID", "task_id": "multiskill_pick_place_001", "family": "pick_place", "n": 2, "valid": true, "goal": true, "shape": true, "sim_attempted": true, "sim_success": true, "final": true}
{"mode": "BFS_EXEC", "task_id": "multiskill_pick_place_001", "family": "pick_place", "n": 2, "valid": true, "goal": true, "shape": true, "sim_attempted": true, "sim_success": false, "final": false}
{"mode": "BFS_SHORT", "task_id": "multiskill_push_013", "family": "push", "n": 1, "valid": true, "goal": true, "shape": true, "sim_attempted": true, "sim_success": true, "final": true}
{"mode": "BFS_VALID", "task_id": "multiskill_push_013", "family": "push", "n": 1, "valid": true, "goal": true, "shape": true, "sim_attempted": true, "sim_success": true, "final": true}
{"mode": "BFS_EXEC", "task_id": "multiskill_push_013", "family": "push", "n": 1, "valid": true, "goal": true, "shape": true, "sim_attempted": true, "sim_success": true, "final": true}
{"mode": "BFS_SHORT", "task_id": "multiskill_press_025", "family": "press", "n": 1, "valid": true, "goal": true, "shape": true, "sim_attempted": true, "sim_success": true, "final": true}
{"mode": "BFS_VALID", "task_id": "multiskill_press_025", "family": "press", "n": 1, "valid": true, "goal": true, "shape": true, "sim_attempted": true, "sim_success": true, "final": true}
{"mode": "BFS_EXEC", "task_id": "multiskill_press_025", "family": "press", "n": 1, "valid": true, "goal": true, "shape": true, "sim_attempted": true, "sim_success": true, "final": true}
{"mode": "BFS_SHORT", "task_id": "multiskill_pick_place_002", "family": "pick_place", "n": 2, "valid": true, "goal": true, "shape": true, "sim_attempted": true, "sim_success": true, "final": true}
{"mode": "BFS_VALID", "task_id": "multiskill_pick_place_002", "family": "pick_place", "n": 2, "valid": true, "goal": true, "shape": true, "sim_attempted": true, "sim_success": true, "final": true}
{"mode": "BFS_EXEC", "task_id": "multiskill_pick_place_002", "family": "pick_place", "n": 2, "valid": true, "goal": true, "shape": true, "sim_attempted": true, "sim_success": true, "final": true}
{"mode": "BFS_SHORT", "task_id": "multiskill_push_014", "family": "push", "n": 1, "valid": true, "goal": true, "shape": true, "sim_attempted": true, "sim_success": true, "final": true}
{"mode": "BFS_VALID", "task_id": "multiskill_push_014", "family": "push", "n": 1, "valid": true, "goal": true, "shape": true, "sim_attempted": true, "sim_success": true, "final": true}
{"mode": "BFS_EXEC", "task_id": "multiskill_push_014", "family": "push", "n": 1, "valid": true, "goal": true, "shape": true, "sim_attempted": true, "sim_success": true, "final": true}
{"mode": "BFS_SHORT", "task_id": "multiskill_press_026", "family": "press", "n": 1, "valid": true, "goal": true, "shape": true, "sim_attempted": true, "sim_success": true, "final": true}
{"mode": "BFS_VALID", "task_id": "multiskill_press_026", "family": "press", "n": 1, "valid": true, "goal": true, "shape": true, "sim_attempted": true, "sim_success": true, "final": true}
{"mode": "BFS_EXEC", "task_id": "multiskill_press_026", "family": "press", "n": 1, "valid": true, "goal": true, "shape": true, "sim_attempted": true, "sim_success": true, "final": true}
{"mode": "BFS_SHORT", "task_id": "multiskill_pick_place_003", "family": "pick_place", "n": 2, "valid": true, "goal": true, "shape": true, "sim_attempted": true, "sim_success": true, "final": true}
{"mode": "BFS_VALID", "task_id": "multiskill_pick_place_003", "family": "pick_place", "n": 2, "valid": true, "goal": true, "shape": true, "sim_attempted": true, "sim_success": true, "final": true}
{"mode": "BFS_EXEC", "task_id": "multiskill_pick_place_003", "family": "pick_place", "n": 2, "valid": true, "goal": true, "shape": true, "sim_attempted": true, "sim_success": true, "final": true}
{"mode": "BFS_SHORT", "task_id": "multiskill_push_015", "family": "push", "n": 1, "valid": true, "goal": true, "shape": true, "sim_attempted": true, "sim_success": true, "final": true}
{"mode": "BFS_VALID", "task_id": "multiskill_push_015", "family": "push", "n": 1, "valid": true, "goal": true, "shape": true, "sim_attempted": true, "sim_success": true, "final": true}
{"mode": "BFS_EXEC", "task_id": "multiskill_push_015", "family": "push", "n": 1, "valid": true, "goal": true, "shape": true, "sim_attempted": true, "sim_success": true, "final": true}
{"mode": "BFS_SHORT", "task_id": "multiskill_press_027", "family": "press", "n": 1, "valid": true, "goal": true, "shape": true, "sim_attempted": true, "sim_success": true, "final": true}
{"mode": "BFS_VALID", "task_id": "multiskill_press_027", "family": "press", "n": 1, "valid": true, "goal": true, "shape": true, "sim_attempted": true, "sim_success": true, "final": true}
{"mode": "BFS_EXEC", "task_id": "multiskill_press_027", "family": "press", "n": 1, "valid": true, "goal": true, "shape": true, "sim_attempted": true, "sim_success": true, "final": true}
{"mode": "BFS_SHORT", "task_id": "multiskill_pick_place_004", "family": "pick_place", "n": 2, "valid": true, "goal": true, "shape": true, "sim_attempted": true, "sim_success": false, "final": false}
{"mode": "BFS_VALID", "task_id": "multiskill_pick_place_004", "family": "pick_place", "n": 2, "valid": true, "goal": true, "shape": true, "sim_attempted": true, "sim_success": true, "final": true}
{"mode": "BFS_EXEC", "task_id": "multiskill_pick_place_004", "family": "pick_place", "n": 2, "valid": true, "goal": true, "shape": true, "sim_attempted": true, "sim_success": true, "final": true}
{"mode": "BFS_SHORT", "task_id": "multiskill_push_016", "family": "push", "n": 1, "valid": true, "goal": true, "shape": true, "sim_attempted": true, "sim_success": true, "final": true}
{"mode": "BFS_VALID", "task_id": "multiskill_push_016", "family": "push", "n": 1, "valid": true, "goal": true, "shape": true, "sim_attempted": true, "sim_success": true, "final": true}
{"mode": "BFS_EXEC", "task_id": "multiskill_push_016", "family": "push", "n": 1, "valid": true, "goal": true, "shape": true, "sim_attempted": true, "sim_success": true, "final": true}
{"mode": "BFS_SHORT", "task_id": "multiskill_press_028", "family": "press", "n": 1, "valid": true, "goal": true, "shape": true, "sim_attempted": true, "sim_success": true, "final": true}
{"mode": "BFS_VALID", "task_id": "multiskill_press_028", "family": "press", "n": 1, "valid": true, "goal": true, "shape": true, "sim_attempted": true, "sim_success": true, "final": true}
{"mode": "BFS_EXEC", "task_id": "multiskill_press_028", "family": "press", "n": 1, "valid": true, "goal": true, "shape": true, "sim_attempted": true, "sim_success": true, "final": true}
{"mode": "BFS_SHORT", "task_id": "multiskill_pick_place_005", "family": "pick_place", "n": 2, "valid": true, "goal": true, "shape": true, "sim_attempted": true, "sim_success": true, "final": true}
{"mode": "BFS_VALID", "task_id": "multiskill_pick_place_005", "family": "pick_place", "n": 2, "valid": true, "goal": true, "shape": true, "sim_attempted": true, "sim_success": true, "final": true}
{"mode": "BFS_EXEC", "task_id": "multiskill_pick_place_005", "family": "pick_place", "n": 2, "valid": true, "goal": true, "shape": true, "sim_attempted": true, "sim_success": true, "final": true}
{"mode": "BFS_SHORT", "task_id": "multiskill_push_017", "family": "push", "n": 1, "valid": true, "goal": true, "shape": true, "sim_attempted": true, "sim_success": true, "final": true}
{"mode": "BFS_VALID", "task_id": "multiskill_push_017", "family": "push", "n": 1, "valid": true, "goal": true, "shape": true, "sim_attempted": true, "sim_success": true, "final": true}
{"mode": "BFS_EXEC", "task_id": "multiskill_push_017", "family": "push", "n": 1, "valid": true, "goal": true, "shape": true, "sim_attempted": true, "sim_success": true, "final": true}
{"mode": "BFS_SHORT", "task_id": "multiskill_press_029", "family": "press", "n": 1, "valid": true, "goal": true, "shape": true, "sim_attempted": true, "sim_success": true, "final": true}
{"mode": "BFS_VALID", "task_id": "multiskill_press_029", "family": "press", "n": 1, "valid": true, "goal": true, "shape": true, "sim_attempted": true, "sim_success": true, "final": true}
{"mode": "BFS_EXEC", "task_id": "multiskill_press_029", "family": "press", "n": 1, "valid": true, "goal": true, "shape": true, "sim_attempted": true, "sim_success": true, "final": true}
{"mode": "BFS_SHORT", "task_id": "multiskill_pick_place_006", "family": "pick_place", "n": 2, "valid": true, "goal": true, "shape": true, "sim_attempted": true, "sim_success": true, "final": true}
{"mode": "BFS_VALID", "task_id": "multiskill_pick_place_006", "family": "pick_place", "n": 2, "valid": true, "goal": true, "shape": true, "sim_attempted": true, "sim_success": false, "final": false}
{"mode": "BFS_EXEC", "task_id": "multiskill_pick_place_006", "family": "pick_place", "n": 2, "valid": true, "goal": true, "shape": true, "sim_attempted": true, "sim_success": true, "final": true}
{"mode": "BFS_SHORT", "task_id": "multiskill_push_018", "family": "push", "n": 1, "valid": true, "goal": true, "shape": true, "sim_attempted": true, "sim_success": true, "final": true}
{"mode": "BFS_VALID", "task_id": "multiskill_push_018", "family": "push", "n": 1, "valid": true, "goal": true, "shape": true, "sim_attempted": true, "sim_success": true, "final": true}
{"mode": "BFS_EXEC", "task_id": "multiskill_push_018", "family": "push", "n": 1, "valid": true, "goal": true, "shape": true, "sim_attempted": true, "sim_success": true, "final": true}
{"mode": "BFS_SHORT", "task_id": "multiskill_press_030", "family": "press", "n": 1, "valid": true, "goal": true, "shape": true, "sim_attempted": true, "sim_success": true, "final": true}
{"mode": "BFS_VALID", "task_id": "multiskill_press_030", "family": "press", "n": 1, "valid": true, "goal": true, "shape": true, "sim_attempted": true, "sim_success": true, "final": true}
{"mode": "BFS_EXEC", "task_id": "multiskill_press_030", "family": "press", "n": 1, "valid": true, "goal": true, "shape": true, "sim_attempted": true, "sim_success": true, "final": true}
{"mode": "BFS_SHORT", "task_id": "multiskill_pick_place_007", "family": "pick_place", "n": 2, "valid": true, "goal": true, "shape": true, "sim_attempted": true, "sim_success": true, "final": true}
{"mode": "BFS_VALID", "task_id": "multiskill_pick_place_007", "family": "pick_place", "n": 2, "valid": true, "goal": true, "shape": true, "sim_attempted": true, "sim_success": true, "final": true}
{"mode": "BFS_EXEC", "task_id": "multiskill_pick_place_007", "family": "pick_place", "n": 2, "valid": true, "goal": true, "shape": true, "sim_attempted": true, "sim_success": true, "final": true}
{"mode": "BFS_SHORT", "task_id": "multiskill_push_019", "family": "push", "n": 1, "valid": true, "goal": true, "shape": true, "sim_attempted": true, "sim_success": true, "final": true}
{"mode": "BFS_VALID", "task_id": "multiskill_push_019", "family": "push", "n": 1, "valid": true, "goal": true, "shape": true, "sim_attempted": true, "sim_success": true, "final": true}
{"mode": "BFS_EXEC", "task_id": "multiskill_push_019", "family": "push", "n": 1, "valid": true, "goal": true, "shape": true, "sim_attempted": true, "sim_success": true, "final": true}
{"mode": "BFS_SHORT", "task_id": "multiskill_press_031", "family": "press", "n": 1, "valid": true, "goal": true, "shape": true, "sim_attempted": true, "sim_success": true, "final": true}
{"mode": "BFS_VALID", "task_id": "multiskill_press_031", "family": "press", "n": 1, "valid": true, "goal": true, "shape": true, "sim_attempted": true, "sim_success": true, "final": true}
{"mode": "BFS_EXEC", "task_id": "multiskill_press_031", "family": "press", "n": 1, "valid": true, "goal": true, "shape": true, "sim_attempted": true, "sim_success": true, "final": true}
{"mode": "BFS_SHORT", "task_id": "multiskill_pick_place_008", "family": "pick_place", "n": 2, "valid": true, "goal": true, "shape": true, "sim_attempted": true, "sim_success": true, "final": true}
{"mode": "BFS_VALID", "task_id": "multiskill_pick_place_008", "family": "pick_place", "n": 2, "valid": true, "goal": true, "shape": true, "sim_attempted": true, "sim_success": true, "final": true}
{"mode": "BFS_EXEC", "task_id": "multiskill_pick_place_008", "family": "pick_place", "n": 2, "valid": true, "goal": true, "shape": true, "sim_attempted": true, "sim_success": true, "final": true}
{"mode": "BFS_SHORT", "task_id": "multiskill_push_020", "family": "push", "n": 1, "valid": true, "goal": true, "shape": true, "sim_attempted": true, "sim_success": true, "final": true}
{"mode": "BFS_VALID", "task_id": "multiskill_push_020", "family": "push", "n": 1, "valid": true, "goal": true, "shape": true, "sim_attempted": true, "sim_success": true, "final": true}
{"mode": "BFS_EXEC", "task_id": "multiskill_push_020", "family": "push", "n": 1, "valid": true, "goal": true, "shape": true, "sim_attempted": true, "sim_success": true, "final": true}
{"mode": "BFS_SHORT", "task_id": "multiskill_press_032", "family": "press", "n": 1, "valid": true, "goal": true, "shape": true, "sim_attempted": true, "sim_success": true, "final": true}
{"mode": "BFS_VALID", "task_id": "multiskill_press_032", "family": "press", "n": 1, "valid": true, "goal": true, "shape": true, "sim_attempted": true, "sim_success": true, "final": true}
{"mode": "BFS_EXEC", "task_id": "multiskill_press_032", "family": "press", "n": 1, "valid": true, "goal": true, "shape": true, "sim_attempted": true, "sim_success": true, "final": true}
{"mode": "BFS_SHORT", "task_id": "multiskill_pick_place_009", "family": "pick_place", "n": 2, "valid": true, "goal": true, "shape": true, "sim_attempted": true, "sim_success": true, "final": true}
{"mode": "BFS_VALID", "task_id": "multiskill_pick_place_009", "family": "pick_place", "n": 2, "valid": true, "goal": true, "shape": true, "sim_attempted": true, "sim_success": true, "final": true}
{"mode": "BFS_EXEC", "task_id": "multiskill_pick_place_009", "family": "pick_place", "n": 2, "valid": true, "goal": true, "shape": true, "sim_attempted": true, "sim_success": true, "final": true}
{"mode": "BFS_SHORT", "task_id": "multiskill_push_021", "family": "push", "n": 1, "valid": true, "goal": true, "shape": true, "sim_attempted": true, "sim_success": true, "final": true}
{"mode": "BFS_VALID", "task_id": "multiskill_push_021", "family": "push", "n": 1, "valid": true, "goal": true, "shape": true, "sim_attempted": true, "sim_success": true, "final": true}
{"mode": "BFS_EXEC", "task_id": "multiskill_push_021", "family": "push", "n": 1, "valid": true, "goal": true, "shape": true, "sim_attempted": true, "sim_success": true, "final": true}
{"mode": "BFS_SHORT", "task_id": "multiskill_press_033", "family": "press", "n": 1, "valid": true, "goal": true, "shape": true, "sim_attempted": true, "sim_success": true, "final": true}
{"mode": "BFS_VALID", "task_id": "multiskill_press_033", "family": "press", "n": 1, "valid": true, "goal": true, "shape": true, "sim_attempted": true, "sim_success": true, "final": true}
{"mode": "BFS_EXEC", "task_id": "multiskill_press_033", "family": "press", "n": 1, "valid": true, "goal": true, "shape": true, "sim_attempted": true, "sim_success": true, "final": true}
{"mode": "BFS_SHORT", "task_id": "multiskill_pick_place_010", "family": "pick_place", "n": 2, "valid": true, "goal": true, "shape": true, "sim_attempted": true, "sim_success": true, "final": true}
{"mode": "BFS_VALID", "task_id": "multiskill_pick_place_010", "family": "pick_place", "n": 2, "valid": true, "goal": true, "shape": true, "sim_attempted": true, "sim_success": true, "final": true}
{"mode": "BFS_EXEC", "task_id": "multiskill_pick_place_010", "family": "pick_place", "n": 2, "valid": true, "goal": true, "shape": true, "sim_attempted": true, "sim_success": false, "final": false}
{"mode": "BFS_SHORT", "task_id": "multiskill_push_022", "family": "push", "n": 1, "valid": true, "goal": true, "shape": true, "sim_attempted": true, "sim_success": true, "final": true}
{"mode": "BFS_VALID", "task_id": "multiskill_push_022", "family": "push", "n": 1, "valid": true, "goal": true, "shape": true, "sim_attempted": true, "sim_success": true, "final": true}
{"mode": "BFS_EXEC", "task_id": "multiskill_push_022", "family": "push", "n": 1, "valid": true, "goal": true, "shape": true, "sim_attempted": true, "sim_success": true, "final": true}
{"mode": "BFS_SHORT", "task_id": "multiskill_press_034", "family": "press", "n": 1, "valid": true, "goal": true, "shape": true, "sim_attempted": true, "sim_success": true, "final": true}
{"mode": "BFS_VALID", "task_id": "multiskill_press_034", "family": "press", "n": 1, "valid": true, "goal": true, "shape": true, "sim_attempted": true, "sim_success": true, "final": true}
{"mode": "BFS_EXEC", "task_id": "multiskill_press_034", "family": "press", "n": 1, "valid": true, "goal": true, "shape": true, "sim_attempted": true, "sim_success": true, "final": true}
{"mode": "BFS_SHORT", "task_id": "multiskill_pick_place_011", "family": "pick_place", "n": 2, "valid": true, "goal": true, "shape": true, "sim_attempted": true, "sim_success": true, "final": true}
{"mode": "BFS_VALID", "task_id": "multiskill_pick_place_011", "family": "pick_place", "n": 2, "valid": true, "goal": true, "shape": true, "sim_attempted": true, "sim_success": true, "final": true}
{"mode": "BFS_EXEC", "task_id": "multiskill_pick_place_011", "family": "pick_place", "n": 2, "valid": true, "goal": true, "shape": true, "sim_attempted": true, "sim_success": true, "final": true}
{"mode": "BFS_SHORT", "task_id": "multiskill_push_023", "family": "push", "n": 1, "valid": true, "goal": true, "shape": true, "sim_attempted": true, "sim_success": true, "final": true}
{"mode": "BFS_VALID", "task_id": "multiskill_push_023", "family": "push", "n": 1, "valid": true, "goal": true, "shape": true, "sim_attempted": true, "sim_success": true, "final": true}
{"mode": "BFS_EXEC", "task_id": "multiskill_push_023", "family": "push", "n": 1, "valid": true, "goal": true, "shape": true, "sim_attempted": true, "sim_success": true, "final": true}
{"mode": "BFS_SHORT", "task_id": "multiskill_press_035", "family": "press", "n": 1, "valid": true, "goal": true, "shape": true, "sim_attempted": true, "sim_success": true, "final": true}
{"mode": "BFS_VALID", "task_id": "multiskill_press_035", "family": "press", "n": 1, "valid": true, "goal": true, "shape": true, "sim_attempted": true, "sim_success": true, "final": true}
{"mode": "BFS_EXEC", "task_id": "multiskill_press_035", "family": "press", "n": 1, "valid": true, "goal": true, "shape": true, "sim_attempted": true, "sim_success": true, "final": true}
{"mode": "BFS_SHORT", "task_id": "multiskill_pick_place_000", "family": "pick_place", "n": 2, "valid": true, "goal": true, "shape": true, "sim_attempted": true, "sim_success": true, "final": true}
{"mode": "BFS_VALID", "task_id": "multiskill_pick_place_000", "family": "pick_place", "n": 2, "valid": true, "goal": true, "shape": true, "sim_attempted": true, "sim_success": true, "final": true}
{"mode": "BFS_EXEC", "task_id": "multiskill_pick_place_000", "family": "pick_place", "n": 2, "valid": true, "goal": true, "shape": true, "sim_attempted": true, "sim_success": true, "final": true}
{"mode": "BFS_SHORT", "task_id": "multiskill_push_012", "family": "push", "n": 1, "valid": true, "goal": true, "shape": true, "sim_attempted": true, "sim_success": true, "final": true}
{"mode": "BFS_VALID", "task_id": "multiskill_push_012", "family": "push", "n": 1, "valid": true, "goal": true, "shape": true, "sim_attempted": true, "sim_success": true, "final": true}
{"mode": "BFS_EXEC", "task_id": "multiskill_push_012", "family": "push", "n": 1, "valid": true, "goal": true, "shape": true, "sim_attempted": true, "sim_success": true, "final": true}
{"mode": "BFS_SHORT", "task_id": "multiskill_press_024", "family": "press", "n": 1, "valid": true, "goal": true, "shape": true, "sim_attempted": true, "sim_success": true, "final": true}
{"mode": "BFS_VALID", "task_id": "multiskill_press_024", "family": "press", "n": 1, "valid": true, "goal": true, "shape": true, "sim_attempted": true, "sim_success": true, "final": true}
{"mode": "BFS_EXEC", "task_id": "multiskill_press_024", "family": "press", "n": 1, "valid": true, "goal": true, "shape": true, "sim_attempted": true, "sim_success": true, "final": true}
{"mode": "BFS_SHORT", "task_id": "multiskill_pick_place_001", "family": "pick_place", "n": 2, "valid": true, "goal": true, "shape": true, "sim_attempted": true, "sim_success": true, "final": true}
{"mode": "BFS_VALID", "task_id": "multiskill_pick_place_001", "family": "pick_place", "n": 2, "valid": true, "goal": true, "shape": true, "sim_attempted": true, "sim_success": true, "final": true}
{"mode": "BFS_EXEC", "task_id": "multiskill_pick_place_001", "family": "pick_place", "n": 2, "valid": true, "goal": true, "shape": true, "sim_attempted": true, "sim_success": true, "final": true}
{"mode": "BFS_SHORT", "task_id": "multiskill_push_013", "family": "push", "n": 1, "valid": true, "goal": true, "shape": true, "sim_attempted": true, "sim_success": true, "final": true}
{"mode": "BFS_VALID", "task_id": "multiskill_push_013", "family": "push", "n": 1, "valid": true, "goal": true, "shape": true, "sim_attempted": true, "sim_success": true, "final": true}
{"mode": "BFS_EXEC", "task_id": "multiskill_push_013", "family": "push", "n": 1, "valid": true, "goal": true, "shape": true, "sim_attempted": true, "sim_success": true, "final": true}
{"mode": "BFS_SHORT", "task_id": "multiskill_press_025", "family": "press", "n": 1, "valid": true, "goal": true, "shape": true, "sim_attempted": true, "sim_success": true, "final": true}
{"mode": "BFS_VALID", "task_id": "multiskill_press_025", "family": "press", "n": 1, "valid": true, "goal": true, "shape": true, "sim_attempted": true, "sim_success": true, "final": true}
{"mode": "BFS_EXEC", "task_id": "multiskill_press_025", "family": "press", "n": 1, "valid": true, "goal": true, "shape": true, "sim_attempted": true, "sim_success": true, "final": true}
{"mode": "BFS_SHORT", "task_id": "multiskill_pick_place_002", "family": "pick_place", "n": 2, "valid": true, "goal": true, "shape": true, "sim_attempted": true, "sim_success": true, "final": true}
{"mode": "BFS_VALID", "task_id": "multiskill_pick_place_002", "family": "pick_place", "n": 2, "valid": true, "goal": true, "shape": true, "sim_attempted": true, "sim_success": true, "final": true}
{"mode": "BFS_EXEC", "task_id": "multiskill_pick_place_002", "family": "pick_place", "n": 2, "valid": true, "goal": true, "shape": true, "sim_attempted": true, "sim_success": true, "final": true}
{"mode": "BFS_SHORT", "task_id": "multiskill_push_014", "family": "push", "n": 1, "valid": true, "goal": true, "shape": true, "sim_attempted": true, "sim_success": true, "final": true}
{"mode": "BFS_VALID", "task_id": "multiskill_push_014", "family": "push", "n": 1, "valid": true, "goal": true, "shape": true, "sim_attempted": true, "sim_success": true, "final": true}
{"mode": "BFS_EXEC", "task_id": "multiskill_push_014", "family": "push", "n": 1, "valid": true, "goal": true, "shape": true, "sim_attempted": true, "sim_success": true, "final": true}
{"mode": "BFS_SHORT", "task_id": "multiskill_press_026", "family": "press", "n": 1, "valid": true, "goal": true, "shape": true, "sim_attempted": true, "sim_success": true, "final": true}
{"mode": "BFS_VALID", "task_id": "multiskill_press_026", "family": "press", "n": 1, "valid": true, "goal": true, "shape": true, "sim_attempted": true, "sim_success": true, "final": true}
{"mode": "BFS_EXEC", "task_id": "multiskill_press_026", "family": "press", "n": 1, "valid": true, "goal": true, "shape": true, "sim_attempted": true, "sim_success": true, "final": true}
{"mode": "BFS_SHORT", "task_id": "multiskill_pick_place_003", "family": "pick_place", "n": 2, "valid": true, "goal": true, "shape": true, "sim_attempted": true, "sim_success": true, "final": true}
{"mode": "BFS_VALID", "task_id": "multiskill_pick_place_003", "family": "pick_place", "n": 2, "valid": true, "goal": true, "shape": true, "sim_attempted": true, "sim_success": true, "final": true}
{"mode": "BFS_EXEC", "task_id": "multiskill_pick_place_003", "family": "pick_place", "n": 2, "valid": true, "goal": true, "shape": true, "sim_attempted": true, "sim_success": true, "final": true}
{"mode": "BFS_SHORT", "task_id": "multiskill_push_015", "family": "push", "n": 1, "valid": true, "goal": true, "shape": true, "sim_attempted": true, "sim_success": true, "final": true}
{"mode": "BFS_VALID", "task_id": "multiskill_push_015", "family": "push", "n": 1, "valid": true, "goal": true, "shape": true, "sim_attempted": true, "sim_success": true, "final": true}
{"mode": "BFS_EXEC", "task_id": "multiskill_push_015", "family": "push", "n": 1, "valid": true, "goal": true, "shape": true, "sim_attempted": true, "sim_success": true, "final": true}
{"mode": "BFS_SHORT", "task_id": "multiskill_press_027", "family": "press", "n": 1, "valid": true, "goal": true, "shape": true, "sim_attempted": true, "sim_success": true, "final": true}
{"mode": "BFS_VALID", "task_id": "multiskill_press_027", "family": "press", "n": 1, "valid": true, "goal": true, "shape": true, "sim_attempted": true, "sim_success": true, "final": true}
{"mode": "BFS_EXEC", "task_id": "multiskill_press_027", "family": "press", "n": 1, "valid": true, "goal": true, "shape": true, "sim_attempted": true, "sim_success": true, "final": true}
{"mode": "BFS_SHORT", "task_id": "multiskill_pick_place_004", "family": "pick_place", "n": 2, "valid": true, "goal": true, "shape": true, "sim_attempted": true, "sim_success": true, "final": true}
{"mode": "BFS_VALID", "task_id": "multiskill_pick_place_004", "family": "pick_place", "n": 2, "valid": true, "goal": true, "shape": true, "sim_attempted": true, "sim_success": true, "final": true}
{"mode": "BFS_EXEC", "task_id": "multiskill_pick_place_004", "family": "pick_place", "n": 2, "valid": true, "goal": true, "shape": true, "sim_attempted": true, "sim_success": true, "final": true}
{"mode": "BFS_SHORT", "task_id": "multiskill_push_016", "family": "push", "n": 1, "valid": true, "goal": true, "shape": true, "sim_attempted": true, "sim_success": true, "final": true}
{"mode": "BFS_VALID", "task_id": "multiskill_push_016", "family": "push", "n": 1, "valid": true, "goal": true, "shape": true, "sim_attempted": true, "sim_success": true, "final": true}
{"mode": "BFS_EXEC", "task_id": "multiskill_push_016", "family": "push", "n": 1, "valid": true, "goal": true, "shape": true, "sim_attempted": true, "sim_success": true, "final": true}
{"mode": "BFS_SHORT", "task_id": "multiskill_press_028", "family": "press", "n": 1, "valid": true, "goal": true, "shape": true, "sim_attempted": true, "sim_success": true, "final": true}
{"mode": "BFS_VALID", "task_id": "multiskill_press_028", "family": "press", "n": 1, "valid": true, "goal": true, "shape": true, "sim_attempted": true, "sim_success": true, "final": true}
{"mode": "BFS_EXEC", "task_id": "multiskill_press_028", "family": "press", "n": 1, "valid": true, "goal": true, "shape": true, "sim_attempted": true, "sim_success": true, "final": true}
{"mode": "BFS_SHORT", "task_id": "multiskill_pick_place_005", "family": "pick_place", "n": 2, "valid": true, "goal": true, "shape": true, "sim_attempted": true, "sim_success": true, "final": true}
{"mode": "BFS_VALID", "task_id": "multiskill_pick_place_005", "family": "pick_place", "n": 2, "valid": true, "goal": true, "shape": true, "sim_attempted": true, "sim_success": true, "final": true}
{"mode": "BFS_EXEC", "task_id": "multiskill_pick_place_005", "family": "pick_place", "n": 2, "valid": true, "goal": true, "shape": true, "sim_attempted": true, "sim_success": true, "final": true}
{"mode": "BFS_SHORT", "task_id": "multiskill_push_017", "family": "push", "n": 1, "valid": true, "goal": true, "shape": true, "sim_attempted": true, "sim_success": true, "final": true}
{"mode": "BFS_VALID", "task_id": "multiskill_push_017", "family": "push", "n": 1, "valid": true, "goal": true, "shape": true, "sim_attempted": true, "sim_success": true, "final": true}
{"mode": "BFS_EXEC", "task_id": "multiskill_push_017", "family": "push", "n": 1, "valid": true, "goal": true, "shape": true, "sim_attempted": true, "sim_success": true, "final": true}
{"mode": "BFS_SHORT", "task_id": "multiskill_press_029", "family": "press", "n": 1, "valid": true, "goal": true, "shape": true, "sim_attempted": true, "sim_success": true, "final": true}
{"mode": "BFS_VALID", "task_id": "multiskill_press_029", "family": "press", "n": 1, "valid": true, "goal": true, "shape": true, "sim_attempted": true, "sim_success": true, "final": true}
{"mode": "BFS_EXEC", "task_id": "multiskill_press_029", "family": "press", "n": 1, "valid": true, "goal": true, "shape": true, "sim_attempted": true, "sim_success": true, "final": true}
{"mode": "BFS_SHORT", "task_id": "multiskill_pick_place_006", "family": "pick_place", "n": 2, "valid": true, "goal": true, "shape": true, "sim_attempted": true, "sim_success": true, "final": true}
{"mode": "BFS_VALID", "task_id": "multiskill_pick_place_006", "family": "pick_place", "n": 2, "valid": true, "goal": true, "shape": true, "sim_attempted": true, "sim_success": true, "final": true}
{"mode": "BFS_EXEC", "task_id": "multiskill_pick_place_006", "family": "pick_place", "n": 2, "valid": true, "goal": true, "shape": true, "sim_attempted": true, "sim_success": true, "final": true}
{"mode": "BFS_SHORT", "task_id": "multiskill_push_018", "family": "push", "n": 1, "valid": true, "goal": true, "shape": true, "sim_attempted": true, "sim_success": true, "final": true}
{"mode": "BFS_VALID", "task_id": "multiskill_push_018", "family": "push", "n": 1, "valid": true, "goal": true, "shape": true, "sim_attempted": true, "sim_success": true, "final": true}
{"mode": "BFS_EXEC", "task_id": "multiskill_push_018", "family": "push", "n": 1, "valid": true, "goal": true, "shape": true, "sim_attempted": true, "sim_success": true, "final": true}
{"mode": "BFS_SHORT", "task_id": "multiskill_press_030", "family": "press", "n": 1, "valid": true, "goal": true, "shape": true, "sim_attempted": true, "sim_success": true, "final": true}
{"mode": "BFS_VALID", "task_id": "multiskill_press_030", "family": "press", "n": 1, "valid": true, "goal": true, "shape": true, "sim_attempted": true, "sim_success": true, "final": true}
{"mode": "BFS_EXEC", "task_id": "multiskill_press_030", "family": "press", "n": 1, "valid": true, "goal": true, "shape": true, "sim_attempted": true, "sim_success": true, "final": true}
{"mode": "BFS_SHORT", "task_id": "multiskill_pick_place_007", "family": "pick_place", "n": 2, "valid": true, "goal": true, "shape": true, "sim_attempted": true, "sim_success": true, "final": true}
{"mode": "BFS_VALID", "task_id": "multiskill_pick_place_007", "family": "pick_place", "n": 2, "valid": true, "goal": true, "shape": true, "sim_attempted": true, "sim_success": true, "final": true}
{"mode": "BFS_EXEC", "task_id": "multiskill_pick_place_007", "family": "pick_place", "n": 2, "valid": true, "goal": true, "shape": true, "sim_attempted": true, "sim_success": true, "final": true}
{"mode": "BFS_SHORT", "task_id": "multiskill_push_019", "family": "push", "n": 1, "valid": true, "goal": true, "shape": true, "sim_attempted": true, "sim_success": true, "final": true}
{"mode": "BFS_VALID", "task_id": "multiskill_push_019", "family": "push", "n": 1, "valid": true, "goal": true, "shape": true, "sim_attempted": true, "sim_success": true, "final": true}
{"mode": "BFS_EXEC", "task_id": "multiskill_push_019", "family": "push", "n": 1, "valid": true, "goal": true, "shape": true, "sim_attempted": true, "sim_success": true, "final": true}
{"mode": "BFS_SHORT", "task_id": "multiskill_press_031", "family": "press", "n": 1, "valid": true, "goal": true, "shape": true, "sim_attempted": true, "sim_success": true, "final": true}
{"mode": "BFS_VALID", "task_id": "multiskill_press_031", "family": "press", "n": 1, "valid": true, "goal": true, "shape": true, "sim_attempted": true, "sim_success": true, "final": true}
{"mode": "BFS_EXEC", "task_id": "multiskill_press_031", "family": "press", "n": 1, "valid": true, "goal": true, "shape": true, "sim_attempted": true, "sim_success": true, "final": true}
{"mode": "BFS_SHORT", "task_id": "multiskill_pick_place_008", "family": "pick_place", "n": 2, "valid": true, "goal": true, "shape": true, "sim_attempted": true, "sim_success": true, "final": true}
{"mode": "BFS_VALID", "task_id": "multiskill_pick_place_008", "family": "pick_place", "n": 2, "valid": true, "goal": true, "shape": true, "sim_attempted": true, "sim_success": true, "final": true}
{"mode": "BFS_EXEC", "task_id": "multiskill_pick_place_008", "family": "pick_place", "n": 2, "valid": true, "goal": true, "shape": true, "sim_attempted": true, "sim_success": true, "final": true}
{"mode": "BFS_SHORT", "task_id": "multiskill_push_020", "family": "push", "n": 1, "valid": true, "goal": true, "shape": true, "sim_attempted": true, "sim_success": true, "final": true}
{"mode": "BFS_VALID", "task_id": "multiskill_push_020", "family": "push", "n": 1, "valid": true, "goal": true, "shape": true, "sim_attempted": true, "sim_success": true, "final": true}
{"mode": "BFS_EXEC", "task_id": "multiskill_push_020", "family": "push", "n": 1, "valid": true, "goal": true, "shape": true, "sim_attempted": true, "sim_success": true, "final": true}
{"mode": "BFS_SHORT", "task_id": "multiskill_press_032", "family": "press", "n": 1, "valid": true, "goal": true, "shape": true, "sim_attempted": true, "sim_success": true, "final": true}
{"mode": "BFS_VALID", "task_id": "multiskill_press_032", "family": "press", "n": 1, "valid": true, "goal": true, "shape": true, "sim_attempted": true, "sim_success": true, "final": true}
{"mode": "BFS_EXEC", "task_id": "multiskill_press_032", "family": "press", "n": 1, "valid": true, "goal": true, "shape": true, "sim_attempted": true, "sim_success": true, "final": true}
{"mode": "BFS_SHORT", "task_id": "multiskill_pick_place_009", "family": "pick_place", "n": 2, "valid": true, "goal": true, "shape": true, "sim_attempted": true, "sim_success": true, "final": true}
{"mode": "BFS_VALID", "task_id": "multiskill_pick_place_009", "family": "pick_place", "n": 2, "valid": true, "goal": true, "shape": true, "sim_attempted": true, "sim_success": true, "final": true}
{"mode": "BFS_EXEC", "task_id": "multiskill_pick_place_009", "family": "pick_place", "n": 2, "valid": true, "goal": true, "shape": true, "sim_attempted": true, "sim_success": true, "final": true}
{
  "BFS_SHORT": {
    "mode": "BFS_SHORT",
    "points": 100,
    "search_success": 100,
    "no_plan_within_cap": 0,
    "empty_suffix_goal_holds": 0,
    "symbolic_valid": 100,
    "goal_satisfied": 100,
    "final_success": 98,
    "final_success_rate": 0.98,
    "sim_executable": 100,
    "sim_executable_rate": 1.0,
    "sim_attempted": 100,
    "sim_success": 98,
    "mean_suffix_actions": 1.34,
    "median_suffix_actions": 1.0,
    "max_suffix_actions": 2.0,
    "mean_search_ms": 0.21296881139278412,
    "vlm_calls": 0,
    "tokens": 0,
    "by_task_family": {
      "pick_place": {
        "points": 34,
        "search_success": 34,
        "no_plan_within_cap": 0,
        "empty_suffix_goal_holds": 0,
        "symbolic_valid": 34,
        "goal_satisfied": 34,
        "final_success": 32,
        "final_success_rate": 0.9411764705882353,
        "sim_executable": 34,
        "sim_executable_rate": 1.0,
        "sim_attempted": 34,
        "sim_success": 32,
        "mean_suffix_actions": 2.0,
        "median_suffix_actions": 2.0,
        "max_suffix_actions": 2.0,
        "mean_search_ms": 0.2759951440727009,
        "vlm_calls": 0,
        "tokens": 0
      },
      "press": {
        "points": 33,
        "search_success": 33,
        "no_plan_within_cap": 0,
        "empty_suffix_goal_holds": 0,
        "symbolic_valid": 33,
        "goal_satisfied": 33,
        "final_success": 33,
        "final_success_rate": 1.0,
        "sim_executable": 33,
        "sim_executable_rate": 1.0,
        "sim_attempted": 33,
        "sim_success": 33,
        "mean_suffix_actions": 1.0,
        "median_suffix_actions": 1.0,
        "max_suffix_actions": 1.0,
        "mean_search_ms": 0.11561675505204634,
        "vlm_calls": 0,
        "tokens": 0
      },
      "push": {
        "points": 33,
        "search_success": 33,
        "no_plan_within_cap": 0,
        "empty_suffix_goal_holds": 0,
        "symbolic_valid": 33,
        "goal_satisfied": 33,
        "final_success": 33,
        "final_success_rate": 1.0,
        "sim_executable": 33,
        "sim_executable_rate": 1.0,
        "sim_attempted": 33,
        "sim_success": 33,
        "mean_suffix_actions": 1.0,
        "median_suffix_actions": 1.0,
        "max_suffix_actions": 1.0,
        "mean_search_ms": 0.24538464618451666,
        "vlm_calls": 0,
        "tokens": 0
      }
    },
    "by_perturbation": {}
  },
  "BFS_VALID": {
    "mode": "BFS_VALID",
    "points": 100,
    "search_success": 100,
    "no_plan_within_cap": 0,
    "empty_suffix_goal_holds": 0,
    "symbolic_valid": 100,
    "goal_satisfied": 100,
    "final_success": 99,
    "final_success_rate": 0.99,
    "sim_executable": 100,
    "sim_executable_rate": 1.0,
    "sim_attempted": 100,
    "sim_success": 99,
    "mean_suffix_actions": 1.34,
    "median_suffix_actions": 1.0,
    "max_suffix_actions": 2.0,
    "mean_search_ms": 0.23305125534534454,
    "vlm_calls": 0,
    "tokens": 0,
    "by_task_family": {
      "pick_place": {
        "points": 34,
        "search_success": 34,
        "no_plan_within_cap": 0,
        "empty_suffix_goal_holds": 0,
        "symbolic_valid": 34,
        "goal_satisfied": 34,
        "final_success": 33,
        "final_success_rate": 0.9705882352941176,
        "sim_executable": 34,
        "sim_executable_rate": 1.0,
        "sim_attempted": 34,
        "sim_success": 33,
        "mean_suffix_actions": 2.0,
        "median_suffix_actions": 2.0,
        "max_suffix_actions": 2.0,
        "mean_search_ms": 0.304070465704974,
        "vlm_calls": 0,
        "tokens": 0
      },
      "press": {
        "points": 33,
        "search_success": 33,
        "no_plan_within_cap": 0,
        "empty_suffix_goal_holds": 0,
        "symbolic_valid": 33,
        "goal_satisfied": 33,
        "final_success": 33,
        "final_success_rate": 1.0,
        "sim_executable": 33,
        "sim_executable_rate": 1.0,
        "sim_attempted": 33,
        "sim_success": 33,
        "mean_suffix_actions": 1.0,
        "median_suffix_actions": 1.0,
        "max_suffix_actions": 1.0,
        "mean_search_ms": 0.1280811248403607,
        "vlm_calls": 0,
        "tokens": 0
      },
      "push": {
        "points": 33,
        "search_success": 33,
        "no_plan_within_cap": 0,
        "empty_suffix_goal_holds": 0,
        "symbolic_valid": 33,
        "goal_satisfied": 33,
        "final_success": 33,
        "final_success_rate": 1.0,
        "sim_executable": 33,
        "sim_executable_rate": 1.0,
        "sim_attempted": 33,
        "sim_success": 33,
        "mean_suffix_actions": 1.0,
        "median_suffix_actions": 1.0,
        "max_suffix_actions": 1.0,
        "mean_search_ms": 0.2648500782070738,
        "vlm_calls": 0,
        "tokens": 0
      }
    },
    "by_perturbation": {}
  },
  "BFS_EXEC": {
    "mode": "BFS_EXEC",
    "points": 100,
    "search_success": 100,
    "no_plan_within_cap": 0,
    "empty_suffix_goal_holds": 0,
    "symbolic_valid": 100,
    "goal_satisfied": 100,
    "final_success": 98,
    "final_success_rate": 0.98,
    "sim_executable": 100,
    "sim_executable_rate": 1.0,
    "sim_attempted": 100,
    "sim_success": 98,
    "mean_suffix_actions": 1.34,
    "median_suffix_actions": 1.0,
    "max_suffix_actions": 2.0,
    "mean_search_ms": 0.24086512625217438,
    "vlm_calls": 0,
    "tokens": 0,
    "by_task_family": {
      "pick_place": {
        "points": 34,
        "search_success": 34,
        "no_plan_within_cap": 0,
        "empty_suffix_goal_holds": 0,
        "symbolic_valid": 34,
        "goal_satisfied": 34,
        "final_success": 32,
        "final_success_rate": 0.9411764705882353,
        "sim_executable": 34,
        "sim_executable_rate": 1.0,
        "sim_attempted": 34,
        "sim_success": 32,
        "mean_suffix_actions": 2.0,
        "median_suffix_actions": 2.0,
        "max_suffix_actions": 2.0,
        "mean_search_ms": 0.3369338810443878,
        "vlm_calls": 0,
        "tokens": 0
      },
      "press": {
        "points": 33,
        "search_success": 33,
        "no_plan_within_cap": 0,
        "empty_suffix_goal_holds": 0,
        "symbolic_valid": 33,
        "goal_satisfied": 33,
        "final_success": 33,
        "final_success_rate": 1.0,
        "sim_executable": 33,
        "sim_executable_rate": 1.0,
        "sim_attempted": 33,
        "sim_success": 33,
        "mean_suffix_actions": 1.0,
        "median_suffix_actions": 1.0,
        "max_suffix_actions": 1.0,
        "mean_search_ms": 0.12201048208005501,
        "vlm_calls": 0,
        "tokens": 0
      },
      "push": {
        "points": 33,
        "search_success": 33,
        "no_plan_within_cap": 0,
        "empty_suffix_goal_holds": 0,
        "symbolic_valid": 33,
        "goal_satisfied": 33,
        "final_success": 33,
        "final_success_rate": 1.0,
        "sim_executable": 33,
        "sim_executable_rate": 1.0,
        "sim_attempted": 33,
        "sim_success": 33,
        "mean_suffix_actions": 1.0,
        "median_suffix_actions": 1.0,
        "max_suffix_actions": 1.0,
        "mean_search_ms": 0.2607398412444375,
        "vlm_calls": 0,
        "tokens": 0
      }
    },
    "by_perturbation": {}
  }
}
{"output_dir": "data/reports/symbolic_planner_fair100_20260926_044237"}
