{
  "BFS_SHORT": {
    "mode": "BFS_SHORT",
    "points": 428,
    "search_success": 428,
    "empty_suffix": 107,
    "symbolic_valid": 321,
    "goal_satisfied": 321,
    "final_success": 321,
    "final_success_rate": 0.75,
    "sim_executable": 321,
    "sim_executable_rate": 0.75,
    "mean_suffix_actions": 1.0023364485981308,
    "median_suffix_actions": 1.0,
    "max_suffix_actions": 2.0,
    "mean_search_ms": 0.1547951077189401,
    "vlm_calls": 0,
    "tokens": 0,
    "by_task_family": {
      "pick_place": {
        "points": 144,
        "search_success": 144,
        "empty_suffix": 36,
        "symbolic_valid": 108,
        "goal_satisfied": 108,
        "final_success": 108,
        "final_success_rate": 0.75,
        "sim_executable": 108,
        "sim_executable_rate": 0.75,
        "mean_suffix_actions": 1.5,
        "median_suffix_actions": 2.0,
        "max_suffix_actions": 2.0,
        "mean_search_ms": 0.2885003470712238,
        "vlm_calls": 0,
        "tokens": 0
      },
      "press": {
        "points": 140,
        "search_success": 140,
        "empty_suffix": 35,
        "symbolic_valid": 105,
        "goal_satisfied": 105,
        "final_success": 105,
        "final_success_rate": 0.75,
        "sim_executable": 105,
        "sim_executable_rate": 0.75,
        "mean_suffix_actions": 0.75,
        "median_suffix_actions": 1.0,
        "max_suffix_actions": 1.0,
        "mean_search_ms": 0.04757733217307499,
        "vlm_calls": 0,
        "tokens": 0
      },
      "push": {
        "points": 144,
        "search_success": 144,
        "empty_suffix": 36,
        "symbolic_valid": 108,
        "goal_satisfied": 108,
        "final_success": 108,
        "final_success_rate": 0.75,
        "sim_executable": 108,
        "sim_executable_rate": 0.75,
        "mean_suffix_actions": 0.75,
        "median_suffix_actions": 1.0,
        "max_suffix_actions": 1.0,
        "mean_search_ms": 0.1253293723695808,
        "vlm_calls": 0,
        "tokens": 0
      }
    },
    "by_perturbation": {
      "grasp_failure": {
        "points": 107,
        "search_success": 107,
        "empty_suffix": 0,
        "symbolic_valid": 107,
        "goal_satisfied": 107,
        "final_success": 107,
        "final_success_rate": 1.0,
        "sim_executable": 107,
        "sim_executable_rate": 1.0,
        "mean_suffix_actions": 1.3364485981308412,
        "median_suffix_actions": 1.0,
        "max_suffix_actions": 2.0,
        "mean_search_ms": 0.1323511388814338,
        "vlm_calls": 0,
        "tokens": 0
      },
      "nominal_state": {
        "points": 107,
        "search_success": 107,
        "empty_suffix": 107,
        "symbolic_valid": 107,
        "goal_satisfied": 107,
        "final_success": 107,
        "final_success_rate": 1.0,
        "sim_executable": 0,
        "sim_executable_rate": 0.0,
        "mean_suffix_actions": 0.0,
        "median_suffix_actions": 0.0,
        "max_suffix_actions": 0.0,
        "mean_search_ms": 0.00751575576924832,
        "vlm_calls": 0,
        "tokens": 0
      },
      "object_displacement": {
        "points": 107,
        "search_success": 107,
        "empty_suffix": 0,
        "symbolic_valid": 107,
        "goal_satisfied": 107,
        "final_success": 107,
        "final_success_rate": 1.0,
        "sim_executable": 107,
        "sim_executable_rate": 1.0,
        "mean_suffix_actions": 1.3364485981308412,
        "median_suffix_actions": 1.0,
        "max_suffix_actions": 2.0,
        "mean_search_ms": 0.12693289562920543,
        "vlm_calls": 0,
        "tokens": 0
      },
      "wrong_held_object": {
        "points": 107,
        "search_success": 107,
        "empty_suffix": 0,
        "symbolic_valid": 0,
        "goal_satisfied": 0,
        "final_success": 0,
        "final_success_rate": 0.0,
        "sim_executable": 107,
        "sim_executable_rate": 1.0,
        "mean_suffix_actions": 1.3364485981308412,
        "median_suffix_actions": 1.0,
        "max_suffix_actions": 2.0,
        "mean_search_ms": 0.3523806405958728,
        "vlm_calls": 0,
        "tokens": 0
      }
    }
  },
  "BFS_VALID": {
    "mode": "BFS_VALID",
    "points": 428,
    "search_success": 428,
    "empty_suffix": 107,
    "symbolic_valid": 428,
    "goal_satisfied": 428,
    "final_success": 428,
    "final_success_rate": 1.0,
    "sim_executable": 214,
    "sim_executable_rate": 0.5,
    "mean_suffix_actions": 1.2523364485981308,
    "median_suffix_actions": 1.0,
    "max_suffix_actions": 3.0,
    "mean_search_ms": 0.2027588295880879,
    "vlm_calls": 0,
    "tokens": 0,
    "by_task_family": {
      "pick_place": {
        "points": 144,
        "search_success": 144,
        "empty_suffix": 36,
        "symbolic_valid": 144,
        "goal_satisfied": 144,
        "final_success": 144,
        "final_success_rate": 1.0,
        "sim_executable": 72,
        "sim_executable_rate": 0.5,
        "mean_suffix_actions": 1.75,
        "median_suffix_actions": 2.0,
        "max_suffix_actions": 3.0,
        "mean_search_ms": 0.35085756745603347,
        "vlm_calls": 0,
        "tokens": 0
      },
      "press": {
        "points": 140,
        "search_success": 140,
        "empty_suffix": 35,
        "symbolic_valid": 140,
        "goal_satisfied": 140,
        "final_success": 140,
        "final_success_rate": 1.0,
        "sim_executable": 70,
        "sim_executable_rate": 0.5,
        "mean_suffix_actions": 1.0,
        "median_suffix_actions": 1.0,
        "max_suffix_actions": 2.0,
        "mean_search_ms": 0.05675655390535082,
        "vlm_calls": 0,
        "tokens": 0
      },
      "push": {
        "points": 144,
        "search_success": 144,
        "empty_suffix": 36,
        "symbolic_valid": 144,
        "goal_satisfied": 144,
        "final_success": 144,
        "final_success_rate": 1.0,
        "sim_executable": 72,
        "sim_executable_rate": 0.5,
        "mean_suffix_actions": 1.0,
        "median_suffix_actions": 1.0,
        "max_suffix_actions": 2.0,
        "mean_search_ms": 0.19660674863391453,
        "vlm_calls": 0,
        "tokens": 0
      }
    },
    "by_perturbation": {
      "grasp_failure": {
        "points": 107,
        "search_success": 107,
        "empty_suffix": 0,
        "symbolic_valid": 107,
        "goal_satisfied": 107,
        "final_success": 107,
        "final_success_rate": 1.0,
        "sim_executable": 107,
        "sim_executable_rate": 1.0,
        "mean_suffix_actions": 1.3364485981308412,
        "median_suffix_actions": 1.0,
        "max_suffix_actions": 2.0,
        "mean_search_ms": 0.12328482676889295,
        "vlm_calls": 0,
        "tokens": 0
      },
      "nominal_state": {
        "points": 107,
        "search_success": 107,
        "empty_suffix": 107,
        "symbolic_valid": 107,
        "goal_satisfied": 107,
        "final_success": 107,
        "final_success_rate": 1.0,
        "sim_executable": 0,
        "sim_executable_rate": 0.0,
        "mean_suffix_actions": 0.0,
        "median_suffix_actions": 0.0,
        "max_suffix_actions": 0.0,
        "mean_search_ms": 0.005325145810563987,
        "vlm_calls": 0,
        "tokens": 0
      },
      "object_displacement": {
        "points": 107,
        "search_success": 107,
        "empty_suffix": 0,
        "symbolic_valid": 107,
        "goal_satisfied": 107,
        "final_success": 107,
        "final_success_rate": 1.0,
        "sim_executable": 107,
        "sim_executable_rate": 1.0,
        "mean_suffix_actions": 1.3364485981308412,
        "median_suffix_actions": 1.0,
        "max_suffix_actions": 2.0,
        "mean_search_ms": 0.12214795172771561,
        "vlm_calls": 0,
        "tokens": 0
      },
      "wrong_held_object": {
        "points": 107,
        "search_success": 107,
        "empty_suffix": 0,
        "symbolic_valid": 107,
        "goal_satisfied": 107,
        "final_success": 107,
        "final_success_rate": 1.0,
        "sim_executable": 0,
        "sim_executable_rate": 0.0,
        "mean_suffix_actions": 2.336448598130841,
        "median_suffix_actions": 2.0,
        "max_suffix_actions": 3.0,
        "mean_search_ms": 0.5602773940451792,
        "vlm_calls": 0,
        "tokens": 0
      }
    }
  },
  "BFS_EXEC": {
    "mode": "BFS_EXEC",
    "points": 428,
    "search_success": 321,
    "empty_suffix": 107,
    "symbolic_valid": 428,
    "goal_satisfied": 321,
    "final_success": 321,
    "final_success_rate": 0.75,
    "sim_executable": 321,
    "sim_executable_rate": 0.75,
    "mean_suffix_actions": 1.0023364485981308,
    "median_suffix_actions": 1.0,
    "max_suffix_actions": 2.0,
    "mean_search_ms": 0.4450013843652244,
    "vlm_calls": 0,
    "tokens": 0,
    "by_task_family": {
      "pick_place": {
        "points": 144,
        "search_success": 108,
        "empty_suffix": 36,
        "symbolic_valid": 144,
        "goal_satisfied": 108,
        "final_success": 108,
        "final_success_rate": 0.75,
        "sim_executable": 108,
        "sim_executable_rate": 0.75,
        "mean_suffix_actions": 1.5,
        "median_suffix_actions": 2.0,
        "max_suffix_actions": 2.0,
        "mean_search_ms": 0.9447446920805507,
        "vlm_calls": 0,
        "tokens": 0
      },
      "press": {
        "points": 140,
        "search_success": 105,
        "empty_suffix": 35,
        "symbolic_valid": 140,
        "goal_satisfied": 105,
        "final_success": 105,
        "final_success_rate": 0.75,
        "sim_executable": 105,
        "sim_executable_rate": 0.75,
        "mean_suffix_actions": 0.75,
        "median_suffix_actions": 1.0,
        "max_suffix_actions": 1.0,
        "mean_search_ms": 0.04949261035237994,
        "vlm_calls": 0,
        "tokens": 0
      },
      "push": {
        "points": 144,
        "search_success": 108,
        "empty_suffix": 36,
        "symbolic_valid": 144,
        "goal_satisfied": 108,
        "final_success": 108,
        "final_success_rate": 0.75,
        "sim_executable": 108,
        "sim_executable_rate": 0.75,
        "mean_suffix_actions": 0.75,
        "median_suffix_actions": 1.0,
        "max_suffix_actions": 1.0,
        "mean_search_ms": 0.3297804958290524,
        "vlm_calls": 0,
        "tokens": 0
      }
    },
    "by_perturbation": {
      "grasp_failure": {
        "points": 107,
        "search_success": 107,
        "empty_suffix": 0,
        "symbolic_valid": 107,
        "goal_satisfied": 107,
        "final_success": 107,
        "final_success_rate": 1.0,
        "sim_executable": 107,
        "sim_executable_rate": 1.0,
        "mean_suffix_actions": 1.3364485981308412,
        "median_suffix_actions": 1.0,
        "max_suffix_actions": 2.0,
        "mean_search_ms": 0.13178670517752103,
        "vlm_calls": 0,
        "tokens": 0
      },
      "nominal_state": {
        "points": 107,
        "search_success": 107,
        "empty_suffix": 0,
        "symbolic_valid": 107,
        "goal_satisfied": 107,
        "final_success": 107,
        "final_success_rate": 1.0,
        "sim_executable": 107,
        "sim_executable_rate": 1.0,
        "mean_suffix_actions": 1.3364485981308412,
        "median_suffix_actions": 1.0,
        "max_suffix_actions": 2.0,
        "mean_search_ms": 0.09911535220725515,
        "vlm_calls": 0,
        "tokens": 0
      },
      "object_displacement": {
        "points": 107,
        "search_success": 107,
        "empty_suffix": 0,
        "symbolic_valid": 107,
        "goal_satisfied": 107,
        "final_success": 107,
        "final_success_rate": 1.0,
        "sim_executable": 107,
        "sim_executable_rate": 1.0,
        "mean_suffix_actions": 1.3364485981308412,
        "median_suffix_actions": 1.0,
        "max_suffix_actions": 2.0,
        "mean_search_ms": 0.13331010519901168,
        "vlm_calls": 0,
        "tokens": 0
      },
      "wrong_held_object": {
        "points": 107,
        "search_success": 0,
        "empty_suffix": 107,
        "symbolic_valid": 107,
        "goal_satisfied": 0,
        "final_success": 0,
        "final_success_rate": 0.0,
        "sim_executable": 0,
        "sim_executable_rate": 0.0,
        "mean_suffix_actions": 0.0,
        "median_suffix_actions": 0.0,
        "max_suffix_actions": 0.0,
        "mean_search_ms": 1.4157933748771097,
        "vlm_calls": 0,
        "tokens": 0
      }
    }
  }
}
{"output_dir": "data/reports/symbolic_planner_formal428_20260926_043735"}
