{
  "BFS_SHORT": {
    "mode": "BFS_SHORT",
    "points": 428,
    "search_success": 428,
    "no_plan_within_cap": 0,
    "empty_suffix_goal_holds": 107,
    "symbolic_valid": 321,
    "goal_satisfied": 321,
    "final_success": 321,
    "final_success_rate": 0.75,
    "sim_executable": 321,
    "sim_executable_rate": 0.75,
    "sim_attempted": 0,
    "sim_success": 0,
    "mean_suffix_actions": 1.0023364485981308,
    "median_suffix_actions": 1.0,
    "max_suffix_actions": 2.0,
    "mean_search_ms": 0.16274294493911423,
    "vlm_calls": 0,
    "tokens": 0,
    "by_task_family": {
      "pick_place": {
        "points": 144,
        "search_success": 144,
        "no_plan_within_cap": 0,
        "empty_suffix_goal_holds": 36,
        "symbolic_valid": 108,
        "goal_satisfied": 108,
        "final_success": 108,
        "final_success_rate": 0.75,
        "sim_executable": 108,
        "sim_executable_rate": 0.75,
        "sim_attempted": 0,
        "sim_success": 0,
        "mean_suffix_actions": 1.5,
        "median_suffix_actions": 2.0,
        "max_suffix_actions": 2.0,
        "mean_search_ms": 0.29423243055740994,
        "vlm_calls": 0,
        "tokens": 0
      },
      "press": {
        "points": 140,
        "search_success": 140,
        "no_plan_within_cap": 0,
        "empty_suffix_goal_holds": 35,
        "symbolic_valid": 105,
        "goal_satisfied": 105,
        "final_success": 105,
        "final_success_rate": 0.75,
        "sim_executable": 105,
        "sim_executable_rate": 0.75,
        "sim_attempted": 0,
        "sim_success": 0,
        "mean_suffix_actions": 0.75,
        "median_suffix_actions": 1.0,
        "max_suffix_actions": 1.0,
        "mean_search_ms": 0.05116728799683707,
        "vlm_calls": 0,
        "tokens": 0
      },
      "push": {
        "points": 144,
        "search_success": 144,
        "no_plan_within_cap": 0,
        "empty_suffix_goal_holds": 36,
        "symbolic_valid": 108,
        "goal_satisfied": 108,
        "final_success": 108,
        "final_success_rate": 0.75,
        "sim_executable": 108,
        "sim_executable_rate": 0.75,
        "sim_attempted": 0,
        "sim_success": 0,
        "mean_suffix_actions": 0.75,
        "median_suffix_actions": 1.0,
        "max_suffix_actions": 1.0,
        "mean_search_ms": 0.13972979245914352,
        "vlm_calls": 0,
        "tokens": 0
      }
    },
    "by_perturbation": {
      "grasp_failure": {
        "points": 107,
        "search_success": 107,
        "no_plan_within_cap": 0,
        "empty_suffix_goal_holds": 0,
        "symbolic_valid": 107,
        "goal_satisfied": 107,
        "final_success": 107,
        "final_success_rate": 1.0,
        "sim_executable": 107,
        "sim_executable_rate": 1.0,
        "sim_attempted": 0,
        "sim_success": 0,
        "mean_suffix_actions": 1.3364485981308412,
        "median_suffix_actions": 1.0,
        "max_suffix_actions": 2.0,
        "mean_search_ms": 0.14505319506208472,
        "vlm_calls": 0,
        "tokens": 0
      },
      "nominal_state": {
        "points": 107,
        "search_success": 107,
        "no_plan_within_cap": 0,
        "empty_suffix_goal_holds": 107,
        "symbolic_valid": 107,
        "goal_satisfied": 107,
        "final_success": 107,
        "final_success_rate": 1.0,
        "sim_executable": 0,
        "sim_executable_rate": 0.0,
        "sim_attempted": 0,
        "sim_success": 0,
        "mean_suffix_actions": 0.0,
        "median_suffix_actions": 0.0,
        "max_suffix_actions": 0.0,
        "mean_search_ms": 0.008031656251889523,
        "vlm_calls": 0,
        "tokens": 0
      },
      "object_displacement": {
        "points": 107,
        "search_success": 107,
        "no_plan_within_cap": 0,
        "empty_suffix_goal_holds": 0,
        "symbolic_valid": 107,
        "goal_satisfied": 107,
        "final_success": 107,
        "final_success_rate": 1.0,
        "sim_executable": 107,
        "sim_executable_rate": 1.0,
        "sim_attempted": 0,
        "sim_success": 0,
        "mean_suffix_actions": 1.3364485981308412,
        "median_suffix_actions": 1.0,
        "max_suffix_actions": 2.0,
        "mean_search_ms": 0.1399366655082346,
        "vlm_calls": 0,
        "tokens": 0
      },
      "wrong_held_object": {
        "points": 107,
        "search_success": 107,
        "no_plan_within_cap": 0,
        "empty_suffix_goal_holds": 0,
        "symbolic_valid": 0,
        "goal_satisfied": 0,
        "final_success": 0,
        "final_success_rate": 0.0,
        "sim_executable": 107,
        "sim_executable_rate": 1.0,
        "sim_attempted": 0,
        "sim_success": 0,
        "mean_suffix_actions": 1.3364485981308412,
        "median_suffix_actions": 1.0,
        "max_suffix_actions": 2.0,
        "mean_search_ms": 0.35795026293424803,
        "vlm_calls": 0,
        "tokens": 0
      }
    }
  },
  "BFS_VALID": {
    "mode": "BFS_VALID",
    "points": 428,
    "search_success": 428,
    "no_plan_within_cap": 0,
    "empty_suffix_goal_holds": 107,
    "symbolic_valid": 428,
    "goal_satisfied": 428,
    "final_success": 428,
    "final_success_rate": 1.0,
    "sim_executable": 214,
    "sim_executable_rate": 0.5,
    "sim_attempted": 0,
    "sim_success": 0,
    "mean_suffix_actions": 1.2523364485981308,
    "median_suffix_actions": 1.0,
    "max_suffix_actions": 3.0,
    "mean_search_ms": 0.21294822968612206,
    "vlm_calls": 0,
    "tokens": 0,
    "by_task_family": {
      "pick_place": {
        "points": 144,
        "search_success": 144,
        "no_plan_within_cap": 0,
        "empty_suffix_goal_holds": 36,
        "symbolic_valid": 144,
        "goal_satisfied": 144,
        "final_success": 144,
        "final_success_rate": 1.0,
        "sim_executable": 72,
        "sim_executable_rate": 0.5,
        "sim_attempted": 0,
        "sim_success": 0,
        "mean_suffix_actions": 1.75,
        "median_suffix_actions": 2.0,
        "max_suffix_actions": 3.0,
        "mean_search_ms": 0.35308699847923386,
        "vlm_calls": 0,
        "tokens": 0
      },
      "press": {
        "points": 140,
        "search_success": 140,
        "no_plan_within_cap": 0,
        "empty_suffix_goal_holds": 35,
        "symbolic_valid": 140,
        "goal_satisfied": 140,
        "final_success": 140,
        "final_success_rate": 1.0,
        "sim_executable": 70,
        "sim_executable_rate": 0.5,
        "sim_attempted": 0,
        "sim_success": 0,
        "mean_suffix_actions": 1.0,
        "median_suffix_actions": 1.0,
        "max_suffix_actions": 2.0,
        "mean_search_ms": 0.06168298423290253,
        "vlm_calls": 0,
        "tokens": 0
      },
      "push": {
        "points": 144,
        "search_success": 144,
        "no_plan_within_cap": 0,
        "empty_suffix_goal_holds": 36,
        "symbolic_valid": 144,
        "goal_satisfied": 144,
        "final_success": 144,
        "final_success_rate": 1.0,
        "sim_executable": 72,
        "sim_executable_rate": 0.5,
        "sim_attempted": 0,
        "sim_success": 0,
        "mean_suffix_actions": 1.0,
        "median_suffix_actions": 1.0,
        "max_suffix_actions": 2.0,
        "mean_search_ms": 0.2198728939725293,
        "vlm_calls": 0,
        "tokens": 0
      }
    },
    "by_perturbation": {
      "grasp_failure": {
        "points": 107,
        "search_success": 107,
        "no_plan_within_cap": 0,
        "empty_suffix_goal_holds": 0,
        "symbolic_valid": 107,
        "goal_satisfied": 107,
        "final_success": 107,
        "final_success_rate": 1.0,
        "sim_executable": 107,
        "sim_executable_rate": 1.0,
        "sim_attempted": 0,
        "sim_success": 0,
        "mean_suffix_actions": 1.3364485981308412,
        "median_suffix_actions": 1.0,
        "max_suffix_actions": 2.0,
        "mean_search_ms": 0.13699396469882716,
        "vlm_calls": 0,
        "tokens": 0
      },
      "nominal_state": {
        "points": 107,
        "search_success": 107,
        "no_plan_within_cap": 0,
        "empty_suffix_goal_holds": 107,
        "symbolic_valid": 107,
        "goal_satisfied": 107,
        "final_success": 107,
        "final_success_rate": 1.0,
        "sim_executable": 0,
        "sim_executable_rate": 0.0,
        "sim_attempted": 0,
        "sim_success": 0,
        "mean_suffix_actions": 0.0,
        "median_suffix_actions": 0.0,
        "max_suffix_actions": 0.0,
        "mean_search_ms": 0.006111147247742269,
        "vlm_calls": 0,
        "tokens": 0
      },
      "object_displacement": {
        "points": 107,
        "search_success": 107,
        "no_plan_within_cap": 0,
        "empty_suffix_goal_holds": 0,
        "symbolic_valid": 107,
        "goal_satisfied": 107,
        "final_success": 107,
        "final_success_rate": 1.0,
        "sim_executable": 107,
        "sim_executable_rate": 1.0,
        "sim_attempted": 0,
        "sim_success": 0,
        "mean_suffix_actions": 1.3364485981308412,
        "median_suffix_actions": 1.0,
        "max_suffix_actions": 2.0,
        "mean_search_ms": 0.13378346077749662,
        "vlm_calls": 0,
        "tokens": 0
      },
      "wrong_held_object": {
        "points": 107,
        "search_success": 107,
        "no_plan_within_cap": 0,
        "empty_suffix_goal_holds": 0,
        "symbolic_valid": 107,
        "goal_satisfied": 107,
        "final_success": 107,
        "final_success_rate": 1.0,
        "sim_executable": 0,
        "sim_executable_rate": 0.0,
        "sim_attempted": 0,
        "sim_success": 0,
        "mean_suffix_actions": 2.336448598130841,
        "median_suffix_actions": 2.0,
        "max_suffix_actions": 3.0,
        "mean_search_ms": 0.5749043460204223,
        "vlm_calls": 0,
        "tokens": 0
      }
    }
  },
  "BFS_EXEC": {
    "mode": "BFS_EXEC",
    "points": 428,
    "search_success": 321,
    "no_plan_within_cap": 107,
    "empty_suffix_goal_holds": 0,
    "symbolic_valid": 428,
    "goal_satisfied": 321,
    "final_success": 321,
    "final_success_rate": 0.75,
    "sim_executable": 321,
    "sim_executable_rate": 0.75,
    "sim_attempted": 0,
    "sim_success": 0,
    "mean_suffix_actions": 1.0023364485981308,
    "median_suffix_actions": 1.0,
    "max_suffix_actions": 2.0,
    "mean_search_ms": 0.47282148674826757,
    "vlm_calls": 0,
    "tokens": 0,
    "by_task_family": {
      "pick_place": {
        "points": 144,
        "search_success": 108,
        "no_plan_within_cap": 36,
        "empty_suffix_goal_holds": 0,
        "symbolic_valid": 144,
        "goal_satisfied": 108,
        "final_success": 108,
        "final_success_rate": 0.75,
        "sim_executable": 108,
        "sim_executable_rate": 0.75,
        "sim_attempted": 0,
        "sim_success": 0,
        "mean_suffix_actions": 1.5,
        "median_suffix_actions": 2.0,
        "max_suffix_actions": 2.0,
        "mean_search_ms": 0.9834053926169872,
        "vlm_calls": 0,
        "tokens": 0
      },
      "press": {
        "points": 140,
        "search_success": 105,
        "no_plan_within_cap": 35,
        "empty_suffix_goal_holds": 0,
        "symbolic_valid": 140,
        "goal_satisfied": 105,
        "final_success": 105,
        "final_success_rate": 0.75,
        "sim_executable": 105,
        "sim_executable_rate": 0.75,
        "sim_attempted": 0,
        "sim_success": 0,
        "mean_suffix_actions": 0.75,
        "median_suffix_actions": 1.0,
        "max_suffix_actions": 1.0,
        "mean_search_ms": 0.05391995821680341,
        "vlm_calls": 0,
        "tokens": 0
      },
      "push": {
        "points": 144,
        "search_success": 108,
        "no_plan_within_cap": 36,
        "empty_suffix_goal_holds": 0,
        "symbolic_valid": 144,
        "goal_satisfied": 108,
        "final_success": 108,
        "final_success_rate": 0.75,
        "sim_executable": 108,
        "sim_executable_rate": 0.75,
        "sim_attempted": 0,
        "sim_success": 0,
        "mean_suffix_actions": 0.75,
        "median_suffix_actions": 1.0,
        "max_suffix_actions": 1.0,
        "mean_search_ms": 0.3695029558406936,
        "vlm_calls": 0,
        "tokens": 0
      }
    },
    "by_perturbation": {
      "grasp_failure": {
        "points": 107,
        "search_success": 107,
        "no_plan_within_cap": 0,
        "empty_suffix_goal_holds": 0,
        "symbolic_valid": 107,
        "goal_satisfied": 107,
        "final_success": 107,
        "final_success_rate": 1.0,
        "sim_executable": 107,
        "sim_executable_rate": 1.0,
        "sim_attempted": 0,
        "sim_success": 0,
        "mean_suffix_actions": 1.3364485981308412,
        "median_suffix_actions": 1.0,
        "max_suffix_actions": 2.0,
        "mean_search_ms": 0.14171617053379523,
        "vlm_calls": 0,
        "tokens": 0
      },
      "nominal_state": {
        "points": 107,
        "search_success": 107,
        "no_plan_within_cap": 0,
        "empty_suffix_goal_holds": 0,
        "symbolic_valid": 107,
        "goal_satisfied": 107,
        "final_success": 107,
        "final_success_rate": 1.0,
        "sim_executable": 107,
        "sim_executable_rate": 1.0,
        "sim_attempted": 0,
        "sim_success": 0,
        "mean_suffix_actions": 1.3364485981308412,
        "median_suffix_actions": 1.0,
        "max_suffix_actions": 2.0,
        "mean_search_ms": 0.10688756113854524,
        "vlm_calls": 0,
        "tokens": 0
      },
      "object_displacement": {
        "points": 107,
        "search_success": 107,
        "no_plan_within_cap": 0,
        "empty_suffix_goal_holds": 0,
        "symbolic_valid": 107,
        "goal_satisfied": 107,
        "final_success": 107,
        "final_success_rate": 1.0,
        "sim_executable": 107,
        "sim_executable_rate": 1.0,
        "sim_attempted": 0,
        "sim_success": 0,
        "mean_suffix_actions": 1.3364485981308412,
        "median_suffix_actions": 1.0,
        "max_suffix_actions": 2.0,
        "mean_search_ms": 0.13986877470372994,
        "vlm_calls": 0,
        "tokens": 0
      },
      "wrong_held_object": {
        "points": 107,
        "search_success": 0,
        "no_plan_within_cap": 107,
        "empty_suffix_goal_holds": 0,
        "symbolic_valid": 107,
        "goal_satisfied": 0,
        "final_success": 0,
        "final_success_rate": 0.0,
        "sim_executable": 0,
        "sim_executable_rate": 0.0,
        "sim_attempted": 0,
        "sim_success": 0,
        "mean_suffix_actions": 0.0,
        "median_suffix_actions": 0.0,
        "max_suffix_actions": 0.0,
        "mean_search_ms": 1.5028134406169997,
        "vlm_calls": 0,
        "tokens": 0
      }
    }
  }
}
{"output_dir": "data/reports/symbolic_planner_formal428_20260926_043930"}
