{
  "BFS_SHORT": {
    "mode": "BFS_SHORT",
    "points": 100,
    "search_success": 100,
    "no_plan_within_cap": 0,
    "empty_suffix_goal_holds": 0,
    "symbolic_valid": 100,
    "goal_satisfied": 100,
    "final_success": 0,
    "final_success_rate": 0.0,
    "sim_executable": 100,
    "sim_executable_rate": 1.0,
    "sim_attempted": 0,
    "sim_success": 0,
    "mean_suffix_actions": 1.34,
    "median_suffix_actions": 1.0,
    "max_suffix_actions": 2.0,
    "mean_search_ms": 0.12261494994163513,
    "vlm_calls": 0,
    "tokens": 0,
    "by_task_family": {
      "pick_place": {
        "points": 34,
        "search_success": 34,
        "no_plan_within_cap": 0,
        "empty_suffix_goal_holds": 0,
        "symbolic_valid": 34,
        "goal_satisfied": 34,
        "final_success": 0,
        "final_success_rate": 0.0,
        "sim_executable": 34,
        "sim_executable_rate": 1.0,
        "sim_attempted": 0,
        "sim_success": 0,
        "mean_suffix_actions": 2.0,
        "median_suffix_actions": 2.0,
        "max_suffix_actions": 2.0,
        "mean_search_ms": 0.183060546131695,
        "vlm_calls": 0,
        "tokens": 0
      },
      "press": {
        "points": 33,
        "search_success": 33,
        "no_plan_within_cap": 0,
        "empty_suffix_goal_holds": 0,
        "symbolic_valid": 33,
        "goal_satisfied": 33,
        "final_success": 0,
        "final_success_rate": 0.0,
        "sim_executable": 33,
        "sim_executable_rate": 1.0,
        "sim_attempted": 0,
        "sim_success": 0,
        "mean_suffix_actions": 1.0,
        "median_suffix_actions": 1.0,
        "max_suffix_actions": 1.0,
        "mean_search_ms": 0.04120509732853283,
        "vlm_calls": 0,
        "tokens": 0
      },
      "push": {
        "points": 33,
        "search_success": 33,
        "no_plan_within_cap": 0,
        "empty_suffix_goal_holds": 0,
        "symbolic_valid": 33,
        "goal_satisfied": 33,
        "final_success": 0,
        "final_success_rate": 0.0,
        "sim_executable": 33,
        "sim_executable_rate": 1.0,
        "sim_attempted": 0,
        "sim_success": 0,
        "mean_suffix_actions": 1.0,
        "median_suffix_actions": 1.0,
        "max_suffix_actions": 1.0,
        "mean_search_ms": 0.14174752163164545,
        "vlm_calls": 0,
        "tokens": 0
      }
    },
    "by_perturbation": {}
  },
  "BFS_VALID": {
    "mode": "BFS_VALID",
    "points": 100,
    "search_success": 100,
    "no_plan_within_cap": 0,
    "empty_suffix_goal_holds": 0,
    "symbolic_valid": 100,
    "goal_satisfied": 100,
    "final_success": 0,
    "final_success_rate": 0.0,
    "sim_executable": 100,
    "sim_executable_rate": 1.0,
    "sim_attempted": 0,
    "sim_success": 0,
    "mean_suffix_actions": 1.34,
    "median_suffix_actions": 1.0,
    "max_suffix_actions": 2.0,
    "mean_search_ms": 0.1147230714559555,
    "vlm_calls": 0,
    "tokens": 0,
    "by_task_family": {
      "pick_place": {
        "points": 34,
        "search_success": 34,
        "no_plan_within_cap": 0,
        "empty_suffix_goal_holds": 0,
        "symbolic_valid": 34,
        "goal_satisfied": 34,
        "final_success": 0,
        "final_success_rate": 0.0,
        "sim_executable": 34,
        "sim_executable_rate": 1.0,
        "sim_attempted": 0,
        "sim_success": 0,
        "mean_suffix_actions": 2.0,
        "median_suffix_actions": 2.0,
        "max_suffix_actions": 2.0,
        "mean_search_ms": 0.17104232135941,
        "vlm_calls": 0,
        "tokens": 0
      },
      "press": {
        "points": 33,
        "search_success": 33,
        "no_plan_within_cap": 0,
        "empty_suffix_goal_holds": 0,
        "symbolic_valid": 33,
        "goal_satisfied": 33,
        "final_success": 0,
        "final_success_rate": 0.0,
        "sim_executable": 33,
        "sim_executable_rate": 1.0,
        "sim_attempted": 0,
        "sim_success": 0,
        "mean_suffix_actions": 1.0,
        "median_suffix_actions": 1.0,
        "max_suffix_actions": 1.0,
        "mean_search_ms": 0.03742878184174046,
        "vlm_calls": 0,
        "tokens": 0
      },
      "push": {
        "points": 33,
        "search_success": 33,
        "no_plan_within_cap": 0,
        "empty_suffix_goal_holds": 0,
        "symbolic_valid": 33,
        "goal_satisfied": 33,
        "final_success": 0,
        "final_success_rate": 0.0,
        "sim_executable": 33,
        "sim_executable_rate": 1.0,
        "sim_attempted": 0,
        "sim_success": 0,
        "mean_suffix_actions": 1.0,
        "median_suffix_actions": 1.0,
        "max_suffix_actions": 1.0,
        "mean_search_ms": 0.13399146723024774,
        "vlm_calls": 0,
        "tokens": 0
      }
    },
    "by_perturbation": {}
  },
  "BFS_EXEC": {
    "mode": "BFS_EXEC",
    "points": 100,
    "search_success": 100,
    "no_plan_within_cap": 0,
    "empty_suffix_goal_holds": 0,
    "symbolic_valid": 100,
    "goal_satisfied": 100,
    "final_success": 0,
    "final_success_rate": 0.0,
    "sim_executable": 100,
    "sim_executable_rate": 1.0,
    "sim_attempted": 0,
    "sim_success": 0,
    "mean_suffix_actions": 1.34,
    "median_suffix_actions": 1.0,
    "max_suffix_actions": 2.0,
    "mean_search_ms": 0.13456158339977264,
    "vlm_calls": 0,
    "tokens": 0,
    "by_task_family": {
      "pick_place": {
        "points": 34,
        "search_success": 34,
        "no_plan_within_cap": 0,
        "empty_suffix_goal_holds": 0,
        "symbolic_valid": 34,
        "goal_satisfied": 34,
        "final_success": 0,
        "final_success_rate": 0.0,
        "sim_executable": 34,
        "sim_executable_rate": 1.0,
        "sim_attempted": 0,
        "sim_success": 0,
        "mean_suffix_actions": 2.0,
        "median_suffix_actions": 2.0,
        "max_suffix_actions": 2.0,
        "mean_search_ms": 0.23819024071973913,
        "vlm_calls": 0,
        "tokens": 0
      },
      "press": {
        "points": 33,
        "search_success": 33,
        "no_plan_within_cap": 0,
        "empty_suffix_goal_holds": 0,
        "symbolic_valid": 33,
        "goal_satisfied": 33,
        "final_success": 0,
        "final_success_rate": 0.0,
        "sim_executable": 33,
        "sim_executable_rate": 1.0,
        "sim_attempted": 0,
        "sim_success": 0,
        "mean_suffix_actions": 1.0,
        "median_suffix_actions": 1.0,
        "max_suffix_actions": 1.0,
        "mean_search_ms": 0.03407285972075029,
        "vlm_calls": 0,
        "tokens": 0
      },
      "push": {
        "points": 33,
        "search_success": 33,
        "no_plan_within_cap": 0,
        "empty_suffix_goal_holds": 0,
        "symbolic_valid": 33,
        "goal_satisfied": 33,
        "final_success": 0,
        "final_success_rate": 0.0,
        "sim_executable": 33,
        "sim_executable_rate": 1.0,
        "sim_attempted": 0,
        "sim_success": 0,
        "mean_suffix_actions": 1.0,
        "median_suffix_actions": 1.0,
        "max_suffix_actions": 1.0,
        "mean_search_ms": 0.12828138741579923,
        "vlm_calls": 0,
        "tokens": 0
      }
    },
    "by_perturbation": {}
  }
}
{"output_dir": "data/reports/symbolic_planner_fair100_nosim_20260926_044001"}
