{
  "BFS_SHORT": {
    "mode": "BFS_SHORT",
    "points": 428,
    "search_success": 428,
    "no_plan_within_cap": 0,
    "empty_suffix_goal_holds": 107,
    "symbolic_valid": 321,
    "goal_satisfied": 321,
    "final_success": 321,
    "final_success_rate": 0.75,
    "sim_executable": 321,
    "sim_executable_rate": 0.75,
    "sim_attempted": 0,
    "sim_success": 0,
    "mean_suffix_actions": 1.0023364485981308,
    "median_suffix_actions": 1.0,
    "max_suffix_actions": 2.0,
    "mean_search_ms": 0.13699728960745802,
    "vlm_calls": 0,
    "tokens": 0,
    "by_task_family": {
      "pick_place": {
        "points": 144,
        "search_success": 144,
        "no_plan_within_cap": 0,
        "empty_suffix_goal_holds": 36,
        "symbolic_valid": 108,
        "goal_satisfied": 108,
        "final_success": 108,
        "final_success_rate": 0.75,
        "sim_executable": 108,
        "sim_executable_rate": 0.75,
        "sim_attempted": 0,
        "sim_success": 0,
        "mean_suffix_actions": 1.5,
        "median_suffix_actions": 2.0,
        "max_suffix_actions": 2.0,
        "mean_search_ms": 0.2500976228879558,
        "vlm_calls": 0,
        "tokens": 0
      },
      "press": {
        "points": 140,
        "search_success": 140,
        "no_plan_within_cap": 0,
        "empty_suffix_goal_holds": 35,
        "symbolic_valid": 105,
        "goal_satisfied": 105,
        "final_success": 105,
        "final_success_rate": 0.75,
        "sim_executable": 105,
        "sim_executable_rate": 0.75,
        "sim_attempted": 0,
        "sim_success": 0,
        "mean_suffix_actions": 0.75,
        "median_suffix_actions": 1.0,
        "max_suffix_actions": 1.0,
        "mean_search_ms": 0.04454675529684339,
        "vlm_calls": 0,
        "tokens": 0
      },
      "push": {
        "points": 144,
        "search_success": 144,
        "no_plan_within_cap": 0,
        "empty_suffix_goal_holds": 36,
        "symbolic_valid": 108,
        "goal_satisfied": 108,
        "final_success": 108,
        "final_success_rate": 0.75,
        "sim_executable": 108,
        "sim_executable_rate": 0.75,
        "sim_attempted": 0,
        "sim_success": 0,
        "mean_suffix_actions": 0.75,
        "median_suffix_actions": 1.0,
        "max_suffix_actions": 1.0,
        "mean_search_ms": 0.11377942024005784,
        "vlm_calls": 0,
        "tokens": 0
      }
    },
    "by_perturbation": {
      "grasp_failure": {
        "points": 107,
        "search_success": 107,
        "no_plan_within_cap": 0,
        "empty_suffix_goal_holds": 0,
        "symbolic_valid": 107,
        "goal_satisfied": 107,
        "final_success": 107,
        "final_success_rate": 1.0,
        "sim_executable": 107,
        "sim_executable_rate": 1.0,
        "sim_attempted": 0,
        "sim_success": 0,
        "mean_suffix_actions": 1.3364485981308412,
        "median_suffix_actions": 1.0,
        "max_suffix_actions": 2.0,
        "mean_search_ms": 0.11772634548561595,
        "vlm_calls": 0,
        "tokens": 0
      },
      "nominal_state": {
        "points": 107,
        "search_success": 107,
        "no_plan_within_cap": 0,
        "empty_suffix_goal_holds": 107,
        "symbolic_valid": 107,
        "goal_satisfied": 107,
        "final_success": 107,
        "final_success_rate": 1.0,
        "sim_executable": 0,
        "sim_executable_rate": 0.0,
        "sim_attempted": 0,
        "sim_success": 0,
        "mean_suffix_actions": 0.0,
        "median_suffix_actions": 0.0,
        "max_suffix_actions": 0.0,
        "mean_search_ms": 0.006448442690840391,
        "vlm_calls": 0,
        "tokens": 0
      },
      "object_displacement": {
        "points": 107,
        "search_success": 107,
        "no_plan_within_cap": 0,
        "empty_suffix_goal_holds": 0,
        "symbolic_valid": 107,
        "goal_satisfied": 107,
        "final_success": 107,
        "final_success_rate": 1.0,
        "sim_executable": 107,
        "sim_executable_rate": 1.0,
        "sim_attempted": 0,
        "sim_success": 0,
        "mean_suffix_actions": 1.3364485981308412,
        "median_suffix_actions": 1.0,
        "max_suffix_actions": 2.0,
        "mean_search_ms": 0.11598374520506814,
        "vlm_calls": 0,
        "tokens": 0
      },
      "wrong_held_object": {
        "points": 107,
        "search_success": 107,
        "no_plan_within_cap": 0,
        "empty_suffix_goal_holds": 0,
        "symbolic_valid": 0,
        "goal_satisfied": 0,
        "final_success": 0,
        "final_success_rate": 0.0,
        "sim_executable": 107,
        "sim_executable_rate": 1.0,
        "sim_attempted": 0,
        "sim_success": 0,
        "mean_suffix_actions": 1.3364485981308412,
        "median_suffix_actions": 1.0,
        "max_suffix_actions": 2.0,
        "mean_search_ms": 0.3078306250483076,
        "vlm_calls": 0,
        "tokens": 0
      }
    }
  },
  "BFS_VALID": {
    "mode": "BFS_VALID",
    "points": 428,
    "search_success": 428,
    "no_plan_within_cap": 0,
    "empty_suffix_goal_holds": 107,
    "symbolic_valid": 428,
    "goal_satisfied": 428,
    "final_success": 428,
    "final_success_rate": 1.0,
    "sim_executable": 214,
    "sim_executable_rate": 0.5,
    "sim_attempted": 0,
    "sim_success": 0,
    "mean_suffix_actions": 1.2523364485981308,
    "median_suffix_actions": 1.0,
    "max_suffix_actions": 3.0,
    "mean_search_ms": 0.17773823064064312,
    "vlm_calls": 0,
    "tokens": 0,
    "by_task_family": {
      "pick_place": {
        "points": 144,
        "search_success": 144,
        "no_plan_within_cap": 0,
        "empty_suffix_goal_holds": 36,
        "symbolic_valid": 144,
        "goal_satisfied": 144,
        "final_success": 144,
        "final_success_rate": 1.0,
        "sim_executable": 72,
        "sim_executable_rate": 0.5,
        "sim_attempted": 0,
        "sim_success": 0,
        "mean_suffix_actions": 1.75,
        "median_suffix_actions": 2.0,
        "max_suffix_actions": 3.0,
        "mean_search_ms": 0.2978905621502135,
        "vlm_calls": 0,
        "tokens": 0
      },
      "press": {
        "points": 140,
        "search_success": 140,
        "no_plan_within_cap": 0,
        "empty_suffix_goal_holds": 35,
        "symbolic_valid": 140,
        "goal_satisfied": 140,
        "final_success": 140,
        "final_success_rate": 1.0,
        "sim_executable": 70,
        "sim_executable_rate": 0.5,
        "sim_attempted": 0,
        "sim_success": 0,
        "mean_suffix_actions": 1.0,
        "median_suffix_actions": 1.0,
        "max_suffix_actions": 2.0,
        "mean_search_ms": 0.052948828254427226,
        "vlm_calls": 0,
        "tokens": 0
      },
      "push": {
        "points": 144,
        "search_success": 144,
        "no_plan_within_cap": 0,
        "empty_suffix_goal_holds": 36,
        "symbolic_valid": 144,
        "goal_satisfied": 144,
        "final_success": 144,
        "final_success_rate": 1.0,
        "sim_executable": 72,
        "sim_executable_rate": 0.5,
        "sim_attempted": 0,
        "sim_success": 0,
        "mean_suffix_actions": 1.0,
        "median_suffix_actions": 1.0,
        "max_suffix_actions": 2.0,
        "mean_search_ms": 0.17890892922878265,
        "vlm_calls": 0,
        "tokens": 0
      }
    },
    "by_perturbation": {
      "grasp_failure": {
        "points": 107,
        "search_success": 107,
        "no_plan_within_cap": 0,
        "empty_suffix_goal_holds": 0,
        "symbolic_valid": 107,
        "goal_satisfied": 107,
        "final_success": 107,
        "final_success_rate": 1.0,
        "sim_executable": 107,
        "sim_executable_rate": 1.0,
        "sim_attempted": 0,
        "sim_success": 0,
        "mean_suffix_actions": 1.3364485981308412,
        "median_suffix_actions": 1.0,
        "max_suffix_actions": 2.0,
        "mean_search_ms": 0.10959379305349332,
        "vlm_calls": 0,
        "tokens": 0
      },
      "nominal_state": {
        "points": 107,
        "search_success": 107,
        "no_plan_within_cap": 0,
        "empty_suffix_goal_holds": 107,
        "symbolic_valid": 107,
        "goal_satisfied": 107,
        "final_success": 107,
        "final_success_rate": 1.0,
        "sim_executable": 0,
        "sim_executable_rate": 0.0,
        "sim_attempted": 0,
        "sim_success": 0,
        "mean_suffix_actions": 0.0,
        "median_suffix_actions": 0.0,
        "max_suffix_actions": 0.0,
        "mean_search_ms": 0.004826722858108093,
        "vlm_calls": 0,
        "tokens": 0
      },
      "object_displacement": {
        "points": 107,
        "search_success": 107,
        "no_plan_within_cap": 0,
        "empty_suffix_goal_holds": 0,
        "symbolic_valid": 107,
        "goal_satisfied": 107,
        "final_success": 107,
        "final_success_rate": 1.0,
        "sim_executable": 107,
        "sim_executable_rate": 1.0,
        "sim_attempted": 0,
        "sim_success": 0,
        "mean_suffix_actions": 1.3364485981308412,
        "median_suffix_actions": 1.0,
        "max_suffix_actions": 2.0,
        "mean_search_ms": 0.11055074005483467,
        "vlm_calls": 0,
        "tokens": 0
      },
      "wrong_held_object": {
        "points": 107,
        "search_success": 107,
        "no_plan_within_cap": 0,
        "empty_suffix_goal_holds": 0,
        "symbolic_valid": 107,
        "goal_satisfied": 107,
        "final_success": 107,
        "final_success_rate": 1.0,
        "sim_executable": 0,
        "sim_executable_rate": 0.0,
        "sim_attempted": 0,
        "sim_success": 0,
        "mean_suffix_actions": 2.336448598130841,
        "median_suffix_actions": 2.0,
        "max_suffix_actions": 3.0,
        "mean_search_ms": 0.48598166659613634,
        "vlm_calls": 0,
        "tokens": 0
      }
    }
  },
  "BFS_EXEC": {
    "mode": "BFS_EXEC",
    "points": 428,
    "search_success": 321,
    "no_plan_within_cap": 107,
    "empty_suffix_goal_holds": 0,
    "symbolic_valid": 428,
    "goal_satisfied": 321,
    "final_success": 321,
    "final_success_rate": 0.75,
    "sim_executable": 321,
    "sim_executable_rate": 0.75,
    "sim_attempted": 0,
    "sim_success": 0,
    "mean_suffix_actions": 1.0023364485981308,
    "median_suffix_actions": 1.0,
    "max_suffix_actions": 2.0,
    "mean_search_ms": 0.3892505001798968,
    "vlm_calls": 0,
    "tokens": 0,
    "by_task_family": {
      "pick_place": {
        "points": 144,
        "search_success": 108,
        "no_plan_within_cap": 36,
        "empty_suffix_goal_holds": 0,
        "symbolic_valid": 144,
        "goal_satisfied": 108,
        "final_success": 108,
        "final_success_rate": 0.75,
        "sim_executable": 108,
        "sim_executable_rate": 0.75,
        "sim_attempted": 0,
        "sim_success": 0,
        "mean_suffix_actions": 1.5,
        "median_suffix_actions": 2.0,
        "max_suffix_actions": 2.0,
        "mean_search_ms": 0.8137419095469846,
        "vlm_calls": 0,
        "tokens": 0
      },
      "press": {
        "points": 140,
        "search_success": 105,
        "no_plan_within_cap": 35,
        "empty_suffix_goal_holds": 0,
        "symbolic_valid": 140,
        "goal_satisfied": 105,
        "final_success": 105,
        "final_success_rate": 0.75,
        "sim_executable": 105,
        "sim_executable_rate": 0.75,
        "sim_attempted": 0,
        "sim_success": 0,
        "mean_suffix_actions": 0.75,
        "median_suffix_actions": 1.0,
        "max_suffix_actions": 1.0,
        "mean_search_ms": 0.04704041140420096,
        "vlm_calls": 0,
        "tokens": 0
      },
      "push": {
        "points": 144,
        "search_success": 108,
        "no_plan_within_cap": 36,
        "empty_suffix_goal_holds": 0,
        "symbolic_valid": 144,
        "goal_satisfied": 108,
        "final_success": 108,
        "final_success_rate": 0.75,
        "sim_executable": 108,
        "sim_executable_rate": 0.75,
        "sim_attempted": 0,
        "sim_success": 0,
        "mean_suffix_actions": 0.75,
        "median_suffix_actions": 1.0,
        "max_suffix_actions": 1.0,
        "mean_search_ms": 0.2974633437891801,
        "vlm_calls": 0,
        "tokens": 0
      }
    },
    "by_perturbation": {
      "grasp_failure": {
        "points": 107,
        "search_success": 107,
        "no_plan_within_cap": 0,
        "empty_suffix_goal_holds": 0,
        "symbolic_valid": 107,
        "goal_satisfied": 107,
        "final_success": 107,
        "final_success_rate": 1.0,
        "sim_executable": 107,
        "sim_executable_rate": 1.0,
        "sim_attempted": 0,
        "sim_success": 0,
        "mean_suffix_actions": 1.3364485981308412,
        "median_suffix_actions": 1.0,
        "max_suffix_actions": 2.0,
        "mean_search_ms": 0.1182427333894177,
        "vlm_calls": 0,
        "tokens": 0
      },
      "nominal_state": {
        "points": 107,
        "search_success": 107,
        "no_plan_within_cap": 0,
        "empty_suffix_goal_holds": 0,
        "symbolic_valid": 107,
        "goal_satisfied": 107,
        "final_success": 107,
        "final_success_rate": 1.0,
        "sim_executable": 107,
        "sim_executable_rate": 1.0,
        "sim_attempted": 0,
        "sim_success": 0,
        "mean_suffix_actions": 1.3364485981308412,
        "median_suffix_actions": 1.0,
        "max_suffix_actions": 2.0,
        "mean_search_ms": 0.08978541487845305,
        "vlm_calls": 0,
        "tokens": 0
      },
      "object_displacement": {
        "points": 107,
        "search_success": 107,
        "no_plan_within_cap": 0,
        "empty_suffix_goal_holds": 0,
        "symbolic_valid": 107,
        "goal_satisfied": 107,
        "final_success": 107,
        "final_success_rate": 1.0,
        "sim_executable": 107,
        "sim_executable_rate": 1.0,
        "sim_attempted": 0,
        "sim_success": 0,
        "mean_suffix_actions": 1.3364485981308412,
        "median_suffix_actions": 1.0,
        "max_suffix_actions": 2.0,
        "mean_search_ms": 0.11811154746563635,
        "vlm_calls": 0,
        "tokens": 0
      },
      "wrong_held_object": {
        "points": 107,
        "search_success": 0,
        "no_plan_within_cap": 107,
        "empty_suffix_goal_holds": 0,
        "symbolic_valid": 107,
        "goal_satisfied": 0,
        "final_success": 0,
        "final_success_rate": 0.0,
        "sim_executable": 0,
        "sim_executable_rate": 0.0,
        "sim_attempted": 0,
        "sim_success": 0,
        "mean_suffix_actions": 0.0,
        "median_suffix_actions": 0.0,
        "max_suffix_actions": 0.0,
        "mean_search_ms": 1.2308623049860803,
        "vlm_calls": 0,
        "tokens": 0
      }
    }
  }
}
{"output_dir": "data/reports/symbolic_planner_formal428_20260926_044000"}
