{
  "BFS_SHORT": {
    "mode": "BFS_SHORT",
    "points": 428,
    "search_success": 428,
    "no_plan_within_cap": 0,
    "empty_suffix_goal_holds": 107,
    "symbolic_valid": 321,
    "goal_satisfied": 321,
    "final_success": 321,
    "final_success_rate": 0.75,
    "sim_executable": 321,
    "sim_executable_rate": 0.75,
    "sim_attempted": 0,
    "sim_success": 0,
    "mean_suffix_actions": 1.0023364485981308,
    "median_suffix_actions": 1.0,
    "max_suffix_actions": 2.0,
    "mean_search_ms": 0.12301516101182064,
    "vlm_calls": 0,
    "tokens": 0,
    "by_task_family": {
      "pick_place": {
        "points": 144,
        "search_success": 144,
        "no_plan_within_cap": 0,
        "empty_suffix_goal_holds": 36,
        "symbolic_valid": 108,
        "goal_satisfied": 108,
        "final_success": 108,
        "final_success_rate": 0.75,
        "sim_executable": 108,
        "sim_executable_rate": 0.75,
        "sim_attempted": 0,
        "sim_success": 0,
        "mean_suffix_actions": 1.5,
        "median_suffix_actions": 2.0,
        "max_suffix_actions": 2.0,
        "mean_search_ms": 0.21938798535201284,
        "vlm_calls": 0,
        "tokens": 0
      },
      "press": {
        "points": 140,
        "search_success": 140,
        "no_plan_within_cap": 0,
        "empty_suffix_goal_holds": 35,
        "symbolic_valid": 105,
        "goal_satisfied": 105,
        "final_success": 105,
        "final_success_rate": 0.75,
        "sim_executable": 105,
        "sim_executable_rate": 0.75,
        "sim_attempted": 0,
        "sim_success": 0,
        "mean_suffix_actions": 0.75,
        "median_suffix_actions": 1.0,
        "max_suffix_actions": 1.0,
        "mean_search_ms": 0.0449495656149728,
        "vlm_calls": 0,
        "tokens": 0
      },
      "push": {
        "points": 144,
        "search_success": 144,
        "no_plan_within_cap": 0,
        "empty_suffix_goal_holds": 36,
        "symbolic_valid": 108,
        "goal_satisfied": 108,
        "final_success": 108,
        "final_success_rate": 0.75,
        "sim_executable": 108,
        "sim_executable_rate": 0.75,
        "sim_attempted": 0,
        "sim_success": 0,
        "mean_suffix_actions": 0.75,
        "median_suffix_actions": 1.0,
        "max_suffix_actions": 1.0,
        "mean_search_ms": 0.10253944330745274,
        "vlm_calls": 0,
        "tokens": 0
      }
    },
    "by_perturbation": {
      "grasp_failure": {
        "points": 107,
        "search_success": 107,
        "no_plan_within_cap": 0,
        "empty_suffix_goal_holds": 0,
        "symbolic_valid": 107,
        "goal_satisfied": 107,
        "final_success": 107,
        "final_success_rate": 1.0,
        "sim_executable": 107,
        "sim_executable_rate": 1.0,
        "sim_attempted": 0,
        "sim_success": 0,
        "mean_suffix_actions": 1.3364485981308412,
        "median_suffix_actions": 1.0,
        "max_suffix_actions": 2.0,
        "mean_search_ms": 0.1137725939260465,
        "vlm_calls": 0,
        "tokens": 0
      },
      "nominal_state": {
        "points": 107,
        "search_success": 107,
        "no_plan_within_cap": 0,
        "empty_suffix_goal_holds": 107,
        "symbolic_valid": 107,
        "goal_satisfied": 107,
        "final_success": 107,
        "final_success_rate": 1.0,
        "sim_executable": 0,
        "sim_executable_rate": 0.0,
        "sim_attempted": 0,
        "sim_success": 0,
        "mean_suffix_actions": 0.0,
        "median_suffix_actions": 0.0,
        "max_suffix_actions": 0.0,
        "mean_search_ms": 0.006649120945796789,
        "vlm_calls": 0,
        "tokens": 0
      },
      "object_displacement": {
        "points": 107,
        "search_success": 107,
        "no_plan_within_cap": 0,
        "empty_suffix_goal_holds": 0,
        "symbolic_valid": 107,
        "goal_satisfied": 107,
        "final_success": 107,
        "final_success_rate": 1.0,
        "sim_executable": 107,
        "sim_executable_rate": 1.0,
        "sim_attempted": 0,
        "sim_success": 0,
        "mean_suffix_actions": 1.3364485981308412,
        "median_suffix_actions": 1.0,
        "max_suffix_actions": 2.0,
        "mean_search_ms": 0.11029171052380143,
        "vlm_calls": 0,
        "tokens": 0
      },
      "wrong_held_object": {
        "points": 107,
        "search_success": 107,
        "no_plan_within_cap": 0,
        "empty_suffix_goal_holds": 0,
        "symbolic_valid": 0,
        "goal_satisfied": 0,
        "final_success": 0,
        "final_success_rate": 0.0,
        "sim_executable": 107,
        "sim_executable_rate": 1.0,
        "sim_attempted": 0,
        "sim_success": 0,
        "mean_suffix_actions": 1.3364485981308412,
        "median_suffix_actions": 1.0,
        "max_suffix_actions": 2.0,
        "mean_search_ms": 0.26134721865163785,
        "vlm_calls": 0,
        "tokens": 0
      }
    }
  },
  "BFS_VALID": {
    "mode": "BFS_VALID",
    "points": 428,
    "search_success": 428,
    "no_plan_within_cap": 0,
    "empty_suffix_goal_holds": 107,
    "symbolic_valid": 428,
    "goal_satisfied": 428,
    "final_success": 428,
    "final_success_rate": 1.0,
    "sim_executable": 214,
    "sim_executable_rate": 0.5,
    "sim_attempted": 0,
    "sim_success": 0,
    "mean_suffix_actions": 1.2523364485981308,
    "median_suffix_actions": 1.0,
    "max_suffix_actions": 3.0,
    "mean_search_ms": 0.1613023020675249,
    "vlm_calls": 0,
    "tokens": 0,
    "by_task_family": {
      "pick_place": {
        "points": 144,
        "search_success": 144,
        "no_plan_within_cap": 0,
        "empty_suffix_goal_holds": 36,
        "symbolic_valid": 144,
        "goal_satisfied": 144,
        "final_success": 144,
        "final_success_rate": 1.0,
        "sim_executable": 72,
        "sim_executable_rate": 0.5,
        "sim_attempted": 0,
        "sim_success": 0,
        "mean_suffix_actions": 1.75,
        "median_suffix_actions": 2.0,
        "max_suffix_actions": 3.0,
        "mean_search_ms": 0.26426081442170674,
        "vlm_calls": 0,
        "tokens": 0
      },
      "press": {
        "points": 140,
        "search_success": 140,
        "no_plan_within_cap": 0,
        "empty_suffix_goal_holds": 35,
        "symbolic_valid": 140,
        "goal_satisfied": 140,
        "final_success": 140,
        "final_success_rate": 1.0,
        "sim_executable": 70,
        "sim_executable_rate": 0.5,
        "sim_attempted": 0,
        "sim_success": 0,
        "mean_suffix_actions": 1.0,
        "median_suffix_actions": 1.0,
        "max_suffix_actions": 2.0,
        "mean_search_ms": 0.05314163863658905,
        "vlm_calls": 0,
        "tokens": 0
      },
      "push": {
        "points": 144,
        "search_success": 144,
        "no_plan_within_cap": 0,
        "empty_suffix_goal_holds": 36,
        "symbolic_valid": 144,
        "goal_satisfied": 144,
        "final_success": 144,
        "final_success_rate": 1.0,
        "sim_executable": 72,
        "sim_executable_rate": 0.5,
        "sim_attempted": 0,
        "sim_success": 0,
        "mean_suffix_actions": 1.0,
        "median_suffix_actions": 1.0,
        "max_suffix_actions": 2.0,
        "mean_search_ms": 0.16349999027119744,
        "vlm_calls": 0,
        "tokens": 0
      }
    },
    "by_perturbation": {
      "grasp_failure": {
        "points": 107,
        "search_success": 107,
        "no_plan_within_cap": 0,
        "empty_suffix_goal_holds": 0,
        "symbolic_valid": 107,
        "goal_satisfied": 107,
        "final_success": 107,
        "final_success_rate": 1.0,
        "sim_executable": 107,
        "sim_executable_rate": 1.0,
        "sim_attempted": 0,
        "sim_success": 0,
        "mean_suffix_actions": 1.3364485981308412,
        "median_suffix_actions": 1.0,
        "max_suffix_actions": 2.0,
        "mean_search_ms": 0.10611332744081443,
        "vlm_calls": 0,
        "tokens": 0
      },
      "nominal_state": {
        "points": 107,
        "search_success": 107,
        "no_plan_within_cap": 0,
        "empty_suffix_goal_holds": 107,
        "symbolic_valid": 107,
        "goal_satisfied": 107,
        "final_success": 107,
        "final_success_rate": 1.0,
        "sim_executable": 0,
        "sim_executable_rate": 0.0,
        "sim_attempted": 0,
        "sim_success": 0,
        "mean_suffix_actions": 0.0,
        "median_suffix_actions": 0.0,
        "max_suffix_actions": 0.0,
        "mean_search_ms": 0.004954566465359982,
        "vlm_calls": 0,
        "tokens": 0
      },
      "object_displacement": {
        "points": 107,
        "search_success": 107,
        "no_plan_within_cap": 0,
        "empty_suffix_goal_holds": 0,
        "symbolic_valid": 107,
        "goal_satisfied": 107,
        "final_success": 107,
        "final_success_rate": 1.0,
        "sim_executable": 107,
        "sim_executable_rate": 1.0,
        "sim_attempted": 0,
        "sim_success": 0,
        "mean_suffix_actions": 1.3364485981308412,
        "median_suffix_actions": 1.0,
        "max_suffix_actions": 2.0,
        "mean_search_ms": 0.10525038309186419,
        "vlm_calls": 0,
        "tokens": 0
      },
      "wrong_held_object": {
        "points": 107,
        "search_success": 107,
        "no_plan_within_cap": 0,
        "empty_suffix_goal_holds": 0,
        "symbolic_valid": 107,
        "goal_satisfied": 107,
        "final_success": 107,
        "final_success_rate": 1.0,
        "sim_executable": 0,
        "sim_executable_rate": 0.0,
        "sim_attempted": 0,
        "sim_success": 0,
        "mean_suffix_actions": 2.336448598130841,
        "median_suffix_actions": 2.0,
        "max_suffix_actions": 3.0,
        "mean_search_ms": 0.42889093127206107,
        "vlm_calls": 0,
        "tokens": 0
      }
    }
  },
  "BFS_EXEC": {
    "mode": "BFS_EXEC",
    "points": 428,
    "search_success": 321,
    "no_plan_within_cap": 107,
    "empty_suffix_goal_holds": 0,
    "symbolic_valid": 428,
    "goal_satisfied": 321,
    "final_success": 321,
    "final_success_rate": 0.75,
    "sim_executable": 321,
    "sim_executable_rate": 0.75,
    "sim_attempted": 0,
    "sim_success": 0,
    "mean_suffix_actions": 1.0023364485981308,
    "median_suffix_actions": 1.0,
    "max_suffix_actions": 2.0,
    "mean_search_ms": 0.15450497027312485,
    "vlm_calls": 0,
    "tokens": 0,
    "by_task_family": {
      "pick_place": {
        "points": 144,
        "search_success": 108,
        "no_plan_within_cap": 36,
        "empty_suffix_goal_holds": 0,
        "symbolic_valid": 144,
        "goal_satisfied": 108,
        "final_success": 108,
        "final_success_rate": 0.75,
        "sim_executable": 108,
        "sim_executable_rate": 0.75,
        "sim_attempted": 0,
        "sim_success": 0,
        "mean_suffix_actions": 1.5,
        "median_suffix_actions": 2.0,
        "max_suffix_actions": 2.0,
        "mean_search_ms": 0.2296447960866822,
        "vlm_calls": 0,
        "tokens": 0
      },
      "press": {
        "points": 140,
        "search_success": 105,
        "no_plan_within_cap": 35,
        "empty_suffix_goal_holds": 0,
        "symbolic_valid": 140,
        "goal_satisfied": 105,
        "final_success": 105,
        "final_success_rate": 0.75,
        "sim_executable": 105,
        "sim_executable_rate": 0.75,
        "sim_attempted": 0,
        "sim_success": 0,
        "mean_suffix_actions": 0.75,
        "median_suffix_actions": 1.0,
        "max_suffix_actions": 1.0,
        "mean_search_ms": 0.03904588520526886,
        "vlm_calls": 0,
        "tokens": 0
      },
      "push": {
        "points": 144,
        "search_success": 108,
        "no_plan_within_cap": 36,
        "empty_suffix_goal_holds": 0,
        "symbolic_valid": 144,
        "goal_satisfied": 108,
        "final_success": 108,
        "final_success_rate": 0.75,
        "sim_executable": 108,
        "sim_executable_rate": 0.75,
        "sim_attempted": 0,
        "sim_success": 0,
        "mean_suffix_actions": 0.75,
        "median_suffix_actions": 1.0,
        "max_suffix_actions": 1.0,
        "mean_search_ms": 0.19161703271998298,
        "vlm_calls": 0,
        "tokens": 0
      }
    },
    "by_perturbation": {
      "grasp_failure": {
        "points": 107,
        "search_success": 107,
        "no_plan_within_cap": 0,
        "empty_suffix_goal_holds": 0,
        "symbolic_valid": 107,
        "goal_satisfied": 107,
        "final_success": 107,
        "final_success_rate": 1.0,
        "sim_executable": 107,
        "sim_executable_rate": 1.0,
        "sim_attempted": 0,
        "sim_success": 0,
        "mean_suffix_actions": 1.3364485981308412,
        "median_suffix_actions": 1.0,
        "max_suffix_actions": 2.0,
        "mean_search_ms": 0.11066403065886453,
        "vlm_calls": 0,
        "tokens": 0
      },
      "nominal_state": {
        "points": 107,
        "search_success": 107,
        "no_plan_within_cap": 0,
        "empty_suffix_goal_holds": 0,
        "symbolic_valid": 107,
        "goal_satisfied": 107,
        "final_success": 107,
        "final_success_rate": 1.0,
        "sim_executable": 107,
        "sim_executable_rate": 1.0,
        "sim_attempted": 0,
        "sim_success": 0,
        "mean_suffix_actions": 1.3364485981308412,
        "median_suffix_actions": 1.0,
        "max_suffix_actions": 2.0,
        "mean_search_ms": 0.0860978649041363,
        "vlm_calls": 0,
        "tokens": 0
      },
      "object_displacement": {
        "points": 107,
        "search_success": 107,
        "no_plan_within_cap": 0,
        "empty_suffix_goal_holds": 0,
        "symbolic_valid": 107,
        "goal_satisfied": 107,
        "final_success": 107,
        "final_success_rate": 1.0,
        "sim_executable": 107,
        "sim_executable_rate": 1.0,
        "sim_attempted": 0,
        "sim_success": 0,
        "mean_suffix_actions": 1.3364485981308412,
        "median_suffix_actions": 1.0,
        "max_suffix_actions": 2.0,
        "mean_search_ms": 0.11071653288101481,
        "vlm_calls": 0,
        "tokens": 0
      },
      "wrong_held_object": {
        "points": 107,
        "search_success": 0,
        "no_plan_within_cap": 107,
        "empty_suffix_goal_holds": 0,
        "symbolic_valid": 107,
        "goal_satisfied": 0,
        "final_success": 0,
        "final_success_rate": 0.0,
        "sim_executable": 0,
        "sim_executable_rate": 0.0,
        "sim_attempted": 0,
        "sim_success": 0,
        "mean_suffix_actions": 0.0,
        "median_suffix_actions": 0.0,
        "max_suffix_actions": 0.0,
        "mean_search_ms": 0.3105414526484837,
        "vlm_calls": 0,
        "tokens": 0
      }
    }
  }
}
{"output_dir": "data/reports/symbolic_planner_formal428_20260926_045106"}
