[semantics] case=cancel_1 start
{"case_id": "cancel_1", "family": "cancellation", "semantic_correct": false, "end_to_end_symbolic_success": false, "physical_execution": false, "oracle_semantics_symbolic_search": {"valid": true, "goal_satisfied": true, "forbidden_ok": true, "order_ok": true, "accepted": true, "physical_execution_authorized": false}, "error": "missing or unexpected semantic evidence fields", "error_type": "ValueError", "logged_calls": 1, "total_tokens": 967}
[semantics] case=cancel_2 start
{"case_id": "cancel_2", "family": "cancellation", "semantic_correct": false, "end_to_end_symbolic_success": false, "physical_execution": false, "oracle_semantics_symbolic_search": {"valid": true, "goal_satisfied": true, "forbidden_ok": true, "order_ok": true, "accepted": true, "physical_execution_authorized": false}, "error": "missing or unexpected semantic evidence fields", "error_type": "ValueError", "logged_calls": 1, "total_tokens": 964}
[semantics] case=switch_1 start
{"case_id": "switch_1", "family": "object_change", "semantic_correct": false, "end_to_end_symbolic_success": false, "physical_execution": false, "oracle_semantics_symbolic_search": {"valid": true, "goal_satisfied": true, "forbidden_ok": true, "order_ok": true, "accepted": true, "physical_execution_authorized": false}, "error": "1 validation error for GroundedSemantics\nstate_source\n  Extra inputs are not permitted [type=extra_forbidden, input_value='explicit_fixture_not_visual_state_estimation', input_type=str]\n    For further information visit https://errors.pydantic.dev/2.13/v/extra_forbidden", "error_type": "ValidationError", "logged_calls": 1, "total_tokens": 978}
[semantics] case=switch_2 start
{"case_id": "switch_2", "family": "object_change", "semantic_correct": false, "end_to_end_symbolic_success": false, "physical_execution": false, "oracle_semantics_symbolic_search": {"valid": true, "goal_satisfied": true, "forbidden_ok": true, "order_ok": true, "accepted": true, "physical_execution_authorized": false}, "error": "missing or unexpected semantic evidence fields", "error_type": "ValueError", "logged_calls": 1, "total_tokens": 1016}
[semantics] case=reference_1 start
{"case_id": "reference_1", "family": "held_reference", "semantic_correct": false, "end_to_end_symbolic_success": false, "physical_execution": false, "oracle_semantics_symbolic_search": {"valid": true, "goal_satisfied": true, "forbidden_ok": true, "order_ok": true, "accepted": true, "physical_execution_authorized": false}, "error": "missing or unexpected semantic evidence fields", "error_type": "ValueError", "logged_calls": 1, "total_tokens": 961}
[semantics] case=reference_2 start
{"case_id": "reference_2", "family": "held_reference", "semantic_correct": false, "end_to_end_symbolic_success": false, "physical_execution": false, "oracle_semantics_symbolic_search": {"valid": true, "goal_satisfied": true, "forbidden_ok": true, "order_ok": true, "accepted": true, "physical_execution_authorized": false}, "error": "missing or unexpected semantic evidence fields", "error_type": "ValueError", "logged_calls": 1, "total_tokens": 971}
[semantics] case=prohibition_1 start
{"case_id": "prohibition_1", "family": "prohibition", "semantic_correct": false, "end_to_end_symbolic_success": false, "physical_execution": false, "oracle_semantics_symbolic_search": {"valid": true, "goal_satisfied": true, "forbidden_ok": true, "order_ok": true, "accepted": true, "physical_execution_authorized": false}, "error": "missing or unexpected semantic evidence fields", "error_type": "ValueError", "logged_calls": 1, "total_tokens": 998}
[semantics] case=prohibition_2 start
{"case_id": "prohibition_2", "family": "prohibition", "semantic_correct": false, "end_to_end_symbolic_success": false, "physical_execution": false, "oracle_semantics_symbolic_search": {"valid": true, "goal_satisfied": true, "forbidden_ok": true, "order_ok": true, "accepted": true, "physical_execution_authorized": false}, "error": "missing or unexpected semantic evidence fields", "error_type": "ValueError", "logged_calls": 1, "total_tokens": 990}
[semantics] case=order_1 start
{"case_id": "order_1", "family": "ordering", "semantic_correct": false, "end_to_end_symbolic_success": false, "physical_execution": false, "oracle_semantics_symbolic_search": {"valid": true, "goal_satisfied": true, "forbidden_ok": true, "order_ok": true, "accepted": true, "physical_execution_authorized": false}, "error": "missing or unexpected semantic evidence fields", "error_type": "ValueError", "logged_calls": 1, "total_tokens": 1010}
[semantics] case=order_2 start
{"case_id": "order_2", "family": "ordering", "semantic_correct": false, "end_to_end_symbolic_success": false, "physical_execution": false, "oracle_semantics_symbolic_search": {"valid": true, "goal_satisfied": true, "forbidden_ok": true, "order_ok": true, "accepted": true, "physical_execution_authorized": false}, "error": "missing or unexpected semantic evidence fields", "error_type": "ValueError", "logged_calls": 1, "total_tokens": 1037}
[semantics] case=ambiguous_1 start
{"case_id": "ambiguous_1", "family": "refusal", "semantic_correct": false, "end_to_end_symbolic_success": false, "physical_execution": false, "oracle_semantics_symbolic_search": {"decision": "refuse"}, "error": "missing or unexpected semantic evidence fields", "error_type": "ValueError", "logged_calls": 1, "total_tokens": 926}
[semantics] case=unavailable_1 start
{"case_id": "unavailable_1", "family": "refusal", "semantic_correct": false, "end_to_end_symbolic_success": false, "physical_execution": false, "oracle_semantics_symbolic_search": {"decision": "refuse"}, "error": "missing or unexpected semantic evidence fields", "error_type": "ValueError", "logged_calls": 1, "total_tokens": 980}
{"completed_at_utc": "2026-10-02T11:06:52.194027+00:00", "completed_cases": 12, "semantic_correct": 0, "end_to_end_symbolic_success": 0, "physical_execution": false, "scope": "restricted_candidates_explicit_state_semantic_diagnostic_not_formal"}
