/root/autodl-tmp/.venvs/metaworld-lerobot/lib/python3.10/site-packages/metaworld/policies/policy.py:49: UserWarning: Constant(s) may be too high. Environments clip response to [-1, 1]
  warnings.warn(
{"mode": "BFS_SHORT", "task_id": "multiskill_pick_place_000", "family": "pick_place", "n": 2, "valid": true, "goal": true, "shape": true, "sim_attempted": true, "sim_success": true, "final": true}
{"mode": "BFS_VALID", "task_id": "multiskill_pick_place_000", "family": "pick_place", "n": 2, "valid": true, "goal": true, "shape": true, "sim_attempted": true, "sim_success": true, "final": true}
{"mode": "BFS_EXEC", "task_id": "multiskill_pick_place_000", "family": "pick_place", "n": 2, "valid": true, "goal": true, "shape": true, "sim_attempted": true, "sim_success": true, "final": true}
{"mode": "BFS_SHORT", "task_id": "multiskill_push_012", "family": "push", "n": 1, "valid": true, "goal": true, "shape": true, "sim_attempted": true, "sim_success": true, "final": true}
{"mode": "BFS_VALID", "task_id": "multiskill_push_012", "family": "push", "n": 1, "valid": true, "goal": true, "shape": true, "sim_attempted": true, "sim_success": true, "final": true}
{"mode": "BFS_EXEC", "task_id": "multiskill_push_012", "family": "push", "n": 1, "valid": true, "goal": true, "shape": true, "sim_attempted": true, "sim_success": true, "final": true}
{"mode": "BFS_SHORT", "task_id": "multiskill_press_024", "family": "press", "n": 1, "valid": true, "goal": true, "shape": true, "sim_attempted": true, "sim_success": true, "final": true}
{"mode": "BFS_VALID", "task_id": "multiskill_press_024", "family": "press", "n": 1, "valid": true, "goal": true, "shape": true, "sim_attempted": true, "sim_success": true, "final": true}
{"mode": "BFS_EXEC", "task_id": "multiskill_press_024", "family": "press", "n": 1, "valid": true, "goal": true, "shape": true, "sim_attempted": true, "sim_success": true, "final": true}
{"mode": "BFS_SHORT", "task_id": "multiskill_pick_place_001", "family": "pick_place", "n": 2, "valid": true, "goal": true, "shape": true, "sim_attempted": true, "sim_success": true, "final": true}
{"mode": "BFS_VALID", "task_id": "multiskill_pick_place_001", "family": "pick_place", "n": 2, "valid": true, "goal": true, "shape": true, "sim_attempted": true, "sim_success": true, "final": true}
{"mode": "BFS_EXEC", "task_id": "multiskill_pick_place_001", "family": "pick_place", "n": 2, "valid": true, "goal": true, "shape": true, "sim_attempted": true, "sim_success": true, "final": true}
{"mode": "BFS_SHORT", "task_id": "multiskill_push_013", "family": "push", "n": 1, "valid": true, "goal": true, "shape": true, "sim_attempted": true, "sim_success": true, "final": true}
{"mode": "BFS_VALID", "task_id": "multiskill_push_013", "family": "push", "n": 1, "valid": true, "goal": true, "shape": true, "sim_attempted": true, "sim_success": true, "final": true}
{"mode": "BFS_EXEC", "task_id": "multiskill_push_013", "family": "push", "n": 1, "valid": true, "goal": true, "shape": true, "sim_attempted": true, "sim_success": true, "final": true}
{"mode": "BFS_SHORT", "task_id": "multiskill_press_025", "family": "press", "n": 1, "valid": true, "goal": true, "shape": true, "sim_attempted": true, "sim_success": true, "final": true}
{"mode": "BFS_VALID", "task_id": "multiskill_press_025", "family": "press", "n": 1, "valid": true, "goal": true, "shape": true, "sim_attempted": true, "sim_success": true, "final": true}
{"mode": "BFS_EXEC", "task_id": "multiskill_press_025", "family": "press", "n": 1, "valid": true, "goal": true, "shape": true, "sim_attempted": true, "sim_success": true, "final": true}
{"mode": "BFS_SHORT", "task_id": "multiskill_pick_place_002", "family": "pick_place", "n": 2, "valid": true, "goal": true, "shape": true, "sim_attempted": true, "sim_success": true, "final": true}
{"mode": "BFS_VALID", "task_id": "multiskill_pick_place_002", "family": "pick_place", "n": 2, "valid": true, "goal": true, "shape": true, "sim_attempted": true, "sim_success": true, "final": true}
{"mode": "BFS_EXEC", "task_id": "multiskill_pick_place_002", "family": "pick_place", "n": 2, "valid": true, "goal": true, "shape": true, "sim_attempted": true, "sim_success": true, "final": true}
{"mode": "BFS_SHORT", "task_id": "multiskill_push_014", "family": "push", "n": 1, "valid": true, "goal": true, "shape": true, "sim_attempted": true, "sim_success": true, "final": true}
{"mode": "BFS_VALID", "task_id": "multiskill_push_014", "family": "push", "n": 1, "valid": true, "goal": true, "shape": true, "sim_attempted": true, "sim_success": true, "final": true}
{"mode": "BFS_EXEC", "task_id": "multiskill_push_014", "family": "push", "n": 1, "valid": true, "goal": true, "shape": true, "sim_attempted": true, "sim_success": true, "final": true}
{"mode": "BFS_SHORT", "task_id": "multiskill_press_026", "family": "press", "n": 1, "valid": true, "goal": true, "shape": true, "sim_attempted": true, "sim_success": true, "final": true}
{"mode": "BFS_VALID", "task_id": "multiskill_press_026", "family": "press", "n": 1, "valid": true, "goal": true, "shape": true, "sim_attempted": true, "sim_success": true, "final": true}
{"mode": "BFS_EXEC", "task_id": "multiskill_press_026", "family": "press", "n": 1, "valid": true, "goal": true, "shape": true, "sim_attempted": true, "sim_success": true, "final": true}
{"mode": "BFS_SHORT", "task_id": "multiskill_pick_place_003", "family": "pick_place", "n": 2, "valid": true, "goal": true, "shape": true, "sim_attempted": true, "sim_success": true, "final": true}
{"mode": "BFS_VALID", "task_id": "multiskill_pick_place_003", "family": "pick_place", "n": 2, "valid": true, "goal": true, "shape": true, "sim_attempted": true, "sim_success": true, "final": true}
{"mode": "BFS_EXEC", "task_id": "multiskill_pick_place_003", "family": "pick_place", "n": 2, "valid": true, "goal": true, "shape": true, "sim_attempted": true, "sim_success": true, "final": true}
{"mode": "BFS_SHORT", "task_id": "multiskill_push_015", "family": "push", "n": 1, "valid": true, "goal": true, "shape": true, "sim_attempted": true, "sim_success": true, "final": true}
{"mode": "BFS_VALID", "task_id": "multiskill_push_015", "family": "push", "n": 1, "valid": true, "goal": true, "shape": true, "sim_attempted": true, "sim_success": true, "final": true}
{"mode": "BFS_EXEC", "task_id": "multiskill_push_015", "family": "push", "n": 1, "valid": true, "goal": true, "shape": true, "sim_attempted": true, "sim_success": true, "final": true}
{"mode": "BFS_SHORT", "task_id": "multiskill_press_027", "family": "press", "n": 1, "valid": true, "goal": true, "shape": true, "sim_attempted": true, "sim_success": true, "final": true}
{"mode": "BFS_VALID", "task_id": "multiskill_press_027", "family": "press", "n": 1, "valid": true, "goal": true, "shape": true, "sim_attempted": true, "sim_success": true, "final": true}
{"mode": "BFS_EXEC", "task_id": "multiskill_press_027", "family": "press", "n": 1, "valid": true, "goal": true, "shape": true, "sim_attempted": true, "sim_success": true, "final": true}
{"mode": "BFS_SHORT", "task_id": "multiskill_pick_place_004", "family": "pick_place", "n": 2, "valid": true, "goal": true, "shape": true, "sim_attempted": true, "sim_success": true, "final": true}
{"mode": "BFS_VALID", "task_id": "multiskill_pick_place_004", "family": "pick_place", "n": 2, "valid": true, "goal": true, "shape": true, "sim_attempted": true, "sim_success": true, "final": true}
{"mode": "BFS_EXEC", "task_id": "multiskill_pick_place_004", "family": "pick_place", "n": 2, "valid": true, "goal": true, "shape": true, "sim_attempted": true, "sim_success": true, "final": true}
{"mode": "BFS_SHORT", "task_id": "multiskill_push_016", "family": "push", "n": 1, "valid": true, "goal": true, "shape": true, "sim_attempted": true, "sim_success": true, "final": true}
{"mode": "BFS_VALID", "task_id": "multiskill_push_016", "family": "push", "n": 1, "valid": true, "goal": true, "shape": true, "sim_attempted": true, "sim_success": true, "final": true}
{"mode": "BFS_EXEC", "task_id": "multiskill_push_016", "family": "push", "n": 1, "valid": true, "goal": true, "shape": true, "sim_attempted": true, "sim_success": true, "final": true}
{"mode": "BFS_SHORT", "task_id": "multiskill_press_028", "family": "press", "n": 1, "valid": true, "goal": true, "shape": true, "sim_attempted": true, "sim_success": true, "final": true}
{"mode": "BFS_VALID", "task_id": "multiskill_press_028", "family": "press", "n": 1, "valid": true, "goal": true, "shape": true, "sim_attempted": true, "sim_success": true, "final": true}
{"mode": "BFS_EXEC", "task_id": "multiskill_press_028", "family": "press", "n": 1, "valid": true, "goal": true, "shape": true, "sim_attempted": true, "sim_success": true, "final": true}
{"mode": "BFS_SHORT", "task_id": "multiskill_pick_place_005", "family": "pick_place", "n": 2, "valid": true, "goal": true, "shape": true, "sim_attempted": true, "sim_success": true, "final": true}
{"mode": "BFS_VALID", "task_id": "multiskill_pick_place_005", "family": "pick_place", "n": 2, "valid": true, "goal": true, "shape": true, "sim_attempted": true, "sim_success": true, "final": true}
{"mode": "BFS_EXEC", "task_id": "multiskill_pick_place_005", "family": "pick_place", "n": 2, "valid": true, "goal": true, "shape": true, "sim_attempted": true, "sim_success": true, "final": true}
{"mode": "BFS_SHORT", "task_id": "multiskill_push_017", "family": "push", "n": 1, "valid": true, "goal": true, "shape": true, "sim_attempted": true, "sim_success": true, "final": true}
{"mode": "BFS_VALID", "task_id": "multiskill_push_017", "family": "push", "n": 1, "valid": true, "goal": true, "shape": true, "sim_attempted": true, "sim_success": true, "final": true}
{"mode": "BFS_EXEC", "task_id": "multiskill_push_017", "family": "push", "n": 1, "valid": true, "goal": true, "shape": true, "sim_attempted": true, "sim_success": true, "final": true}
{"mode": "BFS_SHORT", "task_id": "multiskill_press_029", "family": "press", "n": 1, "valid": true, "goal": true, "shape": true, "sim_attempted": true, "sim_success": true, "final": true}
{"mode": "BFS_VALID", "task_id": "multiskill_press_029", "family": "press", "n": 1, "valid": true, "goal": true, "shape": true, "sim_attempted": true, "sim_success": true, "final": true}
{"mode": "BFS_EXEC", "task_id": "multiskill_press_029", "family": "press", "n": 1, "valid": true, "goal": true, "shape": true, "sim_attempted": true, "sim_success": true, "final": true}
{"mode": "BFS_SHORT", "task_id": "multiskill_pick_place_006", "family": "pick_place", "n": 2, "valid": true, "goal": true, "shape": true, "sim_attempted": true, "sim_success": true, "final": true}
{"mode": "BFS_VALID", "task_id": "multiskill_pick_place_006", "family": "pick_place", "n": 2, "valid": true, "goal": true, "shape": true, "sim_attempted": true, "sim_success": true, "final": true}
{"mode": "BFS_EXEC", "task_id": "multiskill_pick_place_006", "family": "pick_place", "n": 2, "valid": true, "goal": true, "shape": true, "sim_attempted": true, "sim_success": true, "final": true}
{"mode": "BFS_SHORT", "task_id": "multiskill_push_018", "family": "push", "n": 1, "valid": true, "goal": true, "shape": true, "sim_attempted": true, "sim_success": true, "final": true}
{"mode": "BFS_VALID", "task_id": "multiskill_push_018", "family": "push", "n": 1, "valid": true, "goal": true, "shape": true, "sim_attempted": true, "sim_success": true, "final": true}
{"mode": "BFS_EXEC", "task_id": "multiskill_push_018", "family": "push", "n": 1, "valid": true, "goal": true, "shape": true, "sim_attempted": true, "sim_success": true, "final": true}
{"mode": "BFS_SHORT", "task_id": "multiskill_press_030", "family": "press", "n": 1, "valid": true, "goal": true, "shape": true, "sim_attempted": true, "sim_success": true, "final": true}
{"mode": "BFS_VALID", "task_id": "multiskill_press_030", "family": "press", "n": 1, "valid": true, "goal": true, "shape": true, "sim_attempted": true, "sim_success": true, "final": true}
{"mode": "BFS_EXEC", "task_id": "multiskill_press_030", "family": "press", "n": 1, "valid": true, "goal": true, "shape": true, "sim_attempted": true, "sim_success": true, "final": true}
{"mode": "BFS_SHORT", "task_id": "multiskill_pick_place_007", "family": "pick_place", "n": 2, "valid": true, "goal": true, "shape": true, "sim_attempted": true, "sim_success": true, "final": true}
{"mode": "BFS_VALID", "task_id": "multiskill_pick_place_007", "family": "pick_place", "n": 2, "valid": true, "goal": true, "shape": true, "sim_attempted": true, "sim_success": true, "final": true}
{"mode": "BFS_EXEC", "task_id": "multiskill_pick_place_007", "family": "pick_place", "n": 2, "valid": true, "goal": true, "shape": true, "sim_attempted": true, "sim_success": true, "final": true}
{"mode": "BFS_SHORT", "task_id": "multiskill_push_019", "family": "push", "n": 1, "valid": true, "goal": true, "shape": true, "sim_attempted": true, "sim_success": true, "final": true}
{"mode": "BFS_VALID", "task_id": "multiskill_push_019", "family": "push", "n": 1, "valid": true, "goal": true, "shape": true, "sim_attempted": true, "sim_success": true, "final": true}
{"mode": "BFS_EXEC", "task_id": "multiskill_push_019", "family": "push", "n": 1, "valid": true, "goal": true, "shape": true, "sim_attempted": true, "sim_success": true, "final": true}
{"mode": "BFS_SHORT", "task_id": "multiskill_press_031", "family": "press", "n": 1, "valid": true, "goal": true, "shape": true, "sim_attempted": true, "sim_success": true, "final": true}
{"mode": "BFS_VALID", "task_id": "multiskill_press_031", "family": "press", "n": 1, "valid": true, "goal": true, "shape": true, "sim_attempted": true, "sim_success": true, "final": true}
{"mode": "BFS_EXEC", "task_id": "multiskill_press_031", "family": "press", "n": 1, "valid": true, "goal": true, "shape": true, "sim_attempted": true, "sim_success": true, "final": true}
{"mode": "BFS_SHORT", "task_id": "multiskill_pick_place_008", "family": "pick_place", "n": 2, "valid": true, "goal": true, "shape": true, "sim_attempted": true, "sim_success": true, "final": true}
{"mode": "BFS_VALID", "task_id": "multiskill_pick_place_008", "family": "pick_place", "n": 2, "valid": true, "goal": true, "shape": true, "sim_attempted": true, "sim_success": true, "final": true}
{"mode": "BFS_EXEC", "task_id": "multiskill_pick_place_008", "family": "pick_place", "n": 2, "valid": true, "goal": true, "shape": true, "sim_attempted": true, "sim_success": true, "final": true}
{"mode": "BFS_SHORT", "task_id": "multiskill_push_020", "family": "push", "n": 1, "valid": true, "goal": true, "shape": true, "sim_attempted": true, "sim_success": true, "final": true}
{"mode": "BFS_VALID", "task_id": "multiskill_push_020", "family": "push", "n": 1, "valid": true, "goal": true, "shape": true, "sim_attempted": true, "sim_success": true, "final": true}
{"mode": "BFS_EXEC", "task_id": "multiskill_push_020", "family": "push", "n": 1, "valid": true, "goal": true, "shape": true, "sim_attempted": true, "sim_success": true, "final": true}
{"mode": "BFS_SHORT", "task_id": "multiskill_press_032", "family": "press", "n": 1, "valid": true, "goal": true, "shape": true, "sim_attempted": true, "sim_success": true, "final": true}
{"mode": "BFS_VALID", "task_id": "multiskill_press_032", "family": "press", "n": 1, "valid": true, "goal": true, "shape": true, "sim_attempted": true, "sim_success": true, "final": true}
{"mode": "BFS_EXEC", "task_id": "multiskill_press_032", "family": "press", "n": 1, "valid": true, "goal": true, "shape": true, "sim_attempted": true, "sim_success": true, "final": true}
{"mode": "BFS_SHORT", "task_id": "multiskill_pick_place_009", "family": "pick_place", "n": 2, "valid": true, "goal": true, "shape": true, "sim_attempted": true, "sim_success": true, "final": true}
{"mode": "BFS_VALID", "task_id": "multiskill_pick_place_009", "family": "pick_place", "n": 2, "valid": true, "goal": true, "shape": true, "sim_attempted": true, "sim_success": true, "final": true}
{"mode": "BFS_EXEC", "task_id": "multiskill_pick_place_009", "family": "pick_place", "n": 2, "valid": true, "goal": true, "shape": true, "sim_attempted": true, "sim_success": true, "final": true}
{"mode": "BFS_SHORT", "task_id": "multiskill_push_021", "family": "push", "n": 1, "valid": true, "goal": true, "shape": true, "sim_attempted": true, "sim_success": true, "final": true}
{"mode": "BFS_VALID", "task_id": "multiskill_push_021", "family": "push", "n": 1, "valid": true, "goal": true, "shape": true, "sim_attempted": true, "sim_success": true, "final": true}
{"mode": "BFS_EXEC", "task_id": "multiskill_push_021", "family": "push", "n": 1, "valid": true, "goal": true, "shape": true, "sim_attempted": true, "sim_success": true, "final": true}
{"mode": "BFS_SHORT", "task_id": "multiskill_press_033", "family": "press", "n": 1, "valid": true, "goal": true, "shape": true, "sim_attempted": true, "sim_success": true, "final": true}
{"mode": "BFS_VALID", "task_id": "multiskill_press_033", "family": "press", "n": 1, "valid": true, "goal": true, "shape": true, "sim_attempted": true, "sim_success": true, "final": true}
{"mode": "BFS_EXEC", "task_id": "multiskill_press_033", "family": "press", "n": 1, "valid": true, "goal": true, "shape": true, "sim_attempted": true, "sim_success": true, "final": true}
{"mode": "BFS_SHORT", "task_id": "multiskill_pick_place_010", "family": "pick_place", "n": 2, "valid": true, "goal": true, "shape": true, "sim_attempted": true, "sim_success": true, "final": true}
{"mode": "BFS_VALID", "task_id": "multiskill_pick_place_010", "family": "pick_place", "n": 2, "valid": true, "goal": true, "shape": true, "sim_attempted": true, "sim_success": true, "final": true}
{"mode": "BFS_EXEC", "task_id": "multiskill_pick_place_010", "family": "pick_place", "n": 2, "valid": true, "goal": true, "shape": true, "sim_attempted": true, "sim_success": true, "final": true}
{"mode": "BFS_SHORT", "task_id": "multiskill_push_022", "family": "push", "n": 1, "valid": true, "goal": true, "shape": true, "sim_attempted": true, "sim_success": true, "final": true}
{"mode": "BFS_VALID", "task_id": "multiskill_push_022", "family": "push", "n": 1, "valid": true, "goal": true, "shape": true, "sim_attempted": true, "sim_success": true, "final": true}
{"mode": "BFS_EXEC", "task_id": "multiskill_push_022", "family": "push", "n": 1, "valid": true, "goal": true, "shape": true, "sim_attempted": true, "sim_success": true, "final": true}
{"mode": "BFS_SHORT", "task_id": "multiskill_press_034", "family": "press", "n": 1, "valid": true, "goal": true, "shape": true, "sim_attempted": true, "sim_success": true, "final": true}
{"mode": "BFS_VALID", "task_id": "multiskill_press_034", "family": "press", "n": 1, "valid": true, "goal": true, "shape": true, "sim_attempted": true, "sim_success": true, "final": true}
{"mode": "BFS_EXEC", "task_id": "multiskill_press_034", "family": "press", "n": 1, "valid": true, "goal": true, "shape": true, "sim_attempted": true, "sim_success": true, "final": true}
{"mode": "BFS_SHORT", "task_id": "multiskill_pick_place_011", "family": "pick_place", "n": 2, "valid": true, "goal": true, "shape": true, "sim_attempted": true, "sim_success": true, "final": true}
{"mode": "BFS_VALID", "task_id": "multiskill_pick_place_011", "family": "pick_place", "n": 2, "valid": true, "goal": true, "shape": true, "sim_attempted": true, "sim_success": true, "final": true}
{"mode": "BFS_EXEC", "task_id": "multiskill_pick_place_011", "family": "pick_place", "n": 2, "valid": true, "goal": true, "shape": true, "sim_attempted": true, "sim_success": true, "final": true}
{"mode": "BFS_SHORT", "task_id": "multiskill_push_023", "family": "push", "n": 1, "valid": true, "goal": true, "shape": true, "sim_attempted": true, "sim_success": true, "final": true}
{"mode": "BFS_VALID", "task_id": "multiskill_push_023", "family": "push", "n": 1, "valid": true, "goal": true, "shape": true, "sim_attempted": true, "sim_success": true, "final": true}
{"mode": "BFS_EXEC", "task_id": "multiskill_push_023", "family": "push", "n": 1, "valid": true, "goal": true, "shape": true, "sim_attempted": true, "sim_success": true, "final": true}
{"mode": "BFS_SHORT", "task_id": "multiskill_press_035", "family": "press", "n": 1, "valid": true, "goal": true, "shape": true, "sim_attempted": true, "sim_success": true, "final": true}
{"mode": "BFS_VALID", "task_id": "multiskill_press_035", "family": "press", "n": 1, "valid": true, "goal": true, "shape": true, "sim_attempted": true, "sim_success": true, "final": true}
{"mode": "BFS_EXEC", "task_id": "multiskill_press_035", "family": "press", "n": 1, "valid": true, "goal": true, "shape": true, "sim_attempted": true, "sim_success": true, "final": true}
{"mode": "BFS_SHORT", "task_id": "multiskill_pick_place_000", "family": "pick_place", "n": 2, "valid": true, "goal": true, "shape": true, "sim_attempted": true, "sim_success": true, "final": true}
{"mode": "BFS_VALID", "task_id": "multiskill_pick_place_000", "family": "pick_place", "n": 2, "valid": true, "goal": true, "shape": true, "sim_attempted": true, "sim_success": true, "final": true}
{"mode": "BFS_EXEC", "task_id": "multiskill_pick_place_000", "family": "pick_place", "n": 2, "valid": true, "goal": true, "shape": true, "sim_attempted": true, "sim_success": true, "final": true}
{"mode": "BFS_SHORT", "task_id": "multiskill_push_012", "family": "push", "n": 1, "valid": true, "goal": true, "shape": true, "sim_attempted": true, "sim_success": true, "final": true}
{"mode": "BFS_VALID", "task_id": "multiskill_push_012", "family": "push", "n": 1, "valid": true, "goal": true, "shape": true, "sim_attempted": true, "sim_success": true, "final": true}
{"mode": "BFS_EXEC", "task_id": "multiskill_push_012", "family": "push", "n": 1, "valid": true, "goal": true, "shape": true, "sim_attempted": true, "sim_success": true, "final": true}
{"mode": "BFS_SHORT", "task_id": "multiskill_press_024", "family": "press", "n": 1, "valid": true, "goal": true, "shape": true, "sim_attempted": true, "sim_success": true, "final": true}
{"mode": "BFS_VALID", "task_id": "multiskill_press_024", "family": "press", "n": 1, "valid": true, "goal": true, "shape": true, "sim_attempted": true, "sim_success": true, "final": true}
{"mode": "BFS_EXEC", "task_id": "multiskill_press_024", "family": "press", "n": 1, "valid": true, "goal": true, "shape": true, "sim_attempted": true, "sim_success": true, "final": true}
{"mode": "BFS_SHORT", "task_id": "multiskill_pick_place_001", "family": "pick_place", "n": 2, "valid": true, "goal": true, "shape": true, "sim_attempted": true, "sim_success": true, "final": true}
{"mode": "BFS_VALID", "task_id": "multiskill_pick_place_001", "family": "pick_place", "n": 2, "valid": true, "goal": true, "shape": true, "sim_attempted": true, "sim_success": true, "final": true}
{"mode": "BFS_EXEC", "task_id": "multiskill_pick_place_001", "family": "pick_place", "n": 2, "valid": true, "goal": true, "shape": true, "sim_attempted": true, "sim_success": true, "final": true}
{"mode": "BFS_SHORT", "task_id": "multiskill_push_013", "family": "push", "n": 1, "valid": true, "goal": true, "shape": true, "sim_attempted": true, "sim_success": true, "final": true}
{"mode": "BFS_VALID", "task_id": "multiskill_push_013", "family": "push", "n": 1, "valid": true, "goal": true, "shape": true, "sim_attempted": true, "sim_success": true, "final": true}
{"mode": "BFS_EXEC", "task_id": "multiskill_push_013", "family": "push", "n": 1, "valid": true, "goal": true, "shape": true, "sim_attempted": true, "sim_success": true, "final": true}
{"mode": "BFS_SHORT", "task_id": "multiskill_press_025", "family": "press", "n": 1, "valid": true, "goal": true, "shape": true, "sim_attempted": true, "sim_success": true, "final": true}
{"mode": "BFS_VALID", "task_id": "multiskill_press_025", "family": "press", "n": 1, "valid": true, "goal": true, "shape": true, "sim_attempted": true, "sim_success": true, "final": true}
