{"record_type": "reseed_stability_start", "points_in_scope": 100, "points_skipped_not_executable_shape": 0, "salts": 5, "expected_executions": 1000}
/root/autodl-tmp/.venvs/metaworld-lerobot/lib/python3.10/site-packages/metaworld/policies/policy.py:49: UserWarning: Constant(s) may be too high. Environments clip response to [-1, 1]
  warnings.warn(
[reseed] point=1/100 task=multiskill_pick_place_000 seed=0 salt=0 done
[reseed] point=1/100 task=multiskill_pick_place_000 seed=0 salt=1 done
[reseed] point=1/100 task=multiskill_pick_place_000 seed=0 salt=2 done
[reseed] point=1/100 task=multiskill_pick_place_000 seed=0 salt=3 done
[reseed] point=1/100 task=multiskill_pick_place_000 seed=0 salt=4 done
[reseed] point=2/100 task=multiskill_pick_place_000 seed=12 salt=0 done
[reseed] point=2/100 task=multiskill_pick_place_000 seed=12 salt=1 done
[reseed] point=2/100 task=multiskill_pick_place_000 seed=12 salt=2 done
[reseed] point=2/100 task=multiskill_pick_place_000 seed=12 salt=3 done
[reseed] point=2/100 task=multiskill_pick_place_000 seed=12 salt=4 done
[reseed] point=3/100 task=multiskill_pick_place_000 seed=24 salt=0 done
[reseed] point=3/100 task=multiskill_pick_place_000 seed=24 salt=1 done
[reseed] point=3/100 task=multiskill_pick_place_000 seed=24 salt=2 done
[reseed] point=3/100 task=multiskill_pick_place_000 seed=24 salt=3 done
[reseed] point=3/100 task=multiskill_pick_place_000 seed=24 salt=4 done
[reseed] point=4/100 task=multiskill_pick_place_001 seed=1 salt=0 done
[reseed] point=4/100 task=multiskill_pick_place_001 seed=1 salt=1 done
[reseed] point=4/100 task=multiskill_pick_place_001 seed=1 salt=2 done
[reseed] point=4/100 task=multiskill_pick_place_001 seed=1 salt=3 done
[reseed] point=4/100 task=multiskill_pick_place_001 seed=1 salt=4 done
[reseed] point=5/100 task=multiskill_pick_place_001 seed=13 salt=0 done
[reseed] point=5/100 task=multiskill_pick_place_001 seed=13 salt=1 done
[reseed] point=5/100 task=multiskill_pick_place_001 seed=13 salt=2 done
[reseed] point=5/100 task=multiskill_pick_place_001 seed=13 salt=3 done
[reseed] point=5/100 task=multiskill_pick_place_001 seed=13 salt=4 done
[reseed] point=6/100 task=multiskill_pick_place_001 seed=25 salt=0 done
[reseed] point=6/100 task=multiskill_pick_place_001 seed=25 salt=1 done
[reseed] point=6/100 task=multiskill_pick_place_001 seed=25 salt=2 done
[reseed] point=6/100 task=multiskill_pick_place_001 seed=25 salt=3 done
[reseed] point=6/100 task=multiskill_pick_place_001 seed=25 salt=4 done
[reseed] point=7/100 task=multiskill_pick_place_002 seed=2 salt=0 done
[reseed] point=7/100 task=multiskill_pick_place_002 seed=2 salt=1 done
[reseed] point=7/100 task=multiskill_pick_place_002 seed=2 salt=2 done
[reseed] point=7/100 task=multiskill_pick_place_002 seed=2 salt=3 done
[reseed] point=7/100 task=multiskill_pick_place_002 seed=2 salt=4 done
[reseed] point=8/100 task=multiskill_pick_place_002 seed=14 salt=0 done
[reseed] point=8/100 task=multiskill_pick_place_002 seed=14 salt=1 done
[reseed] point=8/100 task=multiskill_pick_place_002 seed=14 salt=2 done
[reseed] point=8/100 task=multiskill_pick_place_002 seed=14 salt=3 done
[reseed] point=8/100 task=multiskill_pick_place_002 seed=14 salt=4 done
[reseed] point=9/100 task=multiskill_pick_place_002 seed=26 salt=0 done
[reseed] point=9/100 task=multiskill_pick_place_002 seed=26 salt=1 done
[reseed] point=9/100 task=multiskill_pick_place_002 seed=26 salt=2 done
[reseed] point=9/100 task=multiskill_pick_place_002 seed=26 salt=3 done
[reseed] point=9/100 task=multiskill_pick_place_002 seed=26 salt=4 done
[reseed] point=10/100 task=multiskill_pick_place_003 seed=3 salt=0 done
[reseed] point=10/100 task=multiskill_pick_place_003 seed=3 salt=1 done
[reseed] point=10/100 task=multiskill_pick_place_003 seed=3 salt=2 done
[reseed] point=10/100 task=multiskill_pick_place_003 seed=3 salt=3 done
[reseed] point=10/100 task=multiskill_pick_place_003 seed=3 salt=4 done
[reseed] point=11/100 task=multiskill_pick_place_003 seed=15 salt=0 done
[reseed] point=11/100 task=multiskill_pick_place_003 seed=15 salt=1 done
[reseed] point=11/100 task=multiskill_pick_place_003 seed=15 salt=2 done
[reseed] point=11/100 task=multiskill_pick_place_003 seed=15 salt=3 done
[reseed] point=11/100 task=multiskill_pick_place_003 seed=15 salt=4 done
[reseed] point=12/100 task=multiskill_pick_place_003 seed=27 salt=0 done
[reseed] point=12/100 task=multiskill_pick_place_003 seed=27 salt=1 done
[reseed] point=12/100 task=multiskill_pick_place_003 seed=27 salt=2 done
[reseed] point=12/100 task=multiskill_pick_place_003 seed=27 salt=3 done
[reseed] point=12/100 task=multiskill_pick_place_003 seed=27 salt=4 done
[reseed] point=13/100 task=multiskill_pick_place_004 seed=4 salt=0 done
[reseed] point=13/100 task=multiskill_pick_place_004 seed=4 salt=1 done
[reseed] point=13/100 task=multiskill_pick_place_004 seed=4 salt=2 done
[reseed] point=13/100 task=multiskill_pick_place_004 seed=4 salt=3 done
[reseed] point=13/100 task=multiskill_pick_place_004 seed=4 salt=4 done
[reseed] point=14/100 task=multiskill_pick_place_004 seed=16 salt=0 done
[reseed] point=14/100 task=multiskill_pick_place_004 seed=16 salt=1 done
[reseed] point=14/100 task=multiskill_pick_place_004 seed=16 salt=2 done
[reseed] point=14/100 task=multiskill_pick_place_004 seed=16 salt=3 done
[reseed] point=14/100 task=multiskill_pick_place_004 seed=16 salt=4 done
[reseed] point=15/100 task=multiskill_pick_place_004 seed=28 salt=0 done
[reseed] point=15/100 task=multiskill_pick_place_004 seed=28 salt=1 done
[reseed] point=15/100 task=multiskill_pick_place_004 seed=28 salt=2 done
[reseed] point=15/100 task=multiskill_pick_place_004 seed=28 salt=3 done
[reseed] point=15/100 task=multiskill_pick_place_004 seed=28 salt=4 done
[reseed] point=16/100 task=multiskill_pick_place_005 seed=5 salt=0 done
[reseed] point=16/100 task=multiskill_pick_place_005 seed=5 salt=1 done
[reseed] point=16/100 task=multiskill_pick_place_005 seed=5 salt=2 done
[reseed] point=16/100 task=multiskill_pick_place_005 seed=5 salt=3 done
[reseed] point=16/100 task=multiskill_pick_place_005 seed=5 salt=4 done
[reseed] point=17/100 task=multiskill_pick_place_005 seed=17 salt=0 done
[reseed] point=17/100 task=multiskill_pick_place_005 seed=17 salt=1 done
[reseed] point=17/100 task=multiskill_pick_place_005 seed=17 salt=2 done
[reseed] point=17/100 task=multiskill_pick_place_005 seed=17 salt=3 done
[reseed] point=17/100 task=multiskill_pick_place_005 seed=17 salt=4 done
[reseed] point=18/100 task=multiskill_pick_place_005 seed=29 salt=0 done
[reseed] point=18/100 task=multiskill_pick_place_005 seed=29 salt=1 done
[reseed] point=18/100 task=multiskill_pick_place_005 seed=29 salt=2 done
[reseed] point=18/100 task=multiskill_pick_place_005 seed=29 salt=3 done
[reseed] point=18/100 task=multiskill_pick_place_005 seed=29 salt=4 done
[reseed] point=19/100 task=multiskill_pick_place_006 seed=6 salt=0 done
[reseed] point=19/100 task=multiskill_pick_place_006 seed=6 salt=1 done
[reseed] point=19/100 task=multiskill_pick_place_006 seed=6 salt=2 done
[reseed] point=19/100 task=multiskill_pick_place_006 seed=6 salt=3 done
[reseed] point=19/100 task=multiskill_pick_place_006 seed=6 salt=4 done
[reseed] point=20/100 task=multiskill_pick_place_006 seed=18 salt=0 done
[reseed] point=20/100 task=multiskill_pick_place_006 seed=18 salt=1 done
[reseed] point=20/100 task=multiskill_pick_place_006 seed=18 salt=2 done
[reseed] point=20/100 task=multiskill_pick_place_006 seed=18 salt=3 done
[reseed] point=20/100 task=multiskill_pick_place_006 seed=18 salt=4 done
[reseed] point=21/100 task=multiskill_pick_place_006 seed=30 salt=0 done
[reseed] point=21/100 task=multiskill_pick_place_006 seed=30 salt=1 done
[reseed] point=21/100 task=multiskill_pick_place_006 seed=30 salt=2 done
[reseed] point=21/100 task=multiskill_pick_place_006 seed=30 salt=3 done
[reseed] point=21/100 task=multiskill_pick_place_006 seed=30 salt=4 done
[reseed] point=22/100 task=multiskill_pick_place_007 seed=7 salt=0 done
[reseed] point=22/100 task=multiskill_pick_place_007 seed=7 salt=1 done
[reseed] point=22/100 task=multiskill_pick_place_007 seed=7 salt=2 done
[reseed] point=22/100 task=multiskill_pick_place_007 seed=7 salt=3 done
[reseed] point=22/100 task=multiskill_pick_place_007 seed=7 salt=4 done
[reseed] point=23/100 task=multiskill_pick_place_007 seed=19 salt=0 done
[reseed] point=23/100 task=multiskill_pick_place_007 seed=19 salt=1 done
[reseed] point=23/100 task=multiskill_pick_place_007 seed=19 salt=2 done
[reseed] point=23/100 task=multiskill_pick_place_007 seed=19 salt=3 done
[reseed] point=23/100 task=multiskill_pick_place_007 seed=19 salt=4 done
[reseed] point=24/100 task=multiskill_pick_place_007 seed=31 salt=0 done
[reseed] point=24/100 task=multiskill_pick_place_007 seed=31 salt=1 done
[reseed] point=24/100 task=multiskill_pick_place_007 seed=31 salt=2 done
[reseed] point=24/100 task=multiskill_pick_place_007 seed=31 salt=3 done
[reseed] point=24/100 task=multiskill_pick_place_007 seed=31 salt=4 done
[reseed] point=25/100 task=multiskill_pick_place_008 seed=8 salt=0 done
[reseed] point=25/100 task=multiskill_pick_place_008 seed=8 salt=1 done
[reseed] point=25/100 task=multiskill_pick_place_008 seed=8 salt=2 done
[reseed] point=25/100 task=multiskill_pick_place_008 seed=8 salt=3 done
[reseed] point=25/100 task=multiskill_pick_place_008 seed=8 salt=4 done
[reseed] point=26/100 task=multiskill_pick_place_008 seed=20 salt=0 done
[reseed] point=26/100 task=multiskill_pick_place_008 seed=20 salt=1 done
[reseed] point=26/100 task=multiskill_pick_place_008 seed=20 salt=2 done
[reseed] point=26/100 task=multiskill_pick_place_008 seed=20 salt=3 done
[reseed] point=26/100 task=multiskill_pick_place_008 seed=20 salt=4 done
[reseed] point=27/100 task=multiskill_pick_place_008 seed=32 salt=0 done
[reseed] point=27/100 task=multiskill_pick_place_008 seed=32 salt=1 done
[reseed] point=27/100 task=multiskill_pick_place_008 seed=32 salt=2 done
[reseed] point=27/100 task=multiskill_pick_place_008 seed=32 salt=3 done
[reseed] point=27/100 task=multiskill_pick_place_008 seed=32 salt=4 done
[reseed] point=28/100 task=multiskill_pick_place_009 seed=9 salt=0 done
[reseed] point=28/100 task=multiskill_pick_place_009 seed=9 salt=1 done
[reseed] point=28/100 task=multiskill_pick_place_009 seed=9 salt=2 done
[reseed] point=28/100 task=multiskill_pick_place_009 seed=9 salt=3 done
[reseed] point=28/100 task=multiskill_pick_place_009 seed=9 salt=4 done
[reseed] point=29/100 task=multiskill_pick_place_009 seed=21 salt=0 done
[reseed] point=29/100 task=multiskill_pick_place_009 seed=21 salt=1 done
[reseed] point=29/100 task=multiskill_pick_place_009 seed=21 salt=2 done
[reseed] point=29/100 task=multiskill_pick_place_009 seed=21 salt=3 done
[reseed] point=29/100 task=multiskill_pick_place_009 seed=21 salt=4 done
[reseed] point=30/100 task=multiskill_pick_place_009 seed=33 salt=0 done
[reseed] point=30/100 task=multiskill_pick_place_009 seed=33 salt=1 done
[reseed] point=30/100 task=multiskill_pick_place_009 seed=33 salt=2 done
[reseed] point=30/100 task=multiskill_pick_place_009 seed=33 salt=3 done
[reseed] point=30/100 task=multiskill_pick_place_009 seed=33 salt=4 done
[reseed] point=31/100 task=multiskill_pick_place_010 seed=10 salt=0 done
[reseed] point=31/100 task=multiskill_pick_place_010 seed=10 salt=1 done
[reseed] point=31/100 task=multiskill_pick_place_010 seed=10 salt=2 done
[reseed] point=31/100 task=multiskill_pick_place_010 seed=10 salt=3 done
[reseed] point=31/100 task=multiskill_pick_place_010 seed=10 salt=4 done
[reseed] point=32/100 task=multiskill_pick_place_010 seed=22 salt=0 done
[reseed] point=32/100 task=multiskill_pick_place_010 seed=22 salt=1 done
[reseed] point=32/100 task=multiskill_pick_place_010 seed=22 salt=2 done
[reseed] point=32/100 task=multiskill_pick_place_010 seed=22 salt=3 done
[reseed] point=32/100 task=multiskill_pick_place_010 seed=22 salt=4 done
[reseed] point=33/100 task=multiskill_pick_place_011 seed=11 salt=0 done
[reseed] point=33/100 task=multiskill_pick_place_011 seed=11 salt=1 done
[reseed] point=33/100 task=multiskill_pick_place_011 seed=11 salt=2 done
[reseed] point=33/100 task=multiskill_pick_place_011 seed=11 salt=3 done
[reseed] point=33/100 task=multiskill_pick_place_011 seed=11 salt=4 done
[reseed] point=34/100 task=multiskill_pick_place_011 seed=23 salt=0 done
[reseed] point=34/100 task=multiskill_pick_place_011 seed=23 salt=1 done
[reseed] point=34/100 task=multiskill_pick_place_011 seed=23 salt=2 done
[reseed] point=34/100 task=multiskill_pick_place_011 seed=23 salt=3 done
[reseed] point=34/100 task=multiskill_pick_place_011 seed=23 salt=4 done
[reseed] point=35/100 task=multiskill_press_024 seed=0 salt=0 done
[reseed] point=35/100 task=multiskill_press_024 seed=0 salt=1 done
[reseed] point=35/100 task=multiskill_press_024 seed=0 salt=2 done
[reseed] point=35/100 task=multiskill_press_024 seed=0 salt=3 done
[reseed] point=35/100 task=multiskill_press_024 seed=0 salt=4 done
[reseed] point=36/100 task=multiskill_press_024 seed=12 salt=0 done
[reseed] point=36/100 task=multiskill_press_024 seed=12 salt=1 done
[reseed] point=36/100 task=multiskill_press_024 seed=12 salt=2 done
[reseed] point=36/100 task=multiskill_press_024 seed=12 salt=3 done
[reseed] point=36/100 task=multiskill_press_024 seed=12 salt=4 done
[reseed] point=37/100 task=multiskill_press_024 seed=24 salt=0 done
[reseed] point=37/100 task=multiskill_press_024 seed=24 salt=1 done
[reseed] point=37/100 task=multiskill_press_024 seed=24 salt=2 done
[reseed] point=37/100 task=multiskill_press_024 seed=24 salt=3 done
[reseed] point=37/100 task=multiskill_press_024 seed=24 salt=4 done
[reseed] point=38/100 task=multiskill_press_025 seed=1 salt=0 done
[reseed] point=38/100 task=multiskill_press_025 seed=1 salt=1 done
[reseed] point=38/100 task=multiskill_press_025 seed=1 salt=2 done
[reseed] point=38/100 task=multiskill_press_025 seed=1 salt=3 done
[reseed] point=38/100 task=multiskill_press_025 seed=1 salt=4 done
[reseed] point=39/100 task=multiskill_press_025 seed=13 salt=0 done
[reseed] point=39/100 task=multiskill_press_025 seed=13 salt=1 done
[reseed] point=39/100 task=multiskill_press_025 seed=13 salt=2 done
[reseed] point=39/100 task=multiskill_press_025 seed=13 salt=3 done
[reseed] point=39/100 task=multiskill_press_025 seed=13 salt=4 done
[reseed] point=40/100 task=multiskill_press_025 seed=25 salt=0 done
[reseed] point=40/100 task=multiskill_press_025 seed=25 salt=1 done
[reseed] point=40/100 task=multiskill_press_025 seed=25 salt=2 done
[reseed] point=40/100 task=multiskill_press_025 seed=25 salt=3 done
[reseed] point=40/100 task=multiskill_press_025 seed=25 salt=4 done
[reseed] point=41/100 task=multiskill_press_026 seed=2 salt=0 done
[reseed] point=41/100 task=multiskill_press_026 seed=2 salt=1 done
[reseed] point=41/100 task=multiskill_press_026 seed=2 salt=2 done
[reseed] point=41/100 task=multiskill_press_026 seed=2 salt=3 done
[reseed] point=41/100 task=multiskill_press_026 seed=2 salt=4 done
[reseed] point=42/100 task=multiskill_press_026 seed=14 salt=0 done
[reseed] point=42/100 task=multiskill_press_026 seed=14 salt=1 done
[reseed] point=42/100 task=multiskill_press_026 seed=14 salt=2 done
[reseed] point=42/100 task=multiskill_press_026 seed=14 salt=3 done
[reseed] point=42/100 task=multiskill_press_026 seed=14 salt=4 done
[reseed] point=43/100 task=multiskill_press_026 seed=26 salt=0 done
[reseed] point=43/100 task=multiskill_press_026 seed=26 salt=1 done
[reseed] point=43/100 task=multiskill_press_026 seed=26 salt=2 done
[reseed] point=43/100 task=multiskill_press_026 seed=26 salt=3 done
[reseed] point=43/100 task=multiskill_press_026 seed=26 salt=4 done
[reseed] point=44/100 task=multiskill_press_027 seed=3 salt=0 done
[reseed] point=44/100 task=multiskill_press_027 seed=3 salt=1 done
[reseed] point=44/100 task=multiskill_press_027 seed=3 salt=2 done
[reseed] point=44/100 task=multiskill_press_027 seed=3 salt=3 done
[reseed] point=44/100 task=multiskill_press_027 seed=3 salt=4 done
[reseed] point=45/100 task=multiskill_press_027 seed=15 salt=0 done
[reseed] point=45/100 task=multiskill_press_027 seed=15 salt=1 done
[reseed] point=45/100 task=multiskill_press_027 seed=15 salt=2 done
[reseed] point=45/100 task=multiskill_press_027 seed=15 salt=3 done
[reseed] point=45/100 task=multiskill_press_027 seed=15 salt=4 done
[reseed] point=46/100 task=multiskill_press_027 seed=27 salt=0 done
[reseed] point=46/100 task=multiskill_press_027 seed=27 salt=1 done
[reseed] point=46/100 task=multiskill_press_027 seed=27 salt=2 done
[reseed] point=46/100 task=multiskill_press_027 seed=27 salt=3 done
[reseed] point=46/100 task=multiskill_press_027 seed=27 salt=4 done
[reseed] point=47/100 task=multiskill_press_028 seed=4 salt=0 done
[reseed] point=47/100 task=multiskill_press_028 seed=4 salt=1 done
[reseed] point=47/100 task=multiskill_press_028 seed=4 salt=2 done
[reseed] point=47/100 task=multiskill_press_028 seed=4 salt=3 done
[reseed] point=47/100 task=multiskill_press_028 seed=4 salt=4 done
[reseed] point=48/100 task=multiskill_press_028 seed=16 salt=0 done
[reseed] point=48/100 task=multiskill_press_028 seed=16 salt=1 done
[reseed] point=48/100 task=multiskill_press_028 seed=16 salt=2 done
[reseed] point=48/100 task=multiskill_press_028 seed=16 salt=3 done
[reseed] point=48/100 task=multiskill_press_028 seed=16 salt=4 done
[reseed] point=49/100 task=multiskill_press_028 seed=28 salt=0 done
[reseed] point=49/100 task=multiskill_press_028 seed=28 salt=1 done
[reseed] point=49/100 task=multiskill_press_028 seed=28 salt=2 done
[reseed] point=49/100 task=multiskill_press_028 seed=28 salt=3 done
[reseed] point=49/100 task=multiskill_press_028 seed=28 salt=4 done
[reseed] point=50/100 task=multiskill_press_029 seed=5 salt=0 done
[reseed] point=50/100 task=multiskill_press_029 seed=5 salt=1 done
[reseed] point=50/100 task=multiskill_press_029 seed=5 salt=2 done
[reseed] point=50/100 task=multiskill_press_029 seed=5 salt=3 done
[reseed] point=50/100 task=multiskill_press_029 seed=5 salt=4 done
[reseed] point=51/100 task=multiskill_press_029 seed=17 salt=0 done
[reseed] point=51/100 task=multiskill_press_029 seed=17 salt=1 done
[reseed] point=51/100 task=multiskill_press_029 seed=17 salt=2 done
[reseed] point=51/100 task=multiskill_press_029 seed=17 salt=3 done
[reseed] point=51/100 task=multiskill_press_029 seed=17 salt=4 done
[reseed] point=52/100 task=multiskill_press_029 seed=29 salt=0 done
[reseed] point=52/100 task=multiskill_press_029 seed=29 salt=1 done
[reseed] point=52/100 task=multiskill_press_029 seed=29 salt=2 done
[reseed] point=52/100 task=multiskill_press_029 seed=29 salt=3 done
[reseed] point=52/100 task=multiskill_press_029 seed=29 salt=4 done
[reseed] point=53/100 task=multiskill_press_030 seed=6 salt=0 done
[reseed] point=53/100 task=multiskill_press_030 seed=6 salt=1 done
[reseed] point=53/100 task=multiskill_press_030 seed=6 salt=2 done
[reseed] point=53/100 task=multiskill_press_030 seed=6 salt=3 done
[reseed] point=53/100 task=multiskill_press_030 seed=6 salt=4 done
[reseed] point=54/100 task=multiskill_press_030 seed=18 salt=0 done
[reseed] point=54/100 task=multiskill_press_030 seed=18 salt=1 done
[reseed] point=54/100 task=multiskill_press_030 seed=18 salt=2 done
[reseed] point=54/100 task=multiskill_press_030 seed=18 salt=3 done
[reseed] point=54/100 task=multiskill_press_030 seed=18 salt=4 done
[reseed] point=55/100 task=multiskill_press_030 seed=30 salt=0 done
[reseed] point=55/100 task=multiskill_press_030 seed=30 salt=1 done
[reseed] point=55/100 task=multiskill_press_030 seed=30 salt=2 done
[reseed] point=55/100 task=multiskill_press_030 seed=30 salt=3 done
[reseed] point=55/100 task=multiskill_press_030 seed=30 salt=4 done
[reseed] point=56/100 task=multiskill_press_031 seed=7 salt=0 done
[reseed] point=56/100 task=multiskill_press_031 seed=7 salt=1 done
[reseed] point=56/100 task=multiskill_press_031 seed=7 salt=2 done
[reseed] point=56/100 task=multiskill_press_031 seed=7 salt=3 done
[reseed] point=56/100 task=multiskill_press_031 seed=7 salt=4 done
[reseed] point=57/100 task=multiskill_press_031 seed=19 salt=0 done
[reseed] point=57/100 task=multiskill_press_031 seed=19 salt=1 done
[reseed] point=57/100 task=multiskill_press_031 seed=19 salt=2 done
[reseed] point=57/100 task=multiskill_press_031 seed=19 salt=3 done
[reseed] point=57/100 task=multiskill_press_031 seed=19 salt=4 done
[reseed] point=58/100 task=multiskill_press_031 seed=31 salt=0 done
[reseed] point=58/100 task=multiskill_press_031 seed=31 salt=1 done
[reseed] point=58/100 task=multiskill_press_031 seed=31 salt=2 done
[reseed] point=58/100 task=multiskill_press_031 seed=31 salt=3 done
[reseed] point=58/100 task=multiskill_press_031 seed=31 salt=4 done
[reseed] point=59/100 task=multiskill_press_032 seed=8 salt=0 done
[reseed] point=59/100 task=multiskill_press_032 seed=8 salt=1 done
[reseed] point=59/100 task=multiskill_press_032 seed=8 salt=2 done
[reseed] point=59/100 task=multiskill_press_032 seed=8 salt=3 done
[reseed] point=59/100 task=multiskill_press_032 seed=8 salt=4 done
[reseed] point=60/100 task=multiskill_press_032 seed=20 salt=0 done
[reseed] point=60/100 task=multiskill_press_032 seed=20 salt=1 done
[reseed] point=60/100 task=multiskill_press_032 seed=20 salt=2 done
[reseed] point=60/100 task=multiskill_press_032 seed=20 salt=3 done
[reseed] point=60/100 task=multiskill_press_032 seed=20 salt=4 done
[reseed] point=61/100 task=multiskill_press_032 seed=32 salt=0 done
[reseed] point=61/100 task=multiskill_press_032 seed=32 salt=1 done
[reseed] point=61/100 task=multiskill_press_032 seed=32 salt=2 done
[reseed] point=61/100 task=multiskill_press_032 seed=32 salt=3 done
[reseed] point=61/100 task=multiskill_press_032 seed=32 salt=4 done
[reseed] point=62/100 task=multiskill_press_033 seed=9 salt=0 done
[reseed] point=62/100 task=multiskill_press_033 seed=9 salt=1 done
[reseed] point=62/100 task=multiskill_press_033 seed=9 salt=2 done
[reseed] point=62/100 task=multiskill_press_033 seed=9 salt=3 done
[reseed] point=62/100 task=multiskill_press_033 seed=9 salt=4 done
[reseed] point=63/100 task=multiskill_press_033 seed=21 salt=0 done
[reseed] point=63/100 task=multiskill_press_033 seed=21 salt=1 done
[reseed] point=63/100 task=multiskill_press_033 seed=21 salt=2 done
[reseed] point=63/100 task=multiskill_press_033 seed=21 salt=3 done
[reseed] point=63/100 task=multiskill_press_033 seed=21 salt=4 done
[reseed] point=64/100 task=multiskill_press_034 seed=10 salt=0 done
[reseed] point=64/100 task=multiskill_press_034 seed=10 salt=1 done
[reseed] point=64/100 task=multiskill_press_034 seed=10 salt=2 done
[reseed] point=64/100 task=multiskill_press_034 seed=10 salt=3 done
[reseed] point=64/100 task=multiskill_press_034 seed=10 salt=4 done
[reseed] point=65/100 task=multiskill_press_034 seed=22 salt=0 done
[reseed] point=65/100 task=multiskill_press_034 seed=22 salt=1 done
[reseed] point=65/100 task=multiskill_press_034 seed=22 salt=2 done
[reseed] point=65/100 task=multiskill_press_034 seed=22 salt=3 done
[reseed] point=65/100 task=multiskill_press_034 seed=22 salt=4 done
[reseed] point=66/100 task=multiskill_press_035 seed=11 salt=0 done
[reseed] point=66/100 task=multiskill_press_035 seed=11 salt=1 done
[reseed] point=66/100 task=multiskill_press_035 seed=11 salt=2 done
[reseed] point=66/100 task=multiskill_press_035 seed=11 salt=3 done
[reseed] point=66/100 task=multiskill_press_035 seed=11 salt=4 done
[reseed] point=67/100 task=multiskill_press_035 seed=23 salt=0 done
[reseed] point=67/100 task=multiskill_press_035 seed=23 salt=1 done
[reseed] point=67/100 task=multiskill_press_035 seed=23 salt=2 done
[reseed] point=67/100 task=multiskill_press_035 seed=23 salt=3 done
[reseed] point=67/100 task=multiskill_press_035 seed=23 salt=4 done
[reseed] point=68/100 task=multiskill_push_012 seed=0 salt=0 done
[reseed] point=68/100 task=multiskill_push_012 seed=0 salt=1 done
[reseed] point=68/100 task=multiskill_push_012 seed=0 salt=2 done
[reseed] point=68/100 task=multiskill_push_012 seed=0 salt=3 done
[reseed] point=68/100 task=multiskill_push_012 seed=0 salt=4 done
[reseed] point=69/100 task=multiskill_push_012 seed=12 salt=0 done
[reseed] point=69/100 task=multiskill_push_012 seed=12 salt=1 done
[reseed] point=69/100 task=multiskill_push_012 seed=12 salt=2 done
[reseed] point=69/100 task=multiskill_push_012 seed=12 salt=3 done
[reseed] point=69/100 task=multiskill_push_012 seed=12 salt=4 done
[reseed] point=70/100 task=multiskill_push_012 seed=24 salt=0 done
[reseed] point=70/100 task=multiskill_push_012 seed=24 salt=1 done
[reseed] point=70/100 task=multiskill_push_012 seed=24 salt=2 done
[reseed] point=70/100 task=multiskill_push_012 seed=24 salt=3 done
[reseed] point=70/100 task=multiskill_push_012 seed=24 salt=4 done
[reseed] point=71/100 task=multiskill_push_013 seed=1 salt=0 done
[reseed] point=71/100 task=multiskill_push_013 seed=1 salt=1 done
[reseed] point=71/100 task=multiskill_push_013 seed=1 salt=2 done
[reseed] point=71/100 task=multiskill_push_013 seed=1 salt=3 done
[reseed] point=71/100 task=multiskill_push_013 seed=1 salt=4 done
[reseed] point=72/100 task=multiskill_push_013 seed=13 salt=0 done
[reseed] point=72/100 task=multiskill_push_013 seed=13 salt=1 done
[reseed] point=72/100 task=multiskill_push_013 seed=13 salt=2 done
[reseed] point=72/100 task=multiskill_push_013 seed=13 salt=3 done
[reseed] point=72/100 task=multiskill_push_013 seed=13 salt=4 done
[reseed] point=73/100 task=multiskill_push_013 seed=25 salt=0 done
[reseed] point=73/100 task=multiskill_push_013 seed=25 salt=1 done
[reseed] point=73/100 task=multiskill_push_013 seed=25 salt=2 done
[reseed] point=73/100 task=multiskill_push_013 seed=25 salt=3 done
[reseed] point=73/100 task=multiskill_push_013 seed=25 salt=4 done
[reseed] point=74/100 task=multiskill_push_014 seed=2 salt=0 done
[reseed] point=74/100 task=multiskill_push_014 seed=2 salt=1 done
[reseed] point=74/100 task=multiskill_push_014 seed=2 salt=2 done
[reseed] point=74/100 task=multiskill_push_014 seed=2 salt=3 done
[reseed] point=74/100 task=multiskill_push_014 seed=2 salt=4 done
[reseed] point=75/100 task=multiskill_push_014 seed=14 salt=0 done
[reseed] point=75/100 task=multiskill_push_014 seed=14 salt=1 done
[reseed] point=75/100 task=multiskill_push_014 seed=14 salt=2 done
[reseed] point=75/100 task=multiskill_push_014 seed=14 salt=3 done
[reseed] point=75/100 task=multiskill_push_014 seed=14 salt=4 done
[reseed] point=76/100 task=multiskill_push_014 seed=26 salt=0 done
[reseed] point=76/100 task=multiskill_push_014 seed=26 salt=1 done
[reseed] point=76/100 task=multiskill_push_014 seed=26 salt=2 done
[reseed] point=76/100 task=multiskill_push_014 seed=26 salt=3 done
[reseed] point=76/100 task=multiskill_push_014 seed=26 salt=4 done
[reseed] point=77/100 task=multiskill_push_015 seed=3 salt=0 done
[reseed] point=77/100 task=multiskill_push_015 seed=3 salt=1 done
[reseed] point=77/100 task=multiskill_push_015 seed=3 salt=2 done
[reseed] point=77/100 task=multiskill_push_015 seed=3 salt=3 done
[reseed] point=77/100 task=multiskill_push_015 seed=3 salt=4 done
[reseed] point=78/100 task=multiskill_push_015 seed=15 salt=0 done
[reseed] point=78/100 task=multiskill_push_015 seed=15 salt=1 done
[reseed] point=78/100 task=multiskill_push_015 seed=15 salt=2 done
[reseed] point=78/100 task=multiskill_push_015 seed=15 salt=3 done
[reseed] point=78/100 task=multiskill_push_015 seed=15 salt=4 done
[reseed] point=79/100 task=multiskill_push_015 seed=27 salt=0 done
[reseed] point=79/100 task=multiskill_push_015 seed=27 salt=1 done
[reseed] point=79/100 task=multiskill_push_015 seed=27 salt=2 done
[reseed] point=79/100 task=multiskill_push_015 seed=27 salt=3 done
[reseed] point=79/100 task=multiskill_push_015 seed=27 salt=4 done
[reseed] point=80/100 task=multiskill_push_016 seed=4 salt=0 done
[reseed] point=80/100 task=multiskill_push_016 seed=4 salt=1 done
[reseed] point=80/100 task=multiskill_push_016 seed=4 salt=2 done
[reseed] point=80/100 task=multiskill_push_016 seed=4 salt=3 done
[reseed] point=80/100 task=multiskill_push_016 seed=4 salt=4 done
[reseed] point=81/100 task=multiskill_push_016 seed=16 salt=0 done
[reseed] point=81/100 task=multiskill_push_016 seed=16 salt=1 done
[reseed] point=81/100 task=multiskill_push_016 seed=16 salt=2 done
[reseed] point=81/100 task=multiskill_push_016 seed=16 salt=3 done
[reseed] point=81/100 task=multiskill_push_016 seed=16 salt=4 done
[reseed] point=82/100 task=multiskill_push_016 seed=28 salt=0 done
[reseed] point=82/100 task=multiskill_push_016 seed=28 salt=1 done
[reseed] point=82/100 task=multiskill_push_016 seed=28 salt=2 done
[reseed] point=82/100 task=multiskill_push_016 seed=28 salt=3 done
[reseed] point=82/100 task=multiskill_push_016 seed=28 salt=4 done
[reseed] point=83/100 task=multiskill_push_017 seed=5 salt=0 done
[reseed] point=83/100 task=multiskill_push_017 seed=5 salt=1 done
[reseed] point=83/100 task=multiskill_push_017 seed=5 salt=2 done
[reseed] point=83/100 task=multiskill_push_017 seed=5 salt=3 done
[reseed] point=83/100 task=multiskill_push_017 seed=5 salt=4 done
[reseed] point=84/100 task=multiskill_push_017 seed=17 salt=0 done
[reseed] point=84/100 task=multiskill_push_017 seed=17 salt=1 done
[reseed] point=84/100 task=multiskill_push_017 seed=17 salt=2 done
[reseed] point=84/100 task=multiskill_push_017 seed=17 salt=3 done
[reseed] point=84/100 task=multiskill_push_017 seed=17 salt=4 done
[reseed] point=85/100 task=multiskill_push_017 seed=29 salt=0 done
[reseed] point=85/100 task=multiskill_push_017 seed=29 salt=1 done
[reseed] point=85/100 task=multiskill_push_017 seed=29 salt=2 done
[reseed] point=85/100 task=multiskill_push_017 seed=29 salt=3 done
[reseed] point=85/100 task=multiskill_push_017 seed=29 salt=4 done
[reseed] point=86/100 task=multiskill_push_018 seed=6 salt=0 done
[reseed] point=86/100 task=multiskill_push_018 seed=6 salt=1 done
[reseed] point=86/100 task=multiskill_push_018 seed=6 salt=2 done
[reseed] point=86/100 task=multiskill_push_018 seed=6 salt=3 done
[reseed] point=86/100 task=multiskill_push_018 seed=6 salt=4 done
[reseed] point=87/100 task=multiskill_push_018 seed=18 salt=0 done
[reseed] point=87/100 task=multiskill_push_018 seed=18 salt=1 done
[reseed] point=87/100 task=multiskill_push_018 seed=18 salt=2 done
[reseed] point=87/100 task=multiskill_push_018 seed=18 salt=3 done
[reseed] point=87/100 task=multiskill_push_018 seed=18 salt=4 done
[reseed] point=88/100 task=multiskill_push_018 seed=30 salt=0 done
[reseed] point=88/100 task=multiskill_push_018 seed=30 salt=1 done
[reseed] point=88/100 task=multiskill_push_018 seed=30 salt=2 done
[reseed] point=88/100 task=multiskill_push_018 seed=30 salt=3 done
[reseed] point=88/100 task=multiskill_push_018 seed=30 salt=4 done
[reseed] point=89/100 task=multiskill_push_019 seed=7 salt=0 done
[reseed] point=89/100 task=multiskill_push_019 seed=7 salt=1 done
[reseed] point=89/100 task=multiskill_push_019 seed=7 salt=2 done
[reseed] point=89/100 task=multiskill_push_019 seed=7 salt=3 done
[reseed] point=89/100 task=multiskill_push_019 seed=7 salt=4 done
[reseed] point=90/100 task=multiskill_push_019 seed=19 salt=0 done
[reseed] point=90/100 task=multiskill_push_019 seed=19 salt=1 done
[reseed] point=90/100 task=multiskill_push_019 seed=19 salt=2 done
[reseed] point=90/100 task=multiskill_push_019 seed=19 salt=3 done
[reseed] point=90/100 task=multiskill_push_019 seed=19 salt=4 done
[reseed] point=91/100 task=multiskill_push_019 seed=31 salt=0 done
[reseed] point=91/100 task=multiskill_push_019 seed=31 salt=1 done
[reseed] point=91/100 task=multiskill_push_019 seed=31 salt=2 done
[reseed] point=91/100 task=multiskill_push_019 seed=31 salt=3 done
[reseed] point=91/100 task=multiskill_push_019 seed=31 salt=4 done
[reseed] point=92/100 task=multiskill_push_020 seed=8 salt=0 done
[reseed] point=92/100 task=multiskill_push_020 seed=8 salt=1 done
[reseed] point=92/100 task=multiskill_push_020 seed=8 salt=2 done
[reseed] point=92/100 task=multiskill_push_020 seed=8 salt=3 done
[reseed] point=92/100 task=multiskill_push_020 seed=8 salt=4 done
[reseed] point=93/100 task=multiskill_push_020 seed=20 salt=0 done
[reseed] point=93/100 task=multiskill_push_020 seed=20 salt=1 done
[reseed] point=93/100 task=multiskill_push_020 seed=20 salt=2 done
[reseed] point=93/100 task=multiskill_push_020 seed=20 salt=3 done
[reseed] point=93/100 task=multiskill_push_020 seed=20 salt=4 done
[reseed] point=94/100 task=multiskill_push_020 seed=32 salt=0 done
[reseed] point=94/100 task=multiskill_push_020 seed=32 salt=1 done
[reseed] point=94/100 task=multiskill_push_020 seed=32 salt=2 done
[reseed] point=94/100 task=multiskill_push_020 seed=32 salt=3 done
[reseed] point=94/100 task=multiskill_push_020 seed=32 salt=4 done
[reseed] point=95/100 task=multiskill_push_021 seed=9 salt=0 done
[reseed] point=95/100 task=multiskill_push_021 seed=9 salt=1 done
[reseed] point=95/100 task=multiskill_push_021 seed=9 salt=2 done
[reseed] point=95/100 task=multiskill_push_021 seed=9 salt=3 done
[reseed] point=95/100 task=multiskill_push_021 seed=9 salt=4 done
[reseed] point=96/100 task=multiskill_push_021 seed=21 salt=0 done
[reseed] point=96/100 task=multiskill_push_021 seed=21 salt=1 done
[reseed] point=96/100 task=multiskill_push_021 seed=21 salt=2 done
[reseed] point=96/100 task=multiskill_push_021 seed=21 salt=3 done
[reseed] point=96/100 task=multiskill_push_021 seed=21 salt=4 done
[reseed] point=97/100 task=multiskill_push_022 seed=10 salt=0 done
[reseed] point=97/100 task=multiskill_push_022 seed=10 salt=1 done
[reseed] point=97/100 task=multiskill_push_022 seed=10 salt=2 done
[reseed] point=97/100 task=multiskill_push_022 seed=10 salt=3 done
[reseed] point=97/100 task=multiskill_push_022 seed=10 salt=4 done
[reseed] point=98/100 task=multiskill_push_022 seed=22 salt=0 done
[reseed] point=98/100 task=multiskill_push_022 seed=22 salt=1 done
[reseed] point=98/100 task=multiskill_push_022 seed=22 salt=2 done
[reseed] point=98/100 task=multiskill_push_022 seed=22 salt=3 done
[reseed] point=98/100 task=multiskill_push_022 seed=22 salt=4 done
[reseed] point=99/100 task=multiskill_push_023 seed=11 salt=0 done
[reseed] point=99/100 task=multiskill_push_023 seed=11 salt=1 done
[reseed] point=99/100 task=multiskill_push_023 seed=11 salt=2 done
[reseed] point=99/100 task=multiskill_push_023 seed=11 salt=3 done
[reseed] point=99/100 task=multiskill_push_023 seed=11 salt=4 done
[reseed] point=100/100 task=multiskill_push_023 seed=23 salt=0 done
[reseed] point=100/100 task=multiskill_push_023 seed=23 salt=1 done
[reseed] point=100/100 task=multiskill_push_023 seed=23 salt=2 done
[reseed] point=100/100 task=multiskill_push_023 seed=23 salt=3 done
[reseed] point=100/100 task=multiskill_push_023 seed=23 salt=4 done
{
  "record_type": "reseed_stability_summary",
  "plan_identity_split": {
    "identical_plan": {
      "points": 33,
      "symbolic_cells": 165,
      "symbolic_cell_successes": 165,
      "symbolic_cell_success_rate": 1.0,
      "discordant_cells": 0,
      "scene_fragile_points": 0,
      "scene_fragile_by_family": {},
      "scene_fragile_list": []
    },
    "differing_plan": {
      "points": 67,
      "symbolic_cells": 335,
      "symbolic_cell_successes": 323,
      "symbolic_cell_success_rate": 0.9641791044776119,
      "discordant_cells": 0,
      "scene_fragile_points": 12,
      "scene_fragile_by_family": {
        "pick_place": 12
      },
      "scene_fragile_list": [
        "multiskill_pick_place_001/13",
        "multiskill_pick_place_001/25",
        "multiskill_pick_place_003/15",
        "multiskill_pick_place_004/28",
        "multiskill_pick_place_004/4",
        "multiskill_pick_place_005/17",
        "multiskill_pick_place_005/29",
        "multiskill_pick_place_006/6",
        "multiskill_pick_place_007/19",
        "multiskill_pick_place_008/20",
        "multiskill_pick_place_009/9",
        "multiskill_pick_place_010/10"
      ]
    }
  },
  "schema_version": "2026-09-26-reseed-stability-v1",
  "points_in_scope": 100,
  "salts": 5,
  "matched_cells": 500,
  "both_arms_cell_success": 488,
  "only_SYMBOLIC_cell_success": 0,
  "only_ROUTED_cell_success": 0,
  "neither_cell_success": 12,
  "mcnemar_exact_p_value": 1.0,
  "per_arm": {
    "SYMBOLIC": {
      "points_with_full_salt_sweep": 100,
      "cell_success_rate": 0.976,
      "cells": 500,
      "points_always_succeed": 88,
      "points_always_fail": 0,
      "points_mixed": 12,
      "success_spectrum": {
        "4/5": 12,
        "5/5": 88
      }
    },
    "ROUTED": {
      "points_with_full_salt_sweep": 100,
      "cell_success_rate": 0.976,
      "cells": 500,
      "points_always_succeed": 88,
      "points_always_fail": 0,
      "points_mixed": 12,
      "success_spectrum": {
        "4/5": 12,
        "5/5": 88
      }
    }
  },
  "point_level_majority": {
    "both_reliable": 100
  },
  "symbolic_only_reliable_points": [],
  "routed_only_reliable_points": [],
  "elapsed_s": 1078.4383597373962,
  "completed_at_utc": "2026-09-26T09:07:51.422620+00:00",
  "symbolic_cases": "data/reports/symbolic_planner_fair100_20260926_det1640/symbolic_planner_cases.jsonl",
  "routed": "data/collections/fair_routed_v2_20260916_102135.jsonl"
}
